 Far

 Timestamp is 4d49e22b (Thu Feb 03 00:00:59 2011)

 Preferred load address is 00400000

 Start         Length     Name                   Class
 0001:00000000 0010d818H .text                   CODE
 0001:0010d820 000009c8H .text$yc                CODE
 0001:0010e1f0 00000c9eH .text$yd                CODE
 0002:00000000 00000550H .idata$5                DATA
 0002:00000550 00000004H .CRT$XCA                DATA
 0002:00000554 00000004H .CRT$XCC                DATA
 0002:00000558 000000c4H .CRT$XCU                DATA
 0002:0000061c 00000004H .CRT$XCZ                DATA
 0002:00000620 00000004H .CRT$XIA                DATA
 0002:00000624 00000014H .CRT$XIC                DATA
 0002:00000638 00000004H .CRT$XIY                DATA
 0002:0000063c 00000004H .CRT$XIZ                DATA
 0002:00000640 00000004H .CRT$XLA                DATA
 0002:00000644 00000004H .CRT$XLY                DATA
 0002:00000648 00000004H .CRT$XLZ                DATA
 0002:0000064c 00000004H .CRT$XPA                DATA
 0002:00000650 00000004H .CRT$XPX                DATA
 0002:00000654 00000004H .CRT$XPXA               DATA
 0002:00000658 00000004H .CRT$XPZ                DATA
 0002:0000065c 00000004H .CRT$XTA                DATA
 0002:00000660 00000004H .CRT$XTZ                DATA
 0002:00000670 000174b4H .rdata                  DATA
 0002:00017b24 00000018H .rdata$T                DATA
 0002:00017b3c 00000004H .rtc$IAA                DATA
 0002:00017b40 00000004H .rtc$IZZ                DATA
 0002:00017b44 00000004H .rtc$TAA                DATA
 0002:00017b48 00000004H .rtc$TZZ                DATA
 0002:00017b50 00000914H .xdata$x                DATA
 0002:00018464 000000c8H .idata$2                DATA
 0002:0001852c 00000014H .idata$3                DATA
 0002:00018540 00000550H .idata$4                DATA
 0002:00018a90 000019a4H .idata$6                DATA
 0002:0001a440 00000030H .edata                  DATA
 0003:00000000 00010868H .data                   DATA
 0003:00010880 0003dee4H .bss                    DATA
 0004:00000000 00000001H .tls                    DATA
 0004:00000004 00000004H .tls$                   DATA
 0004:00000008 00000001H .tls$ZZZ                DATA
 0005:00000000 00000370H .rsrc$01                DATA
 0005:00000370 00009970H .rsrc$02                DATA

  Address         Publics by Value              Rva+Base       Lib:Object

 0000:00000000       ___safe_se_handler_count   00000000     <absolute>
 0000:00000000       ___safe_se_handler_table   00000000     <absolute>
 0000:00000000       __except_list              00000000     <absolute>
 0000:0000002c       __tls_array                0000002c     <absolute>
 0000:00000000       ___ImageBase               00400000     <linker-defined>
 0001:00000000       ?ReadPipeInt@@YA_NPAXAAH@Z 00401000 f   elevation.obj
 0001:00000030       ?WritePipeInt@@YA_NPAXH@Z  00401030 f   elevation.obj
 0001:00000060       ?WritePipeData@@YA_NPAXPBXH@Z 00401060 f   elevation.obj
 0001:000000c0       ?ResetApprove@elevation@@QAEXXZ 004010c0 f   elevation.obj
 0001:000000f0       ?WriteData@elevation@@ABE_NPBXK@Z 004010f0 f   elevation.obj
 0001:00000150       ?ReadInt@elevation@@ABE_NAAH@Z 00401150 f   elevation.obj
 0001:00000180       ?WriteInt@elevation@@ABE_NH@Z 00401180 f   elevation.obj
 0001:000001c0       ?ReceiveLastError@elevation@@ABE_NXZ 004011c0 f   elevation.obj
 0001:00000200       ?AdminApproveDlgProc@@YGJPAXHHJ@Z 00401200 f   elevation.obj
 0001:00000250       ??_I@YGXPAXIHP6EX0@Z@Z     00401250 f i elevation.obj
 0001:00000290       ?ElevationRequired@@YA_NW4ELEVATION_MODE@@@Z 00401290 f   elevation.obj
 0001:000002e0       ?IsUserAdmin@@YA_NXZ       004012e0 f   elevation.obj
 0001:00000350       ?AdminCopyProgressRoutine@@YGKT_LARGE_INTEGER@@000KKPAX11@Z 00401350 f   elevation.obj
 0001:00000570       ?StrLength@@YAHPB_W@Z      00401570 f i elevation.obj
 0001:000005a0       ?StrCmpI@@YAHPB_W0@Z       004015a0 f i elevation.obj
 0001:000005d0       ??YUnicodeString@@QAEABV0@PB_W@Z 004015d0 f i elevation.obj
 0001:000005d0       ?Append@UnicodeString@@QAEAAV1@PB_W@Z 004015d0 f i elevation.obj
 0001:00000610       ?Discard@SaveScreen@@QAEXXZ 00401610 f i savescr.obj
 0001:00000610       ??1AutoObject@@QAE@XZ      00401610 f i elevation.obj
 0001:00000630       ?ReadPipeData@@YA_NPAXAAVAutoObject@@@Z 00401630 f   elevation.obj
 0001:000006d0       ??0DisableElevation@@QAE@XZ 004016d0 f   elevation.obj
 0001:000006f0       ??1DisableElevation@@QAE@XZ 004016f0 f   elevation.obj
 0001:00000700       ?fCallbackRoutine@elevation@@QBEXP6GKT_LARGE_INTEGER@@000KKPAX11@Z@Z 00401700 f   elevation.obj
 0001:00000870       ?CreateDirectoryExHandler@@YAXXZ 00401870 f   elevation.obj
 0001:00000940       ?RemoveDirectoryHandler@@YAXXZ 00401940 f   elevation.obj
 0001:000009d0       ?DeleteFileHandler@@YAXXZ  004019d0 f   elevation.obj
 0001:00000a60       ?CopyFileExHandler@@YAXXZ  00401a60 f   elevation.obj
 0001:00000ba0       ?MoveFileExHandler@@YAXXZ  00401ba0 f   elevation.obj
 0001:00000c80       ?GetFileAttributesHandler@@YAXXZ 00401c80 f   elevation.obj
 0001:00000d10       ?SetFileAttributesHandler@@YAXXZ 00401d10 f   elevation.obj
 0001:00000dd0       ?CreateHardLinkHandler@@YAXXZ 00401dd0 f   elevation.obj
 0001:00000ea0       ?CreateSymbolicLinkHandler@@YAXXZ 00401ea0 f   elevation.obj
 0001:00000f80       ?MoveToRecycleBinHandler@@YAXXZ 00401f80 f   elevation.obj
 0001:00001060       ?SetOwnerHandler@@YAXXZ    00402060 f   elevation.obj
 0001:00001130       ?CreateFileHandler@@YAXXZ  00402130 f   elevation.obj
 0001:000012c0       ?Process@@YA_NH@Z          004022c0 f   elevation.obj
 0001:00001390       ??0UnicodeString@@QAE@PB_W@Z 00402390 f i elevation.obj
 0001:000013e0       ??0FormatString@@QAE@XZ    004023e0 f i elevation.obj
 0001:00001400       ?Commit@FormatString@@EAEXABVUnicodeString@@@Z 00402400 f i elevation.obj
 0001:00001430       ??1FormatString@@QAE@XZ    00402430 f i elevation.obj
 0001:00001460       ??1DialogItemEx@@QAE@XZ    00402460 f i elevation.obj
 0001:000014c0       ?AdminMain@@YAHPB_WK_N@Z   004024c0 f   elevation.obj
 0001:00001780       ?Initialize@elevation@@AAE_NXZ 00402780 f   elevation.obj
 0001:00001b60       ?AdminApproveDlgSync@@YAXPAX@Z 00402b60 f   elevation.obj
 0001:00001ec0       ?AdminApproveDlg@elevation@@AAE_NHPB_W@Z 00402ec0 f   elevation.obj
 0001:00002000       ?fCreateDirectoryEx@elevation@@QAE_NPB_W0PAU_SECURITY_ATTRIBUTES@@@Z 00403000 f   elevation.obj
 0001:00002150       ?fRemoveDirectory@elevation@@QAE_NPB_W@Z 00403150 f   elevation.obj
 0001:00002260       ?fDeleteFile@elevation@@QAE_NPB_W@Z 00403260 f   elevation.obj
 0001:00002370       ?fCopyFileEx@elevation@@QAE_NPB_W0P6GKT_LARGE_INTEGER@@111KKPAX22@Z2PAHK@Z 00403370 f   elevation.obj
 0001:00002520       ?fMoveFileEx@elevation@@QAE_NPB_W0K@Z 00403520 f   elevation.obj
 0001:00002670       ?fGetFileAttributes@elevation@@QAEKPB_W@Z 00403670 f   elevation.obj
 0001:00002770       ?fSetFileAttributes@elevation@@QAE_NPB_WK@Z 00403770 f   elevation.obj
 0001:00002890       ?fCreateHardLink@elevation@@QAE_NPB_W0PAU_SECURITY_ATTRIBUTES@@@Z 00403890 f   elevation.obj
 0001:000029d0       ?fCreateSymbolicLink@elevation@@QAE_NPB_W0K@Z 004039d0 f   elevation.obj
 0001:00002b20       ?fMoveToRecycleBin@elevation@@QAEHAAU_SHFILEOPSTRUCTW@@@Z 00403b20 f   elevation.obj
 0001:00002c80       ?fSetOwner@elevation@@QAE_NPB_W0@Z 00403c80 f   elevation.obj
 0001:00002dc0       ?fCreateFile@elevation@@QAEPAXPB_WKKPAU_SECURITY_ATTRIBUTES@@KKPAX@Z 00403dc0 f   elevation.obj
 0001:00002f30       ??0CachedRead@@QAE@AAVFile@@@Z 00403f30 f   cache.obj
 0001:00002f60       ??1CachedRead@@QAE@XZ      00403f60 f   cache.obj
 0001:00002f60       ??1?$FarQueue@K@@QAE@XZ    00403f60 f   farqueue.obj
 0001:00002f70       ?Clear@CachedRead@@QAEXXZ  00403f70 f   cache.obj
 0001:00002f80       ??0CachedWrite@@QAE@AAVFile@@@Z 00403f80 f   cache.obj
 0001:00002fb0       ?Flush@CachedWrite@@QAE_NXZ 00403fb0 f   cache.obj
 0001:00003010       ?FillBuffer@CachedRead@@QAE_NXZ 00404010 f   cache.obj
 0001:00003100       ??1CachedWrite@@QAE@XZ     00404100 f   cache.obj
 0001:00003170       ?Write@CachedWrite@@QAE_NPBXK@Z 00404170 f   cache.obj
 0001:000031f0       ?Read@CachedRead@@QAE_NPAXKPAK@Z 004041f0 f   cache.obj
 0001:00003610       ?GetDeviceTypeByCaps@@YAIW4CDROM_DeviceCapabilities@@@Z 00404610 f   cddrv.obj
 0001:000036b0       ?IsDriveTypeCDROM@@YA_NI@Z 004046b0 f   cddrv.obj
 0001:000036d0       ?Replace@UnicodeString@@QAEAAV1@IIPB_W@Z 004046d0 f i cddrv.obj
 0001:00003710       ??4UnicodeString@@QAEABV0@PB_W@Z 00404710 f i cddrv.obj
 0001:00003750       ?Equal@UnicodeString@@QBE_NIPB_W@Z 00404750 f i cddrv.obj
 0001:00003960       ?FAR_GetDriveType@@YAIPB_WPAW4CDROM_DeviceCapabilities@@K@Z 00404960 f   cddrv.obj
 0001:00003b20       ?Free@CFileMask@@QAEXXZ    00404b20 f   CFileMask.obj
 0001:00003b40       ?Set@CFileMask@@QAE_NPB_WK@Z 00404b40 f   CFileMask.obj
 0001:00003c60       ?Compare@CFileMask@@QAE_NPB_W@Z 00404c60 f   CFileMask.obj
 0001:00003c90       ??0CFileMask@@QAE@XZ       00404c90 f   CFileMask.obj
 0001:00003ca0       ??0ChangeMacroMode@@QAE@H@Z 00404ca0 f   chgmmode.obj
 0001:00003cd0       ??1ChangeMacroMode@@QAE@XZ 00404cd0 f   chgmmode.obj
 0001:00003ce0       ??0ChangePriority@@QAE@H@Z 00404ce0 f   chgprior.obj
 0001:00003d10       ??1ChangePriority@@QAE@XZ  00404d10 f   chgprior.obj
 0001:00003d30       ?SetUseInternalClipboardState@Clipboard@@SA_N_N@Z 00404d30 f   clipboard.obj
 0001:00003d50       ?GetUseInternalClipboardState@Clipboard@@SA_NXZ 00404d50 f   clipboard.obj
 0001:00003d60       ?Open@Clipboard@@QAEHXZ    00404d60 f   clipboard.obj
 0001:00003da0       ?Close@Clipboard@@QAEHXZ   00404da0 f   clipboard.obj
 0001:00003dd0       ?Empty@Clipboard@@QAEHXZ   00404dd0 f   clipboard.obj
 0001:00003e30       ?GetData@Clipboard@@AAEPAXI@Z 00404e30 f   clipboard.obj
 0001:00003e90       ?SetData@Clipboard@@AAEPAXIPAX@Z 00404e90 f   clipboard.obj
 0001:00003f40       ?IsFormatAvailable@Clipboard@@AAEHI@Z 00404f40 f   clipboard.obj
 0001:00003f90       ?CopyHDROP@Clipboard@@QAE_NPAXI@Z 00404f90 f   clipboard.obj
 0001:00004030       ?EmptyInternalClipboard@@YAHXZ 00405030 f   clipboard.obj
 0001:000040a0       _wmemset                   004050a0 f i clipboard.obj
 0001:000040e0       ?StrCmp@@YAHPB_W0@Z        004050e0 f i clipboard.obj
 0001:00004110       ?IsEmpty@UnicodeString@@QBE_NXZ 00405110 f i clipboard.obj
 0001:00004130       ?RegisterFormat@Clipboard@@AAEIPB_W@Z 00405130 f   clipboard.obj
 0001:000041a0       ?Copy@Clipboard@@QAE_NPB_W@Z 004051a0 f   clipboard.obj
 0001:00004230       ?CopyFormat@Clipboard@@QAE_NPB_W0@Z 00405230 f   clipboard.obj
 0001:000042d0       ?PasteEx@Clipboard@@QAEPA_WH@Z 004052d0 f   clipboard.obj
 0001:00004380       ?PasteFormat@Clipboard@@QAEPA_WPB_W@Z 00405380 f   clipboard.obj
 0001:000044c0       ?CopyToClipboard@@YGHPB_W@Z 004054c0 f   clipboard.obj
 0001:00004540       ?PasteFromClipboardEx@@YAPA_WH@Z 00405540 f   clipboard.obj
 0001:000045c0       ?Paste@Clipboard@@QAEPA_WXZ 004055c0 f   clipboard.obj
 0001:000047a0       ?PasteFromClipboard@@YGPA_WXZ 004057a0 f   clipboard.obj
 0001:00004810       ?Change@BitFlags@@QAEKKH@Z 00405810 f i cmdline.obj
 0001:00004840       ?RevertAC@EditControl@@QAEXXZ 00405840 f i cmdline.obj
 0001:00004860       ?IsSlash@@YAH_W@Z          00405860 f i cmdline.obj
 0001:00004880       ?SetPersistentBlocks@CommandLine@@QAEXH@Z 00405880 f   cmdline.obj
 0001:000048a0       ?SetDelRemovesBlocks@CommandLine@@QAEXH@Z 004058a0 f   cmdline.obj
 0001:000048c0       ?SetAutoComplete@CommandLine@@QAEXH@Z 004058c0 f   cmdline.obj
 0001:000048e0       ?SetCurPos@CommandLine@@QAEXHH@Z 004058e0 f   cmdline.obj
 0001:00004910       ?VMProcess@CommandLine@@UAE_JHPAX_J@Z 00405910 f   cmdline.obj
 0001:000049a0       ?SetString@CommandLine@@QAEXPB_WH@Z 004059a0 f   cmdline.obj
 0001:000049e0       ?ExecString@CommandLine@@QAEXPB_W_N11111@Z 004059e0 f   cmdline.obj
 0001:00004a60       ?InsertString@CommandLine@@QAEXPB_W@Z 00405a60 f   cmdline.obj
 0001:00004a90       ?ProcessMouse@CommandLine@@UAEHPAU_MOUSE_EVENT_RECORD@@@Z 00405a90 f   cmdline.obj
 0001:00004ad0       ?SaveBackground@CommandLine@@QAEXHHHH@Z 00405ad0 f   cmdline.obj
 0001:00004b30       ?SaveBackground@CommandLine@@QAEXXZ 00405b30 f   cmdline.obj
 0001:00004b40       ?ShowBackground@CommandLine@@QAEXXZ 00405b40 f   cmdline.obj
 0001:00004b60       ?CorrectRealScreenCoord@CommandLine@@QAEXXZ 00405b60 f   cmdline.obj
 0001:00004b70       ?ResizeConsole@CommandLine@@UAEXXZ 00405b70 f   cmdline.obj
 0001:00004ba0       ??YUnicodeString@@QAEABV0@_W@Z 00405ba0 f i cmdline.obj
 0001:00004bc0       ?SetCurDir@CommandLine@@QAEHPB_W@Z 00405bc0 f   cmdline.obj
 0001:00004c60       ?GetCurDir@CommandLine@@QAEHAAVUnicodeString@@@Z 00405c60 f   cmdline.obj
 0001:00004c80       ??1PushPopRecord@@QAE@XZ   00405c80 f i cmdline.obj
 0001:00004c80       ??1UnicodeString@@QAE@XZ   00405c80 f i elevation.obj
 0001:00004ca0       ?GetPrompt@CommandLine@@AAEXAAVUnicodeString@@@Z 00405ca0 f   cmdline.obj
 0001:000050a0       ?ShowViewEditHistory@CommandLine@@QAEXXZ 004060a0 f   cmdline.obj
 0001:000052f0       ?DisplayObject@CommandLine@@EAEXXZ 004062f0 f   cmdline.obj
 0001:000053e0       ?ProcessKey@CommandLine@@UAEHH@Z 004063e0 f   cmdline.obj
 0001:00005ea0       ?Free@?$TStack@UPushPopRecord@@@@QAEXXZ 00406ea0 f i cmdline.obj
 0001:00005f00       ??0CommandLine@@QAE@XZ     00406f00 f   cmdline.obj
 0001:00005fc0       ??1CommandLine@@UAE@XZ     00406fc0 f   cmdline.obj
 0001:00006040       ??_GCommandLine@@UAEPAXI@Z 00407040 f i cmdline.obj
 0001:00006040       ??_ECommandLine@@UAEPAXI@Z 00407040 f i cmdline.obj
 0001:00006070       ?Clear@MenuItemEx@@QAEXXZ  00407070 f i codepage.obj
 0001:000060a0       ?GetItemsCount@@YAHXZ      004070a0 f   codepage.obj
 0001:000060e0       ?GetCodePageInsertPosition@@YAHIHH@Z 004070e0 f   codepage.obj
 0001:00006140       ??8UnicodeString@@QBE_NPB_W@Z 00407140 f i codepage.obj
 0001:00006180       ?FormatCodePageString@@YAXIPB_WAAVFormatString@@_N@Z 00407180 f   codepage.obj
 0001:000061f0       ??1MenuItemEx@@QAE@XZ      004071f0 f i codepage.obj
 0001:00006210       ?AddSeparator@@YAXPB_WH@Z  00407210 f   codepage.obj
 0001:00006330       ?ProcessSelected@@YAX_N@Z  00407330 f   codepage.obj
 0001:000066c0       ?FormatCodePageName@@YAPA_WIPA_WIAA_N@Z 004076c0 f   codepage.obj
 0001:00006890       ?EditDialogProc@@YGJPAXHHJ@Z 00407890 f   codepage.obj
 0001:00006b00       ?AddCodePage@@YAXPB_WIH_N11@Z 00407b00 f   codepage.obj
 0001:00006d60       ?AddStandardCodePage@@YAXPB_WIH_N@Z 00407d60 f   codepage.obj
 0001:00006e20       ?EnumCodePagesProc@@YGHPB_W@Z 00407e20 f   codepage.obj
 0001:00007030       ?AddCodePages@@YAXK@Z      00408030 f   codepage.obj
 0001:00007180       ?FillCodePagesVMenu@@YAX_N00@Z 00408180 f   codepage.obj
 0001:000072e0       ?FormatCodePageName@@YAPA_WIPA_WI@Z 004082e0 f   codepage.obj
 0001:00007300       ?EditCodePageName@@YAXXZ   00408300 f   codepage.obj
 0001:00007600       ?SelectCodePage@@YAII_N00@Z 00408600 f   codepage.obj
 0001:00007a00       ?FillCodePagesList@@YAIPAXII_N1@Z 00408a00 f   codepage.obj
 0001:00007b50       ?IsCodePageSupported@@YA_NI@Z 00408b50 f   codepage.obj
 0001:00007bd0       ?UpdateSecondColumnPosition@?$DialogBuilderBase@UDialogItemEx@@@@IAEXXZ 00408bd0 f i config.obj
 0001:00007c30       ?SaveValues@?$DialogBuilderBase@UDialogItemEx@@@@IAEXXZ 00408c30 f i config.obj
 0001:00007c90       ?MaxTextWidth@?$DialogBuilderBase@UDialogItemEx@@@@IAEHXZ 00408c90 f i config.obj
 0001:00007d50       ??4DialogItemEx@@QAEABU0@ABU0@@Z 00408d50 f i config.obj
 0001:00007df0       ?SetFolderInfoFiles@@YAXXZ 00408df0 f   config.obj
 0001:00007ee0       ?SaveConfig@@YAXH@Z        00408ee0 f   config.obj
 0001:000081e0       ?EndColumns@?$DialogBuilderBase@UDialogItemEx@@@@QAEXXZ 004091e0 f i config.obj
 0001:00008290       ?Free@?$TArray@VUserDefinedListItem@@@@QAEXXZ 00409290 f i config.obj
 0001:000082e0       ??1EditorOptions@@QAE@XZ   004092e0 f i config.obj
 0001:00008300       ??1CodeXLAT@@QAE@XZ        00409300 f i config.obj
 0001:000083a0       ??1Options@@QAE@XZ         004093a0 f i config.obj
 0001:00008670       ??_EDialogItemEx@@QAEPAXI@Z 00409670 f i config.obj
 0001:00008740       ?ReadConfig@@YAXXZ         00409740 f   config.obj
 0001:00008d90       ?ReallocDialogItems@?$DialogBuilderBase@UDialogItemEx@@@@IAEXXZ 00409d90 f i config.obj
 0001:00008f30       ?AddText@?$DialogBuilderBase@UDialogItemEx@@@@QAEPAUDialogItemEx@@H@Z 00409f30 f i config.obj
 0001:00008fb0       ?AddCheckbox@?$DialogBuilderBase@UDialogItemEx@@@@QAEPAUDialogItemEx@@HPAHH@Z 00409fb0 f i config.obj
 0001:000090b0       ?AddRadioButtons@?$DialogBuilderBase@UDialogItemEx@@@@QAEXPAHHQAH@Z 0040a0b0 f i config.obj
 0001:000091e0       ?AddTextBefore@?$DialogBuilderBase@UDialogItemEx@@@@QAEPAUDialogItemEx@@PAU2@H@Z 0040a1e0 f i config.obj
 0001:00009320       ?AddTextAfter@?$DialogBuilderBase@UDialogItemEx@@@@QAEPAUDialogItemEx@@PAU2@H@Z 0040a320 f i config.obj
 0001:000093f0       ?AddOKCancel@?$DialogBuilderBase@UDialogItemEx@@@@QAEXHH@Z 0040a3f0 f i config.obj
 0001:00009530       ?SystemSettings@@YAXXZ     0040a530 f   config.obj
 0001:00009790       ?PanelSettings@@YAXXZ      0040a790 f   config.obj
 0001:00009a40       ?InterfaceSettings@@YAXXZ  0040aa40 f   config.obj
 0001:00009c70       ?AutoCompleteSettings@@YAXXZ 0040ac70 f   config.obj
 0001:00009d50       ?InfoPanelSettings@@YAXXZ  0040ad50 f   config.obj
 0001:00009f30       ?DialogSettings@@YAXXZ     0040af30 f   config.obj
 0001:0000a040       ?VMenuSettings@@YAXXZ      0040b040 f   config.obj
 0001:0000a160       ?CmdlineSettings@@YAXXZ    0040b160 f   config.obj
 0001:0000a2a0       ?SetConfirmations@@YAXXZ   0040b2a0 f   config.obj
 0001:0000a420       ?PluginsManagerSettings@@YAXXZ 0040b420 f   config.obj
 0001:0000a5e0       ?SetDizConfig@@YAXXZ       0040b5e0 f   config.obj
 0001:0000a820       ?ViewerConfig@@YAXAAUViewerOptions@@_N@Z 0040b820 f   config.obj
 0001:0000aa50       ?EditorConfig@@YAXAAUEditorOptions@@_N@Z 0040ba50 f   config.obj
 0001:0000ad60       ?Allocate@console@@QAE_NXZ 0040bd60 f   console.obj
 0001:0000ad70       ?Free@console@@QAE_NXZ     0040bd70 f   console.obj
 0001:0000ad80       ?GetInputHandle@console@@QAEPAXXZ 0040bd80 f   console.obj
 0001:0000ad90       ?GetOutputHandle@console@@QAEPAXXZ 0040bd90 f   console.obj
 0001:0000ada0       ?GetWindow@console@@QAEPAUHWND__@@XZ 0040bda0 f   console.obj
 0001:0000adb0       ?GetSize@console@@QAE_NAAU_COORD@@@Z 0040bdb0 f   console.obj
 0001:0000ae20       ?GetWindowRect@console@@QAE_NAAU_SMALL_RECT@@@Z 0040be20 f   console.obj
 0001:0000ae60       ?SetWindowRect@console@@QAE_NABU_SMALL_RECT@@@Z 0040be60 f   console.obj
 0001:0000ae90       ?GetWorkingRect@console@@QAE_NAAU_SMALL_RECT@@@Z 0040be90 f   console.obj
 0001:0000aef0       ?SetTitle@console@@QAE_NPB_W@Z 0040bef0 f   console.obj
 0001:0000af10       ?GetKeyboardLayoutNameW@console@@QAE_NAAVUnicodeString@@@Z 0040bf10 f   console.obj
 0001:0000af70       ?GetInputCodepage@console@@QAEIXZ 0040bf70 f   console.obj
 0001:0000af80       ?SetInputCodepage@console@@QAE_NI@Z 0040bf80 f   console.obj
 0001:0000afa0       ?GetOutputCodepage@console@@QAEIXZ 0040bfa0 f   console.obj
 0001:0000afb0       ?SetOutputCodepage@console@@QAE_NI@Z 0040bfb0 f   console.obj
 0001:0000afd0       ?SetControlHandler@console@@QAE_NP6GHK@Z_N@Z 0040bfd0 f   console.obj
 0001:0000b000       ?GetMode@console@@QAE_NPAXAAK@Z 0040c000 f   console.obj
 0001:0000b020       ?SetMode@console@@QAE_NPAXK@Z 0040c020 f   console.obj
 0001:0000b040       ?Write@console@@QAE_NPB_WK@Z 0040c040 f   console.obj
 0001:0000b070       ?GetTextAttributes@console@@QAE_NAAG@Z 0040c070 f   console.obj
 0001:0000b0b0       ?SetTextAttributes@console@@QAE_NG@Z 0040c0b0 f   console.obj
 0001:0000b0d0       ?GetCursorInfo@console@@QAE_NAAU_CONSOLE_CURSOR_INFO@@@Z 0040c0d0 f   console.obj
 0001:0000b0f0       ?SetCursorInfo@console@@QAE_NABU_CONSOLE_CURSOR_INFO@@@Z 0040c0f0 f   console.obj
 0001:0000b110       ?FlushInputBuffer@console@@QAE_NXZ 0040c110 f   console.obj
 0001:0000b130       ?GetAlias@console@@QAEKPB_WPA_WK0@Z 0040c130 f   console.obj
 0001:0000b140       ?GetDisplayMode@console@@QAE_NAAK@Z 0040c140 f   console.obj
 0001:0000b160       ?GetLargestWindowSize@console@@QAE?AU_COORD@@XZ 0040c160 f   console.obj
 0001:0000b180       ?SetActiveScreenBuffer@console@@QAE_NPAX@Z 0040c180 f   console.obj
 0001:0000b1a0       ?ScrollWindow@console@@QAE_NHH@Z 0040c1a0 f   console.obj
 0001:0000b2b0       ?ScrollScreenBuffer@console@@QAE_NH@Z 0040c2b0 f   console.obj
 0001:0000b340       ?ResetPosition@console@@QAE_NXZ 0040c340 f   console.obj
 0001:0000b3b0       ?SetSize@console@@QAE_NU_COORD@@@Z 0040c3b0 f   console.obj
 0001:0000b490       ?GetTitle@console@@QAE_NAAVUnicodeString@@@Z 0040c490 f   console.obj
 0001:0000b520       ?PeekInput@console@@QAE_NAAU_INPUT_RECORD@@KAAK@Z 0040c520 f   console.obj
 0001:0000b5e0       ?ReadInput@console@@QAE_NAAU_INPUT_RECORD@@KAAK@Z 0040c5e0 f   console.obj
 0001:0000b6a0       ?WriteInput@console@@QAE_NAAU_INPUT_RECORD@@KAAK@Z 0040c6a0 f   console.obj
 0001:0000b710       ?ReadOutput@console@@QAE_NAAU_CHAR_INFO@@U_COORD@@1AAU_SMALL_RECT@@@Z 0040c710 f   console.obj
 0001:0000b890       ?WriteOutput@console@@QAE_NABU_CHAR_INFO@@U_COORD@@1AAU_SMALL_RECT@@@Z 0040c890 f   console.obj
 0001:0000ba10       ?GetCursorPosition@console@@QAE_NAAU_COORD@@@Z 0040ca10 f   console.obj
 0001:0000ba80       ?SetCursorPosition@console@@QAE_NU_COORD@@@Z 0040ca80 f   console.obj
 0001:0000bb20       ?ClearExtraRegions@console@@QAE_NG@Z 0040cb20 f   console.obj
 0001:0000bdf0       ?SetFarTitle@ConsoleTitle@@SAXPB_W_N@Z 0040cdf0 f   constitle.obj
 0001:0000bf90       ??0ConsoleTitle@@QAE@PB_W@Z 0040cf90 f   constitle.obj
 0001:0000bfe0       ??1ConsoleTitle@@QAE@XZ    0040cfe0 f   constitle.obj
 0001:0000c070       ?Set@ConsoleTitle@@QAAXPB_WZZ 0040d070 f   constitle.obj
 0001:0000c0d0       ?Flush@CopyProgress@@AAEXXZ 0040d0d0 f   copy.obj
 0001:0000c1f0       ?CreateScanBackground@CopyProgress@@AAEXXZ 0040d1f0 f   copy.obj
 0001:0000c2b0       ?GetParentFolder@@YAAAVUnicodeString@@PB_WAAV1@@Z 0040d2b0 f   copy.obj
 0001:0000c2e0       ?CheckAndUpdateConsole@@YAHH@Z 0040d2e0 f   copy.obj
 0001:0000c390       ?StrCmpNNI@@YAHPB_WH0H@Z   0040d390 f i copy.obj
 0001:0000c3c0       ?StrCmpNI@@YAHPB_W0H@Z     0040d3c0 f i copy.obj
 0001:0000c3f0       ?Clear@FAR_FIND_DATA_EX@@QAEXXZ 0040d3f0 f i copy.obj
 0001:0000c440       ?DeleteAfterMove@ShellCopy@@AAEHPB_WK@Z 0040d440 f   copy.obj
 0001:0000c650       ?SetDestDizPath@ShellCopy@@AAEXPB_W@Z 0040d650 f   copy.obj
 0001:0000c6f0       ?SetScanName@CopyProgress@@QAEXPB_W@Z 0040d6f0 f   copy.obj
 0001:0000c780       ?DrawNames@CopyProgress@@AAEXXZ 0040d780 f   copy.obj
 0001:0000c810       ?CheckNulOrCon@@YA_NPB_W@Z 0040d810 f   copy.obj
 0001:0000c890       ??1CopyProgress@@QAE@XZ    0040d890 f i copy.obj
 0001:0000c930       ??0FAR_FIND_DATA_EX@@QAE@ABU0@@Z 0040d930 f i copy.obj
 0001:0000c9d0       ?SetSecurity@ShellCopy@@AAEHPB_WABU_SECURITY_ATTRIBUTES@@@Z 0040d9d0 f   copy.obj
 0001:0000ca90       ?ShellCopySecuryMsg@@YAHPB_W@Z 0040da90 f   copy.obj
 0001:0000cc70       ?ShellSetAttr@ShellCopy@@AAE_NPB_WK@Z 0040dc70 f   copy.obj
 0001:0000ce50       ??0CopyProgress@@QAE@_N00@Z 0040de50 f   copy.obj
 0001:0000cf00       ?CreateBackground@CopyProgress@@QAEXXZ 0040df00 f   copy.obj
 0001:0000d250       ?SetProgress@CopyProgress@@AAEX_N_K1@Z 0040e250 f   copy.obj
 0001:0000d790       ?CmpFullNames@@YAHPB_W0@Z  0040e790 f   copy.obj
 0001:0000d870       ?CmpFullPath@@YAHPB_W0@Z   0040e870 f   copy.obj
 0001:0000db70       ?PR_ShellCopyMsg@@YAXXZ    0040eb70 f   copy.obj
 0001:0000dba0       ?WarnDlgProc@@YGJPAXHHJ@Z  0040eba0 f   copy.obj
 0001:0000de40       ?AskOverwrite@ShellCopy@@AAEHABUFAR_FIND_DATA_EX@@PB_W1KHHHAAHAAVUnicodeString@@2@Z 0040ee40 f   copy.obj
 0001:0000ee50       ?GetSecurity@ShellCopy@@AAEHPB_WAAU_SECURITY_ATTRIBUTES@@@Z 0040fe50 f   copy.obj
 0001:0000ef40       ?CalcTotalSize@ShellCopy@@AAE_NXZ 0040ff40 f   copy.obj
 0001:0000f2a0       ?SetTotalProgressValue@CopyProgress@@QAEX_K0@Z 004102a0 f i copy.obj
 0001:0000f2c0       ?SetNames@CopyProgress@@QAEXPB_W0@Z 004102c0 f   copy.obj
 0001:0000f440       ?CopyDlgProc@@YGJPAXHHJ@Z  00410440 f   copy.obj
 0001:0000f9a0       ??1ShellCopy@@QAE@XZ       004109a0 f   copy.obj
 0001:0000fc20       ?Free@?$TPointerArray@UScanTreeData@@@@QAEXXZ 00410c20 f i copy.obj
 0001:0000fcb0       ?ShellSystemCopy@ShellCopy@@AAEHPB_W0ABUFAR_FIND_DATA_EX@@@Z 00410cb0 f   copy.obj
 0001:0000fd90       ??1ScanTree@@QAE@XZ        00410d90 f i copy.obj
 0001:0000fde0       ?ShellCopyFile@ShellCopy@@AAEHPB_WABUFAR_FIND_DATA_EX@@AAVUnicodeString@@AAKH@Z 00410de0 f   copy.obj
 0001:00010fc0       ?SetRecursiveSecurity@ShellCopy@@AAEHPB_WABU_SECURITY_ATTRIBUTES@@@Z 00411fc0 f   copy.obj
 0001:00011100       ?ShellCopyOneFile@ShellCopy@@AAE?AW4COPY_CODES@@PB_WABUFAR_FIND_DATA_EX@@AAVUnicodeString@@HH@Z 00412100 f   copy.obj
 0001:00012880       ?CopyFileTree@ShellCopy@@AAE?AW4COPY_CODES@@PB_W@Z 00413880 f   copy.obj
 0001:00013860       ??0ShellCopy@@QAE@PAVPanel@@HHHHAAHPB_W_N@Z 00414860 f   copy.obj
 0001:00015d40       ??0ControlObject@@QAE@XZ   00416d40 f   ctrlobj.obj
 0001:00015ee0       ?CreateFilePanels@ControlObject@@QAEXXZ 00416ee0 f   ctrlobj.obj
 0001:00015f10       ?Cp@ControlObject@@QAEPAVFilePanels@@XZ 00416f10 f   ctrlobj.obj
 0001:00015f20       ??1ControlObject@@QAE@XZ   00416f20 f   ctrlobj.obj
 0001:000160e0       ?ShowCopyright@ControlObject@@SAXK@Z 004170e0 f   ctrlobj.obj
 0001:000162b0       ?Init@ControlObject@@QAEXXZ 004172b0 f   ctrlobj.obj
 0001:000164e0       _wmemmove                  004174e0 f i cvtname.obj
 0001:00016500       ?StrCmpNN@@YAHPB_WH0H@Z    00417500 f i cvtname.obj
 0001:00016530       ?StrCmpN@@YAHPB_W0H@Z      00417530 f i cvtname.obj
 0001:00016560       ?Point2Root@@YA?AW4PATH_PFX_TYPE@@PB_WAAI@Z 00417560 f   cvtname.obj
 0001:00016690       ?MixToFullPath@@YAXAAVUnicodeString@@@Z 00417690 f   cvtname.obj
 0001:00016860       ??0UnicodeString@@QAE@PB_WI@Z 00417860 f i cvtname.obj
 0001:00016890       ?MixToFullPath@@YA_NPB_WAAVUnicodeString@@0@Z 00417890 f   cvtname.obj
 0001:00016a90       ?ConvertNameToFull@@YAXPB_WAAVUnicodeString@@@Z 00417a90 f   cvtname.obj
 0001:00016b50       ?TryConvertVolumeGuidToDrivePath@@YA?AVUnicodeString@@ABV1@@Z 00417b50 f   cvtname.obj
 0001:00016e10       ?ConvertNameToReal@@YAXPB_WAAVUnicodeString@@@Z 00417e10 f   cvtname.obj
 0001:00017030       ?ConvertNameToShort@@YAXPB_WAAVUnicodeString@@@Z 00418030 f   cvtname.obj
 0001:00017110       ?ConvertNameToLong@@YAXPB_WAAVUnicodeString@@@Z 00418110 f   cvtname.obj
 0001:00017210       ?ConvertNameToUNC@@YAXAAVUnicodeString@@@Z 00418210 f   cvtname.obj
 0001:00017400       ?PrepareDiskPath@@YAAAVUnicodeString@@AAV1@_N@Z 00418400 f   cvtname.obj
 0001:00017770       ?ConvertYearToFull@@YAKK@Z 00418770 f   datetime.obj
 0001:000177d0       ?GetDateFormatW@@YAHXZ     004187d0 f   datetime.obj
 0001:00017800       ?GetDateSeparator@@YA_WXZ  00418800 f   datetime.obj
 0001:00017830       ?GetTimeSeparator@@YA_WXZ  00418830 f   datetime.obj
 0001:000179d0       ?FileTimeDifference@@YA_JPBU_FILETIME@@0@Z 004189d0 f   datetime.obj
 0001:000179f0       ?FileTimeToUI64@@YA_KPBU_FILETIME@@@Z 004189f0 f   datetime.obj
 0001:00017a00       ?PrepareStrFTime@@YAXXZ    00418a00 f   datetime.obj
 0001:00017e10       ?StrFTime@@YGIAAVUnicodeString@@PB_WPBUtm@@@Z 00418e10 f   datetime.obj
 0001:000183f0       ?MkStrFTime@@YAIAAVUnicodeString@@PB_W@Z 004193f0 f   datetime.obj
 0001:00018440       ?GetFileDateAndTime@@YAXPB_WPAGIH@Z 00419440 f   datetime.obj
 0001:00018510       ?StrToDateTime@@YAXPB_W0AAU_FILETIME@@HHH_N@Z 00419510 f   datetime.obj
 0001:00018720       ?ConvertRelativeDate@@YAXABU_FILETIME@@AAVUnicodeString@@1@Z 00419720 f   datetime.obj
 0001:000189f0       ?ConvertDate@@YAXABU_FILETIME@@AAVUnicodeString@@1HHHHH@Z 004199f0 f   datetime.obj
 0001:00018fb0       ?SHErrorToWinError@@YAKK@Z 00419fb0 f   delete.obj
 0001:000190b0       ?MoveToRecycleBinInternal@@YA_NPB_W@Z 0041a0b0 f   delete.obj
 0001:00019490       ?DeleteFileWithFolder@@YAHPB_W@Z 0041a490 f   delete.obj
 0001:00019b90       ?DeleteDirTree@@YAXPB_W@Z  0041ab90 f   delete.obj
 0001:0001a020       ?ShellDelete@@YAXPAVPanel@@H@Z 0041b020 f   delete.obj
 0001:0001b110       ?ChangeFlags@VMenu@@QAEKKH@Z 0041c110 f i dialog.obj
 0001:0001b150       ?Clear@DialogItemEx@@QAEXXZ 0041c150 f i dialog.obj
 0001:0001b1b0       ?AddAutomation@DialogItemEx@@QAE_NHW4FarDialogItemFlags@@00000@Z 0041c1b0 f i dialog.obj
 0001:0001b230       ?RevertAC@DlgEdit@@QAEXXZ  0041c230 f i dialog.obj
 0001:0001b270       ?ItemHasDropDownArrow@Dialog@@AAE_NPBUDialogItemEx@@@Z 0041c270 f   dialog.obj
 0001:0001b300       ?ProcessKey@Dialog@@AAEXHI@Z 0041c300 f   dialog.obj
 0001:0001b330       ?GetMacroMode@Dialog@@UAEHXZ 0041c330 f   dialog.obj
 0001:0001b330       ?GetType@Dialog@@UAEHXZ    0041c330 f   dialog.obj
 0001:0001b340       ?FastHide@FolderTree@@UAEHXZ 0041c340 f   foldtree.obj
 0001:0001b340       ?FastHide@Dialog@@UAEHXZ   0041c340 f   dialog.obj
 0001:0001b350       ?DlgProc@Dialog@@QAGJPAXHHJ@Z 0041c350 f   dialog.obj
 0001:0001b410       ?ProcessEvents@Dialog@@UAE_NXZ 0041c410 f   dialog.obj
 0001:0001b420       ?SetId@Dialog@@QAEXABU_GUID@@@Z 0041c420 f   dialog.obj
 0001:0001b460       ?IsKeyHighlighted@@YA_NPB_WHHH@Z 0041c460 f   dialog.obj
 0001:0001b560       ?DialogItemExToDialogItemEx@@YAXPAUDialogItemEx@@0@Z 0041c560 f   dialog.obj
 0001:0001b610       ?ConvertItemSmall@@YAXPAUFarDialogItem@@PAUDialogItemEx@@@Z 0041c610 f   dialog.obj
 0001:0001b6c0       ?ItemStringAndSize@@YAIPAUDialogItemEx@@AAVUnicodeString@@@Z 0041c6c0 f   dialog.obj
 0001:0001b730       ?DataToItemEx@@YAXPBUDialogDataEx@@PAUDialogItemEx@@H@Z 0041c730 f   dialog.obj
 0001:0001b920       ?CheckDialogCoord@Dialog@@AAEXXZ 0041c920 f   dialog.obj
 0001:0001b9c0       ?Show@Dialog@@UAEXXZ       0041c9c0 f   dialog.obj
 0001:0001ba40       ?Hide@Dialog@@UAEXXZ       0041ca40 f   dialog.obj
 0001:0001ba70       ?GetDialogTitle@Dialog@@AAEPB_WXZ 0041ca70 f   dialog.obj
 0001:0001bb40       ?GetItemRect@Dialog@@AAEHIAAU_SMALL_RECT@@@Z 0041cb40 f   dialog.obj
 0001:0001be20       ?DeleteDialogObjects@Dialog@@AAEXXZ 0041ce20 f   dialog.obj
 0001:0001bfe0       ?CtlColorDlgItem@Dialog@@AAEJHHHHK@Z 0041cfe0 f   dialog.obj
 0001:0001c670       ?LenStrItem@Dialog@@AAEHHPB_W@Z 0041d670 f   dialog.obj
 0001:0001c6f0       ?ProcessRadioButton@Dialog@@AAEII@Z 0041d6f0 f   dialog.obj
 0001:0001c7f0       ?ChangeFocus@Dialog@@AAEIIHH@Z 0041d7f0 f   dialog.obj
 0001:0001c8a0       ?ChangeFocus2@Dialog@@AAEXI@Z 0041d8a0 f   dialog.obj
 0001:0001cb40       ?SetAutomation@Dialog@@QAEHGGW4FarDialogItemFlags@@00000@Z 0041db40 f   dialog.obj
 0001:0001cbc0       ?SelectFromEditHistory@Dialog@@AAEHPAUDialogItemEx@@PAVDlgEdit@@PB_WAAVUnicodeString@@@Z 0041dbc0 f   dialog.obj
 0001:0001ce20       ?AddToEditHistory@Dialog@@AAEHPB_W0@Z 0041de20 f   dialog.obj
 0001:0001cf40       ?CheckHighlights@Dialog@@AAEHGH@Z 0041df40 f   dialog.obj
 0001:0001d070       ?SetHelp@Dialog@@QAEXPB_W@Z 0041e070 f   dialog.obj
 0001:0001d110       ?ClearDone@Dialog@@QAEXXZ  0041e110 f   dialog.obj
 0001:0001d140       ?SetExitCode@Dialog@@UAEXH@Z 0041e140 f   dialog.obj
 0001:0001d170       ?GetTypeAndName@Dialog@@UAEHAAVUnicodeString@@0@Z 0041e170 f   dialog.obj
 0001:0001d220       ?DefDlgProc@@YGJPAXHHJ@Z   0041e220 f   dialog.obj
 0001:0001d4c0       ?CallDlgProc@Dialog@@AAEJHHJ@Z 0041e4c0 f   dialog.obj
 0001:0001d500       ?SetPosition@Dialog@@UAEXHHHH@Z 0041e500 f   dialog.obj
 0001:0001d570       ?IsInited@Dialog@@QAEHXZ   0041e570 f   dialog.obj
 0001:0001d5a0       ?SetComboBoxPos@Dialog@@AAEXPAUDialogItemEx@@@Z 0041e5a0 f   dialog.obj
 0001:0001d6a0       ?ConvertItemEx@@YA_NW4CVTITEMFLAGS@@PAUFarDialogItem@@PAUDialogItemEx@@I@Z 0041e6a0 f   dialog.obj
 0001:0001d8d0       ?ConvertItemEx2@@YAIPAUFarDialogItem@@PAUDialogItemEx@@@Z 0041e8d0 f   dialog.obj
 0001:0001d9a0       ?Init@Dialog@@AAEXP6GJPAXHHJ@ZJ@Z 0041e9a0 f   dialog.obj
 0001:0001da60       ?ProcessCenterGroup@Dialog@@AAEXXZ 0041ea60 f   dialog.obj
 0001:0001dcd0       ?ProcessLastHistory@Dialog@@AAEXPAUDialogItemEx@@H@Z 0041ecd0 f   dialog.obj
 0001:0001ddd0       ?GetDialogObjectsData@Dialog@@QAEXXZ 0041edd0 f   dialog.obj
 0001:0001df40       ?ShowDialog@Dialog@@AAEXI@Z 0041ef40 f   dialog.obj
 0001:0001ee90       ?VMProcess@Dialog@@UAE_JHPAX_J@Z 0041fe90 f   dialog.obj
 0001:0001f3b0       ?Do_ProcessFirstCtrl@Dialog@@AAEHXZ 004203b0 f   dialog.obj
 0001:0001f480       ?Do_ProcessNextCtrl@Dialog@@AAEHHH@Z 00420480 f   dialog.obj
 0001:0001f5d0       ?Do_ProcessTab@Dialog@@AAEHH@Z 004205d0 f   dialog.obj
 0001:0001f6b0       ?SelectFromComboBox@Dialog@@AAEHPAUDialogItemEx@@PAVDlgEdit@@PAVVMenu@@@Z 004206b0 f   dialog.obj
 0001:0001f9d0       ?AdjustEditPos@Dialog@@QAEXHH@Z 004209d0 f   dialog.obj
 0001:0001fae0       ?CloseDialog@Dialog@@QAEXXZ 00420ae0 f   dialog.obj
 0001:0001fb60       ??0Dialog@@QAE@PAUDialogItemEx@@IP6GJPAXHHJ@ZJ@Z 00420b60 f   dialog.obj
 0001:0001fca0       ?GetCanLoseFocus@Frame@@UAEHH@Z 00420ca0 f i dialog.obj
 0001:0001fcb0       ?Refresh@Frame@@UAEXXZ     00420cb0 f i dialog.obj
 0001:0001fcb0       ?Refresh@FilePanels@@UAEXXZ 00420cb0 f i filepanels.obj
 0001:0001fcc0       ?RedrawKeyBar@Frame@@UAEXXZ 00420cc0 f i dialog.obj
 0001:0001fcd0       ?GetTitle@Frame@@UAEAAVUnicodeString@@AAV2@HH@Z 00420cd0 f i dialog.obj
 0001:0001fce0       ?GetTypeName@Dialog@@UAEPB_WXZ 00420ce0 f i dialog.obj
 0001:0001fcf0       ??0Dialog@@QAE@PAUFarDialogItem@@IP6GJPAXHHJ@ZJ@Z 00420cf0 f   dialog.obj
 0001:0001fe30       ?DisplayObject@Dialog@@EAEXXZ 00420e30 f   dialog.obj
 0001:0001fe80       ?InitDialogObjects@Dialog@@AAEII@Z 00420e80 f   dialog.obj
 0001:000208b0       ?SetItemRect@Dialog@@AAEHIPAU_SMALL_RECT@@@Z 004218b0 f   dialog.obj
 0001:00020a40       ?ProcessMoveDialog@Dialog@@AAEHK@Z 00421a40 f   dialog.obj
 0001:00020ea0       ?ProcessOpenComboBox@Dialog@@AAEHHPAUDialogItemEx@@I@Z 00421ea0 f   dialog.obj
 0001:00020ff0       ?SendDlgMessage@@YGJPAXHHJ@Z 00421ff0 f   dialog.obj
 0001:00023090       ??1Dialog@@UAE@XZ          00424090 f   dialog.obj
 0001:000231c0       ?InitDialog@Dialog@@QAEXXZ 004241c0 f   dialog.obj
 0001:000232b0       ?ProcessMouse@Dialog@@UAEHPAU_MOUSE_EVENT_RECORD@@@Z 004242b0 f   dialog.obj
 0001:00023de0       ?Do_ProcessSpace@Dialog@@AAEHXZ 00424de0 f   dialog.obj
 0001:00023f20       ?ProcessHighlighting@Dialog@@AAEHHIH@Z 00424f20 f   dialog.obj
 0001:000241b0       ?Process@Dialog@@QAEXXZ    004251b0 f   dialog.obj
 0001:000242c0       ?ResizeConsole@Dialog@@UAEXXZ 004252c0 f   dialog.obj
 0001:000243b0       ??_GDialog@@UAEPAXI@Z      004253b0 f i dialog.obj
 0001:000243b0       ??_EDialog@@UAEPAXI@Z      004253b0 f i dialog.obj
 0001:000243e0       ?ProcessKey@Dialog@@UAEHH@Z 004253e0 f   dialog.obj
 0001:00025790       ?GetPluginDirInfo@@YAHPAXPB_WAAK2AA_K3@Z 00426790 f   dirinfo.obj
 0001:00025940       ?GetDirInfo@@YAHPB_W0AAK1AA_K221JPAVFileFilter@@K@Z 00426940 f   dirinfo.obj
 0001:00026150       ?FarChDir@@YAHPB_WH@Z      00427150 f   dirmix.obj
 0001:00026300       ?CreatePath@@YAXAAVUnicodeString@@@Z 00427300 f   dirmix.obj
 0001:00026440       ?TestFolder@@YAHPB_W@Z     00427440 f   dirmix.obj
 0001:00026640       ?CheckShortcutFolder@@YAHPAVUnicodeString@@HH@Z 00427640 f   dirmix.obj
 0001:00026890       ?IsUnicodeOrUtfCodePage@@YA_NI@Z 00427890 f i dizlist.obj
 0001:000268c0       ?Reset@DizList@@QAEXXZ     004278c0 f   dizlist.obj
 0001:00026930       ?PR_ReadingMsg@DizList@@SAXXZ 00427930 f   dizlist.obj
 0001:00026960       ?IsSpace@@YAH_W@Z          00427960 f i dizlist.obj
 0001:00026980       ?IsSpaceOrEos@@YAH_W@Z     00427980 f i dizlist.obj
 0001:000269b0       ?AddRecord@DizList@@AAE_NPB_W@Z 004279b0 f   dizlist.obj
 0001:00026c80       ?GetDizName@DizList@@QAEXAAVUnicodeString@@@Z 00427c80 f   dizlist.obj
 0001:00026c90       ??0DizList@@QAE@XZ         00427c90 f   dizlist.obj
 0001:00026cc0       ??1DizList@@QAE@XZ         00427cc0 f   dizlist.obj
 0001:00026d00       ?Read@DizList@@QAEXPB_W0@Z 00427d00 f   dizlist.obj
 0001:00026fc0       ?BuildIndex@DizList@@AAEXXZ 00427fc0 f   dizlist.obj
 0001:00027050       ?Flush@DizList@@QAE_NPB_W0@Z 00428050 f   dizlist.obj
 0001:00027400       ?GetDizPos@DizList@@AAEHPB_WPAH@Z 00428400 f   dizlist.obj
 0001:000274d0       ?GetDizPosEx@DizList@@AAEHPB_W0PAH@Z 004284d0 f   dizlist.obj
 0001:000275f0       ?DeleteDiz@DizList@@QAE_NPB_W0@Z 004285f0 f   dizlist.obj
 0001:00027670       ?AddDizText@DizList@@QAE_NPB_W00@Z 00428670 f   dizlist.obj
 0001:000277a0       ?CopyDiz@DizList@@QAE_NPB_W000PAV1@@Z 004287a0 f   dizlist.obj
 0001:00027850       ?GetDizTextAddr@DizList@@QAEPB_WPB_W0_J@Z 00428850 f   dizlist.obj
 0001:00027960       ?GetLangString@DialogBuilder@@MAEPB_WH@Z 00428960 f   DlgBuilder.obj
 0001:00027970       ?DoShowDialog@DialogBuilder@@MAEHXZ 00428970 f   DlgBuilder.obj
 0001:000279f0       ?InitDialogItem@?$DialogBuilderBase@UDialogItemEx@@@@MAEXPAUDialogItemEx@@PB_W@Z 004289f0 f i DlgBuilder.obj
 0001:000279f0       ?DeleteDiz@Panel@@UAEXPB_W0@Z 004289f0 f i infolist.obj
 0001:00027a00       ?ProcessMouse@ScreenObject@@UAEHPAU_MOUSE_EVENT_RECORD@@@Z 00428a00 f i filepanels.obj
 0001:00027a00       ?CreateRadioButtonBinding@?$DialogBuilderBase@UDialogItemEx@@@@MAEPAU?$DialogItemBinding@UDialogItemEx@@@@PAH@Z 00428a00 f i DlgBuilder.obj
 0001:00027a00       ?ProcessKey@ScreenObject@@UAEHH@Z 00428a00 f i filepanels.obj
 0001:00027a00       ?UpdateIfChanged@Panel@@UAEHH@Z 00428a00 f i infolist.obj
 0001:00027a00       ?IsSelected@Panel@@UAEHPB_W@Z 00428a00 f i infolist.obj
 0001:00027a00       ?GetLastSelectedItem@Panel@@UAEHPAUFileListItem@@@Z 00428a00 f i infolist.obj
 0001:00027a00       ?IsSelected@Panel@@UAEHJ@Z 00428a00 f i infolist.obj
 0001:00027a00       ?Analyse@PluginA@@UAEHPBUAnalyseData@@@Z 00428a00 f i PluginA.obj
 0001:00027a00       ?GetLangString@?$DialogBuilderBase@UDialogItemEx@@@@MAEPB_WH@Z 00428a00 f i DlgBuilder.obj
 0001:00027a00       ?IsColumnDisplayed@Panel@@UAEHH@Z 00428a00 f i infolist.obj
 0001:00027a10       ?GetPluginHandle@Panel@@UAEPAXXZ 00428a10 f i infolist.obj
 0001:00027a10       ?DoShowDialog@?$DialogBuilderBase@UDialogItemEx@@@@MAEHXZ 00428a10 f i DlgBuilder.obj
 0001:00027a20       ?GetCustomData@PluginA@@UAEHPB_WPAPA_W@Z 00428a20 f i PluginA.obj
 0001:00027a20       ?ProcessSynchroEvent@PluginA@@UAEHHPAX@Z 00428a20 f i PluginA.obj
 0001:00027a20       ?SendKeyToPlugin@Panel@@UAEHKH@Z 00428a20 f i infolist.obj
 0001:00027a20       ?GetItem@Panel@@UAEHHPAX@Z 00428a20 f i infolist.obj
 0001:00027a20       ?CreateCheckBoxBinding@?$DialogBuilderBase@UDialogItemEx@@@@MAEPAU?$DialogItemBinding@UDialogItemEx@@@@PAHH@Z 00428a20 f i DlgBuilder.obj
 0001:00027a20       ?ProcessPluginEvent@Panel@@UAEHHPAX@Z 00428a20 f i infolist.obj
 0001:00027a20       ?GetTypeAndName@Frame@@UAEHAAVUnicodeString@@0@Z 00428a20 f i frame.obj
 0001:00027a20       ?AddIntEditField@?$DialogBuilderBase@UDialogItemEx@@@@UAEPAUDialogItemEx@@PAHH@Z 00428a20 f i DlgBuilder.obj
 0001:00027a30       ?SaveValue@?$CheckBoxBinding@UDialogItemEx@@@@UAEXPAUDialogItemEx@@H@Z 00428a30 f i DlgBuilder.obj
 0001:00027a70       ?SaveValue@?$RadioButtonBinding@UDialogItemEx@@@@UAEXPAUDialogItemEx@@H@Z 00428a70 f i DlgBuilder.obj
 0001:00027a90       ?SaveValue@?$ComboBoxBinding@UDialogItemEx@@@@UAEXPAUDialogItemEx@@H@Z 00428a90 f i DlgBuilder.obj
 0001:00027ab0       ?SaveValue@EditFieldBinding@@UAEXPAUDialogItemEx@@H@Z 00428ab0 f i DlgBuilder.obj
 0001:00027ad0       ??0EditFieldIntBinding@@QAE@PAHH@Z 00428ad0 f i DlgBuilder.obj
 0001:00027b30       ?SaveValue@EditFieldIntBinding@@UAEXPAUDialogItemEx@@H@Z 00428b30 f i DlgBuilder.obj
 0001:00027b60       ?InitDialogItem@DialogBuilder@@MAEXPAUDialogItemEx@@PB_W@Z 00428b60 f   DlgBuilder.obj
 0001:00027bc0       ?TextWidth@DialogBuilder@@MAEHABUDialogItemEx@@@Z 00428bc0 f   DlgBuilder.obj
 0001:00027bd0       ?CreateCheckBoxBinding@DialogBuilder@@MAEPAU?$DialogItemBinding@UDialogItemEx@@@@PAHH@Z 00428bd0 f   DlgBuilder.obj
 0001:00027c10       ?CreateRadioButtonBinding@DialogBuilder@@MAEPAU?$DialogItemBinding@UDialogItemEx@@@@PAH@Z 00428c10 f   DlgBuilder.obj
 0001:00027c40       ?LinkFlags@DialogBuilder@@QAEXPAUDialogItemEx@@0W4FarDialogItemFlags@@_N@Z 00428c40 f   DlgBuilder.obj
 0001:00027d60       ??1?$DialogBuilderBase@UDialogItemEx@@@@IAE@XZ 00428d60 f i DlgBuilder.obj
 0001:00027e40       ??0DialogBuilder@@QAE@HPB_W@Z 00428e40 f   DlgBuilder.obj
 0001:00027ee0       ??1DialogBuilder@@QAE@XZ   00428ee0 f   DlgBuilder.obj
 0001:00027ef0       ?AddEditField@DialogBuilder@@QAEPAUDialogItemEx@@PAVUnicodeString@@HPB_WH@Z 00428ef0 f   DlgBuilder.obj
 0001:00027fe0       ?AddIntEditField@DialogBuilder@@UAEPAUDialogItemEx@@PAHH@Z 00428fe0 f   DlgBuilder.obj
 0001:00028140       ?AddComboBox@DialogBuilder@@QAEPAUDialogItemEx@@PAHHPAUDialogBuilderListItem@@HK@Z 00429140 f   DlgBuilder.obj
 0001:00028280       ?SetOvertypeMode@Edit@@QAEXH@Z 00429280 f i dlgedit.obj
 0001:000282a0       ?ProcessKey@DlgEdit@@UAEHH@Z 004292a0 f   dlgedit.obj
 0001:000282b0       ?ProcessMouse@DlgEdit@@UAEHPAU_MOUSE_EVENT_RECORD@@@Z 004292b0 f   dlgedit.obj
 0001:000282c0       ?DisplayObject@DlgEdit@@EAEXXZ 004292c0 f   dlgedit.obj
 0001:000282d0       ?SetPosition@DlgEdit@@UAEXHHHH@Z 004292d0 f   dlgedit.obj
 0001:000282e0       ?Show@DlgEdit@@UAEXXZ      004292e0 f   dlgedit.obj
 0001:000282f0       ?GetPosition@DlgEdit@@UAEXAAH000@Z 004292f0 f   dlgedit.obj
 0001:00028300       ?SetDialogParent@DlgEdit@@QAEXK@Z 00429300 f   dlgedit.obj
 0001:00028310       ?SetDropDownBox@DlgEdit@@QAEXH@Z 00429310 f   dlgedit.obj
 0001:00028340       ?GetMaxLength@DlgEdit@@QAEHXZ 00429340 f   dlgedit.obj
 0001:00028350       ?SetMaxLength@DlgEdit@@QAEXH@Z 00429350 f   dlgedit.obj
 0001:00028370       ?SetPasswordMode@DlgEdit@@QAEXH@Z 00429370 f   dlgedit.obj
 0001:000283a0       ?SetOvertypeMode@DlgEdit@@QAEXH@Z 004293a0 f   dlgedit.obj
 0001:000283d0       ?GetOvertypeMode@DlgEdit@@QAEHXZ 004293d0 f   dlgedit.obj
 0001:000283e0       ?SetInputMask@DlgEdit@@QAEXPB_W@Z 004293e0 f   dlgedit.obj
 0001:00028400       ?SetEditBeyondEnd@DlgEdit@@QAEXH@Z 00429400 f   dlgedit.obj
 0001:00028430       ?SetClearFlag@DlgEdit@@QAEXH@Z 00429430 f   dlgedit.obj
 0001:00028460       ?GetClearFlag@DlgEdit@@QAEHXZ 00429460 f   dlgedit.obj
 0001:00028470       ?GetStringAddr@DlgEdit@@QAEPB_WXZ 00429470 f   dlgedit.obj
 0001:00028480       ?SetHiString@DlgEdit@@QAEXPB_W@Z 00429480 f   dlgedit.obj
 0001:00028490       ?SetString@DlgEdit@@QAEXPB_W@Z 00429490 f   dlgedit.obj
 0001:000284b0       ?GetString@DlgEdit@@QAEXAAVUnicodeString@@H@Z 004294b0 f   dlgedit.obj
 0001:000284d0       ?SetCurPos@DlgEdit@@QAEXHH@Z 004294d0 f   dlgedit.obj
 0001:000284f0       ?GetCurPos@DlgEdit@@QAEHXZ 004294f0 f   dlgedit.obj
 0001:00028500       ?GetTabCurPos@DlgEdit@@QAEHXZ 00429500 f   dlgedit.obj
 0001:00028510       ?SetTabCurPos@DlgEdit@@QAEXH@Z 00429510 f   dlgedit.obj
 0001:00028520       ?SetPersistentBlocks@DlgEdit@@QAEXH@Z 00429520 f   dlgedit.obj
 0001:00028550       ?SetDelRemovesBlocks@DlgEdit@@QAEXH@Z 00429550 f   dlgedit.obj
 0001:00028580       ?SetObjectColor@DlgEdit@@QAEXHHH@Z 00429580 f   dlgedit.obj
 0001:00028590       ?FastShow@DlgEdit@@QAEXXZ  00429590 f   dlgedit.obj
 0001:000285a0       ?GetLeftPos@DlgEdit@@QAEHXZ 004295a0 f   dlgedit.obj
 0001:000285b0       ?SetLeftPos@DlgEdit@@QAEXHH@Z 004295b0 f   dlgedit.obj
 0001:000285c0       ?GetLength@DlgEdit@@QAEHXZ 004295c0 f   dlgedit.obj
 0001:000285d0       ?Select@DlgEdit@@QAEXHH@Z  004295d0 f   dlgedit.obj
 0001:000285e0       ?GetSelection@DlgEdit@@QAEXAAH0@Z 004295e0 f   dlgedit.obj
 0001:000285f0       ?Xlat@DlgEdit@@QAEX_N@Z    004295f0 f   dlgedit.obj
 0001:00028600       ?GetStrSize@DlgEdit@@QAEHH@Z 00429600 f   dlgedit.obj
 0001:00028610       ?SetCursorType@DlgEdit@@QAEX_NK@Z 00429610 f   dlgedit.obj
 0001:00028620       ?GetCursorType@DlgEdit@@QAEXAA_NAAK@Z 00429620 f   dlgedit.obj
 0001:00028630       ?GetReadOnly@DlgEdit@@QAEHXZ 00429630 f   dlgedit.obj
 0001:00028640       ?SetReadOnly@DlgEdit@@QAEXH@Z 00429640 f   dlgedit.obj
 0001:00028670       ?Flags@DlgEdit@@QAEAAVBitFlags@@XZ 00429670 f   dlgedit.obj
 0001:00028680       ?Hide@DlgEdit@@UAEXXZ      00429680 f   dlgedit.obj
 0001:00028690       ?Hide0@DlgEdit@@UAEXXZ     00429690 f   dlgedit.obj
 0001:000286a0       ?ShowConsoleTitle@DlgEdit@@UAEXXZ 004296a0 f   dlgedit.obj
 0001:000286b0       ?SetScreenPosition@DlgEdit@@UAEXXZ 004296b0 f   dlgedit.obj
 0001:000286c0       ?ResizeConsole@DlgEdit@@UAEXXZ 004296c0 f   dlgedit.obj
 0001:000286d0       ?VMProcess@DlgEdit@@UAE_JHPAX_J@Z 004296d0 f   dlgedit.obj
 0001:00028700       ?HistoryGetSimilar@DlgEdit@@QAE_NAAVUnicodeString@@H_N@Z 00429700 f   dlgedit.obj
 0001:00028720       ?EditChange@DlgEdit@@CAXPAX@Z 00429720 f   dlgedit.obj
 0001:00028750       ??0DlgEdit@@QAE@PAVDialog@@IW4DLGEDITTYPE@@@Z 00429750 f   dlgedit.obj
 0001:000288f0       ??_EDlgEdit@@UAEPAXI@Z     004298f0 f i dlgedit.obj
 0001:000288f0       ??_GDlgEdit@@UAEPAXI@Z     004298f0 f i dlgedit.obj
 0001:00028960       ??0CDList@@IAE@XZ          00429960 f   DList.obj
 0001:00028980       ?Clear@CDList@@QAEXXZ      00429980 f   DList.obj
 0001:000289b0       ?CSwap@CDList@@IAEXAAV1@@Z 004299b0 f   DList.obj
 0001:00028a10       ?CInsertBefore@CDList@@IAEPAXPAX0@Z 00429a10 f   DList.obj
 0001:00028a50       ?CInsertAfter@CDList@@IAEPAXPAX0@Z 00429a50 f   DList.obj
 0001:00028aa0       ?CMoveAfter@CDList@@IAEXPAX0@Z 00429aa0 f   DList.obj
 0001:00028b00       ?CDelete@CDList@@IAEPAXPAX@Z 00429b00 f   DList.obj
 0001:00028b40       ?FarGetLogicalDrives@@YGKXZ 00429b40 f   drivemix.obj
 0001:00028be0       ?IsDriveTypeRemote@@YA_NI@Z 00429be0 f   drivemix.obj
 0001:00028c00       ?CheckDisksProps@@YAHPB_W0H@Z 00429c00 f   drivemix.obj
 0001:00029150       ?Swap@BitFlags@@QAEKK@Z    0042a150 f i edit.obj
 0001:00029170       ?IsSelection@Edit@@QAEHXZ  0042a170 f i edit.obj
 0001:00029190       _wmemchr                   0042a190 f i edit.obj
 0001:000291b0       ?IsWordDiv@@YA_NPB_W_W@Z   0042a1b0 f i edit.obj
 0001:000291d0       ??0Edit@@QAE@PAVScreenObject@@PAUCallback@0@_N@Z 0042a1d0 f   edit.obj
 0001:00029320       ??1Edit@@UAE@XZ            0042a320 f   edit.obj
 0001:00029370       ?SetCodePage@Edit@@QAEKI@Z 0042a370 f   edit.obj
 0001:000294f0       ?SetCursorType@Edit@@QAEX_NK@Z 0042a4f0 f   edit.obj
 0001:00029530       ?GetCursorType@Edit@@QAEXAA_NAAK@Z 0042a530 f   edit.obj
 0001:00029550       ?RecurseProcessKey@Edit@@AAEHH@Z 0042a550 f   edit.obj
 0001:00029570       ?IsEol@@YAH_W@Z            0042a570 f i edit.obj
 0001:00029590       ?SetObjectColor@Edit@@QAEXHHH@Z 0042a590 f   edit.obj
 0001:000295b0       ?GetString@Edit@@QAEXAAVUnicodeString@@@Z 0042a5b0 f   edit.obj
 0001:000295f0       ?GetStringAddr@Edit@@QAEPB_WXZ 0042a5f0 f   edit.obj
 0001:00029600       ?SetEOL@Edit@@QAEXPB_W@Z   0042a600 f   edit.obj
 0001:00029670       ?GetEOL@Edit@@QAEPB_WXZ    0042a670 f   edit.obj
 0001:00029680       ?GetBinaryString@Edit@@QAEXPAPB_W0AAH@Z 0042a680 f   edit.obj
 0001:000296c0       ?GetSelString@Edit@@QAEHAAVUnicodeString@@@Z 0042a6c0 f   edit.obj
 0001:00029730       ?GetLength@Edit@@QAEHXZ    0042a730 f   edit.obj
 0001:00029740       ?InsertTab@Edit@@QAEXXZ    0042a740 f   edit.obj
 0001:00029810       ?ReplaceTabs@Edit@@QAEXXZ  0042a810 f   edit.obj
 0001:00029930       ?TabPosToReal@Edit@@QAEHH@Z 0042a930 f   edit.obj
 0001:000299b0       ?Select@Edit@@QAEXHH@Z     0042a9b0 f   edit.obj
 0001:000299f0       ?AddSelect@Edit@@QAEXHH@Z  0042a9f0 f   edit.obj
 0001:00029a50       ?GetSelection@Edit@@QAEXAAH0@Z 0042aa50 f   edit.obj
 0001:00029a80       ?GetRealSelection@Edit@@QAEXAAH0@Z 0042aa80 f   edit.obj
 0001:00029aa0       ?AddColor@Edit@@QAEXPAUColorItem@@@Z 0042aaa0 f   edit.obj
 0001:00029af0       ?DeleteColor@Edit@@QAEHH@Z 0042aaf0 f   edit.obj
 0001:00029b90       ?GetColor@Edit@@QAEHPAUColorItem@@H@Z 0042ab90 f   edit.obj
 0001:00029bd0       ?Xlat@Edit@@QAEX_N@Z       0042abd0 f   edit.obj
 0001:00029d80       ?KeyMatchedMask@Edit@@AAEHH@Z 0042ad80 f   edit.obj
 0001:00029e90       ?CheckCharMask@Edit@@AAEH_W@Z 0042ae90 f   edit.obj
 0001:00029ed0       ?SetDialogParent@Edit@@QAEXK@Z 0042aed0 f   edit.obj
 0001:00029f30       ?Changed@Edit@@UAEX_N@Z    0042af30 f   edit.obj
 0001:00029f50       ??0EditControl@@QAE@PAVScreenObject@@PAUCallback@Edit@@_NPAVHistory@@PAUFarList@@K@Z 0042af50 f   edit.obj
 0001:00029fc0       ?Show@EditControl@@UAEXXZ  0042afc0 f   edit.obj
 0001:00029fe0       ?EnableAC@EditControl@@QAEX_N@Z 0042afe0 f   edit.obj
 0001:0002a020       ?DisableAC@EditControl@@QAEX_N@Z 0042b020 f   edit.obj
 0001:0002a060       ??_EEdit@@UAEPAXI@Z        0042b060 f i edit.obj
 0001:0002a060       ??_GEdit@@UAEPAXI@Z        0042b060 f i edit.obj
 0001:0002a060       ??_GEditControl@@UAEPAXI@Z 0042b060 f i edit.obj
 0001:0002a060       ??_EEditControl@@UAEPAXI@Z 0042b060 f i edit.obj
 0001:0002a0c0       ?GetNextCursorPos@Edit@@AAEHHH@Z 0042b0c0 f   edit.obj
 0001:0002a1f0       ?GetSelString@Edit@@QAEHPA_WH@Z 0042b1f0 f   edit.obj
 0001:0002a260       ?RefreshStrByMask@Edit@@AAEXH@Z 0042b260 f   edit.obj
 0001:0002a340       ?Search@Edit@@QAEHABVUnicodeString@@AAV2@HHHHHPAH@Z 0042b340 f   edit.obj
 0001:0002a640       ?SetTabCurPos@Edit@@QAEXH@Z 0042b640 f   edit.obj
 0001:0002a6e0       ?RealPosToTab@Edit@@AAEHHHHPAH@Z 0042b6e0 f   edit.obj
 0001:0002a7a0       ?DeleteBlock@Edit@@AAEXXZ  0042b7a0 f   edit.obj
 0001:0002a8c0       ?SetMenuPos@EditControl@@AAEXAAVVMenu@@@Z 0042b8c0 f   edit.obj
 0001:0002a990       ?DisplayObject@Edit@@EAEXXZ 0042b990 f   edit.obj
 0001:0002aa60       ?VMProcess@Edit@@UAE_JHPAX_J@Z 0042ba60 f   edit.obj
 0001:0002acc0       ?InsertKey@Edit@@AAEHH@Z   0042bcc0 f   edit.obj
 0001:0002afa0       ?SetBinaryString@Edit@@QAEXPB_WH@Z 0042bfa0 f   edit.obj
 0001:0002b180       ?InsertBinaryString@Edit@@QAEXPB_WH@Z 0042c180 f   edit.obj
 0001:0002b400       ?SetInputMask@Edit@@QAEXPB_W@Z 0042c400 f   edit.obj
 0001:0002b450       ?ProcessMouse@Edit@@UAEHPAU_MOUSE_EVENT_RECORD@@@Z 0042c450 f   edit.obj
 0001:0002b580       ?RealPosToTab@Edit@@QAEHH@Z 0042c580 f   edit.obj
 0001:0002b5a0       ?ApplyColor@Edit@@AAEXXZ   0042c5a0 f   edit.obj
 0001:0002b740       ?ProcessMouse@EditControl@@UAEHPAU_MOUSE_EVENT_RECORD@@@Z 0042c740 f   edit.obj
 0001:0002b870       ?ProcessCtrlQ@Edit@@AAEHXZ 0042c870 f   edit.obj
 0001:0002b8d0       ?SetHiString@Edit@@QAEXPB_W@Z 0042c8d0 f   edit.obj
 0001:0002b960       ?SetString@Edit@@QAEXPB_WH@Z 0042c960 f   edit.obj
 0001:0002b9b0       ?InsertString@Edit@@QAEXPB_W@Z 0042c9b0 f   edit.obj
 0001:0002ba00       ?GetTabCurPos@Edit@@QAEHXZ 0042ca00 f   edit.obj
 0001:0002ba10       ?AutoCompleteProc@EditControl@@AAEH_N0AAH@Z 0042ca10 f   edit.obj
 0001:0002c380       ?AutoComplete@EditControl@@QAEX_N0@Z 0042d380 f   edit.obj
 0001:0002c3f0       ?FastShow@Edit@@UAEXXZ     0042d3f0 f   edit.obj
 0001:0002c8a0       ?ProcessInsPath@Edit@@AAEHHHH@Z 0042d8a0 f   edit.obj
 0001:0002ca50       ?ProcessInsPlainText@Edit@@AAEHPB_W@Z 0042da50 f   edit.obj
 0001:0002cab0       ?Changed@EditControl@@UAEX_N@Z 0042dab0 f   edit.obj
 0001:0002caf0       ?ProcessKey@Edit@@UAEHH@Z  0042daf0 f   edit.obj
 0001:0002e1a0       ?SetCharCodeBase@Editor@@QAEXH@Z 0042f1a0 f i editor.obj
 0001:0002e1d0       ?TextChanged@Editor@@AAEXH@Z 0042f1d0 f   editor.obj
 0001:0002e200       ?CheckLine@Editor@@AAE_NPAVEdit@@@Z 0042f200 f   editor.obj
 0001:0002e230       ?Contains@UnicodeString@@QBE_N_WI@Z 0042f230 f i editor.obj
 0001:0002e260       ?CalcDistance@Editor@@AAEHPAVEdit@@0H@Z 0042f260 f   editor.obj
 0001:0002e2a0       ?Down@Editor@@AAEXXZ       0042f2a0 f   editor.obj
 0001:0002e300       ?ScrollDown@Editor@@AAEXXZ 0042f300 f   editor.obj
 0001:0002e370       ?Up@Editor@@AAEXXZ         0042f370 f   editor.obj
 0001:0002e3b0       ?ScrollUp@Editor@@AAEXXZ   0042f3b0 f   editor.obj
 0001:0002e400       ?Block2Text@Editor@@AAEPA_WPA_W@Z 0042f400 f   editor.obj
 0001:0002e580       ?UnmarkBlock@Editor@@AAEXXZ 0042f580 f   editor.obj
 0001:0002e640       ?UnmarkEmptyBlock@Editor@@AAEXXZ 0042f640 f   editor.obj
 0001:0002e6c0       ?GoToLine@Editor@@AAEXH@Z  0042f6c0 f   editor.obj
 0001:0002e7e0       ?SelectAll@Editor@@AAEXXZ  0042f7e0 f   editor.obj
 0001:0002e830       ?SetStartPos@Editor@@QAEXHH@Z 0042f830 f   editor.obj
 0001:0002e860       ?IsFileChanged@Editor@@QBEHXZ 0042f860 f   editor.obj
 0001:0002e870       ?IsFileModified@Editor@@QBEHXZ 0042f870 f   editor.obj
 0001:0002e880       ?GetCurPos@Editor@@QAEJXZ  0042f880 f   editor.obj
 0001:0002e8e0       ?VBlock2Text@Editor@@AAEPA_WPA_W@Z 0042f8e0 f   editor.obj
 0001:0002eab0       ?SetBookmark@Editor@@AAEHK@Z 0042fab0 f   editor.obj
 0001:0002eb60       ?GotoBookmark@Editor@@AAEHK@Z 0042fb60 f   editor.obj
 0001:0002ec20       ?ClearStackBookmarks@Editor@@AAEHXZ 0042fc20 f   editor.obj
 0001:0002eca0       ?DeleteStackBookmark@Editor@@AAEHPAUInternalEditorStackBookMark@@@Z 0042fca0 f   editor.obj
 0001:0002ed00       ?RestoreStackBookmark@Editor@@AAEHXZ 0042fd00 f   editor.obj
 0001:0002edb0       ?AddStackBookmark@Editor@@AAEHH@Z 0042fdb0 f   editor.obj
 0001:0002eea0       ?PointerToStackBookmark@Editor@@AAEPAUInternalEditorStackBookMark@@H@Z 0042fea0 f   editor.obj
 0001:0002eee0       ?PrevStackBookmark@Editor@@AAEHXZ 0042fee0 f   editor.obj
 0001:0002ef00       ?NextStackBookmark@Editor@@AAEHXZ 0042ff00 f   editor.obj
 0001:0002ef20       ?GotoStackBookmark@Editor@@AAEHH@Z 0042ff20 f   editor.obj
 0001:0002ef80       ?PushStackBookMark@Editor@@AAEHXZ 0042ff80 f   editor.obj
 0001:0002efb0       ?PopStackBookMark@Editor@@AAEHXZ 0042ffb0 f   editor.obj
 0001:0002f000       ?CurrentStackBookmarkIdx@Editor@@AAEHXZ 00430000 f   editor.obj
 0001:0002f030       ?GetStackBookmark@Editor@@AAEHHPAUEditorBookMarks@@@Z 00430030 f   editor.obj
 0001:0002f0c0       ?GetStackBookmarks@Editor@@AAEHPAUEditorBookMarks@@@Z 004300c0 f   editor.obj
 0001:0002f180       ?GetStringByNumber@Editor@@AAEPAVEdit@@H@Z 00430180 f   editor.obj
 0001:0002f270       ?SetReplaceMode@Editor@@SAXH@Z 00430270 f   editor.obj
 0001:0002f280       ?BeginVBlockMarking@Editor@@QAEXXZ 00430280 f   editor.obj
 0001:0002f2d0       ?AdjustVBlock@Editor@@QAEXH@Z 004302d0 f   editor.obj
 0001:0002f350       ?SetTabSize@Editor@@QAEXH@Z 00430350 f   editor.obj
 0001:0002f390       ?SetConvertTabs@Editor@@QAEXH@Z 00430390 f   editor.obj
 0001:0002f3d0       ?SetDelRemovesBlocks@Editor@@QAEXH@Z 004303d0 f   editor.obj
 0001:0002f410       ?SetShowWhiteSpace@Editor@@QAEXH@Z 00430410 f   editor.obj
 0001:0002f450       ?SetPersistentBlocks@Editor@@QAEXH@Z 00430450 f   editor.obj
 0001:0002f490       ?SetCursorBeyondEOL@Editor@@QAEXH@Z 00430490 f   editor.obj
 0001:0002f4f0       ?SetSavePosMode@Editor@@QAEXHH@Z 004304f0 f   editor.obj
 0001:0002f520       ?CreateString@Editor@@QAEPAVEdit@@PB_WH@Z 00430520 f   editor.obj
 0001:0002f610       ?InsertString@Editor@@QAEPAVEdit@@PB_WHPAV2@H@Z 00430610 f   editor.obj
 0001:0002f690       ?SetCacheParams@Editor@@QAEXPAUEditorCacheParams@@@Z 00430690 f   editor.obj
 0001:0002f850       ?GetCacheParams@Editor@@QAEXPAUEditorCacheParams@@@Z 00430850 f   editor.obj
 0001:0002f900       ?SetCodePage@Editor@@QAE_NI@Z 00430900 f   editor.obj
 0001:0002f960       ?GetCodePage@Editor@@QAEIXZ 00430960 f   editor.obj
 0001:0002f970       ?DrawScrollbar@Editor@@QAEXXZ 00430970 f   editor.obj
 0001:0002f9f0       ?CopyTo@EditorOptions@@QAEXAAU1@@Z 004309f0 f i editor.obj
 0001:0002fab0       ?SetData@EditorUndoData@@QAEXHPB_W0HHH@Z 00430ab0 f i editor.obj
 0001:0002fb70       ?SetWordDiv@Editor@@QAEXPB_W@Z 00430b70 f i editor.obj
 0001:0002fbc0       ?FreeAllocatedData@Editor@@QAEX_N@Z 00430bc0 f   editor.obj
 0001:0002fc20       ?KeepInitParameters@Editor@@QAEXXZ 00430c20 f   editor.obj
 0001:0002fca0       ?ShowEditor@Editor@@AAEXH@Z 00430ca0 f   editor.obj
 0001:0002fff0       ?BlockStart2NumLine@Editor@@AAEHPAH@Z 00430ff0 f   editor.obj
 0001:00030080       ?BlockEnd2NumLine@Editor@@AAEHPAH@Z 00431080 f   editor.obj
 0001:00030190       ?ProcessMouse@Editor@@UAEHPAU_MOUSE_EVENT_RECORD@@@Z 00431190 f   editor.obj
 0001:00030590       ?GetRowCol@Editor@@QAEXPB_WPAH1@Z 00431590 f   editor.obj
 0001:00030720       ?VCopy@Editor@@AAEXH@Z     00431720 f   editor.obj
 0001:000307a0       ?BackStackBookmark@Editor@@AAEHXZ 004317a0 f   editor.obj
 0001:00030810       ?AllocNode@?$DList@UEditorUndoData@@@@EAEPAUNode@CDList@@PAX@Z 00431810 f i editor.obj
 0001:00030860       ?Prev@?$DList@UEditorUndoData@@@@QAEPAUEditorUndoData@@PBU2@@Z 00431860 f i editor.obj
 0001:00030890       ??1Editor@@UAE@XZ          00431890 f   editor.obj
 0001:00030900       ?DisplayObject@Editor@@EAEXXZ 00431900 f   editor.obj
 0001:00030910       ?Copy@Editor@@AAEXH@Z      00431910 f   editor.obj
 0001:00030980       ?AddUndoData@Editor@@AAEXHPB_W0HHH@Z 00431980 f   editor.obj
 0001:00030b70       ?DeleteVBlock@Editor@@AAEXXZ 00431b70 f   editor.obj
 0001:00030de0       ?VPaste@Editor@@AAEXPA_W@Z 00431de0 f   editor.obj
 0001:00031010       ?VBlockShift@Editor@@AAEXH@Z 00432010 f   editor.obj
 0001:00031340       ?Xlat@Editor@@QAEXXZ       00432340 f   editor.obj
 0001:00031610       ?EditorShowMsg@Editor@@CAXPB_W00H@Z 00432610 f   editor.obj
 0001:000318c0       ?PR_EditorShowMsg@Editor@@SAXXZ 004328c0 f   editor.obj
 0001:000318f0       ?DeleteNode@?$DList@UEditorUndoData@@@@EAEXPAUNode@CDList@@@Z 004328f0 f i editor.obj
 0001:00031920       ??0Editor@@QAE@PAVScreenObject@@_N@Z 00432920 f   editor.obj
 0001:00031af0       ??_EEditor@@UAEPAXI@Z      00432af0 f i editor.obj
 0001:00031af0       ??_GEditor@@UAEPAXI@Z      00432af0 f i editor.obj
 0001:00031b20       ?DeleteString@Editor@@AAEXPAVEdit@@HHH@Z 00432b20 f   editor.obj
 0001:00031f30       ?InsertString@Editor@@AAEXXZ 00432f30 f   editor.obj
 0001:00032630       ?Search@Editor@@AAEHH@Z    00433630 f   editor.obj
 0001:000333c0       ?Paste@Editor@@AAEXPB_W@Z  004343c0 f   editor.obj
 0001:00033630       ?DeleteBlock@Editor@@AAEXXZ 00434630 f   editor.obj
 0001:00033990       ?Undo@Editor@@AAEXH@Z      00434990 f   editor.obj
 0001:00033c60       ?BlockLeft@Editor@@AAEXXZ  00434c60 f   editor.obj
 0001:00033eb0       ?BlockRight@Editor@@AAEXXZ 00434eb0 f   editor.obj
 0001:000340a0       ?EditorControl@Editor@@QAEHHPAX@Z 004350a0 f   editor.obj
 0001:00034cd0       ?VMProcess@Editor@@UAE_JHPAX_J@Z 00435cd0 f   editor.obj
 0001:000353d0       ?GoToPosition@Editor@@AAEXXZ 004363d0 f   editor.obj
 0001:00035510       ?ProcessKey@Editor@@UAEHH@Z 00436510 f   editor.obj
 0001:000381e0       ?IsEjectableMedia@@YA_N_WIH@Z 004391e0 f   eject.obj
 0001:000382a0       ?EjectVolume@@YAH_WK@Z     004392a0 f   eject.obj
 0001:00038650       ?IsProperProgID@@YA_NPB_W@Z 00439650 f   execute.obj
 0001:00038690       ?CheckCmdLineForHelp@CommandLine@@AAE_NPB_W@Z 00439690 f   execute.obj
 0001:000386e0       ?CheckCmdLineForSet@CommandLine@@AAE_NABVUnicodeString@@@Z 004396e0 f   execute.obj
 0001:00038720       ?SearchExtHandlerFromList@@YA_NPAUHKEY__@@AAVUnicodeString@@@Z 00439720 f   execute.obj
 0001:00038840       ?PartCmdLine@@YAHPB_WAAVUnicodeString@@1@Z 00439840 f   execute.obj
 0001:00038960       ?ProcessOSAliases@@YA_NAAVUnicodeString@@@Z 00439960 f   execute.obj
 0001:00038b90       ?GetShellType@@YA_NPB_WAAVUnicodeString@@W4ASSOCIATIONTYPE@@@Z 00439b90 f   execute.obj
 0001:00038e10       ?RunAsSupported@@YA_NPB_W@Z 00439e10 f   execute.obj
 0001:00038ee0       ?IntChDir@CommandLine@@AAEHPB_WH_N@Z 00439ee0 f   execute.obj
 0001:00039280       ?Push@?$TStack@UPushPopRecord@@@@QAEPAUPushPopRecord@@ABU2@@Z 0043a280 f i execute.obj
 0001:000392d0       ?GetShellAction@@YAPB_WPB_WAAK1@Z 0043a2d0 f   execute.obj
 0001:00039870       ?FindModule@@YG_NPB_WAAVUnicodeString@@AAK@Z 0043a870 f   execute.obj
 0001:00039f30       ?PrepareOSIfExist@@YAPB_WPB_W@Z 0043af30 f   execute.obj
 0001:0003a410       ?IsBatchExtType@@YA_NPB_W@Z 0043b410 f   execute.obj
 0001:0003a4a0       ?Pop@?$TStack@UPushPopRecord@@@@QAEPAUPushPopRecord@@AAU2@@Z 0043b4a0 f i execute.obj
 0001:0003a510       ?Execute@@YAHPB_W_N111111@Z 0043b510 f   execute.obj
 0001:0003b330       ?ProcessOSCommands@CommandLine@@AAEHPB_W_NAA_N@Z 0043c330 f   execute.obj
 0001:0003bcb0       ?CmdExecute@CommandLine@@AAEHPB_W_N11111@Z 0043ccb0 f   execute.obj
 0001:0003bfc0       ?GetFunctionName@@YAPB_WH@Z 0043cfc0 f   farexcpt.obj
 0001:0003c150       ?ExcDlgProc@@YGJPAXHHJ@Z   0043d150 f   farexcpt.obj
 0001:0003c240       ?ExcDialog@@YA_NPB_W0PAX@Z 0043d240 f   farexcpt.obj
 0001:0003cf60       ?xfilter@@YGKHPAU_EXCEPTION_POINTERS@@PAVPlugin@@K@Z 0043df60 f   farexcpt.obj
 0001:0003cfe0       ?Peek@?$FarQueue@K@@QBEKXZ 0043dfe0 f i farqueue.obj
 0001:0003d000       ?Get@?$FarQueue@K@@QAEKXZ  0043e000 f i farqueue.obj
 0001:0003d030       ?Put@?$FarQueue@K@@QAEHABK@Z 0043e030 f i farqueue.obj
 0001:0003d070       ??0?$FarQueue@K@@QAE@H@Z   0043e070 f i farqueue.obj
 0001:0003d0c0       _xf_malloc                 0043e0c0 f   farrtl.obj
 0001:0003d180       _xf_realloc                0043e180 f   farrtl.obj
 0001:0003d250       ??_V@YAXPAX@Z              0043e250 f   farrtl.obj
 0001:0003d250       _PR_Free                   0043e250 f   prmem.obj
 0001:0003d250       ??3@YAXPAX@Z               0043e250 f   farrtl.obj
 0001:0003d250       _xf_free                   0043e250 f   farrtl.obj
 0001:0003d260       ??2@YAPAXI@Z               0043e260 f   farrtl.obj
 0001:0003d260       ??_U@YAPAXI@Z              0043e260 f   farrtl.obj
 0001:0003d270       _xf_strdup                 0043e270 f   farrtl.obj
 0001:0003d2c0       _xf_wcsdup                 0043e2c0 f   farrtl.obj
 0001:0003d320       _xstrncpy                  0043e320 f   farrtl.obj
 0001:0003d350       _xwcsncpy                  0043e350 f   farrtl.obj
 0001:0003d3f0       _xf_realloc_nomove         0043e3f0 f   farrtl.obj
 0001:0003d440       _qsortex                   0043e440 f   farrtl.obj
 0001:0003d730       ?qsort_b@@YAXPAXIIP6AHPBX1@Z@Z 0043e730 f   farrtl.obj
 0001:0003d990       ?qsort_m@@YAXPAXIIP6AHPBX1@Z@Z 0043e990 f   farrtl.obj
 0001:0003dbf0       _far_qsort                 0043ebf0 f   farrtl.obj
 0001:0003dc20       ?Read@File@@QAE_NPAXKPAKPAU_OVERLAPPED@@@Z 0043ec20 f   farwinapi.obj
 0001:0003dc50       ?Write@File@@QBE_NPBXKPAKPAU_OVERLAPPED@@@Z 0043ec50 f   farwinapi.obj
 0001:0003dc80       ?SetPointer@File@@QAE_N_JPA_JK@Z 0043ec80 f   farwinapi.obj
 0001:0003dcb0       ?SetEnd@File@@QAE_NXZ      0043ecb0 f   farwinapi.obj
 0001:0003dcc0       ?FlushBuffers@File@@QAE_NXZ 0043ecc0 f   farwinapi.obj
 0001:0003dcd0       ?GetInformation@File@@QAE_NAAU_BY_HANDLE_FILE_INFORMATION@@@Z 0043ecd0 f   farwinapi.obj
 0001:0003dcf0       ?IoControl@File@@QAE_NKPAXK0KPAKPAU_OVERLAPPED@@@Z 0043ecf0 f   farwinapi.obj
 0001:0003dd30       ?GetStorageDependencyInformation@File@@QAE_NW4_GET_STORAGE_DEPENDENCY_FLAG@@KPAU_STORAGE_DEPENDENCY_INFO@@PAK@Z 0043ed30 f   farwinapi.obj
 0001:0003dd80       ?Close@File@@QAE_NXZ       0043ed80 f   farwinapi.obj
 0001:0003dda0       ?GetLastNtStatus@@YAJXZ    0043eda0 f   farwinapi.obj
 0001:0003ddb0       ?apiWNetGetConnection@@YAKPB_WAAVUnicodeString@@@Z 0043edb0 f   farwinapi.obj
 0001:0003de10       ?apiGetVolumeInformation@@YAHPB_WPAVUnicodeString@@PAK221@Z 0043ee10 f   farwinapi.obj
 0001:0003dea0       ?apiFreeFindData@@YAXPAUFAR_FIND_DATA@@@Z 0043eea0 f   farwinapi.obj
 0001:0003dec0       ?apiRegEnumKeyEx@@YAHPAUHKEY__@@KAAVUnicodeString@@PAU_FILETIME@@@Z 0043eec0 f   farwinapi.obj
 0001:0003df20       ?apiFindNextFileName@@YAHPAXAAVUnicodeString@@@Z 0043ef20 f   farwinapi.obj
 0001:0003dfa0       ?CreateSymbolicLinkInternal@@YA_NPB_W0K@Z 0043efa0 f   farwinapi.obj
 0001:0003dff0       ?apiFindNextStream@@YAHPAX0@Z 0043eff0 f   farwinapi.obj
 0001:0003e090       ?apiFindStreamClose@@YAHPAX@Z 0043f090 f   farwinapi.obj
 0001:0003e0d0       ?apiGetLogicalDriveStrings@@YA_NAAVUnicodeString@@@Z 0043f0d0 f   farwinapi.obj
 0001:0003e130       ?apiSearchPath@@YA_NPB_W00AAVUnicodeString@@@Z 0043f130 f   farwinapi.obj
 0001:0003e190       ?apiQueryDosDevice@@YA_NPB_WAAVUnicodeString@@@Z 0043f190 f   farwinapi.obj
 0001:0003e210       ?apiEnableLowFragmentationHeap@@YAXXZ 0043f210 f   farwinapi.obj
 0001:0003e290       ?GetFileTimeEx@@YA_NPAXPAU_FILETIME@@111@Z 0043f290 f   farwinapi.obj
 0001:0003e350       ?SetFileTimeEx@@YA_NPAXPBU_FILETIME@@111@Z 0043f350 f   farwinapi.obj
 0001:0003e400       ??4FAR_FIND_DATA_EX@@QAEAAU0@ABU0@@Z 0043f400 f i farwinapi.obj
 0001:0003e490       ??0File@@QAE@XZ            0043f490 f   farwinapi.obj
 0001:0003e4a0       ??1File@@QAE@XZ            0043f4a0 f   farwinapi.obj
 0001:0003e4c0       ?SetTime@File@@QAE_NPBU_FILETIME@@000@Z 0043f4c0 f   farwinapi.obj
 0001:0003e4f0       ?GetSize@File@@QAE_NAA_K@Z 0043f4f0 f   farwinapi.obj
 0001:0003e550       ?NtQueryDirectoryFile@File@@QAE_NPAXKW4_FILE_INFORMATION_CLASS@@_NPB_W2@Z 0043f550 f   farwinapi.obj
 0001:0003e5e0       ?Eof@File@@QAE_NXZ         0043f5e0 f   farwinapi.obj
 0001:0003e670       ?apiGetEnvironmentVariable@@YAKPB_WAAVUnicodeString@@@Z 0043f670 f   farwinapi.obj
 0001:0003e6f0       ?apiGetTempPath@@YAKAAVUnicodeString@@@Z 0043f6f0 f   farwinapi.obj
 0001:0003e770       ?apiGetModuleFileNameEx@@YAKPAXPAUHINSTANCE__@@AAVUnicodeString@@@Z 0043f770 f   farwinapi.obj
 0001:0003e7e0       ?apiFindDataToDataEx@@YAXPBUFAR_FIND_DATA@@PAUFAR_FIND_DATA_EX@@@Z 0043f7e0 f   farwinapi.obj
 0001:0003e8b0       ?apiFindDataExToData@@YAXPBUFAR_FIND_DATA_EX@@PAUFAR_FIND_DATA@@@Z 0043f8b0 f   farwinapi.obj
 0001:0003e920       ?FindNextFileInternal@@YA_NPAXAAUFAR_FIND_DATA_EX@@@Z 0043f920 f   farwinapi.obj
 0001:0003ea80       ??1FindFile@@QAE@XZ        0043fa80 f   farwinapi.obj
 0001:0003eb00       ?Get@FindFile@@QAE_NAAUFAR_FIND_DATA_EX@@@Z 0043fb00 f   farwinapi.obj
 0001:0003eb80       ?apiDeleteFile@@YAHPB_W@Z  0043fb80 f   farwinapi.obj
 0001:0003ec30       ?apiRemoveDirectory@@YAHPB_W@Z 0043fc30 f   farwinapi.obj
 0001:0003ece0       ?apiCreateFile@@YAPAXPB_WKKPAU_SECURITY_ATTRIBUTES@@KKPAX_N@Z 0043fce0 f   farwinapi.obj
 0001:0003ee30       ?apiCopyFileEx@@YAHPB_W0P6GKT_LARGE_INTEGER@@111KKPAX22@Z2PAHK@Z 0043fe30 f   farwinapi.obj
 0001:0003ef60       ?apiMoveFile@@YAHPB_W0@Z   0043ff60 f   farwinapi.obj
 0001:0003f080       ?apiMoveFileEx@@YAHPB_W0K@Z 00440080 f   farwinapi.obj
 0001:0003f1a0       ?apiGetModuleFileName@@YAKPAUHINSTANCE__@@AAVUnicodeString@@@Z 004401a0 f   farwinapi.obj
 0001:0003f1c0       ?apiExpandEnvironmentStrings@@YA_NPB_WAAVUnicodeString@@@Z 004401c0 f   farwinapi.obj
 0001:0003f2b0       ?apiIsDiskInDrive@@YAHPB_W@Z 004402b0 f   farwinapi.obj
 0001:0003f3a0       ?apiGetFileTypeByName@@YAHPB_W@Z 004403a0 f   farwinapi.obj
 0001:0003f3f0       ?apiGetDiskSize@@YAHPB_WPA_K11@Z 004403f0 f   farwinapi.obj
 0001:0003f4d0       ?apiFindFirstFileName@@YAPAXPB_WKAAVUnicodeString@@@Z 004404d0 f   farwinapi.obj
 0001:0003f5d0       ?apiCreateDirectoryEx@@YAHPB_W0PAU_SECURITY_ATTRIBUTES@@@Z 004405d0 f   farwinapi.obj
 0001:0003f710       ?apiGetFileAttributes@@YAKPB_W@Z 00440710 f   farwinapi.obj
 0001:0003f7c0       ?apiSetFileAttributes@@YAHPB_WK@Z 004407c0 f   farwinapi.obj
 0001:0003f870       ?apiCreateSymbolicLink@@YA_NPB_W0K@Z 00440870 f   farwinapi.obj
 0001:0003f950       ?apiGetCompressedFileSize@@YA_NPB_WAA_K@Z 00440950 f   farwinapi.obj
 0001:0003f9d0       ?apiCreateHardLink@@YAHPB_W0PAU_SECURITY_ATTRIBUTES@@@Z 004409d0 f   farwinapi.obj
 0001:0003fac0       ?apiFindFirstStream@@YAPAXPB_WW4_STREAM_INFO_LEVELS@@PAXK@Z 00440ac0 f   farwinapi.obj
 0001:0003fc60       ?internalNtQueryGetFinalPathNameByHandle@@YA_NPAXAAVUnicodeString@@@Z 00440c60 f   farwinapi.obj
 0001:0003ff20       ?apiGetFinalPathNameByHandle@@YA_NPAXAAVUnicodeString@@@Z 00440f20 f   farwinapi.obj
 0001:00040080       ?apiGetVolumeNameForVolumeMountPoint@@YA_NPB_WAAVUnicodeString@@@Z 00441080 f   farwinapi.obj
 0001:00040140       ?Open@File@@QAE_NPB_WKKPAU_SECURITY_ATTRIBUTES@@KKPAX_N@Z 00441140 f   farwinapi.obj
 0001:00040180       ?strCurrentDirectory@@YAAAVUnicodeString@@XZ 00441180 f   farwinapi.obj
 0001:000401b0       ?apiGetCurrentDirectory@@YAKAAVUnicodeString@@@Z 004411b0 f   farwinapi.obj
 0001:00040230       ?apiCreateDirectory@@YAHPB_WPAU_SECURITY_ATTRIBUTES@@@Z 00441230 f   farwinapi.obj
 0001:00040250       ?FindFirstFileInternal@@YAPAXPB_WAAUFAR_FIND_DATA_EX@@@Z 00441250 f   farwinapi.obj
 0001:000404d0       ??0FindFile@@QAE@PB_W_N@Z  004414d0 f   farwinapi.obj
 0001:000406a0       ?apiGetFindDataEx@@YAHPB_WAAUFAR_FIND_DATA_EX@@_N@Z 004416a0 f   farwinapi.obj
 0001:00040850       ?apiSetCurrentDirectory@@YAHPB_W_N@Z 00441850 f   farwinapi.obj
 0001:00040b00       ?InitCurrentDirectory@@YAXXZ 00441b00 f   farwinapi.obj
 0001:00040d80       ?GetShortcutFolder@@YAHHPAVUnicodeString@@000@Z 00441d80 f   ffolders.obj
 0001:00040f80       ?SaveFolderShortcut@@YAHHPAVUnicodeString@@000@Z 00441f80 f   ffolders.obj
 0001:00041910       ?ShowFolderShortcut@@YAXXZ 00442910 f   ffolders.obj
 0001:00041930       ?ESetFileAttributes@@YAHPB_WKH@Z 00442930 f   fileattr.obj
 0001:00041ac0       ?ESetFileSparse@@YAHPB_W_NKH@Z 00442ac0 f   fileattr.obj
 0001:00041c30       ?ESetFileOwner@@YAHPB_W0H@Z 00442c30 f   fileattr.obj
 0001:00041d20       ?ESetFileTime@@YAHPB_WPAU_FILETIME@@111KH@Z 00442d20 f   fileattr.obj
 0001:00042010       ?ESetFileEncryption@@YAHPB_WHKHH@Z 00443010 f   fileattr.obj
 0001:00042150       ?ESetFileCompression@@YAHPB_WHKH@Z 00443150 f   fileattr.obj
 0001:00042290       ?IsUnicodeCodePage@@YA_NI@Z 00443290 f i fileedit.obj
 0001:000422b0       ?hndOpenEditor@@YGJPAXHHJ@Z 004432b0 f   fileedit.obj
 0001:00042340       ?hndSaveFileAs@@YGJPAXHHJ@Z 00443340 f   fileedit.obj
 0001:000424a0       ?InitKeyBar@FileEditor@@EAEXXZ 004434a0 f   fileedit.obj
 0001:00042720       ?SetNamesList@FileEditor@@QAEXPAVNamesList@@@Z 00443720 f   fileedit.obj
 0001:00042770       ?Show@FileEditor@@UAEXXZ   00443770 f   fileedit.obj
 0001:00042820       ?DisplayObject@FileEditor@@EAEXXZ 00443820 f   fileedit.obj
 0001:00042870       ?VMProcess@FileEditor@@UAE_JHPAX_J@Z 00443870 f   fileedit.obj
 0001:000429b0       ?GetTypeAndName@FileEditor@@UAEHAAVUnicodeString@@0@Z 004439b0 f   fileedit.obj
 0001:00042a10       ?SetScreenPosition@FileEditor@@EAEXXZ 00443a10 f   fileedit.obj
 0001:00042a40       ?OnDestroy@FileEditor@@EAEXXZ 00443a40 f   fileedit.obj
 0001:00042ad0       ?GetCanLoseFocus@FileEditor@@EAEHH@Z 00443ad0 f   fileedit.obj
 0001:00042b00       ?SetLockEditor@FileEditor@@QAEXH@Z 00443b00 f   fileedit.obj
 0001:00042b30       ?FastHide@FileEditor@@EAEHXZ 00443b30 f   fileedit.obj
 0001:00042b40       ?ResizeConsole@FileEditor@@EAEXXZ 00443b40 f   fileedit.obj
 0001:00042b50       ?ProcessEditorInput@FileEditor@@AAEHPAU_INPUT_RECORD@@@Z 00443b50 f   fileedit.obj
 0001:00042b70       ?SetPluginTitle@FileEditor@@QAEXPB_W@Z 00443b70 f   fileedit.obj
 0001:00042bc0       ?ChangeEditKeyBar@FileEditor@@AAEXXZ 00443bc0 f   fileedit.obj
 0001:00042c20       ?GetTitle@FileEditor@@EAEAAVUnicodeString@@AAV2@HH@Z 00443c20 f   fileedit.obj
 0001:00042c90       ?EditorGetFileAttributes@FileEditor@@AAEKPB_W@Z 00443c90 f   fileedit.obj
 0001:00042d10       ?SetDeleteOnClose@FileEditor@@AAEXH@Z 00443d10 f   fileedit.obj
 0001:00042d40       ?SetEditorOptions@FileEditor@@QAEXAAUEditorOptions@@@Z 00443d40 f   fileedit.obj
 0001:00042e10       ?OnChangeFocus@FileEditor@@EAEXH@Z 00443e10 f   fileedit.obj
 0001:00042e60       ?SetCodePage@FileEditor@@QAEXI@Z 00443e60 f   fileedit.obj
 0001:00042f00       ?AskOverwrite@FileEditor@@AAE_NABVUnicodeString@@@Z 00443f00 f   fileedit.obj
 0001:00042fa0       ?ProcessMouse@FileEditor@@EAEHPAU_MOUSE_EVENT_RECORD@@@Z 00443fa0 f   fileedit.obj
 0001:00043010       ?ShowConsoleTitle@FileEditor@@EAEXXZ 00444010 f   fileedit.obj
 0001:00043090       ?SetFileName@FileEditor@@AAEHPB_W@Z 00444090 f   fileedit.obj
 0001:00043250       ?UpdateFileList@FileEditor@@AAEHXZ 00444250 f   fileedit.obj
 0001:00043390       ?GetEditorOptions@FileEditor@@QAEXAAUEditorOptions@@@Z 00444390 f   fileedit.obj
 0001:000433a0       ?LoadFromCache@FileEditor@@AAE_NPAUEditorCacheParams@@@Z 004443a0 f   fileedit.obj
 0001:00043590       ?SaveToCache@FileEditor@@AAEXXZ 00444590 f   fileedit.obj
 0001:00043760       ??_EKeyBar@@UAEPAXI@Z      00444760 f i fileedit.obj
 0001:00043760       ??_GKeyBar@@UAEPAXI@Z      00444760 f i fileedit.obj
 0001:000437d0       ?dlgSaveFileAs@@YA_NAAVUnicodeString@@AAHAAIAA_N@Z 004447d0 f   fileedit.obj
 0001:00043de0       ??1FileEditor@@UAE@XZ      00444de0 f   fileedit.obj
 0001:00044040       ?GetMacroMode@Frame@@UAEHXZ 00445040 f i fileedit.obj
 0001:00044050       ?IsFileModified@FileEditor@@UBEHXZ 00445050 f i fileedit.obj
 0001:00044060       ?GetTypeName@FileEditor@@EAEPB_WXZ 00445060 f i fileedit.obj
 0001:00044070       ?GetType@FileEditor@@EAEHXZ 00445070 f i fileedit.obj
 0001:00044080       ?LoadFile@FileEditor@@AAEHPB_WAAH@Z 00445080 f   fileedit.obj
 0001:00044930       ?SaveFile@FileEditor@@AAEHPB_WH_NHI1@Z 00445930 f   fileedit.obj
 0001:00045650       ?ShowStatus@FileEditor@@QAEXXZ 00446650 f   fileedit.obj
 0001:00045bc0       ?dlgOpenEditor@@YA_NAAVUnicodeString@@AAI@Z 00446bc0 f   fileedit.obj
 0001:00045f50       ??_GFileEditor@@UAEPAXI@Z  00446f50 f i fileedit.obj
 0001:00045f50       ??_EFileEditor@@UAEPAXI@Z  00446f50 f i fileedit.obj
 0001:00045f80       ?Init@FileEditor@@AAEXPB_WI0KHH0HH@Z 00446f80 f   fileedit.obj
 0001:000466c0       ?ProcessQuitKey@FileEditor@@AAEHHH@Z 004476c0 f   fileedit.obj
 0001:000468b0       ??0FileEditor@@QAE@PB_WIKHH0H@Z 004478b0 f   fileedit.obj
 0001:00046980       ??0FileEditor@@QAE@PB_WIKHH0HHHHHH@Z 00447980 f   fileedit.obj
 0001:00046ae0       ?ReProcessKey@FileEditor@@AAEHHH@Z 00447ae0 f   fileedit.obj
 0001:000478b0       ?EditorControl@FileEditor@@QAEHHPAX@Z 004488b0 f   fileedit.obj
 0001:00047fd0       ?ProcessKey@FileEditor@@EAEHH@Z 00448fd0 f   fileedit.obj
 0001:00047ff0       ?GetFFFT@FileFilter@@AAE?AW4enumFileFilterFlagsType@@XZ 00448ff0 f   filefilter.obj
 0001:00048070       ?UpdateCurrentTime@FileFilter@@QAEXXZ 00449070 f   filefilter.obj
 0001:000480b0       ?swapItems@?$TPointerArray@VFileFilterParams@@@@QAE_NII@Z 004490b0 f i filefilter.obj
 0001:000480f0       ??0FileFilter@@QAE@PAVPanel@@W4FAR_FILE_FILTER_TYPE@@@Z 004490f0 f   filefilter.obj
 0001:00048140       ?FileInFilter@FileFilter@@QAE_NABUFAR_FIND_DATA_EX@@PAW4enumFileInFilterType@@@Z 00449140 f   filefilter.obj
 0001:00048390       ?IsEnabledOnPanel@FileFilter@@QAE_NXZ 00449390 f   filefilter.obj
 0001:00048410       ?SwapFilter@FileFilter@@SAXXZ 00449410 f   filefilter.obj
 0001:000484b0       ?FileInFilter@FileFilter@@QAE_NABUFileListItem@@PAW4enumFileInFilterType@@@Z 004494b0 f   filefilter.obj
 0001:000485a0       ?FileInFilter@FileFilter@@QAE_NABUFAR_FIND_DATA@@PAW4enumFileInFilterType@@@Z 004495a0 f   filefilter.obj
 0001:00048630       ?SaveFilters@FileFilter@@SAXXZ 00449630 f   filefilter.obj
 0001:000489a0       ?ParseAndAddMasks@FileFilter@@AAEHPAPA_WPB_WKAAHH@Z 004499a0 f   filefilter.obj
 0001:00048b20       ??_GFileFilterParams@@QAEPAXI@Z 00449b20 f i filefilter.obj
 0001:00048b80       ?Free@?$TPointerArray@VFileFilterParams@@@@QAEXXZ 00449b80 f i filefilter.obj
 0001:00048c10       ?insertItem@?$TPointerArray@VFileFilterParams@@@@QAEPAVFileFilterParams@@I@Z 00449c10 f i filefilter.obj
 0001:00048ca0       ?deleteItem@?$TPointerArray@VFileFilterParams@@@@QAE_NI@Z 00449ca0 f i filefilter.obj
 0001:00048d40       ?ProcessSelection@FileFilter@@AAEXPAVVMenu@@@Z 00449d40 f   filefilter.obj
 0001:00049050       ?CloseFilter@FileFilter@@SAXXZ 0044a050 f   filefilter.obj
 0001:00049070       ?FilterEdit@FileFilter@@QAE_NXZ 0044a070 f   filefilter.obj
 0001:0004a1d0       ?InitFilter@FileFilter@@SAXXZ 0044b1d0 f   filefilter.obj
 0001:0004a6c0       ?SetDate@FileFilterParams@@QAEX_NKU_FILETIME@@10@Z 0044b6c0 f   filefilterparams.obj
 0001:0004a700       ?SetSize@FileFilterParams@@QAEX_NPB_W1@Z 0044b700 f   filefilterparams.obj
 0001:0004a760       ?SetAttr@FileFilterParams@@QAEX_NKK@Z 0044b760 f   filefilterparams.obj
 0001:0004a790       ?SetColors@FileFilterParams@@QAEXPAUHighlightDataColor@@@Z 0044b790 f   filefilterparams.obj
 0001:0004a7d0       ?GetDate@FileFilterParams@@QBE_NPAKPAU_FILETIME@@1PA_N@Z 0044b7d0 f   filefilterparams.obj
 0001:0004a820       ?GetSize@FileFilterParams@@QBE_NPAPB_W0@Z 0044b820 f   filefilterparams.obj
 0001:0004a850       ?GetAttr@FileFilterParams@@QBE_NPAK0@Z 0044b850 f   filefilterparams.obj
 0001:0004a880       ?GetColors@FileFilterParams@@QBEXPAUHighlightDataColor@@@Z 0044b880 f   filefilterparams.obj
 0001:0004a8c0       ?HighlightDlgUpdateUserControl@@YAXPAU_CHAR_INFO@@AAUHighlightDataColor@@@Z 0044b8c0 f   filefilterparams.obj
 0001:0004aa00       ?FilterDlgRelativeDateItemsUpdate@@YAXPAX_N@Z 0044ba00 f   filefilterparams.obj
 0001:0004ab10       ?SetTitle@FileFilterParams@@QAEXPB_W@Z 0044bb10 f   filefilterparams.obj
 0001:0004ab50       ?GetTitle@FileFilterParams@@QBEPB_WXZ 0044bb50 f   filefilterparams.obj
 0001:0004ab60       ?GetMask@FileFilterParams@@QBE_NPAPB_W@Z 0044bb60 f   filefilterparams.obj
 0001:0004ab80       ?FileInFilter@FileFilterParams@@QAE_NABUFAR_FIND_DATA_EX@@_K@Z 0044bb80 f   filefilterparams.obj
 0001:0004ace0       ?MenuString@@YAXAAVUnicodeString@@PAVFileFilterParams@@_NH2PB_W3@Z 0044bce0 f   filefilterparams.obj
 0001:0004b030       ?FileFilterConfigDlgProc@@YGJPAXHHJ@Z 0044c030 f   filefilterparams.obj
 0001:0004b5e0       ?Add_PATHEXT@@YAAAVUnicodeString@@AAV1@@Z 0044c5e0 f   filefilterparams.obj
 0001:0004b740       ?SetMask@FileFilterParams@@QAEX_NPB_W@Z 0044c740 f   filefilterparams.obj
 0001:0004b920       ?FileInFilter@FileFilterParams@@QAE_NABUFileListItem@@_K@Z 0044c920 f   filefilterparams.obj
 0001:0004ba10       ?FileFilterConfig@@YA_NPAVFileFilterParams@@_N@Z 0044ca10 f   filefilterparams.obj
 0001:0004dbb0       ??0FileFilterParams@@QAE@XZ 0044ebb0 f   filefilterparams.obj
 0001:0004dca0       ??4FileFilterParams@@QAEABV0@ABV0@@Z 0044eca0 f   filefilterparams.obj
 0001:0004dde0       ?ChangeNumericSort@Panel@@UAEXH@Z 0044ede0 f i filelist.obj
 0001:0004ddf0       ?ChangeCaseSensitiveSort@Panel@@UAEXH@Z 0044edf0 f i filelist.obj
 0001:0004de00       ?ChangeDirectoriesFirst@Panel@@UAEXH@Z 0044ee00 f i filelist.obj
 0001:0004de10       ?ChangeSortOrder@Panel@@UAEXH@Z 0044ee10 f i filelist.obj
[...]
 0001:000a9d60       ?EnumWindowsProc@@YGHPAUHWND__@@J@Z 004aad60 f   plist.obj
 0001:000aa670       ?Except_FarDialogEx@@YAHXZ 004ab670 f   plugapi.obj
 0001:000aa6b0       ?FarDialogExSehed@@YAHPAVDialog@@@Z 004ab6b0 f   plugapi.obj
 0001:000aa950       ?PR_FarGetDirListMsg@@YAXXZ 004ab950 f   plugapi.obj
 0001:000aa980       ?FarGetPluginDirListMsg@@YAXPB_WK@Z 004ab980 f   plugapi.obj
 0001:000aa9f0       ?PR_FarGetPluginDirListMsg@@YAXXZ 004ab9f0 f   plugapi.obj
 0001:000abb40       ?CopyPluginDirItem@@YAXPAUPluginPanelItem@@@Z 004acb40 f   plugapi.obj
 0001:000af0c0       ?FarRecursiveSearchA_Callback@@YGHPBUFAR_FIND_DATA@@PB_WPAX@Z 004b00c0 f   PluginA.obj
 0001:000b5340       ?PrepareModulePath@@YAHPB_W@Z 004b6340 f   PluginA.obj
 0001:000b5340       ?PrepareModulePath@@YAHPB_W@Z 004b6340 f   PluginA.obj
 0001:000b5e40       ?ShowMessageAboutIllegalPluginVersion@@YAXPB_WH@Z 004b6e40 f   PluginA.obj
 0001:000b9050       ?CreatePluginStartupInfoA@@YAXPAVPluginA@@PAUPluginStartupInfo@oldfar@@PAUFarStandardFunctions@3@@Z 004ba050 f   PluginA.obj
 0001:000ba410       ?PluginsSort@@YAHPBX0@Z    004bb410 f   plugins.obj
 0001:000bf730       ?FarKeyToName@@YGIHPA_WI@Z 004c0730 f   PluginW.obj
 0001:000c07f0       ?ShowMessageAboutIllegalPluginVersion@@YAXPB_WH@Z 004c17f0 f   PluginW.obj
 0001:000c1c00       ?PR_PrintMsg@@YAXXZ        004c2c00 f   print.obj
 0001:000c1c40       ?AddToPrintersMenu@@YAXPAVVMenu@@PAU_PRINTER_INFO_4W@@H@Z 004c2c40 f   print.obj
 0001:000c25e0       ?CmpName_Body@@YAHPB_W0_N@Z 004c35e0 f   processname.obj
 0001:000c5160       ?CalcPatternLength@@YAHPAUREOpCode@@0@Z 004c6160 f   RegExp.obj
 0001:000cb430       ?CloseRegKey@@YAJPAUHKEY__@@@Z 004cc430 f   registry.obj
 0001:000cb5b0       ?MkKeyName@@YAAAVUnicodeString@@PB_WAAV1@@Z 004cc5b0 f   registry.obj
 0001:000cb8c0       ?DeleteKeyTreePart@@YAXPB_W@Z 004cc8c0 f   registry.obj
 0001:000cf4a0       ?ShowSaver@@YAXH@Z         004d04a0 f   scrsaver.obj
 0001:000d3a20       ?GetColorDlgProc@@YGJPAXHHJ@Z 004d4a20 f   setcolor.obj
 0001:000d4840       ?SetItemColors@@YAXPAUMenuDataEx@@PAHHH@Z 004d5840 f   setcolor.obj
 0001:000d5a70       ?GetStringDlgProc@@YGJPAXHHJ@Z 004d6a70 f   stddlg.obj
 0001:000d9170       ?put64@@YAX_K@Z            004da170 f   syntax.obj
 0001:000d91a0       ?getNextChar@@YAHXZ        004da1a0 f   syntax.obj
 0001:000d91f0       ?getChar@@YAHXZ            004da1f0 f   syntax.obj
 0001:000d9210       ?getVarName@@YAXAAH@Z      004da210 f   syntax.obj
 0001:000d9280       ?getFarName@@YAXAAH@Z      004da280 f   syntax.obj
 0001:000d92f0       ?putBack@@YAPA_WH@Z        004da2f0 f   syntax.obj
 0001:000d9320       ?hex2ch@@YA_W_W@Z          004da320 f   syntax.obj
 0001:000d9370       ?putstr@@YAXPB_W@Z         004da370 f   syntax.obj
 0001:000d9400       ?keyMacroParseError@@YAXHPB_W00@Z 004da400 f   syntax.obj
 0001:000d9600       ?funcLook@@YAKPB_WAAH1@Z   004da600 f   syntax.obj
 0001:000d96e0       ?getToken@@YA?AW4TToken@@XZ 004da6e0 f   syntax.obj
 0001:000da2c0       ?__GetNextWord@@YAPB_WPB_WAAVUnicodeString@@AAH@Z 004db2c0 f   syntax.obj
 0001:000da460       ?calcFunc@@YAXXZ           004db460 f   syntax.obj
 0001:000da700       ?prim@@YAXXZ               004db700 f   syntax.obj
 0001:000da970       ?multExpr@@YAXXZ           004db970 f   syntax.obj
 0001:000da9d0       ?additionExpr@@YAXXZ       004db9d0 f   syntax.obj
 0001:000daa30       ?shiftExpr@@YAXXZ          004dba30 f   syntax.obj
 0001:000daa90       ?relation2Expr@@YAXXZ      004dba90 f   syntax.obj
 0001:000dab50       ?relationExpr@@YAXXZ       004dbb50 f   syntax.obj
 0001:000dabb0       ?bitAndPrim@@YAXXZ         004dbbb0 f   syntax.obj
 0001:000dabf0       ?bitXorPrim@@YAXXZ         004dbbf0 f   syntax.obj
 0001:000dac60       ?bitOrPrim@@YAXXZ          004dbc60 f   syntax.obj
 0001:000daca0       ?boolAndPrim@@YAXXZ        004dbca0 f   syntax.obj
 0001:000dad10       ?boolXorPrim@@YAXXZ        004dbd10 f   syntax.obj
 0001:000dad50       ?expr@@YAXXZ               004dbd50 f   syntax.obj
 0001:000dadc0       ?parseExpr@@YAHAAPB_WPAK_W2@Z 004dbdc0 f   syntax.obj
 0001:000dc980       ?TreeCmp@@YAHPB_W0HH@Z     004dd980 f   treelist.obj
 0001:000dd090       ?SortList@@YAHPBX0@Z       004de090 f   treelist.obj
 0001:000dd0c0       ?SortCacheList@@YAHPBX0@Z  004de0c0 f   treelist.obj
 0001:000e0ca0       ?checkTypeString@@YA?AW4TypeString@@PB_W@Z 004e1ca0 f   tvar.obj
 0001:000e0f20       ?toString@@YAPB_W_J@Z      004e1f20 f   tvar.obj
 0001:000e11e0       ?toString@@YAPB_WN@Z       004e21e0 f   tvar.obj
 0001:000e1210       ?dubstr@@YAPA_WPB_W@Z      004e2210 f   tvar.obj
 0001:000e1460       ?_cmp_Ne@@YAHW4TVarType@@PBX1@Z 004e2460 f   tvar.obj
 0001:000e14d0       ?_cmp_Eq@@YAHW4TVarType@@PBX1@Z 004e24d0 f   tvar.obj
 0001:000e1540       ?_cmp_Lt@@YAHW4TVarType@@PBX1@Z 004e2540 f   tvar.obj
 0001:000e15b0       ?_cmp_Le@@YAHW4TVarType@@PBX1@Z 004e25b0 f   tvar.obj
 0001:000e1620       ?_cmp_Gt@@YAHW4TVarType@@PBX1@Z 004e2620 f   tvar.obj
 0001:000e1690       ?_cmp_Ge@@YAHW4TVarType@@PBX1@Z 004e2690 f   tvar.obj
 0001:000e36f0       ?addStr@@YA?AVTVar@@PB_W0@Z 004e46f0 f   tvar.obj
 0001:000eaa10       ?ViewerSearchMsg@@YAXPB_WH@Z 004eba10 f   viewer.obj
 0001:000ec890       ?PR_ViewerSearchMsg@@YAXXZ 004ed890 f   viewer.obj
 0001:000efca0       ?SortItemDataDWORD@@YAHPAPBUMenuItemEx@@0PBUSortItemParam@@@Z 004f0ca0 f   vmenu.obj
 0001:000f1990       ?SortItem@@YAHPAPBUMenuItemEx@@0PBUSortItemParam@@@Z 004f2990 f   vmenu.obj
 0001:000f5700       _hook_ldr                  004f6700 f   hook_wow64.obj
 0001:000f5730       _init_hook                 004f6730 f   hook_wow64.obj
 0001:000f58d0       _HookProc@12               004f68d0 f   hook_wow64.obj
 0001:000f8147       __onexit_nolock            004f9147 f   LIBCMT:onexit.obj
 0001:000f8799       ?wcstoxl@@YAKPB_WPAPB_WHH@Z 004f9799 f   LIBCMT:wcstol.obj
 0001:000f8b98       _xtow@16                   004f9b98 f   LIBCMT:xtow.obj
 0001:000f8c18       @x64tow@20                 004f9c18 f   LIBCMT:xtow.obj
 0001:000f9430       __tzset_nolock             004fa430 f   LIBCMT:tzset.obj
 0001:000f9743       _cvtdate                   004fa743 f   LIBCMT:tzset.obj
 0001:000f993a       __isindst_nolock           004fa93a f   LIBCMT:tzset.obj
 0001:000fac5e       _xtoa@16                   004fbc5e f   LIBCMT:xtoa.obj
 0001:000faccb       @x64toa@20                 004fbccb f   LIBCMT:xtoa.obj
 0001:000fb12e       _doexit                    004fc12e f   LIBCMT:crt0dat.obj
 0001:000fb424       ?wcstoxq@@YA_KPAUlocaleinfo_struct@@PB_WPAPB_WHH@Z 004fc424 f   LIBCMT:wcstoq.obj
 0001:000fba6f       _vscan_fn                  004fca6f f   LIBCMT:sscanf.obj
 0001:000fbce9       _vscan_fn                  004fcce9 f   LIBCMT:swscanf.obj
 0001:000fc2f0       _fast_error_exit           004fd2f0 f   LIBCMT:wcrt0.obj
 0001:000fc319       ___tmainCRTStartup         004fd319 f   LIBCMT:wcrt0.obj
 0001:000fd20a       _write_char                004fe20a f   LIBCMT:woutput.obj
 0001:000fd239       _write_string              004fe239 f   LIBCMT:woutput.obj
 0001:000fe575       ?CPtoLCID@@YAHH@Z          004ff575 f   LIBCMT:mbctype.obj
 0001:000fe5a4       ?setSBCS@@YAXPAUthreadmbcinfostruct@@@Z 004ff5a4 f   LIBCMT:mbctype.obj
 0001:000fe608       ?setSBUpLow@@YAXPAUthreadmbcinfostruct@@@Z 004ff608 f   LIBCMT:mbctype.obj
 0001:000fe83c       ?getSystemCP@@YAHH@Z       004ff83c f   LIBCMT:mbctype.obj
 0001:00100121       _flsall                    00501121 f   LIBCMT:fflush.obj
 0001:001003b0       __unwind_handler           005013b0 f   LIBCMT:exsup.obj
 0001:001004d0       _ValidateScopeTableHandlers 005014d0 f   LIBCMT:eh3valid.obj
 0001:00100ec9       _siglookup                 00501ec9 f   LIBCMT:winsig.obj
 0001:00101700       __unwind_handler4          00502700 f   LIBCMT:exsup4.obj
 0001:00101930       __shift                    00502930 f   LIBCMT:cvt.obj
 0001:00101975       __cftoe2_l                 00502975 f   LIBCMT:cvt.obj
 0001:00101f33       __cftof2_l                 00502f33 f   LIBCMT:cvt.obj
 0001:00102357       ?strtoxl@@YAKPAUlocaleinfo_struct@@PBDPAPBDHH@Z 00503357 f   LIBCMT:strtol.obj
 0001:001025ad       ?strtoxq@@YA_KPAUlocaleinfo_struct@@PBDPAPBDHH@Z 005035ad f   LIBCMT:strtoq.obj
 0001:00102875       ___check_float_string      00503875 f   LIBCMT:input.obj
 0001:001028cc       __hextodec                 005038cc f   LIBCMT:input.obj
 0001:001028ec       __inc                      005038ec f   LIBCMT:input.obj
 0001:00102902       __whiteout                 00503902 f   LIBCMT:input.obj
 0001:00103930       _write_char                00504930 f   LIBCMT:output.obj
 0001:00103963       _write_string              00504963 f   LIBCMT:output.obj
 0001:0010459e       ___check_float_string      0050559e f   LIBCMT:winput.obj
 0001:001045f8       __hextodec                 005055f8 f   LIBCMT:winput.obj
 0001:0010462e       __un_inc                   0050562e f   LIBCMT:winput.obj
 0001:00104646       __whiteout                 00505646 f   LIBCMT:winput.obj
 0001:00105d3a       ?__crtLCMapStringA_stat@@YAHPAUlocaleinfo_struct@@KKPBDHPADHHH@Z 00506d3a f   LIBCMT:a_map.obj
 0001:0010625f       _wparse_cmdline            0050725f f   LIBCMT:wstdargv.obj
 0001:001075e8       ?__crtGetStringTypeA_stat@@YAHPAUlocaleinfo_struct@@KPBDHPAGHHH@Z 005085e8 f   LIBCMT:a_str.obj
 0001:00108559       __tsopen_nolock            00509559 f   LIBCMT:wopen.obj
 0001:0010af19       ?__crtCompareStringA_stat@@YAHPAUlocaleinfo_struct@@KKPBDH1HH@Z 0050bf19 f   LIBCMT:a_cmp.obj
 0001:0010b2b3       _findenv                   0050c2b3 f   LIBCMT:setenv.obj
 0001:0010b305       _copy_environ              0050c305 f   LIBCMT:setenv.obj
 0001:0010c8fc       __hw_cw                    0050d8fc f   LIBCMT:_ieee87_.obj
 0001:0010c98a       ___hw_cw_sse2              0050d98a f   LIBCMT:_ieee87_.obj
 0001:0010d820       ??__EElevation@@YAXXZ      0050e820 f   elevation.obj
 0001:0010d860       ??__EOpt@@YAXXZ            0050e860 f   config.obj
 0001:0010dac0       ??__EstrKeyNameConsoleDetachKey@@YAXXZ 0050eac0 f   config.obj
 0001:0010dae0       ??__ECFG@@YAXXZ            0050eae0 f   config.obj
 0001:0010db10       ??__ETitleCS@@YAXXZ        0050eb10 f   constitle.obj
 0001:0010db30       ??__EstrTotalCopySizeText@@YAXXZ 0050eb30 f   copy.obj
 0001:0010db50       ??__EAMonth@@YAXXZ         0050eb50 f   datetime.obj
 0001:0010db80       ??__EAWeekday@@YAXXZ       0050eb80 f   datetime.obj
 0001:0010dbb0       ??__EMonth@@YAXXZ          0050ebb0 f   datetime.obj
 0001:0010dbe0       ??__EWeekday@@YAXXZ        0050ebe0 f   datetime.obj
 0001:0010dc10       ??__EFilterData@@YAXXZ     0050ec10 f   filefilter.obj
 0001:0010dc20       ??__ETempFilterData@@YAXXZ 0050ec20 f   filefilter.obj
 0001:0010dc30       ??__EFoldersFilter@@YAXXZ  0050ec30 f   filefilter.obj
 0001:0010dc50       ??__ESIDCache@@YAXXZ       0050ec50 f   fileowner.obj
 0001:0010dc70       ??__Eitd@@YAXXZ            0050ec70 f   findfile.obj
 0001:0010dca0       ??__EstrFindMask@@YAXXZ    0050eca0 f   findfile.obj
 0001:0010dcc0       ??__EstrFindStr@@YAXXZ     0050ecc0 f   findfile.obj
 0001:0010dce0       ??__EstrLastDirName@@YAXXZ 0050ece0 f   findfile.obj
 0001:0010dd00       ??__EstrPluginSearchPath@@YAXXZ 0050ed00 f   findfile.obj
 0001:0010dd20       ??__EPluginCS@@YAXXZ       0050ed20 f   findfile.obj
 0001:0010dd40       ??__EPauseEvent@@YAXXZ     0050ed40 f   findfile.obj
 0001:0010dd60       ??__EStopEvent@@YAXXZ      0050ed60 f   findfile.obj
 0001:0010dd80       ??__EFileMaskForFindFile@@YAXXZ 0050ed80 f   findfile.obj
 0001:0010dda0       ??__Eg_strFarModuleName@@YAXXZ 0050eda0 f   global.obj
 0001:0010ddc0       ??__Eg_strFarPath@@YAXXZ   0050edc0 f   global.obj
 0001:0010dde0       ??__EstrGlobalSearchString@@YAXXZ 0050ede0 f   global.obj
 0001:0010de00       ??__Eg_strDirToSet@@YAXXZ  0050ee00 f   global.obj
 0001:0010de20       ??__EFS@@YAXXZ             0050ee20 f   global.obj
 0001:0010de40       ??__Eifn@@YAXXZ            0050ee40 f   imports.obj
 0001:0010de60       ??__EstrInitTitle@@YAXXZ   0050ee60 f   interf.obj
 0001:0010de80       ??__ELang@@YAXXZ           0050ee80 f   language.obj
 0001:0010dea0       ??__EOldLang@@YAXXZ        0050eea0 f   language.obj
 0001:0010dec0       ??__E__varTextDate@@YAXXZ  0050eec0 f   macro.obj
 0001:0010dee0       ??__EVMStack@@YAXXZ        0050eee0 f   macro.obj
 0001:0010df00       ??__EstrMsgHelpTopic@@YAXXZ 0050ef00 f   message.obj
 0001:0010df20       ??__EstrDragName@@YAXXZ    0050ef20 f   panel.obj
 0001:0010df40       ??__EstrPluginSearchPath@@YAXXZ 0050ef40 f   plugapi.obj
 0001:0010df60       ??__EDialogList@@YAXXZ     0050ef60 f   PluginA.obj
 0001:0010df80       ??__EScrBuf@@YAXXZ         0050ef80 f   scrbuf.obj
 0001:0010dfa0       ??__EPluginSynchroManager@@YAXXZ 0050efa0 f   synchro.obj
 0001:0010dfe0       ??__E_ErrWord@@YAXXZ       0050efe0 f   syntax.obj
 0001:0010e000       ??__EErrMessage@@YAXXZ     0050f000 f   syntax.obj
 0001:0010e030       ??__EcurrVar@@YAXXZ        0050f030 f   syntax.obj
 0001:0010e050       ??__ETBC@@YAXXZ            0050f050 f   TaskBar.obj
 0001:0010e0b0       ??__EPreRedraw@@YAXXZ      0050f0b0 f   TPreRedrawFunc.obj
 0001:0010e0c0       ??__ETreeCache@@YAXXZ      0050f0c0 f   treelist.obj
 0001:0010e0f0       ??__EtempTreeCache@@YAXXZ  0050f0f0 f   treelist.obj
 0001:0010e120       ??__EEvents@@YAXXZ         0050f120 f   window.obj
 0001:0010e190       ??__EWindow@@YAXXZ         0050f190 f   window.obj
 0001:0010e1d2       ??__Einitlocks@std@@YAXXZ  0050f1d2 f   libcpmt:xlock.obj
 0001:0010e1f0       ??__FElevation@@YAXXZ      0050f1f0 f   elevation.obj
 0001:0010e270       ??__FstrKeyNameConsoleDetachKey@@YAXXZ 0050f270 f   config.obj
 0001:0010e2a0       ??__FOpt@@YAXXZ            0050f2a0 f   config.obj
 0001:0010e2b0       ??__FTitleCS@@YAXXZ        0050f2b0 f   constitle.obj
 0001:0010e2c0       ??__FstrTitleAddons@?1??GetFarTitleAddons@@YAABVUnicodeString@@XZ@YAXXZ 0050f2c0 f   constitle.obj
 0001:0010e2f0       ??__FstrFarTitle@?1??SetFarTitle@ConsoleTitle@@SAXPB_W_N@Z@YAXXZ 0050f2f0 f   constitle.obj
 0001:0010e320       ??__FstrBuild@?1??GetFarTitleAddons@@YAABVUnicodeString@@XZ@YAXXZ 0050f320 f   constitle.obj
 0001:0010e350       ??__FstrVer@?1??GetFarTitleAddons@@YAABVUnicodeString@@XZ@YAXXZ 0050f350 f   constitle.obj
 0001:0010e380       ??__FstrTotalCopySizeText@@YAXXZ 0050f380 f   copy.obj
 0001:0010e3b0       ??__FWeekday@@YAXXZ        0050f3b0 f   datetime.obj
 0001:0010e3f0       ??__FMonth@@YAXXZ          0050f3f0 f   datetime.obj
 0001:0010e430       ??__FAWeekday@@YAXXZ       0050f430 f   datetime.obj
 0001:0010e470       ??__FAMonth@@YAXXZ         0050f470 f   datetime.obj
 0001:0010e4b0       ??__FstrId@?BP@??VMProcess@Dialog@@UAE_JHPAX_J@Z@YAXXZ 0050f4b0 f   dialog.obj
 0001:0010e4e0       ??__FstrLastReplaceStr@?1??Search@Editor@@AAEHH@Z@YAXXZ 0050f4e0 f   editor.obj
 0001:0010e510       ??__FstrAction@?N@??GetShellAction@@YAPB_WPB_WAAK1@Z@YAXXZ 0050f510 f   execute.obj
 0001:0010e540       ??__FstrRootKey@?O@??_xfilter@@YGKPAX@Z@YAXXZ 0050f540 f   farexcpt.obj
 0001:0010e570       ??__FstrFarEventSvc@?4??_xfilter@@YGKPAX@Z@YAXXZ 0050f570 f   farexcpt.obj
 0001:0010e5a0       ??__FstrCurrentDirectory@?1??strCurrentDirectory@@YAAAVUnicodeString@@XZ@YAXXZ 0050f5a0 f   farwinapi.obj
 0001:0010e5d0       ??__FFoldersFilter@@YAXXZ  0050f5d0 f   filefilter.obj
 0001:0010e630       ??__FTempFilterData@@YAXXZ 0050f630 f   filefilter.obj
 0001:0010e640       ??__FFilterData@@YAXXZ     0050f640 f   filefilter.obj
 0001:0010e650       ??__FstrLastFileName@?MA@??ProcessKey@FileList@@UAEHH@Z@YAXXZ 0050f650 f   filelist.obj
 0001:0010e680       ??__FstrPrevMask@?1??SelectFiles@FileList@@AAEJHPB_W@Z@YAXXZ 0050f680 f   filelist.obj
 0001:0010e6b0       ??__FstrPrevCommand@?1??ApplyCommand@FileList@@AAE_NXZ@YAXXZ 0050f6b0 f   filelist.obj
 0001:0010e6e0       ??__FSIDCache@@YAXXZ       0050f6e0 f   fileowner.obj
 0001:0010e700       ??__FPluginCS@@YAXXZ       0050f700 f   findfile.obj
 0001:0010e710       ??__FPauseEvent@@YAXXZ     0050f710 f   findfile.obj
 0001:0010e720       ??__FStopEvent@@YAXXZ      0050f720 f   findfile.obj
 0001:0010e730       ??__FstrFindStr@@YAXXZ     0050f730 f   findfile.obj
 0001:0010e760       ??__FstrFindMask@@YAXXZ    0050f760 f   findfile.obj
 0001:0010e790       ??__FstrLastDirName@@YAXXZ 0050f790 f   findfile.obj
 0001:0010e7c0       ??__FstrPluginSearchPath@@YAXXZ 0050f7c0 f   findfile.obj
 0001:0010e7f0       ??__FFileMaskForFindFile@@YAXXZ 0050f7f0 f   findfile.obj
 0001:0010e800       ??__FstrSearchFromRoot@?1???0FindFiles@@QAE@XZ@YAXXZ 0050f800 f   findfile.obj
 0001:0010e830       ??__FstrLastFindStr@?1???0FindFiles@@QAE@XZ@YAXXZ 0050f830 f   findfile.obj
 0001:0010e860       ??__FstrLastFindMask@?1???0FindFiles@@QAE@XZ@YAXXZ 0050f860 f   findfile.obj
 0001:0010e890       ??__Fitd@@YAXXZ            0050f890 f   findfile.obj
 0001:0010e8c0       ??__Fg_strFarModuleName@@YAXXZ 0050f8c0 f   global.obj
 0001:0010e8f0       ??__Fg_strFarPath@@YAXXZ   0050f8f0 f   global.obj
 0001:0010e920       ??__FstrGlobalSearchString@@YAXXZ 0050f920 f   global.obj
 0001:0010e950       ??__Fg_strDirToSet@@YAXXZ  0050f950 f   global.obj
 0001:0010e980       ??__FFS@@YAXXZ             0050f980 f   global.obj
 0001:0010e990       ??__Fifn@@YAXXZ            0050f990 f   imports.obj
 0001:0010e9b0       ??__FstrInitTitle@@YAXXZ   0050f9b0 f   interf.obj
 0001:0010e9e0       ??__FstrTmpName@?9??KeyNameToKey@@YGHPB_W@Z@YAXXZ 0050f9e0 f   keyboard.obj
 0001:0010ea10       ??__FLang@@YAXXZ           0050fa10 f   language.obj
 0001:0010ea40       ??__FOldLang@@YAXXZ        0050fa40 f   language.obj
 0001:0010ea70       ??__F__varTextDate@@YAXXZ  0050fa70 f   macro.obj
 0001:0010ea90       ??__FVMStack@@YAXXZ        0050fa90 f   macro.obj
 0001:0010eab0       ??__FstrMsgHelpTopic@@YAXXZ 0050fab0 f   message.obj
 0001:0010eae0       ??__FstrDragName@@YAXXZ    0050fae0 f   panel.obj
 0001:0010eb10       ??__FstrPluginSearchPath@@YAXXZ 0050fb10 f   plugapi.obj
 0001:0010eb40       ??__FErrSrc@?DM@??FarAdvControl@@YGHHHPAX@Z@YAXXZ 0050fb40 f   plugapi.obj
 0001:0010eb70       ??__FDialogList@@YAXXZ     0050fb70 f   PluginA.obj
 0001:0010eb90       ??__FstrCurrentDirectory@?4??PutFiles@PluginW@@UAEHPAXPAUPluginPanelItem@@HHH@Z@YAXXZ 0050fb90 f   PluginW.obj
 0001:0010ebc0       ??__FstrFullKeyName@?3??CreateRegKey@@YAPAUHKEY__@@PB_W@Z@YAXXZ 0050fbc0 f   registry.obj
 0001:0010ebf0       ??__FstrFullKeyName@?3??OpenRegKey@@YAPAUHKEY__@@PB_W@Z@YAXXZ 0050fbf0 f   registry.obj
 0001:0010ec20       ??__FScrBuf@@YAXXZ         0050fc20 f   scrbuf.obj
 0001:0010ec50       ??__FstrLastPassword@?1??GetNameAndPassword@@YGHPB_WAAVUnicodeString@@10K@Z@YAXXZ 0050fc50 f   stddlg.obj
 0001:0010ec80       ??__FstrLastName@?1??GetNameAndPassword@@YGHPB_WAAVUnicodeString@@10K@Z@YAXXZ 0050fc80 f   stddlg.obj
 0001:0010ecb0       ??__FPluginSynchroManager@@YAXXZ 0050fcb0 f   synchro.obj
 0001:0010ecd0       ??__FcurrVar@@YAXXZ        0050fcd0 f   syntax.obj
 0001:0010ece0       ??__F_ErrWord@@YAXXZ       0050fce0 f   syntax.obj
 0001:0010ed10       ??__FErrMessage@@YAXXZ     0050fd10 f   syntax.obj
 0001:0010ed50       ??__FTBC@@YAXXZ            0050fd50 f   TaskBar.obj
 0001:0010ed80       ??__FPreRedraw@@YAXXZ      0050fd80 f   TPreRedrawFunc.obj
 0001:0010edc0       ??__FtempTreeCache@@YAXXZ  0050fdc0 f   treelist.obj
 0001:0010edf0       ??__FTreeCache@@YAXXZ      0050fdf0 f   treelist.obj
 0001:0010ee20       ??__FWindow@@YAXXZ         0050fe20 f   window.obj
 0001:0010ee50       ??__FEvents@@YAXXZ         0050fe50 f   window.obj
 0001:0010ee84       ??__Finitlocks@std@@YAXXZ  0050fe84 f   libcpmt:xlock.obj
