 colorer_x64

 Timestamp is 4e1183eb (Mon Jul 04 15:12:11 2011)

 Preferred load address is 0000000180000000

 Start         Length     Name                   Class
 0001:00000000 000551d4H .text                   CODE
 0001:000551e0 000081ceH .text$x                 CODE
 0001:0005d3b0 00001a3bH .text$yc                CODE
 0001:0005edf0 000024bdH .text$yd                CODE
 0002:00000000 000003c0H .idata$5                DATA
 0002:000003c0 00000008H .CRT$XCA                DATA
 0002:000003c8 000002a0H .CRT$XCU                DATA
 0002:00000668 00000008H .CRT$XCZ                DATA
 0002:00000670 00000008H .CRT$XIA                DATA
 0002:00000678 00000020H .CRT$XIC                DATA
 0002:00000698 00000008H .CRT$XIZ                DATA
 0002:000006a0 00000008H .CRT$XPA                DATA
 0002:000006a8 00000008H .CRT$XPX                DATA
 0002:000006b0 00000008H .CRT$XPXA               DATA
 0002:000006b8 00000008H .CRT$XPZ                DATA
 0002:000006c0 00000008H .CRT$XTA                DATA
 0002:000006c8 00000008H .CRT$XTZ                DATA
 0002:000006d0 0000ca40H .rdata                  DATA
 0002:0000d110 0000016cH .rdata$r                DATA
 0002:0000d280 00000008H .rtc$IAA                DATA
 0002:0000d288 00000008H .rtc$IZZ                DATA
 0002:0000d290 00000008H .rtc$TAA                DATA
 0002:0000d298 00000008H .rtc$TZZ                DATA
 0002:0000d2a0 00012728H .xdata                  DATA
 0002:0001f9c8 000003dcH .xdata$x                DATA
 0002:0001fda4 00000050H .idata$2                DATA
 0002:0001fdf4 00000014H .idata$3                DATA
 0002:0001fe08 000003c0H .idata$4                DATA
 0002:000201c8 000008b4H .idata$6                DATA
 0002:00020a80 000000e5H .edata                  DATA
 0003:00000000 00016cc0H .data                   DATA
 0003:00016cc0 00002b24H .bss                    DATA
 0004:00000000 00003a8cH .pdata                  DATA
 0005:00000000 00000bb1H text                    DATA
 0006:00000000 000027d0H data                    DATA
 0007:00000000 00000058H .rsrc$01                DATA
 0007:00000060 000002d8H .rsrc$02                DATA

  Address         Publics by Value              Rva+Base               Lib:Object

 0000:00000000       ___safe_se_handler_count   0000000000000000     <absolute>
 0000:00000000       ___safe_se_handler_table   0000000000000000     <absolute>
 0000:00000000       __ImageBase                0000000180000000     <linker-defined>
 0001:00000000       ?addParam@FileTypeImpl@@QEAAXPEBVString@@@Z 0000000180001000 f i ChooseTypeMenu.obj
 0001:00000170       ??0ChooseTypeMenu@@QEAA@PEB_W0@Z 0000000180001170 f   ChooseTypeMenu.obj
 0001:000003d0       ??1ChooseTypeMenu@@QEAA@XZ 00000001800013d0 f   ChooseTypeMenu.obj
 0001:00000430       ?AddItem@ChooseTypeMenu@@AEAAHPEB_WW4MENUITEMFLAGS@@PEBVFileType@@_K@Z 0000000180001430 f   ChooseTypeMenu.obj
 0001:00000510       ?MoveToFavorites@ChooseTypeMenu@@QEAAX_K@Z 0000000180001510 f   ChooseTypeMenu.obj
 0001:00000650       ?AddFavorite@ChooseTypeMenu@@QEAAHPEBVFileType@@@Z 0000000180001650 f   ChooseTypeMenu.obj
 0001:00000710       ?DelFromFavorites@ChooseTypeMenu@@QEAAX_K@Z 0000000180001710 f   ChooseTypeMenu.obj
 0001:00000870       ?AddItemInGroup@ChooseTypeMenu@@QEAAHPEAVFileType@@@Z 0000000180001870 f   ChooseTypeMenu.obj
 0001:00000a50       ?GenerateName@ChooseTypeMenu@@QEAAPEAVStringBuffer@@PEBVFileType@@@Z 0000000180001a50 f   ChooseTypeMenu.obj
 0001:00000c90       ??0StringIndexOutOfBoundsException@@QEAA@AEBV0@@Z 0000000180001c90 f i DString.obj
 0001:00000c90       ??0InputSourceException@@QEAA@AEBV0@@Z 0000000180001c90 f i TextLinesStore.obj
 0001:00000c90       ??0FarHrcSettingsException@@QEAA@AEBV0@@Z 0000000180001c90 f i FarHrcSettings.obj
 0001:00000c90       ??0ParseException@@QEAA@AEBV0@@Z 0000000180001c90 f i xmldom.obj
 0001:00000c90       ??0UnsupportedEncodingException@@QEAA@AEBV0@@Z 0000000180001c90 f i DString.obj
 0001:00000c90       ??0ParserFactoryException@@QEAA@AEBV0@@Z 0000000180001c90 f i ParserFactory.obj
 0001:00000c90       ??0HRCParserException@@QEAA@AEBV0@@Z 0000000180001c90 f i HRCParserImpl.obj
 0001:00000c90       ??0OutOfBoundException@@QEAA@AEBV0@@Z 0000000180001c90 f i ChooseTypeMenu.obj
 0001:00000cc0       ??_EUnsupportedEncodingException@@UEAAPEAXI@Z 0000000180001cc0 f i  CIL library: CIL module
 0001:00000cc0       ??_EOutOfBoundException@@UEAAPEAXI@Z 0000000180001cc0 f i  CIL library: CIL module
 0001:00000cc0       ??_GOutOfBoundException@@UEAAPEAXI@Z 0000000180001cc0 f i ChooseTypeMenu.obj
 0001:00000cc0       ??_EFarHrcSettingsException@@UEAAPEAXI@Z 0000000180001cc0 f i  CIL library: CIL module
 0001:00000cc0       ??_GUnsupportedEncodingException@@UEAAPEAXI@Z 0000000180001cc0 f i DString.obj
 0001:00000cc0       ??_GException@@UEAAPEAXI@Z 0000000180001cc0 f i Exception.obj
 0001:00000cc0       ??_GParseException@@UEAAPEAXI@Z 0000000180001cc0 f i xmldom.obj
 0001:00000cc0       ??_EParserFactoryException@@UEAAPEAXI@Z 0000000180001cc0 f i  CIL library: CIL module
 0001:00000cc0       ??_GInputSourceException@@UEAAPEAXI@Z 0000000180001cc0 f i TextLinesStore.obj
 0001:00000cc0       ??_EStringIndexOutOfBoundsException@@UEAAPEAXI@Z 0000000180001cc0 f i  CIL library: CIL module
 0001:00000cc0       ??_EParseException@@UEAAPEAXI@Z 0000000180001cc0 f i  CIL library: CIL module
 0001:00000cc0       ??_GFarHrcSettingsException@@UEAAPEAXI@Z 0000000180001cc0 f i FarHrcSettings.obj
 0001:00000cc0       ??_EException@@UEAAPEAXI@Z 0000000180001cc0 f i  CIL library: CIL module
 0001:00000cc0       ??_GHRCParserException@@UEAAPEAXI@Z 0000000180001cc0 f i HRCParserImpl.obj
 0001:00000cc0       ??_EHRCParserException@@UEAAPEAXI@Z 0000000180001cc0 f i  CIL library: CIL module
 0001:00000cc0       ??_EInputSourceException@@UEAAPEAXI@Z 0000000180001cc0 f i  CIL library: CIL module
 0001:00000cc0       ??_GStringIndexOutOfBoundsException@@UEAAPEAXI@Z 0000000180001cc0 f i DString.obj
 0001:00000cc0       ??_GParserFactoryException@@UEAAPEAXI@Z 0000000180001cc0 f i ParserFactory.obj
 0001:00000d10       ??1LineSource@@MEAA@XZ     0000000180001d10 f i FarEditor.obj
 0001:00000d20       ??_ELineSource@@MEAAPEAXI@Z 0000000180001d20 f i  CIL library: CIL module
 0001:00000d20       ??_GLineSource@@MEAAPEAXI@Z 0000000180001d20 f i FarEditor.obj
 0001:00000d50       ?cast@StyledRegion@@SAPEBV1@PEBVRegionDefine@@@Z 0000000180001d50 f i FarEditor.obj
 0001:00000de0       ??0LineRegion@@QEAA@AEBV0@@Z 0000000180001de0 f i FarEditor.obj
 0001:00000e30       ??1LineRegion@@QEAA@XZ     0000000180001e30 f i FarEditor.obj
 0001:00000e50       ??_GLineRegion@@QEAAPEAXI@Z 0000000180001e50 f i FarEditor.obj
 0001:00000e90       ??0FarEditor@@QEAA@PEAUPluginStartupInfo@@PEAVParserFactory@@@Z 0000000180001e90 f   FarEditor.obj
 0001:000011c0       ??_GFarEditor@@UEAAPEAXI@Z 00000001800021c0 f i FarEditor.obj
 0001:000011c0       ??_EFarEditor@@UEAAPEAXI@Z 00000001800021c0 f i  CIL library: CIL module
 0001:00001200       ??1FarEditor@@UEAA@XZ      0000000180002200 f   FarEditor.obj
 0001:000012d0       ?endJob@FarEditor@@UEAAXH@Z 00000001800022d0 f   FarEditor.obj
 0001:00001300       ?getLine@FarEditor@@UEAAPEAVString@@H@Z 0000000180002300 f   FarEditor.obj
 0001:000013d0       ?chooseFileType@FarEditor@@QEAAXPEAVString@@@Z 00000001800023d0 f   FarEditor.obj
 0001:00001420       ?reloadTypeSettings@FarEditor@@AEAAXXZ 0000000180002420 f   FarEditor.obj
 0001:00001820       ?setRegionMapper@FarEditor@@QEAAXPEAVRegionMapper@@@Z 0000000180002820 f   FarEditor.obj
 0001:00001930       ?matchPair@FarEditor@@QEAAXXZ 0000000180002930 f   FarEditor.obj
 0001:00001a20       ?selectPair@FarEditor@@QEAAXXZ 0000000180002a20 f   FarEditor.obj
 0001:00001b10       ?selectBlock@FarEditor@@QEAAXXZ 0000000180002b10 f   FarEditor.obj
 0001:00001c00       ?selectRegion@FarEditor@@QEAAXXZ 0000000180002c00 f   FarEditor.obj
 0001:00001cb0       ?locateFunction@FarEditor@@QEAAXXZ 0000000180002cb0 f   FarEditor.obj
 0001:000021d0       ?editorInput@FarEditor@@QEAAHPEBU_INPUT_RECORD@@@Z 00000001800031d0 f   FarEditor.obj
 0001:00002280       ?editorEvent@FarEditor@@QEAAHHPEAX@Z 0000000180003280 f   FarEditor.obj
 0001:00002f00       ?showOutliner@FarEditor@@AEAAXPEAVOutliner@@@Z 0000000180003f00 f   FarEditor.obj
 0001:00003e60       ?convert@FarEditor@@AEAA?AUcolor@@PEBVStyledRegion@@@Z 0000000180004e60 f   FarEditor.obj
 0001:00003f60       ?addFARColor@FarEditor@@AEAAXHHHUcolor@@@Z 0000000180004f60 f   FarEditor.obj
 0001:000040a0       ?cleanEditor@FarEditor@@QEAAXXZ 00000001800050a0 f   FarEditor.obj
 0001:000041a0       ??0DocumentBuilder@@QEAA@XZ 00000001800051a0 f i FarEditorSet.obj
 0001:00004230       ??0FarEditorSet@@QEAA@XZ   0000000180005230 f   FarEditorSet.obj
 0001:000043e0       ??1FarEditorSet@@QEAA@XZ   00000001800053e0 f   FarEditorSet.obj
 0001:00004640       ?openMenu@FarEditorSet@@QEAAXXZ 0000000180005640 f   FarEditorSet.obj
 0001:00004a10       ?viewFile@FarEditorSet@@QEAAXAEBVString@@@Z 0000000180005a10 f   FarEditorSet.obj
 0001:00004d40       ?getCountFileTypeAndGroup@FarEditorSet@@AEAAHXZ 0000000180005d40 f   FarEditorSet.obj
 0001:00004de0       ?getFileTypeByIndex@FarEditorSet@@AEAAPEAVFileTypeImpl@@H@Z 0000000180005de0 f   FarEditorSet.obj
 0001:00004e80       ?FillTypeMenu@FarEditorSet@@AEAAXPEAVChooseTypeMenu@@PEAVFileType@@@Z 0000000180005e80 f   FarEditorSet.obj
 0001:00005010       ?KeyDialogProc@@YA_JPEAXHH_J@Z 0000000180006010 f   FarEditorSet.obj
 0001:00005130       ?chooseType@FarEditorSet@@AEAAXXZ 0000000180006130 f   FarEditorSet.obj
 0001:00005800       ?getHRDescription@FarEditorSet@@QEAAPEBVString@@AEBV2@VDString@@@Z 0000000180006800 f   FarEditorSet.obj
 0001:000058a0       ?SettingDialogProc@@YA_JPEAXHH_J@Z 00000001800068a0 f   FarEditorSet.obj
 0001:00006050       ??_GDString@@UEAAPEAXI@Z   0000000180007050 f i FarEditorSet.obj
 0001:00006050       ??_EDString@@UEAAPEAXI@Z   0000000180007050 f i  CIL library: CIL module
 0001:000060e0       ??_EString@@UEAAPEAXI@Z    00000001800070e0 f i  CIL library: CIL module
 0001:000060e0       ??_GString@@UEAAPEAXI@Z    00000001800070e0 f i FarEditorSet.obj
 0001:00006140       ?configure@FarEditorSet@@QEAAX_N@Z 0000000180007140 f   FarEditorSet.obj
 0001:00007a50       ?chooseHRDName@FarEditorSet@@QEAAPEBVString@@PEBV2@VDString@@@Z 0000000180008a50 f   FarEditorSet.obj
 0001:00007d10       ?editorEvent@FarEditorSet@@QEAAHHPEAX@Z 0000000180008d10 f   FarEditorSet.obj
 0001:00007ef0       ?TestLoadBase@FarEditorSet@@QEAA_NPEB_W00H@Z 0000000180008ef0 f   FarEditorSet.obj
 0001:00008640       ?ReloadBase@FarEditorSet@@AEAAXXZ 0000000180009640 f   FarEditorSet.obj
 0001:00008b30       ?addCurrentEditor@FarEditorSet@@AEAAPEAVFarEditor@@XZ 0000000180009b30 f   FarEditorSet.obj
 0001:00008d10       ?getCurrentFileName@FarEditorSet@@AEAAPEAVString@@XZ 0000000180009d10 f   FarEditorSet.obj
 0001:00009000       ?getCurrentEditor@FarEditorSet@@AEAAPEAVFarEditor@@XZ 000000018000a000 f   FarEditorSet.obj
 0001:000090a0       ?disableColorer@FarEditorSet@@AEAAXXZ 000000018000a0a0 f   FarEditorSet.obj
 0001:00009130       ?ApplySettingsToEditors@FarEditorSet@@AEAAXXZ 000000018000a130 f   FarEditorSet.obj
 0001:00009240       ?dropCurrentEditor@FarEditorSet@@AEAAX_N@Z 000000018000a240 f   FarEditorSet.obj
 0001:000093a0       ?dropAllEditors@FarEditorSet@@AEAAX_N@Z 000000018000a3a0 f   FarEditorSet.obj
 0001:00009440       ?ReadSettings@FarEditorSet@@QEAAXXZ 000000018000a440 f   FarEditorSet.obj
 0001:00009b50       ?SetDefaultSettings@FarEditorSet@@AEAAXXZ 000000018000ab50 f   FarEditorSet.obj
 0001:00009dc0       ?SaveSettings@FarEditorSet@@AEAAXXZ 000000018000adc0 f   FarEditorSet.obj
 0001:0000a0b0       ?checkConEmu@FarEditorSet@@AEAA_NXZ 000000018000b0b0 f   FarEditorSet.obj
 0001:0000a110       ?checkConsoleAnnotationAvailable@FarEditorSet@@AEAA_NXZ 000000018000b110 f   FarEditorSet.obj
 0001:0000a1a0       ?SetBgEditor@FarEditorSet@@QEAA_NXZ 000000018000b1a0 f   FarEditorSet.obj
 0001:0000a300       ?LoadUserHrd@FarEditorSet@@QEAAXPEBVString@@PEAVParserFactory@@@Z 000000018000b300 f   FarEditorSet.obj
 0001:0000a4a0       ??1DocumentBuilder@@QEAA@XZ 000000018000b4a0 f i FarEditorSet.obj
 0001:0000a570       ?LoadUserHrc@FarEditorSet@@QEAAXPEBVString@@PEAVParserFactory@@@Z 000000018000b570 f   FarEditorSet.obj
 0001:0000a5f0       ?getParamDefValue@FarEditorSet@@AEAAPEBVString@@PEAVFileTypeImpl@@VSString@@@Z 000000018000b5f0 f   FarEditorSet.obj
 0001:0000a870       ?buildHrcList@FarEditorSet@@AEAAPEAUFarList@@XZ 000000018000b870 f   FarEditorSet.obj
 0001:0000aa00       ?buildParamsList@FarEditorSet@@AEAAPEAUFarList@@PEAVFileTypeImpl@@@Z 000000018000ba00 f   FarEditorSet.obj
 0001:0000ab60       ?setCrossValueListToCombobox@FarEditorSet@@AEAAXPEAVFileTypeImpl@@PEAX@Z 000000018000bb60 f   FarEditorSet.obj
 0001:0000af70       ?setCrossPosValueListToCombobox@FarEditorSet@@AEAAXPEAVFileTypeImpl@@PEAX@Z 000000018000bf70 f   FarEditorSet.obj
 0001:0000b2f0       ?setYNListValueToCombobox@FarEditorSet@@AEAAXPEAVFileTypeImpl@@PEAXVDString@@@Z 000000018000c2f0 f   FarEditorSet.obj
 0001:0000b670       ?setTFListValueToCombobox@FarEditorSet@@AEAAXPEAVFileTypeImpl@@PEAXVDString@@@Z 000000018000c670 f   FarEditorSet.obj
 0001:0000b9f0       ?setCustomListValueToCombobox@FarEditorSet@@AEAAXPEAVFileTypeImpl@@PEAXVDString@@@Z 000000018000c9f0 f   FarEditorSet.obj
 0001:0000bcd0       ?OnChangeHrc@FarEditorSet@@QEAAXPEAX@Z 000000018000ccd0 f   FarEditorSet.obj
 0001:0000bd70       ?SaveChangedValueParam@FarEditorSet@@AEAAXPEAX@Z 000000018000cd70 f   FarEditorSet.obj
 0001:0000c230       ?OnChangeParam@FarEditorSet@@QEAAXPEAXH@Z 000000018000d230 f   FarEditorSet.obj
 0001:0000c960       ?OnSaveHrcParams@FarEditorSet@@QEAAXPEAX@Z 000000018000d960 f   FarEditorSet.obj
 0001:0000ca10       ?SettingHrcDialogProc@@YA_JPEAXHH_J@Z 000000018000da10 f   FarEditorSet.obj
 0001:0000cb00       ?configureHrc@FarEditorSet@@QEAAXXZ 000000018000db00 f   FarEditorSet.obj
 0001:0000ce90       ?remove@?$HashtableCore@PEAVFileTypeImpl@@@@QEAA_NPEBVString@@@Z 000000018000de90 f i HRCParserImpl.obj
 0001:0000ce90       ?remove@?$HashtableCore@PEAVString@@@@QEAA_NPEBVString@@@Z 000000018000de90 f i FarEditorSet.obj
 0001:0000ce90       ?remove@?$HashtableCore@PEAVFarEditor@@@@QEAA_NPEBVString@@@Z 000000018000de90 f i FarEditorSet.obj
 0001:0000ce90       ?remove@?$HashtableCore@PEAVSchemeImpl@@@@QEAA_NPEBVString@@@Z 000000018000de90 f i HRCParserImpl.obj
 0001:0000cf90       ?setParamDefaultValue@FileTypeImpl@@QEAAXAEBVString@@PEBV2@@Z 000000018000df90 f i FarHrcSettings.obj
 0001:0000d110       ?setParamDescription@FileTypeImpl@@QEAAXAEBVString@@PEBV2@@Z 000000018000e110 f i FarHrcSettings.obj
 0001:0000d290       ??0FarHrcSettingsException@@QEAA@AEBVString@@@Z 000000018000e290 f i FarHrcSettings.obj
 0001:0000d3c0       ?readProfile@FarHrcSettings@@QEAAXXZ 000000018000e3c0 f   FarHrcSettings.obj
 0001:0000d5e0       ?readXML@FarHrcSettings@@QEAAXPEAVString@@_N@Z 000000018000e5e0 f   FarHrcSettings.obj
 0001:0000d800       ?UpdatePrototype@FarHrcSettings@@AEAAXPEAVElement@@_N@Z 000000018000e800 f   FarHrcSettings.obj
 0001:0000df60       ?readProfileFromRegistry@FarHrcSettings@@AEAAXPEAUHKEY__@@@Z 000000018000ef60 f   FarHrcSettings.obj
 0001:0000e7f0       ?writeProfileToRegistry@FarHrcSettings@@AEAAXXZ 000000018000f7f0 f   FarHrcSettings.obj
 0001:0000e9e0       DllMain                    000000018000f9e0 f   pcolorer.obj
 0001:0000ed30       SetStartupInfoW            000000018000fd30 f   pcolorer.obj
 0001:0000ed80       GetPluginInfoW             000000018000fd80 f   pcolorer.obj
 0001:0000edf0       ExitFARW                   000000018000fdf0 f   pcolorer.obj
 0001:0000ee20       OpenPluginW                000000018000fe20 f   pcolorer.obj
 0001:0000ef70       ConfigureW                 000000018000ff70 f   pcolorer.obj
 0001:0000f000       ProcessEditorEventW        0000000180010000 f   pcolorer.obj
 0001:0000f060       ProcessEditorInputW        0000000180010060 f   pcolorer.obj
 0001:0000f0a0       ?rGetValueSz@@YAPEA_WPEAUHKEY__@@PEB_W1@Z 00000001800100a0 f   registry_wide.obj
 0001:0000f1c0       ?trim@@YAPEA_WPEA_W@Z      00000001800101c0 f   tools.obj
 0001:0000f240       ?PathToFull@@YAPEA_WPEB_W_N@Z 0000000180010240 f   tools.obj
 0001:0000f590       ?PathToFullS@@YAPEAVSString@@PEB_W_N@Z 0000000180010590 f   tools.obj
 0001:0000f600       adler32                    0000000180010600 f   adler32.obj
 0001:0000f910       crc32                      0000000180010910 f   crc32.obj
 0001:0000fc40       inflate_fast               0000000180010c40 f   inffast.obj
 0001:00010130       inflateReset               0000000180011130 f   inflate.obj
 0001:000101b0       inflateInit2_              00000001800111b0 f   inflate.obj
 0001:000103a0       inflate                    00000001800113a0 f   inflate.obj
 0001:00011a90       inflateEnd                 0000000180012a90 f   inflate.obj
 0001:00011af0       inflate_table              0000000180012af0 f   inftrees.obj
 0001:00011f70       zcalloc                    0000000180012f70 f   zutil.obj
 0001:00011f80       zcfree                     0000000180012f80 f   zutil.obj
 0001:000130d0       unzClose                   00000001800140d0 f   unzip.obj
 0001:000136c0       unzGoToFirstFile           00000001800146c0 f   unzip.obj
 0001:00013730       unzGoToNextFile            0000000180014730 f   unzip.obj
 0001:000137e0       unzLocateFile              00000001800147e0 f   unzip.obj
 0001:00013c30       unzOpenCurrentFile3        0000000180014c30 f   unzip.obj
 0001:00013e10       unzReadCurrentFile         0000000180014e10 f   unzip.obj
 0001:00014120       unzCloseCurrentFile        0000000180015120 f   unzip.obj
 0001:000141e0       ??1ErrorHandler@@UEAA@XZ   00000001800151e0 f i ParserFactory.obj
 0001:000141f0       ?fatalError@DefaultErrorHandler@@UEAAXAEBVString@@@Z 00000001800151f0 f i ParserFactory.obj
 0001:000141f0       ?startParsing@RegionHandler@@UEAAXH@Z 00000001800151f0 f i LineRegionsSupport.obj
 0001:000141f0       ?clearLine@RegionHandler@@UEAAXHPEAVString@@@Z 00000001800151f0 f i LineRegionsSupport.obj
 0001:000141f0       ?serialize@Node@@UEAAXPEAVWriter@@FF@Z 00000001800151f0 f i xmldom.obj
 0001:000141f0       ?endParsing@RegionHandler@@UEAAXH@Z 00000001800151f0 f i LineRegionsCompactSupport.obj
 0001:000141f0       ?warning@DefaultErrorHandler@@UEAAXAEBVString@@@Z 00000001800151f0 f i ParserFactory.obj
 0001:000141f0       ?error@DefaultErrorHandler@@UEAAXAEBVString@@@Z 00000001800151f0 f i ParserFactory.obj
 0001:000141f0       ?startJob@LineSource@@UEAAXH@Z 00000001800151f0 f i FarEditor.obj
 0001:000141f0       ?endJob@LineSource@@UEAAXH@Z 00000001800151f0 f i FarEditor.obj
 0001:00014200       ??_EDefaultErrorHandler@@UEAAPEAXI@Z 0000000180015200 f i  CIL library: CIL module
 0001:00014200       ??_GErrorHandler@@UEAAPEAXI@Z 0000000180015200 f i ParserFactory.obj
 0001:00014200       ??_GDefaultErrorHandler@@UEAAPEAXI@Z 0000000180015200 f i ParserFactory.obj
 0001:00014200       ??_EErrorHandler@@UEAAPEAXI@Z 0000000180015200 f i  CIL library: CIL module
 0001:00014230       ??0ParserFactoryException@@QEAA@AEBVString@@@Z 0000000180015230 f i ParserFactory.obj
 0001:00014360       ?init@ParserFactory@@AEAAXXZ 0000000180015360 f   ParserFactory.obj
 0001:000149f0       ?parseHRDSetsChild@ParserFactory@@QEAAXPEAVNode@@@Z 00000001800159f0 f   ParserFactory.obj
 0001:000153e0       ?searchPath@ParserFactory@@AEAAPEAVString@@XZ 00000001800163e0 f   ParserFactory.obj
 0001:00016570       ??_GParserFactory@@UEAAPEAXI@Z 0000000180017570 f i ParserFactory.obj
 0001:00016570       ??_EParserFactory@@UEAAPEAXI@Z 0000000180017570 f i  CIL library: CIL module
 0001:000165b0       ??0ParserFactory@@QEAA@PEBVString@@@Z 00000001800175b0 f   ParserFactory.obj
 0001:000167a0       ??1ParserFactory@@UEAA@XZ  00000001800177a0 f   ParserFactory.obj
 0001:00016b60       ?enumerateHRDInstances@ParserFactory@@QEAAPEBVString@@AEBV2@H@Z 0000000180017b60 f   ParserFactory.obj
 0001:00016bf0       ?getHRDescription@ParserFactory@@QEAAPEBVString@@AEBV2@0@Z 0000000180017bf0 f   ParserFactory.obj
 0001:00016dc0       ?getHRCParser@ParserFactory@@QEAAPEAVHRCParser@@XZ 0000000180017dc0 f   ParserFactory.obj
 0001:00017d80       ?createStyledMapper@ParserFactory@@QEAAPEAVStyledHRDMapper@@PEBVString@@0@Z 0000000180018d80 f   ParserFactory.obj
 0001:00018350       ??0?$Vector@PEBVString@@@@QEAA@XZ 0000000180019350 f i ParserFactory.obj
 0001:000183a0       ?clear@?$HashtableCore@PEAVFarEditor@@@@QEAAXXZ 00000001800193a0 f i FarEditorSet.obj
 0001:000183a0       ?clear@?$HashtableCore@PEAV?$Vector@PEBVString@@@@@@QEAAXXZ 00000001800193a0 f i ParserFactory.obj
 0001:000183a0       ?clear@?$HashtableCore@PEAVString@@@@QEAAXXZ 00000001800193a0 f i FarHrcSettings.obj
 0001:000183a0       ?clear@?$HashtableCore@PEAV?$Hashtable@PEAV?$Vector@PEBVString@@@@@@@@QEAAXXZ 00000001800193a0 f i ParserFactory.obj
 0001:000183a0       ?clear@?$HashtableCore@PEAVSharedInputSource@@@@QEAAXXZ 00000001800193a0 f i SharedInputSource.obj
 0001:000183a0       ?clear@?$HashtableCore@PEAVRegionDefine@@@@QEAAXXZ 00000001800193a0 f i StyledHRDMapper.obj
 0001:000183a0       ?clear@?$HashtableCore@H@@QEAAXXZ 00000001800193a0 f i HRCParserImpl.obj
 0001:000183a0       ?clear@?$HashtableCore@PEBVString@@@@QEAAXXZ 00000001800193a0 f i FarEditorSet.obj
 0001:000183a0       ?clear@?$HashtableCore@PEBVRegion@@@@QEAAXXZ 00000001800193a0 f i HRCParserImpl.obj
 0001:000183a0       ?clear@?$HashtableCore@PEAVFileTypeImpl@@@@QEAAXXZ 00000001800193a0 f i HRCParserImpl.obj
 0001:000183a0       ?clear@?$HashtableCore@PEAVSchemeImpl@@@@QEAAXXZ 00000001800193a0 f i HRCParserImpl.obj
 0001:00018460       ??1Writer@@UEAA@XZ         0000000180019460 f i ConsoleTools.obj
 0001:00018470       ??_GStreamWriter@@UEAAPEAXI@Z 0000000180019470 f i StreamWriter.obj
 0001:00018470       ??_EWriter@@UEAAPEAXI@Z    0000000180019470 f i  CIL library: CIL module
 0001:00018470       ??_GWriter@@UEAAPEAXI@Z    0000000180019470 f i ConsoleTools.obj
 0001:00018470       ??_EStreamWriter@@UEAAPEAXI@Z 0000000180019470 f i  CIL library: CIL module
 0001:000184a0       ??0?$HashtableCore@PEAV?$Vector@PEBVString@@@@@@QEAA@XZ 00000001800194a0 f i ParserFactory.obj
 0001:000184a0       ??0?$HashtableCore@H@@QEAA@XZ 00000001800194a0 f i HRCParserImpl.obj
 0001:000184a0       ??0?$HashtableCore@PEAVString@@@@QEAA@XZ 00000001800194a0 f i ConsoleTools.obj
 0001:000184a0       ??0?$HashtableCore@PEBVString@@@@QEAA@XZ 00000001800194a0 f i FarEditorSet.obj
 0001:000184a0       ??0?$HashtableCore@PEAVRegionDefine@@@@QEAA@XZ 00000001800194a0 f i StyledHRDMapper.obj
 0001:000184a0       ??0?$HashtableCore@PEAV?$Hashtable@PEAV?$Vector@PEBVString@@@@@@@@QEAA@XZ 00000001800194a0 f i ParserFactory.obj
 0001:000184a0       ??0?$HashtableCore@PEAVFarEditor@@@@QEAA@XZ 00000001800194a0 f i FarEditorSet.obj
 0001:000184a0       ??0?$HashtableCore@PEAVSharedInputSource@@@@QEAA@XZ 00000001800194a0 f i SharedInputSource.obj
 0001:00018520       ?view@TextConsoleViewer@@QEAAXXZ 0000000180019520 f   TextConsoleViewer.obj
 0001:00018f40       ?replaceTabs@TextLinesStore@@AEAAXH@Z 0000000180019f40 f   TextLinesStore.obj
 0001:00019170       ??_GTextLinesStore@@UEAAPEAXI@Z 000000018001a170 f i TextLinesStore.obj
 0001:00019170       ??_ETextLinesStore@@UEAAPEAXI@Z 000000018001a170 f i  CIL library: CIL module
 0001:000191e0       ??1TextLinesStore@@UEAA@XZ 000000018001a1e0 f   TextLinesStore.obj
 0001:00019230       ?freeFile@TextLinesStore@@IEAAXXZ 000000018001a230 f   TextLinesStore.obj
 0001:00019330       ?loadFile@TextLinesStore@@QEAAXPEBVString@@0_N@Z 000000018001a330 f   TextLinesStore.obj
 0001:00019780       ?getLine@TextLinesStore@@UEAAPEAVString@@H@Z 000000018001a780 f   TextLinesStore.obj
 0001:000197e0       ??0ErrorHandlerWriter@@QEAA@PEAVWriter@@@Z 000000018001a7e0 f   ErrorHandlerWriter.obj
 0001:00019980       ??_GErrorHandlerWriter@@UEAAPEAXI@Z 000000018001a980 f i ErrorHandlerWriter.obj
 0001:00019980       ??_EErrorHandlerWriter@@UEAAPEAXI@Z 000000018001a980 f i  CIL library: CIL module
 0001:000199c0       ??1ErrorHandlerWriter@@UEAA@XZ 000000018001a9c0 f   ErrorHandlerWriter.obj
 0001:00019b50       ?error@ErrorHandlerWriter@@UEAAXAEBVString@@@Z 000000018001ab50 f   ErrorHandlerWriter.obj
 0001:00019d50       ?fatalError@ErrorHandlerWriter@@UEAAXAEBVString@@@Z 000000018001ad50 f   ErrorHandlerWriter.obj
 0001:00019f50       ?warning@ErrorHandlerWriter@@UEAAXAEBVString@@@Z 000000018001af50 f   ErrorHandlerWriter.obj
 0001:0001a150       ??0FileErrorHandler@@QEAA@PEBVString@@H_N@Z 000000018001b150 f   FileErrorHandler.obj
 0001:0001a290       ??_GFileErrorHandler@@UEAAPEAXI@Z 000000018001b290 f i FileErrorHandler.obj
 0001:0001a290       ??_EFileErrorHandler@@UEAAPEAXI@Z 000000018001b290 f i  CIL library: CIL module
 0001:0001a320       ?error@FileErrorHandler@@UEAAXAEBVString@@@Z 000000018001b320 f   FileErrorHandler.obj
 0001:0001a340       ?fatalError@FileErrorHandler@@UEAAXAEBVString@@@Z 000000018001b340 f   FileErrorHandler.obj
 0001:0001a370       ?warning@FileErrorHandler@@UEAAXAEBVString@@@Z 000000018001b370 f   FileErrorHandler.obj
 0001:0001a3a0       ??_ELineRegionsCompactSupport@@UEAAPEAXI@Z 000000018001b3a0 f i  CIL library: CIL module
 0001:0001a3a0       ??_GLineRegionsCompactSupport@@UEAAPEAXI@Z 000000018001b3a0 f i LineRegionsCompactSupport.obj
 0001:0001a3e0       ?addLineRegion@LineRegionsCompactSupport@@MEAAXHPEAVLineRegion@@@Z 000000018001b3e0 f   LineRegionsCompactSupport.obj
 0001:0001a790       ??1RegionHandler@@MEAA@XZ  000000018001b790 f i LineRegionsSupport.obj
 0001:0001a7a0       ??_GRegionHandler@@MEAAPEAXI@Z 000000018001b7a0 f i LineRegionsSupport.obj
 0001:0001a7a0       ??_ERegionHandler@@MEAAPEAXI@Z 000000018001b7a0 f i  CIL library: CIL module
 0001:0001a7d0       ??0LineRegionsSupport@@QEAA@XZ 000000018001b7d0 f   LineRegionsSupport.obj
 0001:0001a8b0       ??_ELineRegionsSupport@@UEAAPEAXI@Z 000000018001b8b0 f i  CIL library: CIL module
 0001:0001a8b0       ??_GLineRegionsSupport@@UEAAPEAXI@Z 000000018001b8b0 f i LineRegionsSupport.obj
 0001:0001a8f0       ??1LineRegionsSupport@@UEAA@XZ 000000018001b8f0 f   LineRegionsSupport.obj
 0001:0001aa30       ?clear@LineRegionsSupport@@QEAAXXZ 000000018001ba30 f   LineRegionsSupport.obj
 0001:0001ab10       ?getLineRegions@LineRegionsSupport@@QEBAPEAVLineRegion@@H@Z 000000018001bb10 f   LineRegionsSupport.obj
 0001:0001aba0       ?startParsing@LineRegionsSupport@@UEAAXH@Z 000000018001bba0 f   LineRegionsSupport.obj
 0001:0001aca0       ?clearLine@LineRegionsSupport@@UEAAXHPEAVString@@@Z 000000018001bca0 f   LineRegionsSupport.obj
 0001:0001ae20       ?addRegion@LineRegionsSupport@@UEAAXHPEAVString@@HHPEBVRegion@@@Z 000000018001be20 f   LineRegionsSupport.obj
 0001:0001af60       ?enterScheme@LineRegionsSupport@@UEAAXHPEAVString@@HHPEBVRegion@@PEBVScheme@@@Z 000000018001bf60 f   LineRegionsSupport.obj
 0001:0001b0d0       ?leaveScheme@LineRegionsSupport@@UEAAXHPEAVString@@HHPEBVRegion@@PEBVScheme@@@Z 000000018001c0d0 f   LineRegionsSupport.obj
 0001:0001b1e0       ?addLineRegion@LineRegionsSupport@@MEAAXHPEAVLineRegion@@@Z 000000018001c1e0 f   LineRegionsSupport.obj
 0001:0001b2a0       ?lastElement@?$Vector@PEAVOutlineItem@@@@QEBAPEAVOutlineItem@@XZ 000000018001c2a0 f i Outliner.obj
 0001:0001b2a0       ?lastElement@?$Vector@PEAVLineRegion@@@@QEBAPEAVLineRegion@@XZ 000000018001c2a0 f i LineRegionsSupport.obj
 0001:0001b340       ?getRegionDefine@RegionMapperImpl@@UEBAPEBVRegionDefine@@PEBVRegion@@@Z 000000018001c340 f   RegionMapperImpl.obj
 0001:0001b4a0       ?getRegionDefine@RegionMapperImpl@@UEBAPEBVRegionDefine@@AEBVString@@@Z 000000018001c4a0 f   RegionMapperImpl.obj
 0001:0001b4b0       ?get@?$Hashtable@PEAVSchemeImpl@@@@QEBAPEAVSchemeImpl@@PEBVString@@@Z 000000018001c4b0 f i HRCParserImpl.obj
 0001:0001b4b0       ?get@?$Hashtable@PEAVRegionDefine@@@@QEBAPEAVRegionDefine@@PEBVString@@@Z 000000018001c4b0 f i RegionMapperImpl.obj
 0001:0001b4b0       ?get@?$Hashtable@PEBVString@@@@QEBAPEBVString@@PEBV2@@Z 000000018001c4b0 f i FarHrcSettings.obj
 0001:0001b4b0       ?get@?$Hashtable@PEBVRegion@@@@QEBAPEBVRegion@@PEBVString@@@Z 000000018001c4b0 f i HRCParserImpl.obj
 0001:0001b4b0       ?get@?$Hashtable@PEAV?$Vector@PEBVString@@@@@@QEBAPEAV?$Vector@PEBVString@@@@PEBVString@@@Z 000000018001c4b0 f i ParserFactory.obj
 0001:0001b4b0       ?get@?$Hashtable@PEAVFileTypeImpl@@@@QEBAPEAVFileTypeImpl@@PEBVString@@@Z 000000018001c4b0 f i HRCParserImpl.obj
 0001:0001b4b0       ?get@?$Hashtable@PEAV?$Hashtable@PEAV?$Vector@PEBVString@@@@@@@@QEBAPEAV?$Hashtable@PEAV?$Vector@PEBVString@@@@@@PEBVString@@@Z 000000018001c4b0 f i ParserFactory.obj
 0001:0001b4b0       ?get@?$Hashtable@PEAVString@@@@QEBAPEAVString@@PEBV2@@Z 000000018001c4b0 f i FarEditorSet.obj
 0001:0001b4b0       ?get@?$Hashtable@PEAVFarEditor@@@@QEBAPEAVFarEditor@@PEBVString@@@Z 000000018001c4b0 f i FarEditorSet.obj
 0001:0001b560       ?setElementAt@?$Vector@PEBVRegionDefine@@@@QEAAXQEBVRegionDefine@@H@Z 000000018001c560 f i RegionMapperImpl.obj
 0001:0001b5c0       ?ensureCapacity@?$Vector@PEAVString@@@@QEAAXH@Z 000000018001c5c0 f i TextLinesStore.obj
 0001:0001b5c0       ?ensureCapacity@?$Vector@PEBVRegionDefine@@@@QEAAXH@Z 000000018001c5c0 f i RegionMapperImpl.obj
 0001:0001b5c0       ?ensureCapacity@?$Vector@PEAVLineRegion@@@@QEAAXH@Z 000000018001c5c0 f i LineRegionsSupport.obj
 0001:0001b5c0       ?ensureCapacity@?$Vector@PEAVOutlineItem@@@@QEAAXH@Z 000000018001c5c0 f i Outliner.obj
 0001:0001b660       ??4RegionDefine@@UEAAAEAV0@AEBV0@@Z 000000018001c660 f i StyledHRDMapper.obj
 0001:0001b680       ??1RegionDefine@@UEAA@XZ   000000018001c680 f i StyledHRDMapper.obj
 0001:0001b690       ??1Scheme@@MEAA@XZ         000000018001c690 f i HRCParserImpl.obj
 0001:0001b690       ??1RegionMapper@@UEAA@XZ   000000018001c690 f i StyledHRDMapper.obj
 0001:0001b6a0       ??_EScheme@@MEAAPEAXI@Z    000000018001c6a0 f i  CIL library: CIL module
 0001:0001b6a0       ??_GRegionMapper@@UEAAPEAXI@Z 000000018001c6a0 f i StyledHRDMapper.obj
 0001:0001b6a0       ??_ERegionMapper@@UEAAPEAXI@Z 000000018001c6a0 f i  CIL library: CIL module
 0001:0001b6a0       ??_GScheme@@MEAAPEAXI@Z    000000018001c6a0 f i HRCParserImpl.obj
 0001:0001b6d0       ??0RegionMapperImpl@@QEAA@XZ 000000018001c6d0 f i StyledHRDMapper.obj
 0001:0001b760       ??1RegionMapperImpl@@UEAA@XZ 000000018001c760 f i StyledHRDMapper.obj
 0001:0001b7d0       ??_GRegionMapperImpl@@UEAAPEAXI@Z 000000018001c7d0 f i StyledHRDMapper.obj
 0001:0001b7d0       ??_ERegionMapperImpl@@UEAAPEAXI@Z 000000018001c7d0 f i  CIL library: CIL module
 0001:0001b810       ?assignParent@StyledRegion@@UEAAXPEBVRegionDefine@@@Z 000000018001c810 f i StyledHRDMapper.obj
 0001:0001b860       ?setValues@StyledRegion@@UEAAXPEBVRegionDefine@@@Z 000000018001c860 f i StyledHRDMapper.obj
 0001:0001b8a0       ?clone@StyledRegion@@UEBAPEAVRegionDefine@@XZ 000000018001c8a0 f i StyledHRDMapper.obj
 0001:0001b930       ??_ERegionDefine@@UEAAPEAXI@Z 000000018001c930 f i  CIL library: CIL module
 0001:0001b930       ??_EStyledRegion@@UEAAPEAXI@Z 000000018001c930 f i  CIL library: CIL module
 0001:0001b930       ??_GStyledRegion@@UEAAPEAXI@Z 000000018001c930 f i StyledHRDMapper.obj
 0001:0001b930       ??_GRegionDefine@@UEAAPEAXI@Z 000000018001c930 f i StyledHRDMapper.obj
 0001:0001b960       ??_EStyledHRDMapper@@UEAAPEAXI@Z 000000018001c960 f i  CIL library: CIL module
 0001:0001b960       ??_GStyledHRDMapper@@UEAAPEAXI@Z 000000018001c960 f i StyledHRDMapper.obj
 0001:0001b9a0       ??1StyledHRDMapper@@UEAA@XZ 000000018001c9a0 f   StyledHRDMapper.obj
 0001:0001baa0       ?loadRegionMappings@StyledHRDMapper@@UEAAXPEAVInputSource@@@Z 000000018001caa0 f   StyledHRDMapper.obj
 0001:0001c070       ?saveRegionMappings@StyledHRDMapper@@UEBAXPEAVWriter@@@Z 000000018001d070 f   StyledHRDMapper.obj
 0001:0001c5e0       ?setRegionDefine@StyledHRDMapper@@UEAAXAEBVString@@PEBVRegionDefine@@@Z 000000018001d5e0 f   StyledHRDMapper.obj
 0001:0001c770       ?nextkey@?$HashtableCore@PEAVRegionDefine@@@@QEBAPEAVString@@XZ 000000018001d770 f i StyledHRDMapper.obj
 0001:0001c8c0       ??1PairMatch@@UEAA@XZ      000000018001d8c0 f i BaseEditor.obj
 0001:0001c940       ?setStart@PairMatch@@QEAAXPEAVLineRegion@@@Z 000000018001d940 f i BaseEditor.obj
 0001:0001ca10       ?setEnd@PairMatch@@QEAAXPEAVLineRegion@@@Z 000000018001da10 f i BaseEditor.obj
 0001:0001cae0       ??_GPairMatch@@UEAAPEAXI@Z 000000018001dae0 f i BaseEditor.obj
 0001:0001cae0       ??_EPairMatch@@UEAAPEAXI@Z 000000018001dae0 f i  CIL library: CIL module
 0001:0001cb20       ??0BaseEditor@@QEAA@PEAVParserFactory@@PEAVLineSource@@@Z 000000018001db20 f   BaseEditor.obj
 0001:0001cfe0       ??_GBaseEditor@@UEAAPEAXI@Z 000000018001dfe0 f i BaseEditor.obj
 0001:0001cfe0       ??_EBaseEditor@@UEAAPEAXI@Z 000000018001dfe0 f i  CIL library: CIL module
 0001:0001d020       ??1BaseEditor@@UEAA@XZ     000000018001e020 f   BaseEditor.obj
 0001:0001d0e0       ?remapLRS@BaseEditor@@AEAAX_N@Z 000000018001e0e0 f   BaseEditor.obj
 0001:0001d3c0       ?chooseFileTypeCh@BaseEditor@@AEAAPEAVFileType@@PEBVString@@HH@Z 000000018001e3c0 f   BaseEditor.obj
 0001:0001d710       ?chooseFileType@BaseEditor@@QEAAPEAVFileType@@PEBVString@@@Z 000000018001e710 f   BaseEditor.obj
 0001:0001d990       ?getPairMatch@BaseEditor@@AEAAPEAVPairMatch@@HH@Z 000000018001e990 f   BaseEditor.obj
 0001:0001db30       ?searchLocalPair@BaseEditor@@QEAAPEAVPairMatch@@HH@Z 000000018001eb30 f   BaseEditor.obj
 0001:0001ddc0       ?searchGlobalPair@BaseEditor@@QEAAPEAVPairMatch@@HH@Z 000000018001edc0 f   BaseEditor.obj
 0001:0001e020       ?modifyEvent@BaseEditor@@QEAAXH@Z 000000018001f020 f   BaseEditor.obj
 0001:0001e0d0       ?validate@BaseEditor@@QEAAXH_N@Z 000000018001f0d0 f   BaseEditor.obj
 0001:0001e270       ?startParsing@BaseEditor@@UEAAXH@Z 000000018001f270 f   BaseEditor.obj
 0001:0001e320       ?endParsing@BaseEditor@@UEAAXH@Z 000000018001f320 f   BaseEditor.obj
 0001:0001e3e0       ?clearLine@BaseEditor@@UEAAXHPEAVString@@@Z 000000018001f3e0 f   BaseEditor.obj
 0001:0001e4a0       ?addRegion@BaseEditor@@UEAAXHPEAVString@@HHPEBVRegion@@@Z 000000018001f4a0 f   BaseEditor.obj
 0001:0001e590       ?enterScheme@BaseEditor@@UEAAXHPEAVString@@HHPEBVRegion@@PEBVScheme@@@Z 000000018001f590 f   BaseEditor.obj
 0001:0001e6a0       ?leaveScheme@BaseEditor@@UEAAXHPEAVString@@HHPEBVRegion@@PEBVScheme@@@Z 000000018001f6a0 f   BaseEditor.obj
 0001:0001e7b0       ?removeElement@?$Vector@PEAVRegionHandler@@@@QEAA_NQEAVRegionHandler@@@Z 000000018001f7b0 f i BaseEditor.obj
 0001:0001e7b0       ?removeElement@?$Vector@PEAVFileTypeImpl@@@@QEAA_NQEAVFileTypeImpl@@@Z 000000018001f7b0 f i HRCParserImpl.obj
 0001:0001e7b0       ?removeElement@?$Vector@PEAVEditorListener@@@@QEAA_NQEAVEditorListener@@@Z 000000018001f7b0 f i BaseEditor.obj
 0001:0001e860       ??0OutlineItem@@QEAA@HHHPEAVString@@PEBVRegion@@@Z 000000018001f860 f i Outliner.obj
 0001:0001ea00       ??0Outliner@@QEAA@PEAVBaseEditor@@PEBVRegion@@@Z 000000018001fa00 f   Outliner.obj
 0001:0001ead0       ??_GOutliner@@UEAAPEAXI@Z  000000018001fad0 f i Outliner.obj
 0001:0001ead0       ??_EOutliner@@UEAAPEAXI@Z  000000018001fad0 f i  CIL library: CIL module
 0001:0001eb10       ??1Outliner@@UEAA@XZ       000000018001fb10 f   Outliner.obj
 0001:0001ec20       ?getItem@Outliner@@QEAAPEAVOutlineItem@@H@Z 000000018001fc20 f   Outliner.obj
 0001:0001ec80       ?manageTree@Outliner@@SAHAEAV?$Vector@H@@H@Z 000000018001fc80 f   Outliner.obj
 0001:0001ede0       ?modifyEvent@Outliner@@UEAAXH@Z 000000018001fde0 f   Outliner.obj
 0001:0001eec0       ?startParsing@Outliner@@UEAAXH@Z 000000018001fec0 f   Outliner.obj
 0001:0001eed0       ?endParsing@Outliner@@UEAAXH@Z 000000018001fed0 f   Outliner.obj
 0001:0001eef0       ?addRegion@Outliner@@UEAAXHPEAVString@@HHPEBVRegion@@@Z 000000018001fef0 f   Outliner.obj
 0001:0001f050       ?enterScheme@Outliner@@UEAAXHPEAVString@@HHPEBVRegion@@PEBVScheme@@@Z 0000000180020050 f   Outliner.obj
 0001:0001f060       ?leaveScheme@Outliner@@UEAAXHPEAVString@@HHPEBVRegion@@PEBVScheme@@@Z 0000000180020060 f   Outliner.obj
 0001:0001f070       ?setSize@?$Vector@PEBVRegionDefine@@@@QEAAXH@Z 0000000180020070 f i RegionMapperImpl.obj
 0001:0001f070       ?setSize@?$Vector@PEAVLineRegion@@@@QEAAXH@Z 0000000180020070 f i LineRegionsSupport.obj
 0001:0001f070       ?setSize@?$Vector@PEAVOutlineItem@@@@QEAAXH@Z 0000000180020070 f i Outliner.obj
 0001:0001f140       ?lastElement@?$Vector@H@@QEBAHXZ 0000000180020140 f i Outliner.obj
 0001:0001f1e0       ?insertElementAt@?$Vector@H@@QEAAXHH@Z 00000001800201e0 f i Outliner.obj
 0001:0001f340       ?getName@Region@@UEBAPEBVString@@XZ 0000000180020340 f i HRCParserImpl.obj
 0001:0001f340       ?getName@SchemeImpl@@UEBAPEBVString@@XZ 0000000180020340 f i HRCParserImpl.obj
 0001:0001f340       ?getLocation@JARInputSource@@UEBAPEBVString@@XZ 0000000180020340 f i JARInputSource.obj
 0001:0001f340       ?getLocation@FileInputSource@@UEBAPEBVString@@XZ 0000000180020340 f i FileInputSource.obj
 0001:0001f340       ?getMessage@Exception@@UEBAPEBVString@@XZ 0000000180020340 f i Exception.obj
 0001:0001f340       ?getLocation@HTTPInputSource@@UEBAPEBVString@@XZ 0000000180020340 f i HTTPInputSource.obj
 0001:0001f350       ?getParent@Region@@UEBAPEBV1@XZ 0000000180020350 f i HRCParserImpl.obj
 0001:0001f350       ?getGroup@FileTypeImpl@@UEAAPEBVString@@XZ 0000000180020350 f i HRCParserImpl.obj
 0001:0001f360       ?getID@Region@@UEBAHXZ     0000000180020360 f i HRCParserImpl.obj
 0001:0001f360       ?length@SString@@UEBAHXZ   0000000180020360 f i SString.obj
 0001:0001f370       ??0Region@@QEAA@PEBVString@@0PEBV0@H@Z 0000000180020370 f i HRCParserImpl.obj
 0001:0001f620       ??_ERegion@@UEAAPEAXI@Z    0000000180020620 f i  CIL library: CIL module
 0001:0001f620       ??_GRegion@@UEAAPEAXI@Z    0000000180020620 f i HRCParserImpl.obj
 0001:0001f690       ??1HRCParser@@UEAA@XZ      0000000180020690 f i HRCParserImpl.obj
 0001:0001f690       ??1FileType@@MEAA@XZ       0000000180020690 f i HRCParserImpl.obj
 0001:0001f6a0       ??_EFileType@@MEAAPEAXI@Z  00000001800206a0 f i  CIL library: CIL module
 0001:0001f6a0       ??_EHRCParser@@UEAAPEAXI@Z 00000001800206a0 f i  CIL library: CIL module
 0001:0001f6a0       ??_GHRCParser@@UEAAPEAXI@Z 00000001800206a0 f i HRCParserImpl.obj
 0001:0001f6a0       ??_GFileType@@MEAAPEAXI@Z  00000001800206a0 f i HRCParserImpl.obj
 0001:0001f6d0       ??0VirtualEntry@@QEAA@PEBVString@@0@Z 00000001800206d0 f i HRCParserImpl.obj
 0001:0001f950       ?getFileType@SchemeImpl@@UEBAPEAVFileType@@XZ 0000000180020950 f i HRCParserImpl.obj
 0001:0001f960       ??0SchemeImpl@@IEAA@PEBVString@@@Z 0000000180020960 f i HRCParserImpl.obj
 0001:0001fb10       ??1SchemeImpl@@MEAA@XZ     0000000180020b10 f i HRCParserImpl.obj
 0001:0001fc00       ??_GSchemeImpl@@MEAAPEAXI@Z 0000000180020c00 f i HRCParserImpl.obj
 0001:0001fc00       ??_ESchemeImpl@@MEAAPEAXI@Z 0000000180020c00 f i  CIL library: CIL module
 0001:0001fc40       ??0HRCParserException@@QEAA@AEBVString@@@Z 0000000180020c40 f i HRCParserImpl.obj
 0001:0001fd70       ?getName@FileTypeImpl@@UEAAPEBVString@@XZ 0000000180020d70 f i HRCParserImpl.obj
 0001:0001fd70       ?getDescription@Region@@UEBAPEBVString@@XZ 0000000180020d70 f i HRCParserImpl.obj
 0001:0001fd80       ?getDescription@FileTypeImpl@@UEAAPEBVString@@XZ 0000000180020d80 f i HRCParserImpl.obj
 0001:0001fd90       ?getBaseScheme@FileTypeImpl@@UEAAPEAVScheme@@XZ 0000000180020d90 f i HRCParserImpl.obj
 0001:0001fdc0       ?enumerateParameters@FileTypeImpl@@UEAAPEBVString@@H@Z 0000000180020dc0 f i HRCParserImpl.obj
 0001:0001fe20       ?getParameterDescription@FileTypeImpl@@UEAAPEBVString@@AEBV2@@Z 0000000180020e20 f i HRCParserImpl.obj
 0001:0001fe30       ?getParamValue@FileTypeImpl@@UEAAPEBVString@@AEBV2@@Z 0000000180020e30 f i HRCParserImpl.obj
 0001:0001fe70       ?getParamValueInt@FileTypeImpl@@UEAAHAEBVString@@H@Z 0000000180020e70 f i HRCParserImpl.obj
 0001:0001feb0       ?getParamDefaultValue@FileTypeImpl@@UEAAPEBVString@@AEBV2@@Z 0000000180020eb0 f i HRCParserImpl.obj
 0001:0001fec0       ?setParamValue@FileTypeImpl@@UEAAXAEBVString@@PEBV2@@Z 0000000180020ec0 f i HRCParserImpl.obj
 0001:00020040       ?getPriority@FileTypeImpl@@QEBANPEBVString@@0@Z 0000000180021040 f i HRCParserImpl.obj
 0001:000201a0       ??0FileTypeImpl@@IEAA@PEAVHRCParserImpl@@@Z 00000001800211a0 f i HRCParserImpl.obj
 0001:00020300       ??1FileTypeImpl@@MEAA@XZ   0000000180021300 f i HRCParserImpl.obj
 0001:00020770       ??_EFileTypeImpl@@MEAAPEAXI@Z 0000000180021770 f i  CIL library: CIL module
 0001:00020770       ??_GFileTypeImpl@@MEAAPEAXI@Z 0000000180021770 f i HRCParserImpl.obj
 0001:000207b0       ??0HRCParserImpl@@QEAA@XZ  00000001800217b0 f   HRCParserImpl.obj
 0001:00020940       ??_EHRCParserImpl@@UEAAPEAXI@Z 0000000180021940 f i  CIL library: CIL module
 0001:00020940       ??_GHRCParserImpl@@UEAAPEAXI@Z 0000000180021940 f i HRCParserImpl.obj
 0001:00020980       ??1HRCParserImpl@@UEAA@XZ  0000000180021980 f   HRCParserImpl.obj
 0001:00020d30       ?setErrorHandler@HRCParserImpl@@UEAAXPEAVErrorHandler@@@Z 0000000180021d30 f   HRCParserImpl.obj
 0001:00020d40       ?loadSource@HRCParserImpl@@UEAAXPEAVInputSource@@@Z 0000000180021d40 f   HRCParserImpl.obj
 0001:00020e20       ?unloadFileType@HRCParserImpl@@IEAAXPEAVFileTypeImpl@@@Z 0000000180021e20 f   HRCParserImpl.obj
 0001:00020f30       ?loadFileType@HRCParserImpl@@IEAAXPEAVFileType@@@Z 0000000180021f30 f   HRCParserImpl.obj
 0001:00020f80       ?chooseFileType@HRCParserImpl@@UEAAPEAVFileType@@PEBVString@@0H@Z 0000000180021f80 f   HRCParserImpl.obj
 0001:000210b0       ?getFileType@HRCParserImpl@@UEAAPEAVFileType@@PEBVString@@@Z 00000001800220b0 f   HRCParserImpl.obj
 0001:000210d0       ?enumerateFileTypes@HRCParserImpl@@UEAAPEAVFileType@@H@Z 00000001800220d0 f   HRCParserImpl.obj
 0001:00021130       ?getFileTypesCount@HRCParserImpl@@UEAAHXZ 0000000180022130 f   HRCParserImpl.obj
 0001:00021140       ?getRegionCount@HRCParserImpl@@UEAAHXZ 0000000180022140 f   HRCParserImpl.obj
 0001:00021150       ?getRegion@HRCParserImpl@@UEAAPEBVRegion@@H@Z 0000000180022150 f   HRCParserImpl.obj
 0001:00021190       ?getRegion@HRCParserImpl@@UEAAPEBVRegion@@PEBVString@@@Z 0000000180022190 f   HRCParserImpl.obj
 0001:000211a0       ?getVersion@HRCParserImpl@@UEAAPEBVString@@XZ 00000001800221a0 f   HRCParserImpl.obj
 0001:000211b0       ?parseHRC@HRCParserImpl@@IEAAXPEAVInputSource@@@Z 00000001800221b0 f   HRCParserImpl.obj
 0001:00021510       ?addPrototype@HRCParserImpl@@IEAAXPEAVElement@@@Z 0000000180022510 f   HRCParserImpl.obj
 0001:00022860       ?addType@HRCParserImpl@@IEAAXPEAVElement@@@Z 0000000180023860 f   HRCParserImpl.obj
 0001:00023680       ?addScheme@HRCParserImpl@@IEAAXPEAVElement@@@Z 0000000180024680 f   HRCParserImpl.obj
 0001:00023c50       ?addSchemeNodes@HRCParserImpl@@IEAAXPEAVSchemeImpl@@PEAVNode@@@Z 0000000180024c50 f   HRCParserImpl.obj
 0001:00025e60       ?loadRegions@HRCParserImpl@@IEAAXPEAVSchemeNode@@PEAVElement@@_N@Z 0000000180026e60 f   HRCParserImpl.obj
 0001:00026170       ?loadBlockRegions@HRCParserImpl@@IEAAXPEAVSchemeNode@@PEAVElement@@@Z 0000000180027170 f   HRCParserImpl.obj
 0001:00026410       ?updateLinks@HRCParserImpl@@IEAAXXZ 0000000180027410 f   HRCParserImpl.obj
 0001:000269e0       ?qualifyOwnName@HRCParserImpl@@IEAAPEAVString@@PEBV2@@Z 00000001800279e0 f   HRCParserImpl.obj
 0001:00026e50       ?checkNameExist@HRCParserImpl@@IEAA_NPEBVString@@PEAVFileTypeImpl@@W4QualifyNameType@1@_N@Z 0000000180027e50 f   HRCParserImpl.obj
 0001:000270f0       ?qualifyForeignName@HRCParserImpl@@IEAAPEAVString@@PEBV2@W4QualifyNameType@1@_N@Z 00000001800280f0 f   HRCParserImpl.obj
 0001:000278c0       ?useEntities@HRCParserImpl@@IEAAPEAVString@@PEBV2@@Z 00000001800288c0 f   HRCParserImpl.obj
 0001:00027bd0       ?getNCRegion@HRCParserImpl@@IEAAPEBVRegion@@PEBVString@@_N@Z 0000000180028bd0 f   HRCParserImpl.obj
 0001:00027d30       ?get@?$Hashtable@H@@QEBAHPEBVString@@@Z 0000000180028d30 f i HRCParserImpl.obj
 0001:00027de0       ??1?$Hashtable@PEAVString@@@@UEAA@XZ 0000000180028de0 f i ConsoleTools.obj
 0001:00027de0       ??1?$Hashtable@PEBVString@@@@UEAA@XZ 0000000180028de0 f i FarEditorSet.obj
 0001:00027de0       ??1?$Hashtable@PEAVRegionDefine@@@@UEAA@XZ 0000000180028de0 f i StyledHRDMapper.obj
 0001:00027de0       ??1?$Hashtable@PEAV?$Hashtable@PEAV?$Vector@PEBVString@@@@@@@@UEAA@XZ 0000000180028de0 f i ParserFactory.obj
 0001:00027de0       ??1?$Hashtable@PEAVFarEditor@@@@UEAA@XZ 0000000180028de0 f i FarEditorSet.obj
 0001:00027de0       ??1?$Hashtable@PEAVSchemeImpl@@@@UEAA@XZ 0000000180028de0 f i HRCParserImpl.obj
 0001:00027de0       ??1?$Hashtable@PEAVFileTypeImpl@@@@UEAA@XZ 0000000180028de0 f i HRCParserImpl.obj
 0001:00027de0       ??1?$Hashtable@H@@UEAA@XZ  0000000180028de0 f i HRCParserImpl.obj
 0001:00027de0       ??1?$Hashtable@PEBVRegion@@@@UEAA@XZ 0000000180028de0 f i HRCParserImpl.obj
 0001:00027e10       ??_G?$Hashtable@PEAV?$Vector@PEBVString@@@@@@UEAAPEAXI@Z 0000000180028e10 f i ParserFactory.obj
 0001:00027e10       ??_E?$Hashtable@PEAVString@@@@UEAAPEAXI@Z 0000000180028e10 f i  CIL library: CIL module
 0001:00027e10       ??_G?$Hashtable@PEAV?$Hashtable@PEAV?$Vector@PEBVString@@@@@@@@UEAAPEAXI@Z 0000000180028e10 f i ParserFactory.obj
 0001:00027e10       ??_G?$HashtableCore@PEAVSharedInputSource@@@@UEAAPEAXI@Z 0000000180028e10 f i SharedInputSource.obj
 0001:00027e10       ??_E?$HashtableCore@PEAVFarEditor@@@@UEAAPEAXI@Z 0000000180028e10 f i  CIL library: CIL module
 0001:00027e10       ??_G?$HashtableCore@PEBVRegion@@@@UEAAPEAXI@Z 0000000180028e10 f i HRCParserImpl.obj
 0001:00027e10       ??_G?$Hashtable@PEAVFileTypeImpl@@@@UEAAPEAXI@Z 0000000180028e10 f i HRCParserImpl.obj
 0001:00027e10       ??_E?$HashtableCore@PEAVFileTypeImpl@@@@UEAAPEAXI@Z 0000000180028e10 f i  CIL library: CIL module
 0001:00027e10       ??_E?$Hashtable@PEBVRegion@@@@UEAAPEAXI@Z 0000000180028e10 f i  CIL library: CIL module
 0001:00027e10       ??_E?$Hashtable@PEAVRegionDefine@@@@UEAAPEAXI@Z 0000000180028e10 f i  CIL library: CIL module
 0001:00027e10       ??_E?$HashtableCore@PEAVRegionDefine@@@@UEAAPEAXI@Z 0000000180028e10 f i  CIL library: CIL module
 0001:00027e10       ??_E?$HashtableCore@H@@UEAAPEAXI@Z 0000000180028e10 f i  CIL library: CIL module
 0001:00027e10       ??_E?$HashtableCore@PEAVSchemeImpl@@@@UEAAPEAXI@Z 0000000180028e10 f i  CIL library: CIL module
 0001:00027e10       ??_E?$Hashtable@PEAVSharedInputSource@@@@UEAAPEAXI@Z 0000000180028e10 f i  CIL library: CIL module
 0001:00027e10       ??_G?$Hashtable@PEBVRegion@@@@UEAAPEAXI@Z 0000000180028e10 f i HRCParserImpl.obj
 0001:00027e10       ??_E?$Hashtable@PEAV?$Hashtable@PEAV?$Vector@PEBVString@@@@@@@@UEAAPEAXI@Z 0000000180028e10 f i  CIL library: CIL module
 0001:00027e10       ??_E?$Hashtable@PEAVSchemeImpl@@@@UEAAPEAXI@Z 0000000180028e10 f i  CIL library: CIL module
 0001:00027e10       ??_G?$HashtableCore@PEAVSchemeImpl@@@@UEAAPEAXI@Z 0000000180028e10 f i HRCParserImpl.obj
 0001:00027e10       ??_E?$Hashtable@PEBVString@@@@UEAAPEAXI@Z 0000000180028e10 f i  CIL library: CIL module
 0001:00027e10       ??_E?$HashtableCore@PEAVString@@@@UEAAPEAXI@Z 0000000180028e10 f i  CIL library: CIL module
 0001:00027e10       ??_E?$Hashtable@PEAVFileTypeImpl@@@@UEAAPEAXI@Z 0000000180028e10 f i  CIL library: CIL module
 0001:00027e10       ??_G?$Hashtable@H@@UEAAPEAXI@Z 0000000180028e10 f i HRCParserImpl.obj
 0001:00027e10       ??_E?$Hashtable@PEAVFarEditor@@@@UEAAPEAXI@Z 0000000180028e10 f i  CIL library: CIL module
 0001:00027e10       ??_G?$Hashtable@PEAVRegionDefine@@@@UEAAPEAXI@Z 0000000180028e10 f i StyledHRDMapper.obj
 0001:00027e10       ??_G?$HashtableCore@PEAVRegionDefine@@@@UEAAPEAXI@Z 0000000180028e10 f i StyledHRDMapper.obj
 0001:00027e10       ??_G?$HashtableCore@H@@UEAAPEAXI@Z 0000000180028e10 f i HRCParserImpl.obj
 0001:00027e10       ??_E?$HashtableCore@PEAVSharedInputSource@@@@UEAAPEAXI@Z 0000000180028e10 f i  CIL library: CIL module
 0001:00027e10       ??_G?$HashtableCore@PEAVFarEditor@@@@UEAAPEAXI@Z 0000000180028e10 f i FarEditorSet.obj
 0001:00027e10       ??_E?$HashtableCore@PEAV?$Hashtable@PEAV?$Vector@PEBVString@@@@@@@@UEAAPEAXI@Z 0000000180028e10 f i  CIL library: CIL module
 0001:00027e10       ??_G?$Hashtable@PEAVSchemeImpl@@@@UEAAPEAXI@Z 0000000180028e10 f i HRCParserImpl.obj
 0001:00027e10       ??_G?$HashtableCore@PEBVString@@@@UEAAPEAXI@Z 0000000180028e10 f i FarEditorSet.obj
 0001:00027e10       ??_E?$Hashtable@H@@UEAAPEAXI@Z 0000000180028e10 f i  CIL library: CIL module
 0001:00027e10       ??_G?$HashtableCore@PEAV?$Hashtable@PEAV?$Vector@PEBVString@@@@@@@@UEAAPEAXI@Z 0000000180028e10 f i ParserFactory.obj
 0001:00027e10       ??_G?$Hashtable@PEAVString@@@@UEAAPEAXI@Z 0000000180028e10 f i ConsoleTools.obj
 0001:00027e10       ??_G?$Hashtable@PEAVSharedInputSource@@@@UEAAPEAXI@Z 0000000180028e10 f i SharedInputSource.obj
 0001:00027e10       ??_E?$HashtableCore@PEBVRegion@@@@UEAAPEAXI@Z 0000000180028e10 f i  CIL library: CIL module
 0001:00027e10       ??_E?$HashtableCore@PEBVString@@@@UEAAPEAXI@Z 0000000180028e10 f i  CIL library: CIL module
 0001:00027e10       ??_G?$HashtableCore@PEAVFileTypeImpl@@@@UEAAPEAXI@Z 0000000180028e10 f i HRCParserImpl.obj
 0001:00027e10       ??_E?$HashtableCore@PEAV?$Vector@PEBVString@@@@@@UEAAPEAXI@Z 0000000180028e10 f i  CIL library: CIL module
 0001:00027e10       ??_G?$Hashtable@PEBVString@@@@UEAAPEAXI@Z 0000000180028e10 f i FarEditorSet.obj
 0001:00027e10       ??_E?$Hashtable@PEAV?$Vector@PEBVString@@@@@@UEAAPEAXI@Z 0000000180028e10 f i  CIL library: CIL module
 0001:00027e10       ??_G?$HashtableCore@PEAVString@@@@UEAAPEAXI@Z 0000000180028e10 f i ConsoleTools.obj
 0001:00027e10       ??_G?$Hashtable@PEAVFarEditor@@@@UEAAPEAXI@Z 0000000180028e10 f i FarEditorSet.obj
 0001:00027e10       ??_G?$HashtableCore@PEAV?$Vector@PEBVString@@@@@@UEAAPEAXI@Z 0000000180028e10 f i ParserFactory.obj
 0001:00027e60       ??0?$HashtableCore@PEAVFileTypeImpl@@@@QEAA@HN@Z 0000000180028e60 f i HRCParserImpl.obj
 0001:00027ef0       ??0?$HashtableCore@PEAVSchemeImpl@@@@QEAA@HN@Z 0000000180028ef0 f i HRCParserImpl.obj
 0001:00027f80       ?put@?$HashtableCore@PEBVString@@@@QEAA_NPEBVString@@0@Z 0000000180028f80 f i ParserFactory.obj
 0001:00027f80       ?put@?$HashtableCore@PEAV?$Hashtable@PEAV?$Vector@PEBVString@@@@@@@@QEAA_NPEBVString@@PEAV?$Hashtable@PEAV?$Vector@PEBVString@@@@@@@Z 0000000180028f80 f i ParserFactory.obj
 0001:00027f80       ?put@?$HashtableCore@PEAVFarEditor@@@@QEAA_NPEBVString@@PEAVFarEditor@@@Z 0000000180028f80 f i FarEditorSet.obj
 0001:00027f80       ?put@?$HashtableCore@PEAVFileTypeImpl@@@@QEAA_NPEBVString@@PEAVFileTypeImpl@@@Z 0000000180028f80 f i HRCParserImpl.obj
 0001:00027f80       ?put@?$HashtableCore@PEAVString@@@@QEAA_NPEBVString@@PEAV2@@Z 0000000180028f80 f i FarHrcSettings.obj
 0001:00027f80       ?put@?$HashtableCore@PEBVRegion@@@@QEAA_NPEBVString@@PEBVRegion@@@Z 0000000180028f80 f i HRCParserImpl.obj
 0001:00027f80       ?put@?$HashtableCore@PEAVSchemeImpl@@@@QEAA_NPEBVString@@PEAVSchemeImpl@@@Z 0000000180028f80 f i HRCParserImpl.obj
 0001:00027f80       ?put@?$HashtableCore@PEAV?$Vector@PEBVString@@@@@@QEAA_NPEBVString@@PEAV?$Vector@PEBVString@@@@@Z 0000000180028f80 f i ParserFactory.obj
 0001:00027f80       ?put@?$HashtableCore@PEAVRegionDefine@@@@QEAA_NPEBVString@@PEAVRegionDefine@@@Z 0000000180028f80 f i StyledHRDMapper.obj
 0001:000280c0       ?next_int@?$HashtableCore@PEAVSchemeImpl@@@@IEBAPEAPEAVSchemeImpl@@XZ 00000001800290c0 f i HRCParserImpl.obj
 0001:000280c0       ?next_int@?$HashtableCore@PEAVFileTypeImpl@@@@IEBAPEAPEAVFileTypeImpl@@XZ 00000001800290c0 f i HRCParserImpl.obj
 0001:000280c0       ?next_int@?$HashtableCore@PEAV?$Vector@PEBVString@@@@@@IEBAPEAPEAV?$Vector@PEBVString@@@@XZ 00000001800290c0 f i ParserFactory.obj
 0001:000280c0       ?next_int@?$HashtableCore@PEBVString@@@@IEBAPEAPEBVString@@XZ 00000001800290c0 f i ParserFactory.obj
 0001:000280c0       ?next_int@?$HashtableCore@PEAVString@@@@IEBAPEAPEAVString@@XZ 00000001800290c0 f i ConsoleTools.obj
 0001:000280c0       ?next_int@?$HashtableCore@PEAV?$Hashtable@PEAV?$Vector@PEBVString@@@@@@@@IEBAPEAPEAV?$Hashtable@PEAV?$Vector@PEBVString@@@@@@XZ 00000001800290c0 f i ParserFactory.obj
 0001:000280c0       ?next_int@?$HashtableCore@PEAVRegionDefine@@@@IEBAPEAPEAVRegionDefine@@XZ 00000001800290c0 f i StyledHRDMapper.obj
 0001:000280c0       ?next_int@?$HashtableCore@PEAVFarEditor@@@@IEBAPEAPEAVFarEditor@@XZ 00000001800290c0 f i FarEditorSet.obj
 0001:00028210       ??0?$HashtableCore@PEBVRegion@@@@QEAA@HN@Z 0000000180029210 f i HRCParserImpl.obj
 0001:000282a0       ??1?$Vector@PEAVRegionHandler@@@@QEAA@XZ 00000001800292a0 f i BaseEditor.obj
 0001:000282a0       ??1?$Vector@PEBVRegion@@@@QEAA@XZ 00000001800292a0 f i HRCParserImpl.obj
 0001:000282a0       ??1?$Vector@PEAVVirtualEntry@@@@QEAA@XZ 00000001800292a0 f i HRCParserHelpers.obj
 0001:000282a0       ??1?$Vector@PEAVLineRegion@@@@QEAA@XZ 00000001800292a0 f i LineRegionsSupport.obj
 0001:000282a0       ??1?$Vector@PEAVFileTypeImpl@@@@QEAA@XZ 00000001800292a0 f i HRCParserImpl.obj
 0001:000282a0       ??1?$Vector@PEAE@@QEAA@XZ  00000001800292a0 f i HTTPInputSource.obj
 0001:000282a0       ??1?$Vector@H@@QEAA@XZ     00000001800292a0 f i FarEditor.obj
 0001:000282a0       ??1?$Vector@PEAVFileTypeChooser@@@@QEAA@XZ 00000001800292a0 f i HRCParserImpl.obj
 0001:000282a0       ??1?$Vector@PEAVString@@@@QEAA@XZ 00000001800292a0 f i ParserFactory.obj
 0001:000282a0       ??1?$Vector@PEAVOutlineItem@@@@QEAA@XZ 00000001800292a0 f i Outliner.obj
 0001:000282a0       ??1?$Vector@PEAVEditorListener@@@@QEAA@XZ 00000001800292a0 f i BaseEditor.obj
 0001:000282a0       ??1?$Vector@PEBVString@@@@QEAA@XZ 00000001800292a0 f i ParserFactory.obj
 0001:000282a0       ??1?$Vector@PEAVSchemeNode@@@@QEAA@XZ 00000001800292a0 f i HRCParserImpl.obj
 0001:000282b0       ?insertElementAt@?$Vector@PEAVSchemeNode@@@@QEAAXQEAVSchemeNode@@H@Z 00000001800292b0 f i HRCParserImpl.obj
 0001:000282b0       ?insertElementAt@?$Vector@PEAE@@QEAAXQEAEH@Z 00000001800292b0 f i MemoryChunks.obj
 0001:000282b0       ?insertElementAt@?$Vector@PEAVOutlineItem@@@@QEAAXQEAVOutlineItem@@H@Z 00000001800292b0 f i Outliner.obj
 0001:000282b0       ?insertElementAt@?$Vector@PEAVFileTypeChooser@@@@QEAAXQEAVFileTypeChooser@@H@Z 00000001800292b0 f i HRCParserImpl.obj
 0001:000282b0       ?insertElementAt@?$Vector@PEAVRegionHandler@@@@QEAAXQEAVRegionHandler@@H@Z 00000001800292b0 f i BaseEditor.obj
 0001:000282b0       ?insertElementAt@?$Vector@PEAVVirtualEntry@@@@QEAAXQEAVVirtualEntry@@H@Z 00000001800292b0 f i HRCParserImpl.obj
 0001:000282b0       ?insertElementAt@?$Vector@PEBVRegion@@@@QEAAXQEBVRegion@@H@Z 00000001800292b0 f i HRCParserImpl.obj
 0001:000282b0       ?insertElementAt@?$Vector@PEAVString@@@@QEAAXQEAVString@@H@Z 00000001800292b0 f i ChooseTypeMenu.obj
 0001:000282b0       ?insertElementAt@?$Vector@PEAVEditorListener@@@@QEAAXQEAVEditorListener@@H@Z 00000001800292b0 f i BaseEditor.obj
 0001:000282b0       ?insertElementAt@?$Vector@PEAVFileTypeImpl@@@@QEAAXQEAVFileTypeImpl@@H@Z 00000001800292b0 f i HRCParserImpl.obj
 0001:000282b0       ?insertElementAt@?$Vector@PEBVString@@@@QEAAXQEBVString@@H@Z 00000001800292b0 f i ParserFactory.obj
 0001:000282b0       ?insertElementAt@?$Vector@PEAVLineRegion@@@@QEAAXQEAVLineRegion@@H@Z 00000001800292b0 f i LineRegionsSupport.obj
 0001:00028420       ??1ParseCache@@QEAA@XZ     0000000180029420 f   TextParserHelpers.obj
 0001:00028560       ?searchLine@ParseCache@@QEAAPEAV1@HPEAPEAV1@@Z 0000000180029560 f   TextParserHelpers.obj
 0001:000285f0       ?deltree@VTList@@QEAAXXZ   00000001800295f0 f   TextParserHelpers.obj
 0001:00028630       ??_GVTList@@QEAAPEAXI@Z    0000000180029630 f i TextParserHelpers.obj
 0001:00028690       ?push@VTList@@QEAA_NPEAVSchemeNode@@@Z 0000000180029690 f   TextParserHelpers.obj
 0001:00028750       ?pop@VTList@@QEAA_NXZ      0000000180029750 f   TextParserHelpers.obj
 0001:000287e0       ?pushvirt@VTList@@QEAAPEAVSchemeImpl@@PEAV2@@Z 00000001800297e0 f   TextParserHelpers.obj
 0001:000288c0       ?clear@VTList@@QEAAXXZ     00000001800298c0 f   TextParserHelpers.obj
 0001:00028950       ?store@VTList@@QEAAPEAPEAV?$Vector@PEAVVirtualEntry@@@@XZ 0000000180029950 f   TextParserHelpers.obj
 0001:00028a00       ?restore@VTList@@QEAA_NPEAPEAV?$Vector@PEAVVirtualEntry@@@@@Z 0000000180029a00 f   TextParserHelpers.obj
 0001:00028af0       ??1TextParser@@UEAA@XZ     0000000180029af0 f i TextParserImpl.obj
 0001:00028b00       ??_GTextParser@@UEAAPEAXI@Z 0000000180029b00 f i TextParserImpl.obj
 0001:00028b00       ??_ETextParser@@UEAAPEAXI@Z 0000000180029b00 f i  CIL library: CIL module
 0001:00028b30       ??0TextParserImpl@@QEAA@XZ 0000000180029b30 f   TextParserImpl.obj
 0001:00028bf0       ??_ETextParserImpl@@UEAAPEAXI@Z 0000000180029bf0 f i  CIL library: CIL module
 0001:00028bf0       ??_GTextParserImpl@@UEAAPEAXI@Z 0000000180029bf0 f i TextParserImpl.obj
 0001:00028c80       ?setFileType@TextParserImpl@@UEAAXPEAVFileType@@@Z 0000000180029c80 f   TextParserImpl.obj
 0001:00028cc0       ?setLineSource@TextParserImpl@@UEAAXPEAVLineSource@@@Z 0000000180029cc0 f   TextParserImpl.obj
 0001:00028cd0       ?setRegionHandler@TextParserImpl@@UEAAXPEAVRegionHandler@@@Z 0000000180029cd0 f   TextParserImpl.obj
 0001:00028ce0       ?parse@TextParserImpl@@UEAAHHHW4TextParseMode@@@Z 0000000180029ce0 f   TextParserImpl.obj
 0001:00028fb0       ?clearCache@TextParserImpl@@UEAAXXZ 0000000180029fb0 f   TextParserImpl.obj
 0001:000290a0       ?clearLine@Outliner@@UEAAXHPEAVString@@@Z 000000018002a0a0 f   Outliner.obj
 0001:000290a0       ?breakParse@TextParserImpl@@UEAAXXZ 000000018002a0a0 f   TextParserImpl.obj
 0001:000290b0       ?enterScheme@TextParserImpl@@AEAAXHPEAUSMatches@@PEBVSchemeNode@@@Z 000000018002a0b0 f   TextParserImpl.obj
 0001:00029230       ?leaveScheme@TextParserImpl@@AEAAXHPEAUSMatches@@PEBVSchemeNode@@@Z 000000018002a230 f   TextParserImpl.obj
 0001:000293c0       ?fillInvisibleSchemes@TextParserImpl@@AEAAXPEAVParseCache@@@Z 000000018002a3c0 f   TextParserImpl.obj
 0001:00029430       ?searchKW@TextParserImpl@@AEAAHPEBVSchemeNode@@HHH@Z 000000018002a430 f   TextParserImpl.obj
 0001:00029810       ?searchRE@TextParserImpl@@AEAAHPEAVSchemeImpl@@HHH@Z 000000018002a810 f   TextParserImpl.obj
 0001:0002a080       ?colorize@TextParserImpl@@AEAA_NPEAVCRegExp@@_N@Z 000000018002b080 f   TextParserImpl.obj
 0001:0002a3b0       ??0KeywordList@@QEAA@XZ    000000018002b3b0 f   HRCParserHelpers.obj
 0001:0002a450       ??1KeywordList@@QEAA@XZ    000000018002b450 f   HRCParserHelpers.obj
 0001:0002a4e0       ??_GCharacterClass@@QEAAPEAXI@Z 000000018002b4e0 f i HRCParserHelpers.obj
 0001:0002a520       ?kwCompare@@YAHPEBX0@Z     000000018002b520 f   HRCParserHelpers.obj
 0001:0002a530       ?kwCompareI@@YAHPEBX0@Z    000000018002b530 f   HRCParserHelpers.obj
 0001:0002a540       ?substrIndex@KeywordList@@QEAAXXZ 000000018002b540 f   HRCParserHelpers.obj
 0001:0002a7c0       ??0SchemeNode@@QEAA@XZ     000000018002b7c0 f   HRCParserHelpers.obj
 0001:0002a890       ??1SchemeNode@@QEAA@XZ     000000018002b890 f   HRCParserHelpers.obj
 0001:0002aa30       ?setBit@BitArray@@QEAAXH@Z 000000018002ba30 f   BitArray.obj
 0001:0002aac0       ?clearBit@BitArray@@QEAAXH@Z 000000018002bac0 f   BitArray.obj
 0001:0002ab50       ?addRange@BitArray@@QEAAXHH@Z 000000018002bb50 f   BitArray.obj
 0001:0002ac90       ?addBitArray@BitArray@@QEAAXPEADH@Z 000000018002bc90 f   BitArray.obj
 0001:0002ad30       ?clearBitArray@BitArray@@QEAAXPEADH@Z 000000018002bd30 f   BitArray.obj
 0001:0002add0       ?toLowerCase@Character@@SA_W_W@Z 000000018002bdd0 f   Character.obj
 0001:0002ae30       ?toUpperCase@Character@@SA_W_W@Z 000000018002be30 f   Character.obj
 0001:0002ae90       ?toTitleCase@Character@@SA_W_W@Z 000000018002be90 f   Character.obj
 0001:0002af00       ?isWhitespace@Character@@SA_N_W@Z 000000018002bf00 f   Character.obj
 0001:0002af70       ??1CharacterClass@@QEAA@XZ 000000018002bf70 f   CharacterClass.obj
 0001:0002afa0       ?createCharClass@CharacterClass@@SAPEAV1@AEBVString@@HPEAH@Z 000000018002bfa0 f   CharacterClass.obj
 0001:0002bc00       ?addChar@CharacterClass@@QEAAX_W@Z 000000018002cc00 f   CharacterClass.obj
 0001:0002bc80       ?addRange@CharacterClass@@QEAAX_W0@Z 000000018002cc80 f   CharacterClass.obj
 0001:0002bd60       ?addCategory@CharacterClass@@QEAAXW4ECharCategory@@@Z 000000018002cd60 f   CharacterClass.obj
 0001:0002be40       ?addCategory@CharacterClass@@QEAAXAEBVString@@@Z 000000018002ce40 f   CharacterClass.obj
 0001:0002c040       ?addCategory@CharacterClass@@QEAAXPEBD@Z 000000018002d040 f   CharacterClass.obj
 0001:0002c100       ?clearCategory@CharacterClass@@QEAAXAEBVString@@@Z 000000018002d100 f   CharacterClass.obj
 0001:0002c270       ?clearCategory@CharacterClass@@QEAAXPEBD@Z 000000018002d270 f   CharacterClass.obj
 0001:0002c330       ?addClass@CharacterClass@@QEAAXAEBV1@@Z 000000018002d330 f   CharacterClass.obj
 0001:0002c470       ?intersectClass@CharacterClass@@QEAAXAEBV1@@Z 000000018002d470 f   CharacterClass.obj
 0001:0002c590       ?clearClass@CharacterClass@@QEAAXAEBV1@@Z 000000018002d590 f   CharacterClass.obj
 0001:0002c6c0       ?clear@CharacterClass@@QEAAXXZ 000000018002d6c0 f   CharacterClass.obj
 0001:0002c750       ?fill@CharacterClass@@QEAAXXZ 000000018002d750 f   CharacterClass.obj
 0001:0002c870       ?inClass@CharacterClass@@QEBA_N_W@Z 000000018002d870 f   CharacterClass.obj
 0001:0002c8c0       ??4DString@@QEAAAEAV0@AEBV0@@Z 000000018002d8c0 f   DString.obj
 0001:0002c980       ??0DString@@QEAA@PEBEHH@Z  000000018002d980 f   DString.obj
 0001:0002cea0       ??1OutOfBoundException@@UEAA@XZ 000000018002dea0 f i ChooseTypeMenu.obj
 0001:0002cea0       ??1InputSourceException@@UEAA@XZ 000000018002dea0 f i TextLinesStore.obj
 0001:0002cea0       ??1Exception@@UEAA@XZ      000000018002dea0 f i Exception.obj
 0001:0002cea0       ??1ParseException@@UEAA@XZ 000000018002dea0 f i xmldom.obj
 0001:0002cea0       ??1HRCParserException@@UEAA@XZ 000000018002dea0 f i HRCParserImpl.obj
 0001:0002cea0       ??1FarHrcSettingsException@@UEAA@XZ 000000018002dea0 f i FarHrcSettings.obj
 0001:0002cea0       ??1ParserFactoryException@@UEAA@XZ 000000018002dea0 f i ParserFactory.obj
 0001:0002cea0       ??1UnsupportedEncodingException@@UEAA@XZ 000000018002dea0 f i DString.obj
 0001:0002cea0       ??1StringIndexOutOfBoundsException@@UEAA@XZ 000000018002dea0 f i DString.obj
 0001:0002ced0       ??0DString@@QEAA@PEBDHHH@Z 000000018002ded0 f   DString.obj
 0001:0002cfb0       ??0DString@@QEAA@PEB_WHH@Z 000000018002dfb0 f   DString.obj
 0001:0002d080       ??0DString@@QEAA@AEBVString@@HH@Z 000000018002e080 f   DString.obj
 0001:0002d080       ??0DString@@QEAA@PEBVString@@HH@Z 000000018002e080 f   DString.obj
 0001:0002d190       ??1DString@@UEAA@XZ        000000018002e190 f   DString.obj
 0001:0002d200       ??ADString@@UEBA_WH@Z      000000018002e200 f   DString.obj
 0001:0002d370       ?length@DString@@UEBAHXZ   000000018002e370 f   DString.obj
 0001:0002d380       ??0UnsupportedEncodingException@@QEAA@AEBVString@@@Z 000000018002e380 f   Encodings.obj
 0001:0002d450       ?getEncodingIndex@Encodings@@SAHPEBD@Z 000000018002e450 f   Encodings.obj
 0001:0002d4d0       ?toBytes@Encodings@@SAHH_WPEAE@Z 000000018002e4d0 f   Encodings.obj
 0001:0002d6c0       ?construct@SString@@IEAAXPEBVString@@HH@Z 000000018002e6c0 f   SString.obj
 0001:0002d810       ??_GStringBuffer@@UEAAPEAXI@Z 000000018002e810 f i StringBuffer.obj
 0001:0002d810       ??_EStringBuffer@@UEAAPEAXI@Z 000000018002e810 f i  CIL library: CIL module
 0001:0002d810       ??_ESString@@UEAAPEAXI@Z   000000018002e810 f i  CIL library: CIL module
 0001:0002d810       ??_GSString@@UEAAPEAXI@Z   000000018002e810 f i SString.obj
 0001:0002d8a0       ??0SString@@QEAA@PEADH@Z   000000018002e8a0 f   SString.obj
 0001:0002d9a0       ??0SString@@QEAA@PEA_W@Z   000000018002e9a0 f   SString.obj
 0001:0002da80       ??0SString@@QEAA@H@Z       000000018002ea80 f   SString.obj
 0001:0002dc50       ??1StringBuffer@@UEAA@XZ   000000018002ec50 f   StringBuffer.obj
 0001:0002dc50       ??1SString@@UEAA@XZ        000000018002ec50 f   SString.obj
 0001:0002dcc0       ??ASString@@UEBA_WH@Z      000000018002ecc0 f   SString.obj
 0001:0002dd10       ??0StringIndexOutOfBoundsException@@QEAA@AEBVString@@@Z 000000018002ed10 f   String.obj
 0001:0002dde0       ??1String@@UEAA@XZ         000000018002ede0 f   String.obj
 0001:0002de20       ??8String@@QEBA_NAEBV0@@Z  000000018002ee20 f   String.obj
 0001:0002dec0       ??9String@@QEBA_NAEBV0@@Z  000000018002eec0 f   String.obj
 0001:0002df60       ??9String@@QEBA_NPEBD@Z    000000018002ef60 f   String.obj
 0001:0002e030       ?equals@String@@QEBA_NPEBD@Z 000000018002f030 f   String.obj
 0001:0002e030       ??8String@@QEBA_NPEBD@Z    000000018002f030 f   String.obj
 0001:0002e100       ?equalsIgnoreCase@String@@QEBA_NPEBV1@@Z 000000018002f100 f   String.obj
 0001:0002e2e0       ?compareTo@String@@QEBAHAEBV1@@Z 000000018002f2e0 f   String.obj
 0001:0002e3a0       ?compareToIgnoreCase@String@@QEBAHAEBV1@@Z 000000018002f3a0 f   String.obj
 0001:0002e4e0       ?getWChars@String@@UEBAHPEAPEA_W@Z 000000018002f4e0 f   String.obj
 0001:0002e5b0       ?getBytes@String@@UEBAHPEAPEAEH@Z 000000018002f5b0 f   String.obj
 0001:0002e740       ?getChars@String@@UEBAPEBDH@Z 000000018002f740 f   String.obj
 0001:0002e790       ?getWChars@String@@UEBAPEB_WXZ 000000018002f790 f   String.obj
 0001:0002e7d0       ?indexOf@String@@UEBAH_WH@Z 000000018002f7d0 f   String.obj
 0001:0002e840       ?indexOf@String@@UEBAHAEBV1@H@Z 000000018002f840 f   String.obj
 0001:0002e8f0       ?indexOfIgnoreCase@String@@UEBAHAEBV1@H@Z 000000018002f8f0 f   String.obj
 0001:0002ea30       ?lastIndexOf@String@@UEBAH_WH@Z 000000018002fa30 f   String.obj
 0001:0002eac0       ?lastIndexOf@String@@UEBAHAEBV1@H@Z 000000018002fac0 f   String.obj
 0001:0002ebb0       ?startsWith@String@@UEBA_NAEBV1@H@Z 000000018002fbb0 f   String.obj
 0001:0002ec50       ?replace@String@@QEBAPEAV1@AEBV1@0@Z 000000018002fc50 f   String.obj
 0001:0002ee10       ??0StringBuffer@@QEAA@XZ   000000018002fe10 f   StringBuffer.obj
 0001:0002ee80       ??0StringBuffer@@QEAA@H@Z  000000018002fe80 f   StringBuffer.obj
 0001:0002eef0       ??0StringBuffer@@QEAA@PEBDHH@Z 000000018002fef0 f   StringBuffer.obj
 0001:0002f0a0       ??0StringBuffer@@QEAA@PEBVString@@HH@Z 00000001800300a0 f   StringBuffer.obj
 0001:0002f0a0       ??0StringBuffer@@QEAA@AEBVString@@HH@Z 00000001800300a0 f   StringBuffer.obj
 0001:0002f0f0       ?setLength@StringBuffer@@QEAAXH@Z 00000001800300f0 f   StringBuffer.obj
 0001:0002f1c0       ?append@StringBuffer@@QEAAAEAV1@PEBVString@@@Z 00000001800301c0 f   StringBuffer.obj
 0001:0002f2a0       ?append@StringBuffer@@QEAAAEAV1@AEBVString@@@Z 00000001800302a0 f   StringBuffer.obj
 0001:0002f3c0       ??HStringBuffer@@QEAAAEAV0@PEBD@Z 00000001800303c0 f   StringBuffer.obj
 0001:0002f490       ?getNumber@UnicodeTools@@SA_NPEBVString@@PEAN@Z 0000000180030490 f   UnicodeTools.obj
 0001:0002f8d0       ?getNumber@UnicodeTools@@SAHPEBVString@@@Z 00000001800308d0 f   UnicodeTools.obj
 0001:0002f980       ?getHex@UnicodeTools@@SAH_W@Z 0000000180030980 f   UnicodeTools.obj
 0001:0002f9f0       ?getHexNumber@UnicodeTools@@SAHPEBVString@@@Z 00000001800309f0 f   UnicodeTools.obj
 0001:0002faf0       ?getCurlyContent@UnicodeTools@@SAPEAVDString@@AEBVString@@H@Z 0000000180030af0 f   UnicodeTools.obj
 0001:0002fca0       ?getEscapedChar@UnicodeTools@@SA_WAEBVString@@HAEAH@Z 0000000180030ca0 f   UnicodeTools.obj
 0001:0002fe00       ??0Exception@@QEAA@AEBV0@@Z 0000000180030e00 f   Exception.obj
 0001:0002ff80       ??0Exception@@QEAA@AEBVString@@@Z 0000000180030f80 f   Exception.obj
 0001:00030190       ??0InputSourceException@@QEAA@AEBVString@@@Z 0000000180031190 f   Exception.obj
 0001:000302c0       ??0OutOfBoundException@@QEAA@AEBVString@@@Z 00000001800312c0 f   Exception.obj
 0001:000303f0       ??3@YAXPEAX@Z              00000001800313f0 f   MemoryChunks.obj
 0001:00030400       ??1InputSource@@UEAA@XZ    0000000180031400 f i FileInputSource.obj
 0001:00030410       ??_GInputSource@@UEAAPEAXI@Z 0000000180031410 f i FileInputSource.obj
 0001:00030410       ??_EInputSource@@UEAAPEAXI@Z 0000000180031410 f i  CIL library: CIL module
 0001:00030440       ??0FileInputSource@@QEAA@PEBVString@@PEAV0@@Z 0000000180031440 f   FileInputSource.obj
 0001:00030cd0       ??_GFileInputSource@@UEAAPEAXI@Z 0000000180031cd0 f i FileInputSource.obj
 0001:00030cd0       ??_EFileInputSource@@UEAAPEAXI@Z 0000000180031cd0 f i  CIL library: CIL module
 0001:00030d50       ?createRelative@FileInputSource@@MEAAPEAVInputSource@@PEBVString@@@Z 0000000180031d50 f   FileInputSource.obj
 0001:00030db0       ?openStream@FileInputSource@@UEAAPEBEXZ 0000000180031db0 f   FileInputSource.obj
 0001:00030ef0       ?closeStream@FileInputSource@@UEAAXXZ 0000000180031ef0 f   FileInputSource.obj
 0001:00030ef0       ?closeStream@HTTPInputSource@@UEAAXXZ 0000000180031ef0 f   HTTPInputSource.obj
 0001:00030f60       ?length@FileInputSource@@UEBAHXZ 0000000180031f60 f   FileInputSource.obj
 0001:00030f60       ?length@HTTPInputSource@@UEBAHXZ 0000000180031f60 f   HTTPInputSource.obj
 0001:00030ff0       ??0HTTPInputSource@@QEAA@PEBVString@@PEAV0@@Z 0000000180031ff0 f   HTTPInputSource.obj
 0001:00031190       ??_GHTTPInputSource@@UEAAPEAXI@Z 0000000180032190 f i HTTPInputSource.obj
 0001:00031190       ??_EHTTPInputSource@@UEAAPEAXI@Z 0000000180032190 f i  CIL library: CIL module
 0001:00031210       ?createRelative@HTTPInputSource@@MEAAPEAVInputSource@@PEBVString@@@Z 0000000180032210 f   HTTPInputSource.obj
 0001:00031270       ?openStream@HTTPInputSource@@UEAAPEBEXZ 0000000180032270 f   HTTPInputSource.obj
 0001:00031690       ?getAbsolutePath@InputSource@@SAPEAVString@@PEBV2@0@Z 0000000180032690 f   InputSource.obj
 0001:00031860       ?newInstance@InputSource@@SAPEAV1@PEBVString@@PEAV1@@Z 0000000180032860 f   InputSource.obj
 0001:00031b50       ?isRelative@InputSource@@SA_NPEBVString@@@Z 0000000180032b50 f   InputSource.obj
 0001:00031bc0       ?mem_open_file_func@@YAPEAXPEAXPEBDH@Z 0000000180032bc0 f   JARInputSource.obj
 0001:00031bd0       ?mem_read_file_func@@YAKPEAX00K@Z 0000000180032bd0 f   JARInputSource.obj
 0001:00031c20       ?mem_tell_file_func@@YAJPEAX0@Z 0000000180032c20 f   JARInputSource.obj
 0001:00031c30       ?mem_seek_file_func@@YAJPEAX0KH@Z 0000000180032c30 f   JARInputSource.obj
 0001:00031c80       ?createRelative@InputSource@@UEAAPEAV1@PEBVString@@@Z 0000000180032c80 f   FileInputSource.obj
 0001:00031c80       ?mem_close_file_func@@YAHPEAX0@Z 0000000180032c80 f   JARInputSource.obj
 0001:00031c80       ?getAttributes@Node@@UEAAPEBV?$Vector@PEBVString@@@@XZ 0000000180032c80 f   xmldom.obj
 0001:00031c80       ?mem_write_file_func@@YAKPEAX0PEBXK@Z 0000000180032c80 f   JARInputSource.obj
 0001:00031c90       ?mem_error_file_func@@YAHPEAX0@Z 0000000180032c90 f   JARInputSource.obj
 0001:00031ca0       ??0JARInputSource@@QEAA@PEBVString@@PEAVInputSource@@@Z 0000000180032ca0 f   JARInputSource.obj
 0001:00032210       ??_EJARInputSource@@UEAAPEAXI@Z 0000000180033210 f i  CIL library: CIL module
 0001:00032210       ??_GJARInputSource@@UEAAPEAXI@Z 0000000180033210 f i JARInputSource.obj
 0001:00032250       ??1JARInputSource@@UEAA@XZ 0000000180033250 f   JARInputSource.obj
 0001:000322d0       ??0JARInputSource@@IEAA@PEBVString@@PEAV0@_N@Z 00000001800332d0 f   JARInputSource.obj
 0001:00032590       ?createRelative@JARInputSource@@MEAAPEAVInputSource@@PEBVString@@@Z 0000000180033590 f   JARInputSource.obj
 0001:000325f0       ?openStream@JARInputSource@@UEAAPEBEXZ 00000001800335f0 f   JARInputSource.obj
 0001:00032a30       ?closeStream@JARInputSource@@UEAAXXZ 0000000180033a30 f   JARInputSource.obj
 0001:00032aa0       ?length@JARInputSource@@UEBAHXZ 0000000180033aa0 f   JARInputSource.obj
 0001:00032b30       ?getLocation@SharedInputSource@@UEBAPEBVString@@XZ 0000000180033b30 f i SharedInputSource.obj
 0001:00032b40       ?openStream@SharedInputSource@@UEAAPEBEXZ 0000000180033b40 f i SharedInputSource.obj
 0001:00032b50       ?closeStream@SharedInputSource@@UEAAXXZ 0000000180033b50 f i SharedInputSource.obj
 0001:00032b60       ?length@SharedInputSource@@UEBAHXZ 0000000180033b60 f i SharedInputSource.obj
 0001:00032b70       ??_ESharedInputSource@@EEAAPEAXI@Z 0000000180033b70 f i  CIL library: CIL module
 0001:00032b70       ??_GSharedInputSource@@EEAAPEAXI@Z 0000000180033b70 f i SharedInputSource.obj
 0001:00032bb0       ??1SharedInputSource@@EEAA@XZ 0000000180033bb0 f   SharedInputSource.obj
 0001:00032c30       ?getInputSource@SharedInputSource@@SAPEAV1@PEBVString@@PEAVInputSource@@@Z 0000000180033c30 f   SharedInputSource.obj
 0001:00032d30       ?get@?$Hashtable@PEAVSharedInputSource@@@@QEBAPEAVSharedInputSource@@PEBVString@@@Z 0000000180033d30 f i SharedInputSource.obj
 0001:00032de0       ?put@?$HashtableCore@PEAVSharedInputSource@@@@QEAA_NPEBVString@@PEAVSharedInputSource@@@Z 0000000180033de0 f i SharedInputSource.obj
 0001:00032f20       ?remove@?$HashtableCore@PEAVSharedInputSource@@@@QEAA_NPEBVString@@@Z 0000000180033f20 f i SharedInputSource.obj
 0001:00033020       ??0?$HashEntry@PEAVFarEditor@@@@QEAA@HPEBVString@@PEAVFarEditor@@PEAV0@@Z 0000000180034020 f i FarEditorSet.obj
 0001:00033020       ??0?$HashEntry@PEAVSharedInputSource@@@@QEAA@HPEBVString@@PEAVSharedInputSource@@PEAV0@@Z 0000000180034020 f i SharedInputSource.obj
 0001:00033020       ??0?$HashEntry@PEAVFileTypeImpl@@@@QEAA@HPEBVString@@PEAVFileTypeImpl@@PEAV0@@Z 0000000180034020 f i HRCParserImpl.obj
 0001:00033020       ??0?$HashEntry@PEAVRegionDefine@@@@QEAA@HPEBVString@@PEAVRegionDefine@@PEAV0@@Z 0000000180034020 f i StyledHRDMapper.obj
 0001:00033020       ??0?$HashEntry@PEAVString@@@@QEAA@HPEBVString@@PEAV1@PEAV0@@Z 0000000180034020 f i FarHrcSettings.obj
 0001:00033020       ??0?$HashEntry@PEAV?$Hashtable@PEAV?$Vector@PEBVString@@@@@@@@QEAA@HPEBVString@@PEAV?$Hashtable@PEAV?$Vector@PEBVString@@@@@@PEAV0@@Z 0000000180034020 f i ParserFactory.obj
 0001:00033020       ??0?$HashEntry@PEAVSchemeImpl@@@@QEAA@HPEBVString@@PEAVSchemeImpl@@PEAV0@@Z 0000000180034020 f i HRCParserImpl.obj
 0001:00033020       ??0?$HashEntry@PEAV?$Vector@PEBVString@@@@@@QEAA@HPEBVString@@PEAV?$Vector@PEBVString@@@@PEAV0@@Z 0000000180034020 f i ParserFactory.obj
 0001:00033020       ??0?$HashEntry@PEBVRegion@@@@QEAA@HPEBVString@@PEBVRegion@@PEAV0@@Z 0000000180034020 f i HRCParserImpl.obj
 0001:00033020       ??0?$HashEntry@PEBVString@@@@QEAA@HPEBVString@@0PEAV0@@Z 0000000180034020 f i ParserFactory.obj
 0001:000331a0       ?rehash@?$HashtableCore@PEBVRegion@@@@IEAAXXZ 00000001800341a0 f i HRCParserImpl.obj
 0001:000331a0       ?rehash@?$HashtableCore@PEBVString@@@@IEAAXXZ 00000001800341a0 f i ParserFactory.obj
 0001:000331a0       ?rehash@?$HashtableCore@PEAVFileTypeImpl@@@@IEAAXXZ 00000001800341a0 f i HRCParserImpl.obj
 0001:000331a0       ?rehash@?$HashtableCore@PEAVRegionDefine@@@@IEAAXXZ 00000001800341a0 f i StyledHRDMapper.obj
 0001:000331a0       ?rehash@?$HashtableCore@PEAVSharedInputSource@@@@IEAAXXZ 00000001800341a0 f i SharedInputSource.obj
 0001:000331a0       ?rehash@?$HashtableCore@PEAV?$Vector@PEBVString@@@@@@IEAAXXZ 00000001800341a0 f i ParserFactory.obj
 0001:000331a0       ?rehash@?$HashtableCore@PEAV?$Hashtable@PEAV?$Vector@PEBVString@@@@@@@@IEAAXXZ 00000001800341a0 f i ParserFactory.obj
 0001:000331a0       ?rehash@?$HashtableCore@PEAVString@@@@IEAAXXZ 00000001800341a0 f i FarHrcSettings.obj
 0001:000331a0       ?rehash@?$HashtableCore@PEAVFarEditor@@@@IEAAXXZ 00000001800341a0 f i FarEditorSet.obj
 0001:000331a0       ?rehash@?$HashtableCore@PEAVSchemeImpl@@@@IEAAXXZ 00000001800341a0 f i HRCParserImpl.obj
 0001:000332f0       ?init@StreamWriter@@IEAAXPEAU_iobuf@@H_N@Z 00000001800342f0 f   StreamWriter.obj
 0001:00033390       ?write@StreamWriter@@UEAAX_W@Z 0000000180034390 f   StreamWriter.obj
 0001:000333f0       ?write@Writer@@UEAAXAEBVString@@@Z 00000001800343f0 f   Writer.obj
 0001:00033440       ?write@Writer@@UEAAXPEBVString@@@Z 0000000180034440 f   Writer.obj
 0001:00033450       ?write@Writer@@UEAAXAEBVString@@HH@Z 0000000180034450 f   Writer.obj
 0001:000334c0       ?write@Writer@@UEAAXPEBVString@@HH@Z 00000001800344c0 f   Writer.obj
 0001:000334d0       ??0ParseException@@QEAA@AEBVString@@HH@Z 00000001800344d0 f i xmldom.obj
 0001:000337e0       ?resolveEntity@DefaultEntityResolver@@UEAAPEAVInputSource@@PEBVString@@0@Z 00000001800347e0 f i xmldom.obj
 0001:000337f0       ?peek@DocumentBuilder@@AEAAHH@Z 00000001800347f0 f i xmldom.obj
 0001:00033880       ?get@DocumentBuilder@@AEAA_WXZ 0000000180034880 f i xmldom.obj
 0001:000339e0       ??1Node@@UEAA@XZ           00000001800349e0 f i xmldom.obj
 0001:00033a10       ??_EDocument@@UEAAPEAXI@Z  0000000180034a10 f i  CIL library: CIL module
 0001:00033a10       ??_GNode@@UEAAPEAXI@Z      0000000180034a10 f i xmldom.obj
 0001:00033a10       ??_ENode@@UEAAPEAXI@Z      0000000180034a10 f i  CIL library: CIL module
 0001:00033a10       ??_GDocument@@UEAAPEAXI@Z  0000000180034a10 f i xmldom.obj
 0001:00033a60       ?appendChild@Document@@UEAAPEAVNode@@PEAV2@@Z 0000000180034a60 f i xmldom.obj
 0001:00033b40       ??0Document@@IEAA@XZ       0000000180034b40 f i xmldom.obj
 0001:00033c10       ?getAttributes@Element@@UEAAPEBV?$Vector@PEBVString@@@@XZ 0000000180034c10 f i xmldom.obj
 0001:00033c20       ??0Element@@IEAA@PEBVString@@@Z 0000000180034c20 f i xmldom.obj
 0001:00033cd0       ??1Element@@MEAA@XZ        0000000180034cd0 f i xmldom.obj
 0001:00033e60       ??_EElement@@MEAAPEAXI@Z   0000000180034e60 f i  CIL library: CIL module
 0001:00033e60       ??_GElement@@MEAAPEAXI@Z   0000000180034e60 f i xmldom.obj
 0001:00033ea0       ??0ProcessingInstruction@@IEAA@PEBVString@@0@Z 0000000180034ea0 f i xmldom.obj
 0001:00033f80       ??_GProcessingInstruction@@MEAAPEAXI@Z 0000000180034f80 f i xmldom.obj
 0001:00033f80       ??_EProcessingInstruction@@MEAAPEAXI@Z 0000000180034f80 f i  CIL library: CIL module
 0001:00034010       ??0CharacterData@@IEAA@W4NodeType@Node@@PEBVString@@@Z 0000000180035010 f i xmldom.obj
 0001:000340f0       ??_GComment@@UEAAPEAXI@Z   00000001800350f0 f i xmldom.obj
 0001:000340f0       ??_ECharacterData@@MEAAPEAXI@Z 00000001800350f0 f i  CIL library: CIL module
 0001:000340f0       ??_GText@@UEAAPEAXI@Z      00000001800350f0 f i xmldom.obj
 0001:000340f0       ??_GCharacterData@@MEAAPEAXI@Z 00000001800350f0 f i xmldom.obj
 0001:000340f0       ??_EComment@@UEAAPEAXI@Z   00000001800350f0 f i  CIL library: CIL module
 0001:000340f0       ??_EText@@UEAAPEAXI@Z      00000001800350f0 f i  CIL library: CIL module
 0001:00034170       ?replaceEntity@@YAPEAVString@@PEBV1@@Z 0000000180035170 f   xmldom.obj
[...]
 0001:0005d040       ?dtor$0@?0???__EDAutodetect@@YAXXZ@4HA 000000018005e040 f    CIL library: CIL module
 0001:0005d050       ?dtor$0@?0???__FDdefault@@YAXXZ@4HA 000000018005e050 f    CIL library: CIL module
 0001:0005d050       ?dtor$0@?0???__EDdefault@@YAXXZ@4HA 000000018005e050 f    CIL library: CIL module
 0001:0005d060       ?dtor$0@?0???__FDRgb@@YAXXZ@4HA 000000018005e060 f    CIL library: CIL module
 0001:0005d060       ?dtor$0@?0???__EDRgb@@YAXXZ@4HA 000000018005e060 f    CIL library: CIL module
 0001:0005d070       ?dtor$0@?0???__EDConsole@@YAXXZ@4HA 000000018005e070 f    CIL library: CIL module
 0001:0005d070       ?dtor$0@?0???__FDConsole@@YAXXZ@4HA 000000018005e070 f    CIL library: CIL module
 0001:0005d080       ?dtor$0@?0???__FDFavorite@@YAXXZ@4HA 000000018005e080 f    CIL library: CIL module
 0001:0005d080       ?dtor$0@?0???__EDFavorite@@YAXXZ@4HA 000000018005e080 f    CIL library: CIL module
 0001:0005d090       ?dtor$0@?0???__FDHotkey@@YAXXZ@4HA 000000018005e090 f    CIL library: CIL module
 0001:0005d090       ?dtor$0@?0???__EDHotkey@@YAXXZ@4HA 000000018005e090 f    CIL library: CIL module
 0001:0005d0a0       ?dtor$0@?0???__EDFullback@@YAXXZ@4HA 000000018005e0a0 f    CIL library: CIL module
 0001:0005d0a0       ?dtor$0@?0???__FDFullback@@YAXXZ@4HA 000000018005e0a0 f    CIL library: CIL module
 0001:0005d0b0       ?dtor$0@?0???__FDDefBack@@YAXXZ@4HA 000000018005e0b0 f    CIL library: CIL module
 0001:0005d0b0       ?dtor$0@?0???__EDDefBack@@YAXXZ@4HA 000000018005e0b0 f    CIL library: CIL module
 0001:0005d0c0       ?dtor$0@?0???__FDDefFore@@YAXXZ@4HA 000000018005e0c0 f    CIL library: CIL module
 0001:0005d0c0       ?dtor$0@?0???__EDDefFore@@YAXXZ@4HA 000000018005e0c0 f    CIL library: CIL module
 0001:0005d0d0       ?dtor$0@?0???__FDMaxLen@@YAXXZ@4HA 000000018005e0d0 f    CIL library: CIL module
 0001:0005d0d0       ?dtor$0@?0???__EDMaxLen@@YAXXZ@4HA 000000018005e0d0 f    CIL library: CIL module
 0001:0005d0e0       ?dtor$0@?0???__EDBackparse@@YAXXZ@4HA 000000018005e0e0 f    CIL library: CIL module
 0001:0005d0e0       ?dtor$0@?0???__FDBackparse@@YAXXZ@4HA 000000018005e0e0 f    CIL library: CIL module
 0001:0005d0f0       ?dtor$0@?0???__EDFalse@@YAXXZ@4HA 000000018005e0f0 f    CIL library: CIL module
 0001:0005d0f0       ?dtor$0@?0???__FDFalse@@YAXXZ@4HA 000000018005e0f0 f    CIL library: CIL module
 0001:0005d100       ?dtor$0@?0???__EDTrue@@YAXXZ@4HA 000000018005e100 f    CIL library: CIL module
 0001:0005d100       ?dtor$0@?0???__FDTrue@@YAXXZ@4HA 000000018005e100 f    CIL library: CIL module
 0001:0005d110       ?dtor$0@?0???__FDNo@@YAXXZ@4HA 000000018005e110 f    CIL library: CIL module
 0001:0005d110       ?dtor$0@?0???__EDNo@@YAXXZ@4HA 000000018005e110 f    CIL library: CIL module
 0001:0005d120       ?dtor$0@?0???__FDYes@@YAXXZ@4HA 000000018005e120 f    CIL library: CIL module
 0001:0005d120       ?dtor$0@?0???__EDYes@@YAXXZ@4HA 000000018005e120 f    CIL library: CIL module
 0001:0005d130       ?dtor$0@?0???__EDYes@@YAXXZ@4HA 000000018005e130 f    CIL library: CIL module
 0001:0005d130       ?dtor$0@?0???__FDYes@@YAXXZ@4HA 000000018005e130 f    CIL library: CIL module
 0001:0005d140       ?dtor$0@?0???__FDNone@@YAXXZ@4HA 000000018005e140 f    CIL library: CIL module
 0001:0005d140       ?dtor$0@?0???__EDNone@@YAXXZ@4HA 000000018005e140 f    CIL library: CIL module
 0001:0005d14c       _CallSETranslator$filt$0   000000018005e14c f   LIBCMT:trnsctrl.obj
 0001:0005d192       __FrameUnwindToState$filt$0 000000018005e192 f   LIBCMT:frame.obj
 0001:0005d1b2       __FrameUnwindToState$fin$1 000000018005e1b2 f   LIBCMT:frame.obj
 0001:0005d1db       __DestructExceptionObject$filt$0 000000018005e1db f   LIBCMT:frame.obj
 0001:0005d1f3       __CxxCallCatchBlock$filt$0 000000018005e1f3 f   LIBCMT:frame.obj
 0001:0005d2f3       __CxxCallCatchBlock$fin$1  000000018005e2f3 f   LIBCMT:frame.obj
 0001:0005d382       _ctrlfp$filt$0             000000018005e382 f   LIBCMT:_fpctrl_.obj
 0001:0005d3b0       ??__EDShowCross@@YAXXZ     000000018005e3b0 f    CIL library: CIL module
 0001:0005d400       ??__EDNone@@YAXXZ          000000018005e400 f    CIL library: CIL module
 0001:0005d450       ??__EDVertical@@YAXXZ      000000018005e450 f    CIL library: CIL module
 0001:0005d4a0       ??__EDHorizontal@@YAXXZ    000000018005e4a0 f    CIL library: CIL module
 0001:0005d4f0       ??__EDBoth@@YAXXZ          000000018005e4f0 f    CIL library: CIL module
 0001:0005d540       ??__EDCrossZorder@@YAXXZ   000000018005e540 f    CIL library: CIL module
 0001:0005d590       ??__EDBottom@@YAXXZ        000000018005e590 f    CIL library: CIL module
 0001:0005d5e0       ??__EDTop@@YAXXZ           000000018005e5e0 f    CIL library: CIL module
 0001:0005d630       ??__EDYes@@YAXXZ           000000018005e630 f    CIL library: CIL module
 0001:0005d680       ??__EDNo@@YAXXZ            000000018005e680 f    CIL library: CIL module
 0001:0005d6d0       ??__EDTrue@@YAXXZ          000000018005e6d0 f    CIL library: CIL module
 0001:0005d720       ??__EDFalse@@YAXXZ         000000018005e720 f    CIL library: CIL module
 0001:0005d770       ??__EDBackparse@@YAXXZ     000000018005e770 f    CIL library: CIL module
 0001:0005d7c0       ??__EDMaxLen@@YAXXZ        000000018005e7c0 f    CIL library: CIL module
 0001:0005d810       ??__EDDefFore@@YAXXZ       000000018005e810 f    CIL library: CIL module
 0001:0005d860       ??__EDDefBack@@YAXXZ       000000018005e860 f    CIL library: CIL module
 0001:0005d8b0       ??__EDFullback@@YAXXZ      000000018005e8b0 f    CIL library: CIL module
 0001:0005d900       ??__EDHotkey@@YAXXZ        000000018005e900 f    CIL library: CIL module
 0001:0005d950       ??__EDFavorite@@YAXXZ      000000018005e950 f    CIL library: CIL module
 0001:0005d9a0       ??__EDShowCross@@YAXXZ     000000018005e9a0 f    CIL library: CIL module
 0001:0005d9f0       ??__EDNone@@YAXXZ          000000018005e9f0 f    CIL library: CIL module
 0001:0005da40       ??__EDVertical@@YAXXZ      000000018005ea40 f    CIL library: CIL module
 0001:0005da90       ??__EDHorizontal@@YAXXZ    000000018005ea90 f    CIL library: CIL module
 0001:0005dae0       ??__EDBoth@@YAXXZ          000000018005eae0 f    CIL library: CIL module
 0001:0005db30       ??__EDCrossZorder@@YAXXZ   000000018005eb30 f    CIL library: CIL module
 0001:0005db80       ??__EDBottom@@YAXXZ        000000018005eb80 f    CIL library: CIL module
 0001:0005dbd0       ??__EDTop@@YAXXZ           000000018005ebd0 f    CIL library: CIL module
 0001:0005dc20       ??__EDYes@@YAXXZ           000000018005ec20 f    CIL library: CIL module
 0001:0005dc70       ??__EDNo@@YAXXZ            000000018005ec70 f    CIL library: CIL module
 0001:0005dcc0       ??__EDTrue@@YAXXZ          000000018005ecc0 f    CIL library: CIL module
 0001:0005dd10       ??__EDFalse@@YAXXZ         000000018005ed10 f    CIL library: CIL module
 0001:0005dd60       ??__EDBackparse@@YAXXZ     000000018005ed60 f    CIL library: CIL module
 0001:0005ddb0       ??__EDMaxLen@@YAXXZ        000000018005edb0 f    CIL library: CIL module
 0001:0005de00       ??__EDDefFore@@YAXXZ       000000018005ee00 f    CIL library: CIL module
 0001:0005de50       ??__EDDefBack@@YAXXZ       000000018005ee50 f    CIL library: CIL module
 0001:0005dea0       ??__EDFullback@@YAXXZ      000000018005eea0 f    CIL library: CIL module
 0001:0005def0       ??__EDHotkey@@YAXXZ        000000018005eef0 f    CIL library: CIL module
 0001:0005df40       ??__EDFavorite@@YAXXZ      000000018005ef40 f    CIL library: CIL module
 0001:0005df90       ??__EDShowCross@@YAXXZ     000000018005ef90 f    CIL library: CIL module
 0001:0005dfe0       ??__EDNone@@YAXXZ          000000018005efe0 f    CIL library: CIL module
 0001:0005e030       ??__EDVertical@@YAXXZ      000000018005f030 f    CIL library: CIL module
 0001:0005e080       ??__EDHorizontal@@YAXXZ    000000018005f080 f    CIL library: CIL module
 0001:0005e0d0       ??__EDBoth@@YAXXZ          000000018005f0d0 f    CIL library: CIL module
 0001:0005e120       ??__EDCrossZorder@@YAXXZ   000000018005f120 f    CIL library: CIL module
 0001:0005e170       ??__EDBottom@@YAXXZ        000000018005f170 f    CIL library: CIL module
 0001:0005e1c0       ??__EDTop@@YAXXZ           000000018005f1c0 f    CIL library: CIL module
 0001:0005e210       ??__EDYes@@YAXXZ           000000018005f210 f    CIL library: CIL module
 0001:0005e260       ??__EDNo@@YAXXZ            000000018005f260 f    CIL library: CIL module
 0001:0005e2b0       ??__EDTrue@@YAXXZ          000000018005f2b0 f    CIL library: CIL module
 0001:0005e300       ??__EDFalse@@YAXXZ         000000018005f300 f    CIL library: CIL module
 0001:0005e350       ??__EDBackparse@@YAXXZ     000000018005f350 f    CIL library: CIL module
 0001:0005e3a0       ??__EDMaxLen@@YAXXZ        000000018005f3a0 f    CIL library: CIL module
 0001:0005e3f0       ??__EDDefFore@@YAXXZ       000000018005f3f0 f    CIL library: CIL module
 0001:0005e440       ??__EDDefBack@@YAXXZ       000000018005f440 f    CIL library: CIL module
 0001:0005e490       ??__EDFullback@@YAXXZ      000000018005f490 f    CIL library: CIL module
 0001:0005e4e0       ??__EDHotkey@@YAXXZ        000000018005f4e0 f    CIL library: CIL module
 0001:0005e530       ??__EDFavorite@@YAXXZ      000000018005f530 f    CIL library: CIL module
 0001:0005e580       ??__EDConsole@@YAXXZ       000000018005f580 f    CIL library: CIL module
 0001:0005e5d0       ??__EDRgb@@YAXXZ           000000018005f5d0 f    CIL library: CIL module
 0001:0005e620       ??__EDdefault@@YAXXZ       000000018005f620 f    CIL library: CIL module
 0001:0005e670       ??__EDAutodetect@@YAXXZ    000000018005f670 f    CIL library: CIL module
 0001:0005e6c0       ??__EDShowCross@@YAXXZ     000000018005f6c0 f    CIL library: CIL module
 0001:0005e710       ??__EDNone@@YAXXZ          000000018005f710 f    CIL library: CIL module
 0001:0005e760       ??__EDVertical@@YAXXZ      000000018005f760 f    CIL library: CIL module
 0001:0005e7b0       ??__EDHorizontal@@YAXXZ    000000018005f7b0 f    CIL library: CIL module
 0001:0005e800       ??__EDBoth@@YAXXZ          000000018005f800 f    CIL library: CIL module
 0001:0005e850       ??__EDCrossZorder@@YAXXZ   000000018005f850 f    CIL library: CIL module
 0001:0005e8a0       ??__EDBottom@@YAXXZ        000000018005f8a0 f    CIL library: CIL module
 0001:0005e8f0       ??__EDTop@@YAXXZ           000000018005f8f0 f    CIL library: CIL module
 0001:0005e940       ??__EDYes@@YAXXZ           000000018005f940 f    CIL library: CIL module
 0001:0005e990       ??__EDNo@@YAXXZ            000000018005f990 f    CIL library: CIL module
 0001:0005e9e0       ??__EDTrue@@YAXXZ          000000018005f9e0 f    CIL library: CIL module
 0001:0005ea30       ??__EDFalse@@YAXXZ         000000018005fa30 f    CIL library: CIL module
 0001:0005ea80       ??__EDBackparse@@YAXXZ     000000018005fa80 f    CIL library: CIL module
 0001:0005ead0       ??__EDMaxLen@@YAXXZ        000000018005fad0 f    CIL library: CIL module
 0001:0005eb20       ??__EDDefFore@@YAXXZ       000000018005fb20 f    CIL library: CIL module
 0001:0005eb70       ??__EDDefBack@@YAXXZ       000000018005fb70 f    CIL library: CIL module
 0001:0005ebc0       ??__EDFullback@@YAXXZ      000000018005fbc0 f    CIL library: CIL module
 0001:0005ec10       ??__EDHotkey@@YAXXZ        000000018005fc10 f    CIL library: CIL module
 0001:0005ec60       ??__EDFavorite@@YAXXZ      000000018005fc60 f    CIL library: CIL module
 0001:0005ecb0       ??__EDConsole@@YAXXZ       000000018005fcb0 f    CIL library: CIL module
 0001:0005ed00       ??__EDRgb@@YAXXZ           000000018005fd00 f    CIL library: CIL module
 0001:0005ed50       ??__EDdefault@@YAXXZ       000000018005fd50 f    CIL library: CIL module
 0001:0005eda0       ??__EDAutodetect@@YAXXZ    000000018005fda0 f    CIL library: CIL module
 0001:0005edf0       ??__FDShowCross@@YAXXZ     000000018005fdf0 f    CIL library: CIL module
 0001:0005ee60       ??__FDNone@@YAXXZ          000000018005fe60 f    CIL library: CIL module
 0001:0005eed0       ??__FDVertical@@YAXXZ      000000018005fed0 f    CIL library: CIL module
 0001:0005ef40       ??__FDHorizontal@@YAXXZ    000000018005ff40 f    CIL library: CIL module
 0001:0005efb0       ??__FDBoth@@YAXXZ          000000018005ffb0 f    CIL library: CIL module
 0001:0005f020       ??__FDCrossZorder@@YAXXZ   0000000180060020 f    CIL library: CIL module
 0001:0005f090       ??__FDBottom@@YAXXZ        0000000180060090 f    CIL library: CIL module
 0001:0005f100       ??__FDTop@@YAXXZ           0000000180060100 f    CIL library: CIL module
 0001:0005f170       ??__FDYes@@YAXXZ           0000000180060170 f    CIL library: CIL module
 0001:0005f1e0       ??__FDNo@@YAXXZ            00000001800601e0 f    CIL library: CIL module
 0001:0005f250       ??__FDTrue@@YAXXZ          0000000180060250 f    CIL library: CIL module
 0001:0005f2c0       ??__FDFalse@@YAXXZ         00000001800602c0 f    CIL library: CIL module
 0001:0005f330       ??__FDBackparse@@YAXXZ     0000000180060330 f    CIL library: CIL module
 0001:0005f3a0       ??__FDMaxLen@@YAXXZ        00000001800603a0 f    CIL library: CIL module
 0001:0005f410       ??__FDDefFore@@YAXXZ       0000000180060410 f    CIL library: CIL module
 0001:0005f480       ??__FDDefBack@@YAXXZ       0000000180060480 f    CIL library: CIL module
 0001:0005f4f0       ??__FDFullback@@YAXXZ      00000001800604f0 f    CIL library: CIL module
 0001:0005f560       ??__FDHotkey@@YAXXZ        0000000180060560 f    CIL library: CIL module
 0001:0005f5d0       ??__FDFavorite@@YAXXZ      00000001800605d0 f    CIL library: CIL module
 0001:0005f640       ??__FDShowCross@@YAXXZ     0000000180060640 f    CIL library: CIL module
 0001:0005f6b0       ??__FDNone@@YAXXZ          00000001800606b0 f    CIL library: CIL module
 0001:0005f720       ??__FDVertical@@YAXXZ      0000000180060720 f    CIL library: CIL module
 0001:0005f790       ??__FDHorizontal@@YAXXZ    0000000180060790 f    CIL library: CIL module
 0001:0005f800       ??__FDBoth@@YAXXZ          0000000180060800 f    CIL library: CIL module
 0001:0005f870       ??__FDCrossZorder@@YAXXZ   0000000180060870 f    CIL library: CIL module
 0001:0005f8e0       ??__FDBottom@@YAXXZ        00000001800608e0 f    CIL library: CIL module
 0001:0005f950       ??__FDTop@@YAXXZ           0000000180060950 f    CIL library: CIL module
 0001:0005f9c0       ??__FDYes@@YAXXZ           00000001800609c0 f    CIL library: CIL module
 0001:0005fa30       ??__FDNo@@YAXXZ            0000000180060a30 f    CIL library: CIL module
 0001:0005faa0       ??__FDTrue@@YAXXZ          0000000180060aa0 f    CIL library: CIL module
 0001:0005fb10       ??__FDFalse@@YAXXZ         0000000180060b10 f    CIL library: CIL module
 0001:0005fb80       ??__FDBackparse@@YAXXZ     0000000180060b80 f    CIL library: CIL module
 0001:0005fbf0       ??__FDMaxLen@@YAXXZ        0000000180060bf0 f    CIL library: CIL module
 0001:0005fc60       ??__FDDefFore@@YAXXZ       0000000180060c60 f    CIL library: CIL module
 0001:0005fcd0       ??__FDDefBack@@YAXXZ       0000000180060cd0 f    CIL library: CIL module
 0001:0005fd40       ??__FDFullback@@YAXXZ      0000000180060d40 f    CIL library: CIL module
 0001:0005fdb0       ??__FDHotkey@@YAXXZ        0000000180060db0 f    CIL library: CIL module
 0001:0005fe20       ??__FDFavorite@@YAXXZ      0000000180060e20 f    CIL library: CIL module
 0001:0005fe90       ??__FDShowCross@@YAXXZ     0000000180060e90 f    CIL library: CIL module
 0001:0005ff00       ??__FDNone@@YAXXZ          0000000180060f00 f    CIL library: CIL module
 0001:0005ff70       ??__FDVertical@@YAXXZ      0000000180060f70 f    CIL library: CIL module
 0001:0005ffe0       ??__FDHorizontal@@YAXXZ    0000000180060fe0 f    CIL library: CIL module
 0001:00060050       ??__FDBoth@@YAXXZ          0000000180061050 f    CIL library: CIL module
 0001:000600c0       ??__FDCrossZorder@@YAXXZ   00000001800610c0 f    CIL library: CIL module
 0001:00060130       ??__FDBottom@@YAXXZ        0000000180061130 f    CIL library: CIL module
 0001:000601a0       ??__FDTop@@YAXXZ           00000001800611a0 f    CIL library: CIL module
 0001:00060210       ??__FDYes@@YAXXZ           0000000180061210 f    CIL library: CIL module
 0001:00060280       ??__FDNo@@YAXXZ            0000000180061280 f    CIL library: CIL module
 0001:000602f0       ??__FDTrue@@YAXXZ          00000001800612f0 f    CIL library: CIL module
 0001:00060360       ??__FDFalse@@YAXXZ         0000000180061360 f    CIL library: CIL module
 0001:000603d0       ??__FDBackparse@@YAXXZ     00000001800613d0 f    CIL library: CIL module
 0001:00060440       ??__FDMaxLen@@YAXXZ        0000000180061440 f    CIL library: CIL module
 0001:000604b0       ??__FDDefFore@@YAXXZ       00000001800614b0 f    CIL library: CIL module
 0001:00060520       ??__FDDefBack@@YAXXZ       0000000180061520 f    CIL library: CIL module
 0001:00060590       ??__FDFullback@@YAXXZ      0000000180061590 f    CIL library: CIL module
 0001:00060600       ??__FDHotkey@@YAXXZ        0000000180061600 f    CIL library: CIL module
 0001:00060670       ??__FDFavorite@@YAXXZ      0000000180061670 f    CIL library: CIL module
 0001:000606e0       ??__FDConsole@@YAXXZ       00000001800616e0 f    CIL library: CIL module
 0001:00060750       ??__FDRgb@@YAXXZ           0000000180061750 f    CIL library: CIL module
 0001:000607c0       ??__FDdefault@@YAXXZ       00000001800617c0 f    CIL library: CIL module
 0001:00060830       ??__FDAutodetect@@YAXXZ    0000000180061830 f    CIL library: CIL module
 0001:000608a0       ??__FDShowCross@@YAXXZ     00000001800618a0 f    CIL library: CIL module
 0001:00060910       ??__FDNone@@YAXXZ          0000000180061910 f    CIL library: CIL module
 0001:00060980       ??__FDVertical@@YAXXZ      0000000180061980 f    CIL library: CIL module
 0001:000609f0       ??__FDHorizontal@@YAXXZ    00000001800619f0 f    CIL library: CIL module
 0001:00060a60       ??__FDBoth@@YAXXZ          0000000180061a60 f    CIL library: CIL module
 0001:00060ad0       ??__FDCrossZorder@@YAXXZ   0000000180061ad0 f    CIL library: CIL module
 0001:00060b40       ??__FDBottom@@YAXXZ        0000000180061b40 f    CIL library: CIL module
 0001:00060bb0       ??__FDTop@@YAXXZ           0000000180061bb0 f    CIL library: CIL module
 0001:00060c20       ??__FDYes@@YAXXZ           0000000180061c20 f    CIL library: CIL module
 0001:00060c90       ??__FDNo@@YAXXZ            0000000180061c90 f    CIL library: CIL module
 0001:00060d00       ??__FDTrue@@YAXXZ          0000000180061d00 f    CIL library: CIL module
 0001:00060d70       ??__FDFalse@@YAXXZ         0000000180061d70 f    CIL library: CIL module
 0001:00060de0       ??__FDBackparse@@YAXXZ     0000000180061de0 f    CIL library: CIL module
 0001:00060e50       ??__FDMaxLen@@YAXXZ        0000000180061e50 f    CIL library: CIL module
 0001:00060ec0       ??__FDDefFore@@YAXXZ       0000000180061ec0 f    CIL library: CIL module
 0001:00060f30       ??__FDDefBack@@YAXXZ       0000000180061f30 f    CIL library: CIL module
 0001:00060fa0       ??__FDFullback@@YAXXZ      0000000180061fa0 f    CIL library: CIL module
 0001:00061010       ??__FDHotkey@@YAXXZ        0000000180062010 f    CIL library: CIL module
 0001:00061080       ??__FDFavorite@@YAXXZ      0000000180062080 f    CIL library: CIL module
 0001:000610f0       ??__FDConsole@@YAXXZ       00000001800620f0 f    CIL library: CIL module
 0001:00061160       ??__FDRgb@@YAXXZ           0000000180062160 f    CIL library: CIL module
 0001:000611d0       ??__FDdefault@@YAXXZ       00000001800621d0 f    CIL library: CIL module
 0001:00061240       ??__FDAutodetect@@YAXXZ    0000000180062240 f    CIL library: CIL module
