 Proclist

 Timestamp is 4d49e380 (Thu Feb 03 00:06:40 2011)

 Preferred load address is 10000000

 Start         Length     Name                   Class
 0001:00000000 0000018cH .idata$5                CODE
 0001:00000190 00001be4H .rdata                  CODE
 0001:00001d80 00007b04H .text                   CODE
 0001:00009884 0000008cH .idata$2                CODE
 0001:00009910 00000014H .idata$3                CODE
 0001:00009924 0000018cH .idata$4                CODE
 0001:00009ab0 0000069eH .idata$6                CODE
 0001:0000a150 00000191H .edata                  CODE
 0002:00000000 00000370H .data                   DATA
 0002:00000370 00025080H .bss                    DATA
 0003:00000000 00000058H .rsrc$01                DATA
 0003:00000060 00000378H .rsrc$02                DATA

  Address         Publics by Value              Rva+Base       Lib:Object

 0000:00000000       ___safe_se_handler_table   00000000     <absolute>
 0000:00000000       ___safe_se_handler_count   00000000     <absolute>
 0001:00000000       __imp__RegOpenKeyExW@20    10001000     advapi32:ADVAPI32.dll
 0001:00000004       __imp__RegCloseKey@4       10001004     advapi32:ADVAPI32.dll
 0001:00000008       __imp__RegQueryValueExW@24 10001008     advapi32:ADVAPI32.dll
 0001:0000000c       __imp__RegConnectRegistryW@12 1000100c     advapi32:ADVAPI32.dll
 0001:00000010       __imp__SetThreadToken@8    10001010     advapi32:ADVAPI32.dll
 0001:00000014       __imp__OpenThreadToken@16  10001014     advapi32:ADVAPI32.dll
 0001:00000018       __imp__AdjustTokenPrivileges@24 10001018     advapi32:ADVAPI32.dll
 0001:0000001c       __imp__LookupPrivilegeValueW@12 1000101c     advapi32:ADVAPI32.dll
 0001:00000020       __imp__DuplicateTokenEx@24 10001020     advapi32:ADVAPI32.dll
 0001:00000024       __imp__OpenProcessToken@12 10001024     advapi32:ADVAPI32.dll
 0001:00000028       __imp__RegCreateKeyExW@36  10001028     advapi32:ADVAPI32.dll
 0001:0000002c       __imp__RegSetValueExW@24   1000102c     advapi32:ADVAPI32.dll
 0001:00000030       __imp__GetUserNameW@8      10001030     advapi32:ADVAPI32.dll
 0001:00000034       \177ADVAPI32_NULL_THUNK_DATA 10001034     advapi32:ADVAPI32.dll
 0001:00000038       __imp__SetEvent@4          10001038     kernel32:KERNEL32.dll
 0001:0000003c       __imp__lstrcatW@8          1000103c     kernel32:KERNEL32.dll
 0001:00000040       __imp__lstrcpyW@8          10001040     kernel32:KERNEL32.dll
 0001:00000044       __imp__FileTimeToSystemTime@8 10001044     kernel32:KERNEL32.dll
 0001:00000048       __imp__lstrcmpiW@8         10001048     kernel32:KERNEL32.dll
 0001:0000004c       __imp__GetCurrentThreadId@0 1000104c     kernel32:KERNEL32.dll
 0001:00000050       __imp__GetTickCount@0      10001050     kernel32:KERNEL32.dll
 0001:00000054       __imp__SystemTimeToTzSpecificLocalTime@12 10001054     kernel32:KERNEL32.dll
 0001:00000058       __imp__GetLocalTime@4      10001058     kernel32:KERNEL32.dll
 0001:0000005c       __imp__GetSystemTimeAsFileTime@4 1000105c     kernel32:KERNEL32.dll
 0001:00000060       __imp__CreateFileW@28      10001060     kernel32:KERNEL32.dll
 0001:00000064       __imp__SetPriorityClass@8  10001064     kernel32:KERNEL32.dll
 0001:00000068       __imp__GetPriorityClass@4  10001068     kernel32:KERNEL32.dll
 0001:0000006c       __imp__lstrcmpW@8          1000106c     kernel32:KERNEL32.dll
 0001:00000070       __imp__ResetEvent@4        10001070     kernel32:KERNEL32.dll
 0001:00000074       __imp__GetProcessTimes@20  10001074     kernel32:KERNEL32.dll
 0001:00000078       __imp__WaitForMultipleObjects@16 10001078     kernel32:KERNEL32.dll
 0001:0000007c       __imp__CreateEventW@16     1000107c     kernel32:KERNEL32.dll
 0001:00000080       __imp__CreateMutexW@12     10001080     kernel32:KERNEL32.dll
 0001:00000084       __imp__GetProcAddress@8    10001084     kernel32:KERNEL32.dll
 0001:00000088       __imp__VirtualAlloc@16     10001088     kernel32:KERNEL32.dll
 0001:0000008c       __imp__TerminateProcess@8  1000108c     kernel32:KERNEL32.dll
 0001:00000090       __imp__OpenProcess@12      10001090     kernel32:KERNEL32.dll
 0001:00000094       __imp__UnmapViewOfFile@4   10001094     kernel32:KERNEL32.dll
 0001:00000098       __imp__MultiByteToWideChar@24 10001098     kernel32:KERNEL32.dll
 0001:0000009c       __imp__MapViewOfFile@20    1000109c     kernel32:KERNEL32.dll
 0001:000000a0       __imp__CreateFileMappingW@24 100010a0     kernel32:KERNEL32.dll
 0001:000000a4       __imp__ReadProcessMemory@20 100010a4     kernel32:KERNEL32.dll
 0001:000000a8       __imp__GetLastError@0      100010a8     kernel32:KERNEL32.dll
 0001:000000ac       __imp__GetCurrentThread@0  100010ac     kernel32:KERNEL32.dll
 0001:000000b0       __imp__GetDateFormatW@24   100010b0     kernel32:KERNEL32.dll
 0001:000000b4       __imp__GetTimeFormatW@24   100010b4     kernel32:KERNEL32.dll
 0001:000000b8       __imp__FileTimeToLocalFileTime@8 100010b8     kernel32:KERNEL32.dll
 0001:000000bc       __imp__LocalFree@4         100010bc     kernel32:KERNEL32.dll
 0001:000000c0       __imp__FormatMessageW@28   100010c0     kernel32:KERNEL32.dll
 0001:000000c4       __imp__DisableThreadLibraryCalls@4 100010c4     kernel32:KERNEL32.dll
 0001:000000c8       __imp__GetVersionExW@4     100010c8     kernel32:KERNEL32.dll
 0001:000000cc       __imp__HeapFree@12         100010cc     kernel32:KERNEL32.dll
 0001:000000d0       __imp__GetProcessHeap@0    100010d0     kernel32:KERNEL32.dll
 0001:000000d4       __imp__HeapAlloc@12        100010d4     kernel32:KERNEL32.dll
 0001:000000d8       __imp__HeapReAlloc@16      100010d8     kernel32:KERNEL32.dll
 0001:000000dc       __imp__VirtualFree@12      100010dc     kernel32:KERNEL32.dll
 0001:000000e0       __imp__SetLastError@4      100010e0     kernel32:KERNEL32.dll
 0001:000000e4       __imp__GetCurrentProcessId@0 100010e4     kernel32:KERNEL32.dll
 0001:000000e8       __imp__GetCurrentProcess@0 100010e8     kernel32:KERNEL32.dll
 0001:000000ec       __imp__DuplicateHandle@28  100010ec     kernel32:KERNEL32.dll
 0001:000000f0       __imp__lstrlenW@4          100010f0     kernel32:KERNEL32.dll
 0001:000000f4       __imp__lstrcpynW@12        100010f4     kernel32:KERNEL32.dll
 0001:000000f8       __imp__CreateThread@24     100010f8     kernel32:KERNEL32.dll
 0001:000000fc       __imp__TerminateThread@8   100010fc     kernel32:KERNEL32.dll
 0001:00000100       __imp__CloseHandle@4       10001100     kernel32:KERNEL32.dll
 0001:00000104       __imp__Sleep@4             10001104     kernel32:KERNEL32.dll
 0001:00000108       __imp__ReleaseMutex@4      10001108     kernel32:KERNEL32.dll
 0001:0000010c       __imp__WaitForSingleObject@8 1000110c     kernel32:KERNEL32.dll
 0001:00000110       __imp__GetModuleHandleW@4  10001110     kernel32:KERNEL32.dll
 0001:00000114       __imp__WriteFile@20        10001114     kernel32:KERNEL32.dll
 0001:00000118       \177KERNEL32_NULL_THUNK_DATA 10001118     kernel32:KERNEL32.dll
 0001:0000011c       __imp__WNetAddConnection2W@16 1000111c     mpr:MPR.dll
 0001:00000120       __imp__WNetCancelConnection2W@12 10001120     mpr:MPR.dll
 0001:00000124       \177MPR_NULL_THUNK_DATA    10001124     mpr:MPR.dll
 0001:00000128       __imp__SysAllocString@4    10001128     oleaut32:OLEAUT32.dll
 0001:0000012c       __imp__SysFreeString@4     1000112c     oleaut32:OLEAUT32.dll
 0001:00000130       __imp__VariantClear@4      10001130     oleaut32:OLEAUT32.dll
 0001:00000134       \177OLEAUT32_NULL_THUNK_DATA 10001134     oleaut32:OLEAUT32.dll
 0001:00000138       __imp__GetWindowThreadProcessId@8 10001138     user32:USER32.dll
 0001:0000013c       __imp__GetParent@4         1000113c     user32:USER32.dll
 0001:00000140       __imp__IsWindowVisible@4   10001140     user32:USER32.dll
 0001:00000144       __imp__GetWindowTextW@12   10001144     user32:USER32.dll
 0001:00000148       __imp__GetWindowLongW@8    10001148     user32:USER32.dll
 0001:0000014c       __imp__wsprintfW           1000114c     user32:USER32.dll
 0001:00000150       __imp__EnumWindows@8       10001150     user32:USER32.dll
 0001:00000154       __imp__ShowWindowAsync@8   10001154     user32:USER32.dll
 0001:00000158       __imp__GetWindowPlacement@8 10001158     user32:USER32.dll
 0001:0000015c       __imp__SetForegroundWindow@4 1000115c     user32:USER32.dll
 0001:00000160       __imp__SystemParametersInfoW@16 10001160     user32:USER32.dll
 0001:00000164       __imp__IsIconic@4          10001164     user32:USER32.dll
 0001:00000168       \177USER32_NULL_THUNK_DATA 10001168     user32:USER32.dll
 0001:0000016c       __imp__GetFileVersionInfoW@16 1000116c     version:VERSION.dll
 0001:00000170       __imp__GetFileVersionInfoSizeW@8 10001170     version:VERSION.dll
 0001:00000174       __imp__VerQueryValueW@16   10001174     version:VERSION.dll
 0001:00000178       \177VERSION_NULL_THUNK_DATA 10001178     version:VERSION.dll
 0001:0000017c       __imp__CoCreateInstance@20 1000117c     ole32:ole32.dll
 0001:00000180       __imp__CoUninitialize@0    10001180     ole32:ole32.dll
 0001:00000184       __imp__CoInitialize@4      10001184     ole32:ole32.dll
 0001:00000188       \177ole32_NULL_THUNK_DATA  10001188     ole32:ole32.dll
 0001:00000190       ??_C@_1BA@KLFBJALL@?$AAW?$AAm?$AAi?$AAG?$AAu?$AAi?$AAd?$AA?$AA@ 10001190     handles.obj
 0001:000001a0       ??_C@_19DDLLJDOO@?$AAF?$AAi?$AAl?$AAe?$AA?$AA@ 100011a0     handles.obj
 0001:000001ac       ??_C@_1BK@HCMNLOAL@?$AAI?$AAo?$AAC?$AAo?$AAm?$AAp?$AAl?$AAe?$AAt?$AAi?$AAo?$AAn?$AA?$AA@ 100011ac     handles.obj
 0001:000001c8       ??_C@_17EKANHMLE@?$AAJ?$AAo?$AAb?$AA?$AA@ 100011c8     handles.obj
 0001:000001d0       ??_C@_1BK@GACLFIOK@?$AAW?$AAa?$AAi?$AAt?$AAa?$AAb?$AAl?$AAe?$AAP?$AAo?$AAr?$AAt?$AA?$AA@ 100011d0     handles.obj
 0001:000001ec       ??_C@_19OBNDINH@?$AAP?$AAo?$AAr?$AAt?$AA?$AA@ 100011ec     handles.obj
 0001:000001f8       ??_C@_17KACEIPNC@?$AAK?$AAe?$AAy?$AA?$AA@ 100011f8     handles.obj
 0001:00000200       ??_C@_1BA@LHDKDEEN@?$AAS?$AAe?$AAc?$AAt?$AAi?$AAo?$AAn?$AA?$AA@ 10001200     handles.obj
 0001:00000210       ??_C@_1BA@CBCBMBGJ@?$AAD?$AAe?$AAs?$AAk?$AAt?$AAo?$AAp?$AA?$AA@ 10001210     handles.obj
 0001:00000220       ??_C@_1BM@JIPCCEDL@?$AAW?$AAi?$AAn?$AAd?$AAo?$AAw?$AAS?$AAt?$AAa?$AAt?$AAi?$AAo?$AAn?$AA?$AA@ 10001220     handles.obj
 0001:0000023c       ??_C@_1BA@OKEJPPOI@?$AAP?$AAr?$AAo?$AAf?$AAi?$AAl?$AAe?$AA?$AA@ 1000123c     handles.obj
 0001:0000024c       ??_C@_1M@EEEEDEMN@?$AAT?$AAi?$AAm?$AAe?$AAr?$AA?$AA@ 1000124c     handles.obj
 0001:00000258       ??_C@_1BE@NPGPGCB@?$AAS?$AAe?$AAm?$AAa?$AAp?$AAh?$AAo?$AAr?$AAe?$AA?$AA@ 10001258     handles.obj
 0001:0000026c       ??_C@_1O@FBKOCLFA@?$AAM?$AAu?$AAt?$AAa?$AAn?$AAt?$AA?$AA@ 1000126c     handles.obj
 0001:0000027c       ??_C@_1BE@EBMGBMON@?$AAE?$AAv?$AAe?$AAn?$AAt?$AAP?$AAa?$AAi?$AAr?$AA?$AA@ 1000127c     handles.obj
 0001:00000290       ??_C@_1M@JJBFPLJB@?$AAE?$AAv?$AAe?$AAn?$AAt?$AA?$AA@ 10001290     handles.obj
 0001:0000029c       ??_C@_1O@CDOGJPJJ@?$AAT?$AAh?$AAr?$AAe?$AAa?$AAd?$AA?$AA@ 1000129c     handles.obj
 0001:000002ac       ??_C@_1BA@NMDNJJOO@?$AAP?$AAr?$AAo?$AAc?$AAe?$AAs?$AAs?$AA?$AA@ 100012ac     handles.obj
 0001:000002bc       ??_C@_1M@JFPKKFCK@?$AAT?$AAo?$AAk?$AAe?$AAn?$AA?$AA@ 100012bc     handles.obj
 0001:000002c8       ??_C@_1BK@KDPOKCA@?$AAS?$AAy?$AAm?$AAb?$AAo?$AAl?$AAi?$AAc?$AAL?$AAi?$AAn?$AAk?$AA?$AA@ 100012c8     handles.obj
 0001:000002e4       ??_C@_1BE@DNDHOCGP@?$AAD?$AAi?$AAr?$AAe?$AAc?$AAt?$AAo?$AAr?$AAy?$AA?$AA@ 100012e4     handles.obj
 0001:000002f8       ??_C@_11LOCGONAA@?$AA?$AA@ 100012f8     handles.obj
 0001:0000035c       ??_C@_17CNPHIMPH@?$AA?$CF?$AAl?$AAs?$AA?$AA@ 1000135c     handles.obj
 0001:00000364       ??_C@_1BA@FDFONNEJ@?$AA?$CF?$AAs?$AA?5?$AA?$CI?$AA?$CF?$AAd?$AA?$CJ?$AA?$AA@ 10001364     handles.obj
 0001:00000374       ??_C@_1BE@ELICABCK@?$AA?$DM?$AAu?$AAn?$AAk?$AAn?$AAo?$AAw?$AAn?$AA?$DO?$AA?$AA@ 10001374     handles.obj
 0001:00000388       ??_C@_1BA@LGCEDAAB@?$AAT?$AAI?$AAD?$AA?3?$AA?5?$AA?$CF?$AAd?$AA?$AA@ 10001388     handles.obj
 0001:00000398       ??_C@_15GANGMFKL@?$AA?$CF?$AAs?$AA?$AA@ 10001398     handles.obj
 0001:000003a0       ??_C@_19PEALEEJB@?$AAH?$AAK?$AAL?$AAM?$AA?$AA@ 100013a0     handles.obj
 0001:000003ac       ??_C@_1BA@INBMCOAP@?$AAM?$AAA?$AAC?$AAH?$AAI?$AAN?$AAE?$AA?$AA@ 100013ac     handles.obj
 0001:000003bc       ??_C@_19NCHLBIN@?$AAH?$AAK?$AAC?$AAR?$AA?$AA@ 100013bc     handles.obj
 0001:000003c8       ??_C@_1DC@OIDKFHBF@?$AAM?$AAA?$AAC?$AAH?$AAI?$AAN?$AAE?$AA?2?$AAS?$AAO?$AAF?$AAT?$AAW?$AAA?$AAR?$AAE?$AA?2?$AAC?$AAL?$AAA?$AAS?$AAS?$AAE?$AAS?$AA?$AA@ 100013c8     handles.obj
 0001:000003fc       ??_C@_17PJOJPMPB@?$AAH?$AAK?$AAU?$AA?$AA@ 100013fc     handles.obj
 0001:00000404       ??_C@_1BK@OEABCBLA@?$AAH?$AAK?$AAC?$AAU?$AA?2?$AAC?$AAl?$AAa?$AAs?$AAs?$AAe?$AAs?$AA?$AA@ 10001404     handles.obj
 0001:00000420       ??_C@_19JAPAIJDE@?$AAH?$AAK?$AAC?$AAU?$AA?$AA@ 10001420     handles.obj
 0001:0000042c       ??_C@_1BC@PGMOPNLK@?$AA_?$AAC?$AAl?$AAa?$AAs?$AAs?$AAe?$AAs?$AA?$AA@ 1000142c     handles.obj
 0001:00000440       ??_C@_19KGHAHCFG@?$AAU?$AAS?$AAE?$AAR?$AA?$AA@ 10001440     handles.obj
 0001:0000044c       ??_C@_1BG@OKCBELMP@?$AA?2?$AAR?$AAE?$AAG?$AAI?$AAS?$AAT?$AAR?$AAY?$AA?2?$AA?$AA@ 1000144c     handles.obj
 0001:00000464       ??_C@_1O@EAOKCHFC@?$AA?$CF?$AA?9?$AA1?$AA3?$AAs?$AA?5?$AA?$AA@ 10001464     handles.obj
 0001:00000474       ??_C@_19DEJHOMFE@?$AA?9?$AA?$CF?$AAl?$AAu?$AA?$AA@ 10001474     handles.obj
 0001:00000480       ??_C@_1EC@MPDKEHCN@?$AA0?$AAx?$AA?$CF?$AA0?$AA2?$AAh?$AAx?$AA?$CF?$AA0?$AA2?$AAh?$AAx?$AA?$CF?$AA0?$AA2?$AAh?$AAx?$AA?$CF?$AA0?$AA2?$AAh?$AAx?$AA?$CF?$AA0?$AA2?$AAh?$AAx?$AA?$CF?$AA0?$AA2?$AAh?$AAx@ 10001480     handles.obj
 0001:000004c4       ??_C@_17IJMNDCL@?$AA?$CF?$AAl?$AAu?$AA?$AA@ 100014c4     handles.obj
 0001:000004cc       ??_C@_1BA@IGEMANKH@?$AA?2?$AAS?$AA?9?$AA?$CF?$AAl?$AAu?$AA?9?$AA?$AA@ 100014cc     handles.obj
 0001:000004dc       ??_C@_1BG@OCPCMCEA@?$AA?$CF?$AA5?$AAX?$AA?5?$AA?5?$AA?$CF?$AA0?$AA8?$AAX?$AA?5?$AA?$AA@ 100014dc     handles.obj
 0001:000004f4       ??_C@_1O@HAOIKAHJ@?$AA?$CF?$AAs?$AA?6?$AA?$CF?$AAs?$AA?6?$AA?$AA@ 100014f4     handles.obj
 0001:00000504       ??_C@_1BM@KMCHODLM@?$AAE?$AAx?$AAp?$AAo?$AAr?$AAt?$AAH?$AAa?$AAn?$AAd?$AAl?$AAe?$AAs?$AA?$AA@ 10001504     PCFG.OBJ
 0001:00000520       ??_C@_1CE@GNMOKOAL@?$AAE?$AAx?$AAp?$AAo?$AAr?$AAt?$AAP?$AAe?$AAr?$AAf?$AAo?$AAr?$AAm?$AAa?$AAn?$AAc?$AAe?$AA?$AA@ 10001520     PCFG.OBJ
 0001:00000544       ??_C@_1CI@OFLGHPDG@?$AAE?$AAx?$AAp?$AAo?$AAr?$AAt?$AAM?$AAo?$AAd?$AAu?$AAl?$AAe?$AAV?$AAe?$AAr?$AAs?$AAi?$AAo?$AAn?$AA?$AA@ 10001544     PCFG.OBJ
 0001:0000056c       ??_C@_1CC@OABICAMP@?$AAE?$AAx?$AAp?$AAo?$AAr?$AAt?$AAM?$AAo?$AAd?$AAu?$AAl?$AAe?$AAI?$AAn?$AAf?$AAo?$AA?$AA@ 1000156c     PCFG.OBJ
 0001:00000590       ??_C@_1CE@JIPJNDMD@?$AAE?$AAx?$AAp?$AAo?$AAr?$AAt?$AAE?$AAn?$AAv?$AAi?$AAr?$AAo?$AAn?$AAm?$AAe?$AAn?$AAt?$AA?$AA@ 10001590     PCFG.OBJ
 0001:000005b4       ??_C@_1CC@PNNAOHJC@?$AAA?$AAd?$AAd?$AAT?$AAo?$AAP?$AAl?$AAu?$AAg?$AAi?$AAn?$AAs?$AAM?$AAe?$AAn?$AAu?$AA?$AA@ 100015b4     PCFG.OBJ
 0001:000005d8       ??_C@_1BO@NGDOFANC@?$AAA?$AAd?$AAd?$AAT?$AAo?$AAD?$AAi?$AAs?$AAk?$AAs?$AAM?$AAe?$AAn?$AAu?$AA?$AA@ 100015d8     PCFG.OBJ
 0001:000005f8       ??_C@_1BE@PKILIDFH@?$AAE?$AAn?$AAa?$AAb?$AAl?$AAe?$AAW?$AAM?$AAI?$AA?$AA@ 100015f8     PCFG.OBJ
 0001:0000060c       ??_C@_1O@BJPKKLLM@?$AAC?$AAo?$AAn?$AAf?$AAi?$AAg?$AA?$AA@ 1000160c     PCFG.OBJ
 0001:0000061c       ??_C@_13LHMFKAAD@?$AAM?$AA?$AA@ 1000161c     Pclass.obj
 0001:00000620       ??_C@_13JCKOPPNP@?$AAK?$AA?$AA@ 10001620     Pclass.obj
 0001:00000624       ??_C@_1CC@EBBNDNOD@?$AAF?$AAu?$AAl?$AAl?$AAS?$AAc?$AAr?$AAe?$AAe?$AAn?$AAR?$AAe?$AAm?$AAo?$AAt?$AAe?$AA?$AA@ 10001624     Pclass.obj
 0001:00000648       ??_C@_1CA@HLBJOHGN@?$AAF?$AAu?$AAl?$AAl?$AAS?$AAc?$AAr?$AAe?$AAe?$AAn?$AAL?$AAo?$AAc?$AAa?$AAl?$AA?$AA@ 10001648     Pclass.obj
 0001:00000668       ??_C@_1BK@DDBMMJCN@?$AAW?$AAi?$AAd?$AAt?$AAh?$AAs?$AAR?$AAe?$AAm?$AAo?$AAt?$AAe?$AA?$AA@ 10001668     Pclass.obj
 0001:00000684       ??_C@_1BI@FOOHDOCI@?$AAW?$AAi?$AAd?$AAt?$AAh?$AAs?$AAL?$AAo?$AAc?$AAa?$AAl?$AA?$AA@ 10001684     Pclass.obj
 0001:0000069c       ??_C@_1BM@EDHFKJEJ@?$AAC?$AAo?$AAl?$AAu?$AAm?$AAn?$AAs?$AAR?$AAe?$AAm?$AAo?$AAt?$AAe?$AA?$AA@ 1000169c     Pclass.obj
 0001:000006b8       ??_C@_1BK@HMOODHKK@?$AAC?$AAo?$AAl?$AAu?$AAm?$AAn?$AAs?$AAL?$AAo?$AAc?$AAa?$AAl?$AA?$AA@ 100016b8     Pclass.obj
 0001:000006d4       ??_C@_1O@CBODAMOP@?$AAM?$AAo?$AAd?$AAe?$AA?$CF?$AAd?$AA?$AA@ 100016d4     Pclass.obj
 0001:000006e4       ??_C@_15LNKNCLHH@?$AAS?$AAs?$AA?$AA@ 100016e4     Pclass.obj
 0001:000006ec       ??_C@_13DEFPDAGF@?$AA?0?$AA?$AA@ 100016ec     Pclass.obj
 0001:000006f0       ??_C@_19MPDKCIDK@?$AA?5?$AA?$CF?$AAs?$AA?5?$AA?$AA@ 100016f0     Pclass.obj
 0001:000006fc       ??_C@_1BA@MFHNOFIJ@?$AA?$CF?$AAs?$AA?3?$AA?5?$AA?$CF?$AAs?$AA?5?$AA?$AA@ 100016fc     Pclass.obj
 0001:0000070c       ??_C@_13HOIJIPNN@?$AA?5?$AA?$AA@ 1000170c     Pclass.obj
 0001:00000710       ??_C@_17JJIMNMHK@?$AA?5?$AA?$CG?$AA?$FO?$AA?$AA@ 10001710     Pclass.obj
 0001:00000718       ??_C@_1M@EJMLOAMM@?$AA?$CF?$AA?9?$AA2?$AA2?$AAs?$AA?$AA@ 10001718     Pclass.obj
 0001:00000724       ??_C@_17DJGLCLAO@?$AA?$CF?$AAs?$AA?3?$AA?$AA@ 10001724     Pclass.obj
 0001:0000072c       ??_C@_17JLFEDMMI@?$AA?$DP?$AA?$DP?$AA?$DP?$AA?$AA@ 1000172c     Pclass.obj
 0001:00000734       ??_C@_1BO@EHJBCONC@?$AA?$CF?$AA0?$AA2?$AAd?$AA?3?$AA?$CF?$AA0?$AA2?$AAd?$AA?3?$AA?$CF?$AA0?$AA2?$AAd?$AA?$AA@ 10001734     Pclass.obj
 0001:00000754       ??_C@_1CE@OMPPCAIJ@?$AA?$CF?$AAd?$AA?5?$AA?$CF?$AA0?$AA2?$AAd?$AA?3?$AA?$CF?$AA0?$AA2?$AAd?$AA?3?$AA?$CF?$AA0?$AA2?$AAd?$AA?$AA@ 10001754     Pclass.obj
 0001:000007a8       ??_C@_1CO@PDLCNLLF@?$AA?2?$AA?$CF?$AAs?$AA?2?$AA?$CF?$AAs?$AA?2?$AAF?$AAi?$AAl?$AAe?$AAD?$AAe?$AAs?$AAc?$AAr?$AAi?$AAp?$AAt?$AAi?$AAo?$AAn?$AA?$AA@ 100017a8     Pclass.obj
 0001:000007d8       ??_C@_1CG@PJJCHAJ@?$AA?2?$AA?$CF?$AAs?$AA?2?$AA?$CF?$AAs?$AA?2?$AAF?$AAi?$AAl?$AAe?$AAV?$AAe?$AAr?$AAs?$AAi?$AAo?$AAn?$AA?$AA@ 100017d8     Pclass.obj
 0001:00000820       ??_C@_19JHEHLFPM@?$AA?2?$AA?$DP?$AA?$DP?$AA?2?$AA?$AA@ 10001820     Pclass.obj
 0001:0000082c       ??_C@_1O@CIJHDDGA@?$AA?$CF?$AAs?$AA?5?$AA?$CF?$AAs?$AA?6?$AA?$AA@ 1000182c     Pclass.obj
 0001:0000083c       ??_C@_1O@DGEEABED@?$AA?$CF?$AAs?$AA?5?$AA?$CF?$AAd?$AA?6?$AA?$AA@ 1000183c     Pclass.obj
 0001:0000084c       ??_C@_1M@CBILFCKF@?$AA?5?$AA?$CI?$AA?$CF?$AAs?$AA?$CJ?$AA?$AA@ 1000184c     Pclass.obj
 0001:00000858       ??_C@_17CHCGIDNB@?$AA?$CF?$AAs?$AA?2?$AA?$AA@ 10001858     Pclass.obj
 0001:00000860       ??_C@_17GMPJMPF@?$AA?$CF?$AAs?$AA?5?$AA?$AA@ 10001860     Pclass.obj
 0001:00000868       ??_C@_1BC@OMEIBLAI@?$AAw?$AAb?$AAe?$AAm?$AAc?$AAo?$AAm?$AAn?$AA?$AA@ 10001868     Pclass.obj
 0001:00000990       ??_C@_1CM@OLKFIHMK@?$AAN?$AA?0?$AAX?$AA1?$AA5?$AAT?$AA?0?$AAX?$AA1?$AA6?$AAT?$AA?0?$AAX?$AA1?$AA7?$AAT?$AA?0?$AAX?$AA1?$AA8?$AAS?$AA?$AA@ 10001990     Pclass.obj
 0001:000009bc       ??_C@_1BG@MNPGDOEP@?$AA1?$AA2?$AA?0?$AA0?$AA?0?$AA0?$AA?0?$AA0?$AA?0?$AA4?$AA?$AA@ 100019bc     Pclass.obj
 0001:000009d4       ??_C@_1BO@ONCLJEFA@?$AAN?$AA?0?$AAX?$AAI?$AA?0?$AAX?$AAP?$AA?0?$AAX?$AA0?$AAS?$AA?0?$AAX?$AA6?$AA?$AA@ 100019d4     Pclass.obj
 0001:000009f4       ??_C@_1BE@NCGLNDMK@?$AA0?$AA?0?$AA4?$AA?0?$AA2?$AA?0?$AA3?$AA?0?$AA9?$AA?$AA@ 100019f4     Pclass.obj
 0001:00000a08       ??_C@_17KNGPBKAK@?$AAN?$AA?0?$AAN?$AA?$AA@ 10001a08     Pclass.obj
 0001:00000a10       ??_C@_17JPFFEOAH@?$AA0?$AA?0?$AA0?$AA?$AA@ 10001a10     Pclass.obj
 0001:00000a18       ??_C@_1BI@FAMBFJKE@?$AAN?$AA?0?$AAX?$AAI?$AA?0?$AAX?$AAC?$AA?0?$AAD?$AA?0?$AAT?$AA?$AA@ 10001a18     Pclass.obj
 0001:00000a30       ??_C@_1BE@MONBDOED@?$AA0?$AA?0?$AA4?$AA?0?$AA4?$AA?0?$AA0?$AA?0?$AA0?$AA?$AA@ 10001a30     Pclass.obj
 0001:00000a44       ??_C@_1BG@MICALLFD@?$AAN?$AA?0?$AAX?$AAI?$AA?0?$AAX?$AA4?$AA?0?$AAX?$AA6?$AA?$AA@ 10001a44     Pclass.obj
 0001:00000a5c       ??_C@_1BA@CAEMMMKJ@?$AA0?$AA?0?$AA4?$AA?0?$AA9?$AA?0?$AA9?$AA?$AA@ 10001a5c     Pclass.obj
 0001:00000a6c       ??_C@_1DI@NKOPFHII@?$AAN?$AA?0?$AAX?$AAI?$AA?0?$AAX?$AA4?$AA?0?$AAX?$AA6?$AA?0?$AAX?$AA1?$AA0?$AA?0?$AAX?$AA1?$AA2?$AA?0?$AAX?$AA0?$AA?0?$AAX?$AA1?$AA?0?$AAX?$AA2?$AA?$AA@ 10001a6c     Pclass.obj
 0001:00000aa4       ??_C@_1CG@HGJJIJIH@?$AA1?$AA2?$AA?0?$AA4?$AA?0?$AA0?$AA?0?$AA0?$AA?0?$AA0?$AA?0?$AA0?$AA?0?$AA8?$AA?0?$AA8?$AA?0?$AA8?$AA?$AA@ 10001aa4     Pclass.obj
 0001:00000acc       ??_C@_19ILLMDDHI@?$AAN?$AA?0?$AAZ?$AAD?$AA?$AA@ 10001acc     Pclass.obj
 0001:00000ad8       ??_C@_19NMOJBHGD@?$AA1?$AA2?$AA?0?$AA0?$AA?$AA@ 10001ad8     Pclass.obj
 0001:00000ae8       ??_C@_1EA@HPDEOPPH@?$AAN?$AA?0?$AAX?$AAP?$AA?0?$AAX?$AA0?$AAS?$AA?0?$AAX?$AA1?$AAS?$AA?0?$AAX?$AA2?$AAS?$AA?0?$AAX?$AA1?$AA1?$AAS?$AA?0?$AAX?$AA1?$AA4?$AAS?$AA?0?$AAX?$AA1?$AA8?$AAS?$AA?$AA@ 10001ae8     Pclass.obj
 0001:00000b28       ??_C@_1CA@MGMNHCLL@?$AA0?$AA?0?$AA2?$AA?0?$AA3?$AA?0?$AA2?$AA?0?$AA2?$AA?0?$AA3?$AA?0?$AA4?$AA?0?$AA3?$AA?$AA@ 10001b28     Pclass.obj
 0001:00000b48       ??_C@_1O@JGFFCAGM@?$AAN?$AA?0?$AAX?$AAI?$AA?0?$AAO?$AA?$AA@ 10001b48     Pclass.obj
 0001:00000b58       ??_C@_1O@LAHJLGAL@?$AA0?$AA?0?$AA5?$AA?0?$AA1?$AA5?$AA?$AA@ 10001b58     Pclass.obj
 0001:00000b68       ??_C@_1CC@FANCGEGE@?$AAN?$AA?0?$AAX?$AAI?$AA?0?$AAX?$AAT?$AA?0?$AAX?$AA3?$AA?0?$AAX?$AAG?$AA?0?$AAX?$AAU?$AA?$AA@ 10001b68     Pclass.obj
 0001:00000b8c       ??_C@_1BI@DGDJEDOL@?$AA0?$AA?0?$AA4?$AA?0?$AA3?$AA?0?$AA4?$AA?0?$AA4?$AA?0?$AA4?$AA?$AA@ 10001b8c     Pclass.obj
 0001:00000ba4       ??_C@_1BG@DLHHMOAG@?$AAN?$AA?0?$AAX?$AAP?$AA?0?$AAX?$AAB?$AA?0?$AAX?$AAI?$AA?$AA@ 10001ba4     Pclass.obj
 0001:00000bbc       ??_C@_1BA@CKKHBCHK@?$AA0?$AA?0?$AA2?$AA?0?$AA2?$AA?0?$AA8?$AA?$AA@ 10001bbc     Pclass.obj
 0001:00000bcc       ??_C@_1BM@BJDIPJPB@?$AAN?$AA?0?$AAX?$AAP?$AA?0?$AAX?$AAI?$AA?0?$AAX?$AAC?$AA?0?$AAX?$AAT?$AA?$AA@ 10001bcc     Pclass.obj
 0001:00000be8       ??_C@_1BE@FJBKKOHN@?$AA0?$AA?0?$AA2?$AA?0?$AA8?$AA?0?$AA8?$AA?0?$AA3?$AA?$AA@ 10001be8     Pclass.obj
 0001:00000bfc       ??_C@_17PBMJFEI@?$AAN?$AA?0?$AAS?$AA?$AA@ 10001bfc     Pclass.obj
 0001:00000c04       ??_C@_17FKOBGGOI@?$AA0?$AA?0?$AA8?$AA?$AA@ 10001c04     Pclass.obj
 0001:00000c0c       ??_C@_19FEMHPDLA@?$AAN?$AA?0?$AAZ?$AAP?$AA?$AA@ 10001c0c     Pclass.obj
 0001:00000c18       ??_C@_19MJBAMLAJ@?$AAN?$AA?0?$AAZ?$AAW?$AA?$AA@ 10001c18     Pclass.obj
 0001:00000c24       ??_C@_1BA@KIJKDIOA@?$AAN?$AA?0?$AAX?$AAI?$AA?0?$AAX?$AAT?$AA?$AA@ 10001c24     Pclass.obj
 0001:00000c34       ??_C@_1M@BLKDGAA@?$AA0?$AA?0?$AA8?$AA?0?$AA3?$AA?$AA@ 10001c34     Pclass.obj
 0001:00000c40       ??_C@_1BG@COBJEPBB@?$AAN?$AA?0?$AAX?$AAI?$AA?0?$AAX?$AAT?$AA?0?$AAX?$AA3?$AA?$AA@ 10001c40     Pclass.obj
 0001:00000c58       ??_C@_1BA@EDOGAILM@?$AA0?$AA?0?$AA4?$AA?0?$AA3?$AA?0?$AA4?$AA?$AA@ 10001c58     Pclass.obj
 0001:00000c68       ??_C@_15DNHPCDHG@?$AAT?$AAt?$AA?$AA@ 10001c68     Pclass.obj
 0001:00000c70       ??_C@_15JOGBDECP@?$AA?0?$AA?5?$AA?$AA@ 10001c70     Pclass.obj
 0001:00000c78       ??_C@_1BE@PEGLKBKB@?$AA?6?$AA?$CF?$AAs?$AA?6?$AA?$CF?$AAs?$AA?$CF?$AAs?$AA?6?$AA?$AA@ 10001c78     Pclass.obj
 0001:00000c8c       ??_C@_1BO@LJMHGFAK@?$AA?$CF?$AA?9?$AA2?$AA2?$AAs?$AA?5?$AA?$CF?$AA0?$AA8?$AAX?$AA?5?$AA?$CF?$AAs?$AA?6?$AA?$AA@ 10001c8c     Pclass.obj
 0001:00000dd0       ??_C@_1BE@JKDBKCGH@?$AA?$CF?$AA?9?$AA2?$AA2?$AAs?$AA?5?$AA?$CF?$AAp?$AA?6?$AA?$AA@ 10001dd0     Pclass.obj
 0001:00000de4       ??_C@_1M@NOMFOFMP@?$AAH?$AAW?$AAN?$AAD?$AA?3?$AA?$AA@ 10001de4     Pclass.obj
 0001:00000df0       ??_C@_1BA@DHHNFIMD@?$AA?6?$AA?$CF?$AAs?$AA?5?$AA?$CF?$AAu?$AA?6?$AA?$AA@ 10001df0     Pclass.obj
 0001:00000e00       ??_C@_1BC@MLKIHIFN@?$AA?6?$AA?$CF?$AAs?$AA?3?$AA?6?$AA?$CF?$AAs?$AA?6?$AA?$AA@ 10001e00     Pclass.obj
 0001:00000e14       ??_C@_1BG@MDLBKGIE@?$AA?6?$AA?$CF?$AAs?$AA?5?$AA?$CF?$AAs?$AA?5?$AA?$CF?$AAs?$AA?6?$AA?$AA@ 10001e14     Pclass.obj
 0001:00000e2c       ??_C@_1BA@OBCELLNO@?$AA?6?$AA?$CF?$AAs?$AA?5?$AA?$CF?$AAs?$AA?6?$AA?$AA@ 10001e2c     Pclass.obj
 0001:00000e3c       ??_C@_1BA@DLBDKDON@?$AA?$CF?$AAs?$AA?5?$AA?$CF?$AA8?$AAu?$AA?6?$AA?$AA@ 10001e3c     Pclass.obj
 0001:00000e4c       ??_C@_1O@POMONAHN@?$AA?$CF?$AAs?$AA?5?$AA?$CF?$AAu?$AA?6?$AA?$AA@ 10001e4c     Pclass.obj
 0001:00000e5c       ??_C@_1M@LFADDFHG@?$AA?$CF?$AA0?$AA8?$AAX?$AA?6?$AA?$AA@ 10001e5c     Pclass.obj
 0001:00000e68       ??_C@_17BPBJDALC@?$AA?$CF?$AAu?$AA?6?$AA?$AA@ 10001e68     Pclass.obj
 0001:00000e70       ??_C@_1BE@OMBNFFBH@?$AA?$CF?$AAu?$AA?5?$AA?5?$AA?$CI?$AA?$CF?$AAs?$AA?$CJ?$AA?6?$AA?$AA@ 10001e70     Pclass.obj
 0001:00000e84       ??_C@_1BC@CLLLJKLA@?$AA?$CF?$AAs?$AA?5?$AA?$CF?$AA0?$AA8?$AAX?$AA?6?$AA?$AA@ 10001e84     Pclass.obj
 0001:00000e98       ??_C@_1BC@NEODPHBM@?$AA?$CF?$AAs?$AA?5?$AA?$CF?$AAs?$AA?$CF?$AAs?$AA?6?$AA?$AA@ 10001e98     Pclass.obj
 0001:00000eac       ??_C@_1O@CNKEJBH@?$AA?0?$AA?5?$AA?$CF?$AAd?$AA?$CF?$AAs?$AA?$AA@ 10001eac     Pclass.obj
 0001:00000ed4       ??_C@_19GGNHIDOH@?$AA?4?$AAt?$AAx?$AAt?$AA?$AA@ 10001ed4     Pclass.obj
 0001:00000ee0       ??_C@_1BC@OMEIHGFC@?$AAW?$AAS?$AA_?$AAP?$AAO?$AAP?$AAU?$AAP?$AA?$AA@ 10001ee0     Pclass.obj
 0001:00000ef4       ??_C@_1BC@ONEEOLLM@?$AAW?$AAS?$AA_?$AAC?$AAH?$AAI?$AAL?$AAD?$AA?$AA@ 10001ef4     Pclass.obj
 0001:00000f08       ??_C@_1BI@GHDIGAD@?$AAW?$AAS?$AA_?$AAM?$AAI?$AAN?$AAI?$AAM?$AAI?$AAZ?$AAE?$AA?$AA@ 10001f08     Pclass.obj
 0001:00000f20       ??_C@_1BG@KLPFHNBP@?$AAW?$AAS?$AA_?$AAV?$AAI?$AAS?$AAI?$AAB?$AAL?$AAE?$AA?$AA@ 10001f20     Pclass.obj
 0001:00000f38       ??_C@_1BI@NKODCGOF@?$AAW?$AAS?$AA_?$AAD?$AAI?$AAS?$AAA?$AAB?$AAL?$AAE?$AAD?$AA?$AA@ 10001f38     Pclass.obj
 0001:00000f50       ??_C@_1CA@PCFJBBHH@?$AAW?$AAS?$AA_?$AAC?$AAL?$AAI?$AAP?$AAS?$AAI?$AAB?$AAL?$AAI?$AAN?$AAG?$AAS?$AA?$AA@ 10001f50     Pclass.obj
 0001:00000f70       ??_C@_1CA@MPLGGIO@?$AAW?$AAS?$AA_?$AAC?$AAL?$AAI?$AAP?$AAC?$AAH?$AAI?$AAL?$AAD?$AAR?$AAE?$AAN?$AA?$AA@ 10001f70     Pclass.obj
 0001:00000f90       ??_C@_1BI@OLBAGOJG@?$AAW?$AAS?$AA_?$AAM?$AAA?$AAX?$AAI?$AAM?$AAI?$AAZ?$AAE?$AA?$AA@ 10001f90     Pclass.obj
 0001:00000fa8       ??_C@_1BE@DAMMEKNP@?$AAW?$AAS?$AA_?$AAB?$AAO?$AAR?$AAD?$AAE?$AAR?$AA?$AA@ 10001fa8     Pclass.obj
 0001:00000fbc       ??_C@_1BI@EDHINADK@?$AAW?$AAS?$AA_?$AAD?$AAL?$AAG?$AAF?$AAR?$AAA?$AAM?$AAE?$AA?$AA@ 10001fbc     Pclass.obj
 0001:00000fd4       ??_C@_1BG@CKCLFGFA@?$AAW?$AAS?$AA_?$AAV?$AAS?$AAC?$AAR?$AAO?$AAL?$AAL?$AA?$AA@ 10001fd4     Pclass.obj
 0001:00000fec       ??_C@_1BG@OMIOJOGF@?$AAW?$AAS?$AA_?$AAH?$AAS?$AAC?$AAR?$AAO?$AAL?$AAL?$AA?$AA@ 10001fec     Pclass.obj
 0001:00001004       ??_C@_1BG@KJOBMDJC@?$AAW?$AAS?$AA_?$AAS?$AAY?$AAS?$AAM?$AAE?$AAN?$AAU?$AA?$AA@ 10002004     Pclass.obj
 0001:0000101c       ??_C@_1BM@GPNNOPCH@?$AAW?$AAS?$AA_?$AAT?$AAH?$AAI?$AAC?$AAK?$AAF?$AAR?$AAA?$AAM?$AAE?$AA?$AA@ 1000201c     Pclass.obj
 0001:00001038       ??_C@_1BO@FODKBODI@?$AAW?$AAS?$AA_?$AAM?$AAI?$AAN?$AAI?$AAM?$AAI?$AAZ?$AAE?$AAB?$AAO?$AAX?$AA?$AA@ 10002038     Pclass.obj
 0001:00001058       ??_C@_1BO@IDJMAOMI@?$AAW?$AAS?$AA_?$AAM?$AAA?$AAX?$AAI?$AAM?$AAI?$AAZ?$AAE?$AAB?$AAO?$AAX?$AA?$AA@ 10002058     Pclass.obj
 0001:00001078       ??_C@_1CI@PKBCIOPN@?$AAW?$AAS?$AA_?$AAE?$AAX?$AA_?$AAD?$AAL?$AAG?$AAM?$AAO?$AAD?$AAA?$AAL?$AAF?$AAR?$AAA?$AAM?$AAE?$AA?$AA@ 10002078     Pclass.obj
 0001:000010a0       ??_C@_1CK@KJECLHMG@?$AAW?$AAS?$AA_?$AAE?$AAX?$AA_?$AAN?$AAO?$AAP?$AAA?$AAR?$AAE?$AAN?$AAT?$AAN?$AAO?$AAT?$AAI?$AAF?$AAY?$AA?$AA@ 100020a0     Pclass.obj
 0001:000010cc       ??_C@_1BM@OCBKBALE@?$AAW?$AAS?$AA_?$AAE?$AAX?$AA_?$AAT?$AAO?$AAP?$AAM?$AAO?$AAS?$AAT?$AA?$AA@ 100020cc     Pclass.obj
 0001:000010e8       ??_C@_1CE@JIDMMICL@?$AAW?$AAS?$AA_?$AAE?$AAX?$AA_?$AAA?$AAC?$AAC?$AAE?$AAP?$AAT?$AAF?$AAI?$AAL?$AAE?$AAS?$AA?$AA@ 100020e8     Pclass.obj
 0001:0000110c       ??_C@_1CE@PFFPBMCF@?$AAW?$AAS?$AA_?$AAE?$AAX?$AA_?$AAT?$AAR?$AAA?$AAN?$AAS?$AAP?$AAA?$AAR?$AAE?$AAN?$AAT?$AA?$AA@ 1000210c     Pclass.obj
 0001:00001130       ??_C@_1BO@MEOEJPLO@?$AAW?$AAS?$AA_?$AAE?$AAX?$AA_?$AAM?$AAD?$AAI?$AAC?$AAH?$AAI?$AAL?$AAD?$AA?$AA@ 10002130     Pclass.obj
 0001:00001150       ??_C@_1CC@IEIGGJGG@?$AAW?$AAS?$AA_?$AAE?$AAX?$AA_?$AAT?$AAO?$AAO?$AAL?$AAW?$AAI?$AAN?$AAD?$AAO?$AAW?$AA?$AA@ 10002150     Pclass.obj
 0001:00001174       ??_C@_1CC@PLPNIKGL@?$AAW?$AAS?$AA_?$AAE?$AAX?$AA_?$AAW?$AAI?$AAN?$AAD?$AAO?$AAW?$AAE?$AAD?$AAG?$AAE?$AA?$AA@ 10002174     Pclass.obj
 0001:00001198       ??_C@_1CC@IAPGCLEG@?$AAW?$AAS?$AA_?$AAE?$AAX?$AA_?$AAC?$AAL?$AAI?$AAE?$AAN?$AAT?$AAE?$AAD?$AAG?$AAE?$AA?$AA@ 10002198     Pclass.obj
 0001:000011bc       ??_C@_1CE@EANKNCIF@?$AAW?$AAS?$AA_?$AAE?$AAX?$AA_?$AAC?$AAO?$AAN?$AAT?$AAE?$AAX?$AAT?$AAH?$AAE?$AAL?$AAP?$AA?$AA@ 100021bc     Pclass.obj
 0001:000011e0       ??_C@_1BI@GFIADCMK@?$AAW?$AAS?$AA_?$AAE?$AAX?$AA_?$AAR?$AAI?$AAG?$AAH?$AAT?$AA?$AA@ 100021e0     Pclass.obj
 0001:000011f8       ??_C@_1CC@JOFCJJPB@?$AAW?$AAS?$AA_?$AAE?$AAX?$AA_?$AAR?$AAT?$AAL?$AAR?$AAE?$AAA?$AAD?$AAI?$AAN?$AAG?$AA?$AA@ 100021f8     Pclass.obj
 0001:0000121c       ??_C@_1CI@EFLDECAB@?$AAW?$AAS?$AA_?$AAE?$AAX?$AA_?$AAL?$AAE?$AAF?$AAT?$AAS?$AAC?$AAR?$AAO?$AAL?$AAL?$AAB?$AAA?$AAR?$AA?$AA@ 1000221c     Pclass.obj
 0001:00001244       ??_C@_1CI@CIFGFFJB@?$AAW?$AAS?$AA_?$AAE?$AAX?$AA_?$AAC?$AAO?$AAN?$AAT?$AAR?$AAO?$AAL?$AAP?$AAA?$AAR?$AAE?$AAN?$AAT?$AA?$AA@ 10002244     Pclass.obj
 0001:0000126c       ??_C@_1CC@BGEPLDCA@?$AAW?$AAS?$AA_?$AAE?$AAX?$AA_?$AAS?$AAT?$AAA?$AAT?$AAI?$AAC?$AAE?$AAD?$AAG?$AAE?$AA?$AA@ 1000226c     Pclass.obj
 0001:00001290       ??_C@_1CA@DOAIHHLO@?$AAW?$AAS?$AA_?$AAE?$AAX?$AA_?$AAA?$AAP?$AAP?$AAW?$AAI?$AAN?$AAD?$AAO?$AAW?$AA?$AA@ 10002290     Pclass.obj
 0001:000012b0       ??_C@_1BM@FAODAMGD@?$AAW?$AAS?$AA_?$AAE?$AAX?$AA_?$AAL?$AAA?$AAY?$AAE?$AAR?$AAE?$AAD?$AA?$AA@ 100022b0     Pclass.obj
 0001:000012cc       ??_C@_1CM@DJKNBOGD@?$AAW?$AAS?$AA_?$AAE?$AAX?$AA_?$AAN?$AAO?$AAI?$AAN?$AAH?$AAE?$AAR?$AAI?$AAT?$AAL?$AAA?$AAY?$AAO?$AAU?$AAT?$AA?$AA@ 100022cc     Pclass.obj
 0001:000012f8       ??_C@_1CA@KMHLBMFI@?$AAW?$AAS?$AA_?$AAE?$AAX?$AA_?$AAL?$AAA?$AAY?$AAO?$AAU?$AAT?$AAR?$AAT?$AAL?$AA?$AA@ 100022f8     Pclass.obj
 0001:00001318       ??_C@_1CC@LOFMDOPL@?$AAW?$AAS?$AA_?$AAE?$AAX?$AA_?$AAN?$AAO?$AAA?$AAC?$AAT?$AAI?$AAV?$AAA?$AAT?$AAE?$AA?$AA@ 10002318     Pclass.obj
 0001:0000133c       ??_C@_1BC@IALIJCAM@?$AAS?$AAo?$AAr?$AAt?$AAM?$AAo?$AAd?$AAe?$AA?$AA@ 1000233c     Pclass.obj
 0001:00001350       ??_C@_1BO@OMKAPLPJ@?$AAS?$AAt?$AAa?$AAr?$AAt?$AAP?$AAa?$AAn?$AAe?$AAl?$AAM?$AAo?$AAd?$AAe?$AA?$AA@ 10002350     Pclass.obj
 0001:00001370       ??_C@_1M@MOFLFCEC@?$AA?$CF?$AAs?$AA?5?$AA?$CF?$AAs?$AA?$AA@ 10002370     Pclass.obj
 0001:0000137c       ??_C@_1M@HKFBKEEN@?$AA?$CF?$AA?$CF?$AA?5?$AA?$CF?$AAs?$AA?$AA@ 1000237c     Pclass.obj
 0001:000013a4       ??_C@_1BC@ENICKDH@?$AAC?$AAo?$AAn?$AAt?$AAe?$AAn?$AAt?$AAs?$AA?$AA@ 100023a4     Pclass.obj
 0001:000013b8       ??_C@_15LEKKCGMK@?$AA?2?$AA?2?$AA?$AA@ 100023b8     Pclass.obj
 0001:000013c0       ??_C@_1CK@ECJCGOEK@?$AAP?$AAr?$AAo?$AAc?$AAe?$AAs?$AAs?$AAL?$AAi?$AAs?$AAt?$AA?4?$AAU?$AAs?$AAe?$AAr?$AAn?$AAa?$AAm?$AAe?$AA?$AA@ 100023c0     Pclass.obj
 0001:000013ec       ??_C@_1CK@DGKCELDD@?$AAP?$AAr?$AAo?$AAc?$AAe?$AAs?$AAs?$AAL?$AAi?$AAs?$AAt?$AA?4?$AAC?$AAo?$AAm?$AAp?$AAu?$AAt?$AAe?$AAr?$AA?$AA@ 100023ec     Pclass.obj
 0001:00001418       ??_C@_17FJPEEFCB@?$AAp?$AAr?$AAc?$AA?$AA@ 10002418     Pclass.obj
 0001:00001420       ??_C@_15DDHGOCBH@?$AA?4?$AA?4?$AA?$AA@ 10002420     Pclass.obj
 0001:00001428       ??_C@_1DA@BEHINMGJ@?$AAI?$AAO?$AA?5?$AAO?$AAt?$AAh?$AAe?$AAr?$AA?5?$AAO?$AAp?$AAe?$AAr?$AAa?$AAt?$AAi?$AAo?$AAn?$AAs?$AA?1?$AAs?$AAe?$AAc?$AA?$AA@ 10002428     perfthread.obj
 0001:00001458       ??_C@_1DA@HICMAFKK@?$AAI?$AAO?$AA?5?$AAW?$AAr?$AAi?$AAt?$AAe?$AA?5?$AAO?$AAp?$AAe?$AAr?$AAa?$AAt?$AAi?$AAo?$AAn?$AAs?$AA?1?$AAs?$AAe?$AAc?$AA?$AA@ 10002458     perfthread.obj
 0001:00001488       ??_C@_1CO@LIIKBHDH@?$AAI?$AAO?$AA?5?$AAR?$AAe?$AAa?$AAd?$AA?5?$AAO?$AAp?$AAe?$AAr?$AAa?$AAt?$AAi?$AAo?$AAn?$AAs?$AA?1?$AAs?$AAe?$AAc?$AA?$AA@ 10002488     perfthread.obj
 0001:000014b8       ??_C@_1CO@LIEOHDCC@?$AAI?$AAO?$AA?5?$AAD?$AAa?$AAt?$AAa?$AA?5?$AAO?$AAp?$AAe?$AAr?$AAa?$AAt?$AAi?$AAo?$AAn?$AAs?$AA?1?$AAs?$AAe?$AAc?$AA?$AA@ 100024b8     perfthread.obj
 0001:000014e8       ??_C@_1CG@LBBBPCJA@?$AAI?$AAO?$AA?5?$AAO?$AAt?$AAh?$AAe?$AAr?$AA?5?$AAB?$AAy?$AAt?$AAe?$AAs?$AA?1?$AAs?$AAe?$AAc?$AA?$AA@ 100024e8     perfthread.obj
 0001:00001510       ??_C@_1CG@MEJHKKKF@?$AAI?$AAO?$AA?5?$AAW?$AAr?$AAi?$AAt?$AAe?$AA?5?$AAB?$AAy?$AAt?$AAe?$AAs?$AA?1?$AAs?$AAe?$AAc?$AA?$AA@ 10002510     perfthread.obj
 0001:00001538       ??_C@_1CE@EFLEKJAB@?$AAI?$AAO?$AA?5?$AAR?$AAe?$AAa?$AAd?$AA?5?$AAB?$AAy?$AAt?$AAe?$AAs?$AA?1?$AAs?$AAe?$AAc?$AA?$AA@ 10002538     perfthread.obj
 0001:0000155c       ??_C@_1CE@DFDFLLAO@?$AAI?$AAO?$AA?5?$AAD?$AAa?$AAt?$AAa?$AA?5?$AAB?$AAy?$AAt?$AAe?$AAs?$AA?1?$AAs?$AAe?$AAc?$AA?$AA@ 1000255c     perfthread.obj
 0001:00001580       ??_C@_1CG@KJOKFONA@?$AAV?$AAi?$AAr?$AAt?$AAu?$AAa?$AAl?$AA?5?$AAB?$AAy?$AAt?$AAe?$AAs?$AA?5?$AAP?$AAe?$AAa?$AAk?$AA?$AA@ 10002580     perfthread.obj
 0001:000015a8       ??_C@_1BM@FMIOMJAE@?$AAV?$AAi?$AAr?$AAt?$AAu?$AAa?$AAl?$AA?5?$AAB?$AAy?$AAt?$AAe?$AAs?$AA?$AA@ 100025a8     perfthread.obj
 0001:000015c4       ??_C@_1CA@GADAGCME@?$AAP?$AAa?$AAg?$AAe?$AA?5?$AAF?$AAa?$AAu?$AAl?$AAt?$AAs?$AA?1?$AAs?$AAe?$AAc?$AA?$AA@ 100025c4     perfthread.obj
 0001:000015e4       ??_C@_1BM@DGDPAMAA@?$AAP?$AAr?$AAi?$AAv?$AAa?$AAt?$AAe?$AA?5?$AAB?$AAy?$AAt?$AAe?$AAs?$AA?$AA@ 100025e4     perfthread.obj
 0001:00001600       ??_C@_1CC@IMBAECJF@?$AAP?$AAo?$AAo?$AAl?$AA?5?$AAP?$AAa?$AAg?$AAe?$AAd?$AA?5?$AAB?$AAy?$AAt?$AAe?$AAs?$AA?$AA@ 10002600     perfthread.obj
 0001:00001624       ??_C@_1CI@LLKMGPEG@?$AAP?$AAo?$AAo?$AAl?$AA?5?$AAN?$AAo?$AAn?$AAp?$AAa?$AAg?$AAe?$AAd?$AA?5?$AAB?$AAy?$AAt?$AAe?$AAs?$AA?$AA@ 10002624     perfthread.obj
 0001:0000164c       ??_C@_1CC@OFJLEPCP@?$AAW?$AAo?$AAr?$AAk?$AAi?$AAn?$AAg?$AA?5?$AAS?$AAe?$AAt?$AA?5?$AAP?$AAe?$AAa?$AAk?$AA?$AA@ 1000264c     perfthread.obj
 0001:00001670       ??_C@_1BI@GCOMDKEO@?$AAW?$AAo?$AAr?$AAk?$AAi?$AAn?$AAg?$AA?5?$AAS?$AAe?$AAt?$AA?$AA@ 10002670     perfthread.obj
 0001:00001688       ??_C@_1CK@FGGMBBIH@?$AAP?$AAa?$AAg?$AAe?$AA?5?$AAF?$AAi?$AAl?$AAe?$AA?5?$AAB?$AAy?$AAt?$AAe?$AAs?$AA?5?$AAP?$AAe?$AAa?$AAk?$AA?$AA@ 10002688     perfthread.obj
 0001:000016b4       ??_C@_1CA@KJMNGIDJ@?$AAP?$AAa?$AAg?$AAe?$AA?5?$AAF?$AAi?$AAl?$AAe?$AA?5?$AAB?$AAy?$AAt?$AAe?$AAs?$AA?$AA@ 100026b4     perfthread.obj
 0001:000016d4       ??_C@_1BK@FAAJNJIB@?$AAH?$AAa?$AAn?$AAd?$AAl?$AAe?$AA?5?$AAC?$AAo?$AAu?$AAn?$AAt?$AA?$AA@ 100026d4     perfthread.obj
 0001:000016f0       ??_C@_1BI@IIOPEKIO@?$AA?$CF?$AA?5?$AAU?$AAs?$AAe?$AAr?$AA?5?$AAT?$AAi?$AAm?$AAe?$AA?$AA@ 100026f0     perfthread.obj
 0001:00001708       ??_C@_1CE@FNEMIHOD@?$AA?$CF?$AA?5?$AAP?$AAr?$AAi?$AAv?$AAi?$AAl?$AAe?$AAg?$AAe?$AAd?$AA?5?$AAT?$AAi?$AAm?$AAe?$AA?$AA@ 10002708     perfthread.obj
 0001:0000172c       ??_C@_1CC@DNHMJIKH@?$AA?$CF?$AA?5?$AAP?$AAr?$AAo?$AAc?$AAe?$AAs?$AAs?$AAo?$AAr?$AA?5?$AAT?$AAi?$AAm?$AAe?$AA?$AA@ 1000272c     perfthread.obj
 0001:00001750       ??_C@_19DOGDICKI@?$AA?4?$AAe?$AAx?$AAe?$AA?$AA@ 10002750     perfthread.obj
 0001:0000175c       ??_C@_19DLCFHDFF@?$AAP?$AAE?$AAR?$AAF?$AA?$AA@ 1000275c     perfthread.obj
 0001:00001768       ??_C@_1BK@IKAFHKBD@?$AAE?$AAl?$AAa?$AAp?$AAs?$AAe?$AAd?$AA?5?$AAT?$AAi?$AAm?$AAe?$AA?$AA@ 10002768     perfthread.obj
 0001:00001784       ??_C@_1CI@FNIEMNAI@?$AAC?$AAr?$AAe?$AAa?$AAt?$AAi?$AAn?$AAg?$AA?5?$AAP?$AAr?$AAo?$AAc?$AAe?$AAs?$AAs?$AA?5?$AAI?$AAD?$AA?$AA@ 10002784     perfthread.obj
 0001:000017ac       ??_C@_1BK@KCHPPKHP@?$AAT?$AAh?$AAr?$AAe?$AAa?$AAd?$AA?5?$AAC?$AAo?$AAu?$AAn?$AAt?$AA?$AA@ 100027ac     perfthread.obj
 0001:000017c8       ??_C@_1BM@KCAKLHJN@?$AAP?$AAr?$AAi?$AAo?$AAr?$AAi?$AAt?$AAy?$AA?5?$AAB?$AAa?$AAs?$AAe?$AA?$AA@ 100027c8     perfthread.obj
 0001:000017e4       ??_C@_1BG@NKNJPBCD@?$AAI?$AAD?$AA?5?$AAP?$AAr?$AAo?$AAc?$AAe?$AAs?$AAs?$AA?$AA@ 100027e4     perfthread.obj
 0001:000017fc       ??_C@_1BC@IICCDNLG@?$AAC?$AAo?$AAu?$AAn?$AAt?$AAe?$AAr?$AAs?$AA?$AA@ 100027fc     perfthread.obj
 0001:00001810       ??_C@_1HE@NBDABLAL@?$AAS?$AAo?$AAf?$AAt?$AAw?$AAa?$AAr?$AAe?$AA?2?$AAM?$AAi?$AAc?$AAr?$AAo?$AAs?$AAo?$AAf?$AAt?$AA?2?$AAW?$AAi?$AAn?$AAd?$AAo?$AAw?$AAs?$AA?5?$AAN?$AAT?$AA?2?$AAC?$AAu@ 10002810     perfthread.obj
 0001:00001884       ??_C@_0L@CMGAAJA@Heap32Next?$AA@ 10002884     PLIST95.OBJ
 0001:00001890       ??_C@_0M@PIAPHADL@Heap32First?$AA@ 10002890     PLIST95.OBJ
 0001:0000189c       ??_C@_0P@EPDKPNHA@Heap32ListNext?$AA@ 1000289c     PLIST95.OBJ
 0001:000018ac       ??_C@_0BA@FIEIGOLO@Heap32ListFirst?$AA@ 100028ac     PLIST95.OBJ
 0001:000018bc       ??_C@_0O@LGJLFMBH@Process32Next?$AA@ 100028bc     PLIST95.OBJ
 0001:000018cc       ??_C@_0P@ILGHDLOE@Process32First?$AA@ 100028cc     PLIST95.OBJ
 0001:000018dc       ??_C@_0N@KIGOLBLC@Module32Next?$AA@ 100028dc     PLIST95.OBJ
 0001:000018ec       ??_C@_0O@CNMFJJGO@Module32First?$AA@ 100028ec     PLIST95.OBJ
 0001:000018fc       ??_C@_0BJ@JEFKDHMD@CreateToolhelp32Snapshot?$AA@ 100028fc     PLIST95.OBJ
 0001:00001918       ??_C@_1BK@DBDEIDLH@?$AAK?$AAE?$AAR?$AAN?$AAE?$AAL?$AA3?$AA2?$AA?4?$AAD?$AAL?$AAL?$AA?$AA@ 10002918     PLIST95.OBJ
 0001:00001934       ??_C@_1BK@PJGKJIOK@?$AA?5?$AA?$CF?$AAp?$AA?5?$AA?5?$AA?$CF?$AA6?$AAX?$AA?5?$AA?5?$AA?$CF?$AAs?$AA?$AA@ 10002934     PLIST95.OBJ
 0001:00001950       ??_C@_19NGFMKOON@?$AA?$CF?$AA0?$AA8?$AAX?$AA?$AA@ 10002950     PLIST95.OBJ
 0001:0000195c       ??_C@_1CC@DMDJMJLM@?$AAS?$AAe?$AAD?$AAe?$AAb?$AAu?$AAg?$AAP?$AAr?$AAi?$AAv?$AAi?$AAl?$AAe?$AAg?$AAe?$AA?$AA@ 1000295c     Plistnt.obj
 0001:00001980       ??_C@_1M@GPDJLPMI@?$AA?4?$AA?$CF?$AA0?$AA3?$AAd?$AA?$AA@ 10002980     Plistnt.obj
 0001:0000198c       ??_C@_1M@PKJMICCL@?$AA?$CF?$AA1?$AA0?$AAd?$AA?6?$AA?$AA@ 1000298c     Plistnt.obj
 0001:00001998       ??_C@_1BA@DJJLONDK@?$AA?$CF?$AA1?$AA0?$AA?4?$AA0?$AAf?$AA?6?$AA?$AA@ 10002998     Plistnt.obj
 0001:000019a8       ??_C@_1BK@FGPDCFEM@?$AA?$CF?$AA1?$AA0?$AAd?$AA?5?$AA?5?$AA?$CF?$AA5?$AAd?$AA?$CF?$AAs?$AA?6?$AA?$AA@ 100029a8     Plistnt.obj
 0001:000019c4       ??_C@_1CC@EKFMKAAC@?$AA?$CF?$AA1?$AA0?$AA?4?$AA0?$AAf?$AA?5?$AA?5?$AA?$CF?$AA5?$AA?4?$AA0?$AAf?$AA?$CF?$AAs?$AA?6?$AA?$AA@ 100029c4     Plistnt.obj
 0001:000019e8       ??_C@_1BI@HAFBCFCK@?$AA?$CF?$AAs?$AA?5?$AA?$CF?$AA7?$AA?4?$AA0?$AAf?$AA?$CF?$AA?$CF?$AA?6?$AA?$AA@ 100029e8     Plistnt.obj
 0001:00001a00       ??_C@_1O@KBBIJFEI@?$AA?$CF?$AA?9?$AA2?$AA4?$AAs?$AA?5?$AA?$AA@ 10002a00     Plistnt.obj
 0001:00001a10       ??_C@_13EBCNDICG@?$AA?3?$AA?$AA@ 10002a10     Plistnt.obj
 0001:00001a14       ??_C@_17MJEANDKP@?$AA?$CF?$AAs?$AA?6?$AA?$AA@ 10002a14     Plistnt.obj
 0001:00001a1c       ??_C@_19FJPIAKGM@?$AA?$CF?$AAs?$AA?6?$AA?6?$AA?$AA@ 10002a1c     Plistnt.obj
 0001:00001a28       ??_C@_1BA@LFJAMCEC@?$AA?$CF?$AAs?$AA?5?$AA?$CF?$AAs?$AA?6?$AA?6?$AA?$AA@ 10002a28     Plistnt.obj
 0001:00001a38       ??_C@_17ENEANJDH@?$AA?5?$AA?$CF?$AAs?$AA?$AA@ 10002a38     Plistnt.obj
 0001:00001a40       ??_C@_1BE@KPJOOIA@?$AA?5?$AA?5?$AA?$CF?$AAp?$AA?5?$AA?5?$AA?$CF?$AA6?$AAX?$AA?$AA@ 10002a40     Plistnt.obj
 0001:00001a54       ??_C@_15JNBOKNOG@?$AA?$AN?$AA?6?$AA?$AA@ 10002a54     Pmix.obj
 0001:00001a5c       ??_C@_1BG@FFJGBKCB@?$AAE?$AAr?$AAr?$AAo?$AAr?$AA?5?$AA0?$AAx?$AA?$CF?$AAx?$AA?$AA@ 10002a5c     Pmix.obj
 0001:00001a74       _IID_IWbemLocator          10002a74     WMI.obj
 0001:00001a84       _CLSID_WbemLocator         10002a84     WMI.obj
 0001:00001a94       ??_C@_1DA@PALBKFDP@?$AAW?$AAi?$AAn?$AA3?$AA2?$AA_?$AAP?$AAr?$AAo?$AAc?$AAe?$AAs?$AAs?$AA?4?$AAH?$AAa?$AAn?$AAd?$AAl?$AAe?$AA?$DN?$AA?$CF?$AAd?$AA?$AA@ 10002a94     WMI.obj
 0001:00001ac4       ??_C@_1BO@CLCOBGDE@?$AAE?$AAx?$AAe?$AAc?$AAu?$AAt?$AAa?$AAb?$AAl?$AAe?$AAP?$AAa?$AAt?$AAh?$AA?$AA@ 10002ac4     WMI.obj
 0001:00001ae4       ??_C@_1BC@JHNNEHFE@?$AAP?$AAr?$AAi?$AAo?$AAr?$AAi?$AAt?$AAy?$AA?$AA@ 10002ae4     WMI.obj
 0001:00001af8       ??_C@_1O@OAMNPMOM@?$AAD?$AAo?$AAm?$AAa?$AAi?$AAn?$AA?$AA@ 10002af8     WMI.obj
 0001:00001b08       ??_C@_19PIJILKAI@?$AAU?$AAs?$AAe?$AAr?$AA?$AA@ 10002b08     WMI.obj
 0001:00001b14       ??_C@_1BC@HJJANEGO@?$AAG?$AAe?$AAt?$AAO?$AAw?$AAn?$AAe?$AAr?$AA?$AA@ 10002b14     WMI.obj
 0001:00001b28       ??_C@_17NKMLOKHF@?$AAS?$AAi?$AAd?$AA?$AA@ 10002b28     WMI.obj
 0001:00001b30       ??_C@_1BI@OIPNMPCL@?$AAG?$AAe?$AAt?$AAO?$AAw?$AAn?$AAe?$AAr?$AAS?$AAi?$AAd?$AA?$AA@ 10002b30     WMI.obj
 0001:00001b48       ??_C@_1BE@CFEJJKFE@?$AAS?$AAe?$AAs?$AAs?$AAi?$AAo?$AAn?$AAI?$AAd?$AA?$AA@ 10002b48     WMI.obj
 0001:00001b5c       ??_C@_1BI@FLOHINJE@?$AAR?$AAe?$AAt?$AAu?$AAr?$AAn?$AAV?$AAa?$AAl?$AAu?$AAe?$AA?$AA@ 10002b5c     WMI.obj
 0001:00001b74       ??_C@_1BM@MLGLIGHJ@?$AAW?$AAi?$AAn?$AA3?$AA2?$AA_?$AAP?$AAr?$AAo?$AAc?$AAe?$AAs?$AAs?$AA?$AA@ 10002b74     WMI.obj
 0001:00001b90       ??_C@_1BI@NKNJJIDM@?$AAS?$AAe?$AAt?$AAP?$AAr?$AAi?$AAo?$AAr?$AAi?$AAt?$AAy?$AA?$AA@ 10002b90     WMI.obj
 0001:00001ba8       ??_C@_1BE@PBPGMODO@?$AAT?$AAe?$AAr?$AAm?$AAi?$AAn?$AAa?$AAt?$AAe?$AA?$AA@ 10002ba8     WMI.obj
 0001:00001bbc       ??_C@_1O@GGHBFGJC@?$AAR?$AAe?$AAa?$AAs?$AAo?$AAn?$AA?$AA@ 10002bbc     WMI.obj
 0001:00001bcc       ??_C@_1CA@ECJNGEII@?$AA?2?$AA?2?$AA?$CF?$AAs?$AA?2?$AAr?$AAo?$AAo?$AAt?$AA?2?$AAc?$AAi?$AAm?$AAv?$AA2?$AA?$AA@ 10002bcc     WMI.obj
 0001:00001bec       ??_C@_13JOFGPIOO@?$AA?4?$AA?$AA@ 10002bec     WMI.obj
 0001:00001bf0       ??_C@_0BC@IOEGILCE@CoSetProxyBlanket?$AA@ 10002bf0     Proclist.obj
 0001:00001c04       ??_C@_1M@FFPAMFOB@?$AAo?$AAl?$AAe?$AA3?$AA2?$AA?$AA@ 10002c04     Proclist.obj
 0001:00001c10       ??_C@_0BA@FKGDNIJG@GetGuiResources?$AA@ 10002c10     Proclist.obj
 0001:00001c20       ??_C@_1O@BCCLBEOE@?$AAu?$AAs?$AAe?$AAr?$AA3?$AA2?$AA?$AA@ 10002c20     Proclist.obj
 0001:00001c30       ??_C@_0BD@MCBOPCDK@LookupAccountNameW?$AA@ 10002c30     Proclist.obj
 0001:00001c44       ??_C@_0BD@LMGFHOAE@GetSidSubAuthority?$AA@ 10002c44     Proclist.obj
 0001:00001c58       ??_C@_0BI@LPFJALDI@GetSidSubAuthorityCount?$AA@ 10002c58     Proclist.obj
 0001:00001c70       ??_C@_0BK@FIHGNING@GetSidIdentifierAuthority?$AA@ 10002c70     Proclist.obj
 0001:00001c8c       ??_C@_0L@KJHKJIPF@IsValidSid?$AA@ 10002c8c     Proclist.obj
 0001:00001c98       ??_C@_1BC@DNHGCMLG@?$AAa?$AAd?$AAv?$AAa?$AAp?$AAi?$AA3?$AA2?$AA?$AA@ 10002c98     Proclist.obj
 0001:00001cac       ??_C@_0P@LKABJJMO@IsWow64Process?$AA@ 10002cac     Proclist.obj
 0001:00001cbc       ??_C@_1BC@GDMECMAK@?$AAk?$AAe?$AAr?$AAn?$AAe?$AAl?$AA3?$AA2?$AA?$AA@ 10002cbc     Proclist.obj
 0001:00001cd0       ??_C@_0BH@DLPGICA@NtQueryInformationFile?$AA@ 10002cd0     Proclist.obj
 0001:00001ce8       ??_C@_0BJ@NDLOPGCH@NtQuerySystemInformation?$AA@ 10002ce8     Proclist.obj
 0001:00001d04       ??_C@_0O@IFMDHOMC@NtQueryObject?$AA@ 10002d04     Proclist.obj
 0001:00001d14       ??_C@_0BJ@HKKELGGC@NtQueryInformationThread?$AA@ 10002d14     Proclist.obj
 0001:00001d30       ??_C@_0BK@EGDDIFMK@NtQueryInformationProcess?$AA@ 10002d30     Proclist.obj
 0001:00001d4c       ??_C@_1M@OAIMIKLP@?$AAn?$AAt?$AAd?$AAl?$AAl?$AA?$AA@ 10002d4c     Proclist.obj
 0001:00001d58       ??_C@_1O@HCFFJBEO@?$AA?2?$AAP?$AAl?$AAi?$AAs?$AAt?$AA?$AA@ 10002d58     Proclist.obj
 0001:00001d68       ??_C@_1M@MNPEKPKO@?$AAp?$AAl?$AAi?$AAs?$AAt?$AA?$AA@ 10002d68     Proclist.obj
 0001:00001d80       __chkstk                   10002d80 f   chkstk.obj
 0001:00001d80       __alloca_probe             10002d80     chkstk.obj
 0001:00001dab       ?fputc@@YIHHPAX@Z          10002dab f   fileio.obj
 0001:00001dd1       ??0Lock@@QAE@PAVPerfThread@@@Z 10002dd1 f i handles.obj
 0001:0000238a       ?IsSupportedHandle@@YI_NAAU_SYSTEM_HANDLE_TABLE_ENTRY_INFO@@@Z 1000338a f i handles.obj
 0001:0000259c       ?PrintHandleInfo@@YI_NKPAX_NPAVPerfThread@@@Z 1000359c f   handles.obj
 0001:00002730       ?MakeViewOptions@@YIXPAUFarDialogItem@@AAU_Opt@@H@Z 10003730 f   PCFG.OBJ
 0001:000027ba       ?GetViewOptions@@YIXPAXHAAU_Opt@@@Z 100037ba f   PCFG.OBJ
 0001:00002839       ?Write@_Opt@@SIXXZ         10003839 f   PCFG.OBJ
 0001:000028b8       ?Read@_Opt@@SIXXZ          100038b8 f   PCFG.OBJ
 0001:00002950       ?Config@@YIHXZ             10003950 f   PCFG.OBJ
 0001:00002b46       _wmemset                   10003b46 f i Pclass.obj
 0001:00002b70       ??0ui64Table@@QAE@XZ       10003b70 f   Pclass.obj
 0001:00002b98       ?tenpow@ui64Table@@QAE_KI@Z 10003b98 f   Pclass.obj
 0001:00002c68       ?SavePanelModes@Plist@@SIXXZ 10003c68 f   Pclass.obj
 0001:00002d19       ?TranslateMode@Plist@@CI_NPB_WPA_W@Z 10003d19 f   Pclass.obj
 0001:00002e68       ?GeneratePanelModes@Plist@@AAEXXZ 10003e68 f   Pclass.obj
 0001:0000304d       ?PanelModes@Plist@@QAEPAUPanelMode@@AAH@Z 1000404d f   Pclass.obj
 0001:000030d2       ?GetOpenPluginInfo@Plist@@QAEXPAUOpenPluginInfo@@@Z 100040d2 f   Pclass.obj
 0001:000031bf       ?EnumWndProc@@YGHPAUHWND__@@J@Z 100041bf f   Pclass.obj
 0001:00003235       ?FreeFindData@Plist@@QAEXPAUPluginPanelItem@@H@Z 10004235 f   Pclass.obj
 0001:0000328c       ?Reread@Plist@@AAEXXZ      1000428c f   Pclass.obj
 0001:000032e1       ?PutToCmdLine@Plist@@AAEXPA_W@Z 100042e1 f   Pclass.obj
 0001:0000337c       ?PrintTitle@Plist@@SIPA_WH@Z 1000437c f   Pclass.obj
 0001:000033be       ?FileTimeToText@Plist@@AAEXPAU_FILETIME@@0PA_W@Z 100043be f   Pclass.obj
 0001:00003481       ?GetVersionInfo@Plist@@SI_NPA_WAAPAEAAPA_W2@Z 10004481 f   Pclass.obj
 0001:00003597       ?PrintVersionInfo@Plist@@AAEXPAXPA_W@Z 10004597 f   Pclass.obj
 0001:0000363d       ?ConnectWMI@Plist@@AAE_NXZ 1000463d f   Pclass.obj
 0001:000036af       ?PrintOwnerInfo@Plist@@AAEXPAXK@Z 100046af f   Pclass.obj
 0001:00003865       ?Compare@Plist@@QAEHPBUPluginPanelItem@@0I@Z 10004865 f   Pclass.obj
 0001:000039c5       ?WmiError@Plist@@AAEXXZ    100049c5 f   Pclass.obj
 0001:000039f2       ??0?$Array@_W@@QAE@K@Z     100049f2 f i Pclass.obj
 0001:00003a2b       ??0?$Array@UFarMenuItem@@@@QAE@K@Z 10004a2b f i Pclass.obj
 0001:00003a64       ?InitializePanelModes@Plist@@SIXXZ 10004a64 f   Pclass.obj
 0001:00003c40       ?GetFindData@Plist@@QAEHAAPAUPluginPanelItem@@AAHH@Z 10004c40 f   Pclass.obj
 0001:00004182       ?GetFiles@Plist@@QAEHPAUPluginPanelItem@@HHPAPB_WHAAU_Opt@@@Z 10005182 f   Pclass.obj
 0001:00004b7a       ?DeleteFiles@Plist@@QAEHPAUPluginPanelItem@@HH@Z 10005b7a f   Pclass.obj
 0001:00004de3       ?ProcessEvent@Plist@@QAEHHPAX@Z 10005de3 f   Pclass.obj
 0001:00004e8b       ?DisconnectWMI@Plist@@AAEXXZ 10005e8b f   Pclass.obj
 0001:00004ead       ??0Plist@@QAE@XZ           10005ead f   Pclass.obj
 0001:00004f4a       ??1Plist@@QAE@XZ           10005f4a f   Pclass.obj
 0001:00004f6f       ?Connect@Plist@@QAE_NPB_W00@Z 10005f6f f   Pclass.obj
 0001:000050f8       ?ProcessKey@Plist@@QAEHHI@Z 100060f8 f   Pclass.obj
 0001:00005da6       ??0RegKey@@QAE@PAUHKEY__@@PB_WK@Z 10006da6 f i perfthread.obj
 0001:00005df1       ?SyncReread@PerfThread@@QAEXXZ 10006df1 f   perfthread.obj
 0001:00005e13       ??0?$Array@UProcessPerfData@@@@QAE@K@Z 10006e13 f i perfthread.obj
 0001:00005e51       ??0?$Array@E@@QAE@K@Z      10006e51 f i perfthread.obj
 0001:00005e77       ?reserve@?$Array@E@@QAEXK@Z 10006e77 f i perfthread.obj
 0001:00005ebf       ?GetProcessData@PerfThread@@QBEPAUProcessPerfData@@KK@Z 10006ebf f   perfthread.obj
 0001:00005f0c       ?Refresh@PerfThread@@AAEXXZ 10006f0c f   perfthread.obj
 0001:000064aa       ?RefreshWMIData@PerfThread@@AAEXXZ 100074aa f   perfthread.obj
 0001:000065b9       ?ThreadProc@PerfThread@@AAGKXZ 100075b9 f   perfthread.obj
 0001:00006663       ?ThreadProc@PerfThread@@CGKPAX@Z 10007663 f   perfthread.obj
 0001:00006668       ??0PerfThread@@QAE@AAVPlist@@PB_W11@Z 10007668 f   perfthread.obj
 0001:0000699a       ??1PerfThread@@QAE@XZ      1000799a f   perfthread.obj
 0001:00006a0f       ?GetPData95@@YIXAAUProcessData@@AAUtagPROCESSENTRY32W@@@Z 10007a0f f   PLIST95.OBJ
 0001:00006b1e       ?GetProcessModule@@YIHKKPAUtagMODULEENTRY32W@@AAK@Z 10007b1e f   PLIST95.OBJ
 0001:00006bce       ?GetHeapSize@@YIKK@Z       10007bce f   PLIST95.OBJ
 0001:00006c5a       ?KillProcess@@YIHK@Z       10007c5a f   PLIST95.OBJ
 0001:00006c98       ?PrintModules95@@YIXPAXKAAU_Opt@@@Z 10007c98 f   PLIST95.OBJ
 0001:00006da9       ?GetPData95@@YI_NAAUProcessData@@@Z 10007da9 f   PLIST95.OBJ
 0001:00006e4d       ?GetList95@@YIHAAPAUPluginPanelItem@@AAH@Z 10007e4d f   PLIST95.OBJ
 0001:000070c9       ?GetInternalProcessData@@YIHPAXPAU_LDR_MODULE@@AAPAU_RTL_USER_PROCESS_PARAMETERS@@AAPAD_N@Z 100080c9 f   Plistnt.obj
 0001:0000718c       ?GetPDataNT@@YI_NAAUProcessDataNT@@AAUProcessPerfData@@@Z 1000818c f   Plistnt.obj
 0001:000071fa       ?Enable@DebugToken@@QAE_NXZ 100081fa f   Plistnt.obj
 0001:00007261       ?Revert@DebugToken@@QAE_NXZ 10008261 f   Plistnt.obj
 0001:00007294       ?CreateToken@DebugToken@@SI_NXZ 10008294 f   Plistnt.obj
 0001:00007336       ?CloseToken@DebugToken@@SIXXZ 10008336 f   Plistnt.obj
 0001:0000734d       ?PrintTime@@YIPA_WK_N@Z    1000834d f   Plistnt.obj
 0001:000073ad       ?PrintTime@@YIPA_W_K_N@Z   100083ad f   Plistnt.obj
 0001:00007414       ?DumpNTCounters@@YIXPAXAAVPerfThread@@KK@Z 10008414 f   Plistnt.obj
 0001:0000768a       ?PrintModuleVersion@@YIXPAXPA_W1H@Z 1000868a f   Plistnt.obj
 0001:00007747       ?GetProcessData@PerfThread@@QBEXAAPAUProcessPerfData@@AAK@Z 10008747 f i Plistnt.obj
 0001:00007774       ?OpenProcessForced@@YIPAXPAVDebugToken@@KKH@Z 10008774 f   Plistnt.obj
 0001:000077c0       ?GetListNT@@YIHAAPAUPluginPanelItem@@AAHAAVPerfThread@@@Z 100087c0 f   Plistnt.obj
 0001:000079bb       ?GetOpenProcessDataNT@@YIXPAXPA_WK1K1KPAPA_W2@Z 100089bb f   Plistnt.obj
 0001:00007c40       ?KillProcessNT@@YIHKPAUHWND__@@@Z 10008c40 f   Plistnt.obj
 0001:00007d0c       ?PrintNTCurDirAndEnv@@YIXPAX0H@Z 10008d0c f   Plistnt.obj
 0001:00007e13       ?PrintModulesNT@@YIXPAXKAAU_Opt@@@Z 10008e13 f   Plistnt.obj
 0001:00007f92       ?GetMsg@@YIPA_WH@Z         10008f92 f   Pmix.obj
 0001:00007fa0       ?InitDialogItems@@YIXPAUInitDialogItem@@PAUFarDialogItem@@H@Z 10008fa0 f   Pmix.obj
 0001:00008017       ?ConvertDate@@YIXABU_FILETIME@@PA_W1@Z 10009017 f   Pmix.obj
 0001:00008094       ?WinError@@YIHPA_W@Z       10009094 f   Pmix.obj
 0001:00008295       ?SetRegKey@@YIXPB_W00@Z    10009295 f   preg.obj
 0001:000082cc       ?SetRegKey@@YIXPB_W0K@Z    100092cc f   preg.obj
 0001:000082f7       ?GetRegKey@@YIHPB_W0PA_W0K@Z 100092f7 f   preg.obj
 0001:00008349       ?GetRegKey@@YIHPB_W0AAHK@Z 10009349 f   preg.obj
 0001:0000839d       ?GetRegKey@@YIHPB_W0K@Z    1000939d f   preg.obj
 0001:000083b3       ??0ProcessPath@@QAE@K@Z    100093b3 f   WMI.obj
 0001:000083e4       ??0WMIConnection@@QAE@XZ   100093e4 f   WMI.obj
 0001:000083fe       ?GetProcessExecutablePath@WMIConnection@@QAEXKPA_W@Z 100093fe f   WMI.obj
 0001:00008493       ?GetProcessPriority@WMIConnection@@QAEKK@Z 10009493 f   WMI.obj
 0001:0000851f       ?GetProcessOwner@WMIConnection@@QAEXKPA_W0@Z 1000951f f   WMI.obj
 0001:00008639       ?GetProcessUserSid@WMIConnection@@QAEXKPA_W@Z 10009639 f   WMI.obj
 0001:00008702       ?GetProcessSessionId@WMIConnection@@QAEHK@Z 10009702 f   WMI.obj
 0001:0000878d       ?ExecMethod@WMIConnection@@AAEHKPB_W0K@Z 1000978d f   WMI.obj
 0001:00008929       ?SetProcessPriority@WMIConnection@@QAEHKK@Z 10009929 f   WMI.obj
 0001:00008943       ?TerminateProcess@WMIConnection@@QAEHK@Z 10009943 f   WMI.obj
 0001:0000895b       ?Connect@WMIConnection@@QAE_NPB_W00@Z 1000995b f   WMI.obj
 0001:00008a8e       ?Disconnect@WMIConnection@@QAEXXZ 10009a8e f   WMI.obj
 0001:00008aa4       ??1WMIConnection@@QAE@XZ   10009aa4 f   WMI.obj
 0001:00008ab4       __DllMainCRTStartup@12     10009ab4 f   Proclist.obj
 0001:00008c40       _GetMinFarVersionW@0       10009c40 f   Proclist.obj
 0001:00008c46       _SetStartupInfoW@4         10009c46 f   Proclist.obj
 0001:00008d34       _ExitFARW@0                10009d34 f   Proclist.obj
 0001:00008d4d       _ClosePluginW@4            10009d4d f   Proclist.obj
 0001:00008d68       _GetFindDataW@16           10009d68 f   Proclist.obj
 0001:00008d80       _FreeFindDataW@12          10009d80 f   Proclist.obj
 0001:00008d94       _GetPluginInfoW@4          10009d94 f   Proclist.obj
 0001:00008e0c       _GetOpenPluginInfoW@8      10009e0c f   Proclist.obj
 0001:00008e1c       _GetFilesW@24              10009e1c f   Proclist.obj
 0001:00008e3f       _DeleteFilesW@16           10009e3f f   Proclist.obj
 0001:00008e57       _ProcessEventW@12          10009e57 f   Proclist.obj
 0001:00008e6b       _ProcessKeyW@12            10009e6b f   Proclist.obj
 0001:00008e7f       _ConfigureW@4              10009e7f f   Proclist.obj
 0001:00008e87       _CompareW@16               10009e87 f   Proclist.obj
 0001:00008e9f       _OpenPluginW@8             10009e9f f   Proclist.obj
 0001:00008f10       ??3@YAXPAX@Z               10009f10 f   libCRT:delete.obj
 0001:00008f20       ??_U@YAPAXI@Z              10009f20 f   libCRT:new_array.obj
 0001:00008f30       ??_V@YAXPAX@Z              10009f30 f   libCRT:delete_array.obj
 0001:00008f40       __memicmp                  10009f40 f   libCRT:memicmp.obj
 0001:00008fb0       _wcschr                    10009fb0 f   libCRT:strchr.obj
 0001:00008fe0       _wcspbrk                   10009fe0 f   libCRT:strpbrk.obj
 0001:00009030       _wcsrchr                   1000a030 f   libCRT:strrchr.obj
 0001:00009060       _wcstok                    1000a060 f   libCRT:strtok.obj
 0001:00009120       _wcsdup                    1000a120 f   libCRT:strdup.obj
 0001:00009150       __allmul                   1000a150 f   libCRT:vc_llmul.obj
 0001:00009210       __ui64tow                  1000a210 f   libCRT:i64toa.obj
 0001:00009240       __aulldiv                  1000a240 f   libCRT:vc_ulldiv.obj
 0001:00009450       _wcstol                    1000a450 f   libCRT:strtol.obj
 0001:00009470       _wcstoul                   1000a470 f   libCRT:strtol.obj
 0001:00009490       _wcscspn                   1000a490 f   libCRT:strcspn.obj
 0001:000094e0       _memcpy                    1000a4e0 f   libCRT:memcpy.obj
 0001:00009510       ??2@YAPAXI@Z               1000a510 f   libCRT:new.obj
 0001:00009520       _memset                    1000a520 f   libCRT:memset.obj
 0001:00009560       _wcsncat                   1000a560 f   libCRT:strncat.obj
 0001:000095b0       _memmove                   1000a5b0 f   libCRT:memmove.obj
 0001:00009610       _free                      1000a610 f   libCRT:free.obj
 0001:00009630       __alldiv                   1000a630 f   libCRT:vc_lldiv.obj
 0001:000096e0       _realloc                   1000a6e0 f   libCRT:realloc.obj
 0001:00009730       __aullrem                  1000a730 f   libCRT:vc_ullrem.obj
 0001:000097b0       _malloc                    1000a7b0 f   libCRT:malloc.obj
 0001:000097d0       __aulldvrm                 1000a7d0 f   libCRT:vc_ulldvrm.obj
 0001:00009866       _WNetCancelConnection2W@12 1000a866 f   mpr:MPR.dll
 0001:0000986c       _WNetAddConnection2W@16    1000a86c f   mpr:MPR.dll
 0001:00009872       _VerQueryValueW@16         1000a872 f   version:VERSION.dll
 0001:00009878       _GetFileVersionInfoW@16    1000a878 f   version:VERSION.dll
 0001:0000987e       _GetFileVersionInfoSizeW@8 1000a87e f   version:VERSION.dll
 0001:00009884       __IMPORT_DESCRIPTOR_KERNEL32 1000a884     kernel32:KERNEL32.dll
 0001:00009898       __IMPORT_DESCRIPTOR_USER32 1000a898     user32:USER32.dll
 0001:000098ac       __IMPORT_DESCRIPTOR_ADVAPI32 1000a8ac     advapi32:ADVAPI32.dll
 0001:000098c0       __IMPORT_DESCRIPTOR_ole32  1000a8c0     ole32:ole32.dll
 0001:000098d4       __IMPORT_DESCRIPTOR_MPR    1000a8d4     mpr:MPR.dll
 0001:000098e8       __IMPORT_DESCRIPTOR_VERSION 1000a8e8     version:VERSION.dll
 0001:000098fc       __IMPORT_DESCRIPTOR_OLEAUT32 1000a8fc     oleaut32:OLEAUT32.dll
 0001:00009910       __NULL_IMPORT_DESCRIPTOR   1000a910     kernel32:KERNEL32.dll
 0002:00000000       ?ViewItems@@3PAUInitDialogItem@@A 1000c000     PCFG.OBJ
 0002:000000a8       ?DescIDs@@3PAHA            1000c0a8     Pclass.obj
 0002:00000228       ?Counters@@3PAU_Counters@@A 1000c228     perfthread.obj
 0002:00000330       ?pNtQueryInformationProcess@@3P6GJPAXW4_PROCESSINFOCLASS@@0KPAK@ZA 1000c330     Proclist.obj
 0002:00000334       ?pNtQueryInformationThread@@3P6GJPAXK0KPAK@ZA 1000c334     Proclist.obj
 0002:00000338       ?pNtQueryObject@@3P6GJPAXK0K0@ZA 1000c338     Proclist.obj
 0002:0000033c       ?pNtQuerySystemInformation@@3P6GJKPAXKPAK@ZA 1000c33c     Proclist.obj
 0002:00000340       ?pNtQueryInformationFile@@3P6GJPAX00KK@ZA 1000c340     Proclist.obj
 0002:00000344       ?pIsWow64Process@@3P6GHPAXPAH@ZA 1000c344     Proclist.obj
 0002:00000348       ?pGetGuiResources@@3P6GKPAXK@ZA 1000c348     Proclist.obj
 0002:0000034c       ?pIsValidSid@@3P6GHPAX@ZA  1000c34c     Proclist.obj
 0002:00000350       ?pGetSidIdentifierAuthority@@3P6GPAU_SID_IDENTIFIER_AUTHORITY@@PAX@ZA 1000c350     Proclist.obj
 0002:00000354       ?pGetSidSubAuthorityCount@@3P6GPAEPAX@ZA 1000c354     Proclist.obj
 0002:00000358       ?pGetSidSubAuthority@@3P6GPAKPAXK@ZA 1000c358     Proclist.obj
 0002:0000035c       ?pLookupAccountName@@3P6GHPB_W0PAXPAKPA_W2PAW4_SID_NAME_USE@@@ZA 1000c35c     Proclist.obj
 0002:00000360       ?pCoSetProxyBlanket@@3P6GJPAUIUnknown@@KKPA_WKKPAXK@ZA 1000c360     Proclist.obj
 0002:00000370       ?FPRINTFbuffer@@3PA_WA     1000c370     fileio.obj
 0002:00020578       ?ProcPanelModesRemote@Plist@@2PAY0FA@_WA 1002c578     Pclass.obj
 0002:00020bb8       ?PanelModesRemote@Plist@@2PAUPanelMode@@A 1002cbb8     Pclass.obj
 0002:00020d70       ?bInit@Plist@@2_NA         1002cd70     Pclass.obj
 0002:00020d78       ?PanelModesLocal@Plist@@2PAUPanelMode@@A 1002cd78     Pclass.obj
 0002:00020f30       ?ProcPanelModesLocal@Plist@@2PAY0FA@_WA 1002cf30     Pclass.obj
 0002:00021570       ?PanelModeBuffer@Plist@@2PA_WA 1002d570     Pclass.obj
 0002:000251e4       __fltused                  100311e4     Plistnt.obj
 0002:000251e8       ?hDebugToken@DebugToken@@0RAXA 100311e8     Plistnt.obj
 0002:00025240       ?Info@@3UPluginStartupInfo@@A 10031240     Proclist.obj
 0002:000252c4       ?NT@@3HA                   100312c4     Proclist.obj
 0002:000252c8       ?W2K@@3HA                  100312c8     Proclist.obj
 0002:000252cc       ?_ui64Table@@3PAVui64Table@@A 100312cc     Proclist.obj
 0002:000252d0       ?PluginRootKey@@3PA_WA     100312d0     Proclist.obj
 0002:000252d8       ?FSF@@3UFarStandardFunctions@@A 100312d8     Proclist.obj
 0002:000253bc       ?Opt@@3U_Opt@@A            100313bc     Proclist.obj

 entry point at        0001:00008ab4

 Static symbols

 0001:00001dfb       ?GetFileNameThread@@YGKPAX@Z 10002dfb f   handles.obj
 0001:00001e37       ?PrintFileName@@YI_NPAX0@Z 10002e37 f   handles.obj
 0001:00001f1e       ?GetType@@YIGPAX@Z         10002f1e f   handles.obj
 0001:00001fcf       ?PrintNameByType@@YI_NPAXG0PAVPerfThread@@@Z 10002fcf f   handles.obj
 0001:00002284       ?PrintNameAndType@@YI_NPAXK0PAVPerfThread@@@Z 10003284 f   handles.obj
 0001:000023a5       ?ConvertSid@@YIHPAXPA_WPAK@Z 100033a5 f   handles.obj
 0001:000024d6       ?GetUserAccountID@@YIPB_WXZ 100034d6 f   handles.obj
 0001:00002bae       ?ui64toa_width@@YIX_KPA_WI_N@Z 10003bae f   Pclass.obj
 0001:00002ea4       ?GenerateTitles@@YIXQAY0FA@_WPAUPanelMode@@QAY0BI@PA_W@Z 10003ea4 f   Pclass.obj
 0001:00005dd2       ?getcounter@@YIHPA_W@Z     10006dd2 f   perfthread.obj
 0001:00006a44       ?InitToolhelp32@@YIHXZ     10007a44 f   PLIST95.OBJ
 0001:000081d4       ?CreateRegKey@@YIPAUHKEY__@@PB_W@Z 100091d4 f   preg.obj
 0001:0000823d       ?OpenRegKey@@YIPAUHKEY__@@PB_W@Z 1000923d f   preg.obj
 0001:00008ad7       ?fNtQueryInformationProcess@@YGJPAXW4_PROCESSINFOCLASS@@0KPAK@Z 10009ad7 f   Proclist.obj
 0001:00008ad7       ?fNtQueryInformationThread@@YGJPAXK0KPAK@Z 10009ad7 f   Proclist.obj
 0001:00008ad7       ?fNtQueryObject@@YGJPAXK0K0@Z 10009ad7 f   Proclist.obj
 0001:00008ad7       ?fNtQueryInformationFile@@YGJPAX00KK@Z 10009ad7 f   Proclist.obj
 0001:00008adf       ?fNtQuerySystemInformation@@YGJKPAXKPAK@Z 10009adf f   Proclist.obj
 0001:00008ae7       ?fGetSidIdentifierAuthority@@YGPAU_SID_IDENTIFIER_AUTHORITY@@PAX@Z 10009ae7 f   Proclist.obj
 0001:00008ae7       ?fGetSidSubAuthorityCount@@YGPAEPAX@Z 10009ae7 f   Proclist.obj
 0001:00008ae7       ?fIsValidSid@@YGHPAX@Z     10009ae7 f   Proclist.obj
 0001:00008aec       ?fIsWow64Process@@YGHPAXPAH@Z 10009aec f   Proclist.obj
 0001:00008aec       ?fGetGuiResources@@YGKPAXK@Z 10009aec f   Proclist.obj
 0001:00008aec       ?fGetSidSubAuthority@@YGPAKPAXK@Z 10009aec f   Proclist.obj
 0001:00008af1       ?fLookupAccountName@@YGHPB_W0PAXPAKPA_W2PAW4_SID_NAME_USE@@@Z 10009af1 f   Proclist.obj
 0001:00008af6       ?fCoSetProxyBlanket@@YGJPAUIUnknown@@KKPA_WKKPAXK@Z 10009af6 f   Proclist.obj
 0001:00008afe       ?dynamic_bind@@YIXXZ       10009afe f   Proclist.obj
 0001:00009190       ?x64toaw@@YAX_KPA_WIH@Z    1000a190 f   libCRT:i64toa.obj
 0001:000092b0       ?strtoxl@@YAKPB_WPAPA_WHH@Z 1000a2b0 f   libCRT:strtol.obj
