 colorer

 Timestamp is 4e1183c3 (Mon Jul 04 15:11:31 2011)

 Preferred load address is 10000000

 Start         Length     Name                   Class
 0001:00000000 0004c009H .text                   CODE
 0001:0004c010 0000538fH .text$x                 CODE
 0001:000513a0 00001f74H .text$yc                CODE
 0001:00053320 00002f3cH .text$yd                CODE
 0002:00000000 000001d4H .idata$5                DATA
 0002:000001d4 00000004H .CRT$XCA                DATA
 0002:000001d8 00000150H .CRT$XCU                DATA
 0002:00000328 00000004H .CRT$XCZ                DATA
 0002:0000032c 00000004H .CRT$XIA                DATA
 0002:00000330 00000018H .CRT$XIC                DATA
 0002:00000348 00000004H .CRT$XIZ                DATA
 0002:0000034c 00000004H .CRT$XPA                DATA
 0002:00000350 00000004H .CRT$XPX                DATA
 0002:00000354 00000004H .CRT$XPXA               DATA
 0002:00000358 00000004H .CRT$XPZ                DATA
 0002:0000035c 00000004H .CRT$XTA                DATA
 0002:00000360 00000004H .CRT$XTZ                DATA
 0002:00000370 0000a5c0H .rdata                  DATA
 0002:0000a930 000000dcH .rdata$r                DATA
 0002:0000aa10 00000598H .rdata$sxdata           DATA
 0002:0000afa8 00000004H .rtc$IAA                DATA
 0002:0000afac 00000004H .rtc$IZZ                DATA
 0002:0000afb0 00000004H .rtc$TAA                DATA
 0002:0000afb4 00000004H .rtc$TZZ                DATA
 0002:0000afb8 00007a0cH .xdata$x                DATA
 0002:000129c4 00000050H .idata$2                DATA
 0002:00012a14 00000014H .idata$3                DATA
 0002:00012a28 000001d4H .idata$4                DATA
 0002:00012bfc 00000884H .idata$6                DATA
 0002:00013480 000000e1H .edata                  DATA
 0003:00000000 000160d4H .data                   DATA
 0003:000160e0 00002284H .bss                    DATA
 0004:00000000 00000058H .rsrc$01                DATA
 0004:00000060 000002d0H .rsrc$02                DATA

  Address         Publics by Value              Rva+Base       Lib:Object

 0000:00000000       __except_list              00000000     <absolute>
 0000:00000166       ___safe_se_handler_count   00000166     <absolute>
 0000:00000000       ___ImageBase               10000000     <linker-defined>
 0001:00000000       ?addParam@FileTypeImpl@@QAEXPBVString@@@Z 10001000 f i ChooseTypeMenu.obj
 0001:000000a0       ??0ChooseTypeMenu@@QAE@PB_W0@Z 100010a0 f   ChooseTypeMenu.obj
 0001:000002f0       ??1ChooseTypeMenu@@QAE@XZ  100012f0 f   ChooseTypeMenu.obj
 0001:00000330       ?AddItem@ChooseTypeMenu@@AAEHPB_WW4MENUITEMFLAGS@@PBVFileType@@I@Z 10001330 f   ChooseTypeMenu.obj
 0001:000003e0       ?GetNext@ChooseTypeMenu@@QAEHI@Z 100013e0 f   ChooseTypeMenu.obj
 0001:00000430       ?MoveToFavorites@ChooseTypeMenu@@QAEXI@Z 10001430 f   ChooseTypeMenu.obj
 0001:00000580       ?AddFavorite@ChooseTypeMenu@@QAEHPBVFileType@@@Z 10001580 f   ChooseTypeMenu.obj
 0001:00000600       ?HideEmptyGroup@ChooseTypeMenu@@QAEXXZ 10001600 f   ChooseTypeMenu.obj
 0001:00000640       ?DelFromFavorites@ChooseTypeMenu@@QAEXI@Z 10001640 f   ChooseTypeMenu.obj
 0001:00000720       ?AddItemInGroup@ChooseTypeMenu@@QAEHPAVFileType@@@Z 10001720 f   ChooseTypeMenu.obj
 0001:000008c0       ?GenerateName@ChooseTypeMenu@@QAEPAVStringBuffer@@PBVFileType@@@Z 100018c0 f   ChooseTypeMenu.obj
 0001:00000b20       ?fatalError@DefaultErrorHandler@@UAEXABVString@@@Z 10001b20 f i ParserFactory.obj
 0001:00000b20       ?error@DefaultErrorHandler@@UAEXABVString@@@Z 10001b20 f i ParserFactory.obj
 0001:00000b20       ?endParsing@RegionHandler@@UAEXH@Z 10001b20 f i LineRegionsCompactSupport.obj
 0001:00000b20       ?startJob@LineSource@@UAEXH@Z 10001b20 f i FarEditor.obj
 0001:00000b20       ?startParsing@RegionHandler@@UAEXH@Z 10001b20 f i LineRegionsSupport.obj
 0001:00000b20       ?endJob@LineSource@@UAEXH@Z 10001b20 f i FarEditor.obj
 0001:00000b20       ?warning@DefaultErrorHandler@@UAEXABVString@@@Z 10001b20 f i ParserFactory.obj
 0001:00000b30       ??1LineSource@@MAE@XZ      10001b30 f i FarEditor.obj
 0001:00000b40       ??_ELineSource@@MAEPAXI@Z  10001b40 f i  CIL library: CIL module
 0001:00000b40       ??_GLineSource@@MAEPAXI@Z  10001b40 f i FarEditor.obj
 0001:00000b70       ?cast@StyledRegion@@SAPBV1@PBVRegionDefine@@@Z 10001b70 f i FarEditor.obj
 0001:00000c10       ??0LineRegion@@QAE@ABV0@@Z 10001c10 f i FarEditor.obj
 0001:00000c50       ??1LineRegion@@QAE@XZ      10001c50 f i FarEditor.obj
 0001:00000c70       ??_GLineRegion@@QAEPAXI@Z  10001c70 f i FarEditor.obj
 0001:00000ca0       ??0FarEditor@@QAE@PAUPluginStartupInfo@@PAVParserFactory@@@Z 10001ca0 f   FarEditor.obj
 0001:00000fb0       ??_EFarEditor@@UAEPAXI@Z   10001fb0 f i  CIL library: CIL module
 0001:00000fb0       ??_GFarEditor@@UAEPAXI@Z   10001fb0 f i FarEditor.obj
 0001:00000fe0       ??1FarEditor@@UAE@XZ       10001fe0 f   FarEditor.obj
 0001:000010a0       ?endJob@FarEditor@@UAEXH@Z 100020a0 f   FarEditor.obj
 0001:000010d0       ?getLine@FarEditor@@UAEPAVString@@H@Z 100020d0 f   FarEditor.obj
 0001:000011a0       ?reloadTypeSettings@FarEditor@@AAEXXZ 100021a0 f   FarEditor.obj
 0001:00001530       ?setRegionMapper@FarEditor@@QAEXPAVRegionMapper@@@Z 10002530 f   FarEditor.obj
 0001:00001770       ?matchPair@FarEditor@@QAEXXZ 10002770 f   FarEditor.obj
 0001:00001820       ?selectPair@FarEditor@@QAEXXZ 10002820 f   FarEditor.obj
 0001:000018c0       ?selectBlock@FarEditor@@QAEXXZ 100028c0 f   FarEditor.obj
 0001:00001960       ?selectRegion@FarEditor@@QAEXXZ 10002960 f   FarEditor.obj
 0001:000019f0       ?locateFunction@FarEditor@@QAEXXZ 100029f0 f   FarEditor.obj
 0001:00001dc0       ?editorInput@FarEditor@@QAEHPBU_INPUT_RECORD@@@Z 10002dc0 f   FarEditor.obj
 0001:00001e20       ?editorEvent@FarEditor@@QAEHHPAX@Z 10002e20 f   FarEditor.obj
 0001:000029f0       ?showOutliner@FarEditor@@AAEXPAVOutliner@@@Z 100039f0 f   FarEditor.obj
 0001:00003960       ?convert@FarEditor@@AAE?AUcolor@@PBVStyledRegion@@@Z 10004960 f   FarEditor.obj
 0001:00003a60       ?foreDefault@FarEditor@@AAE_NUcolor@@@Z 10004a60 f   FarEditor.obj
 0001:00003aa0       ?backDefault@FarEditor@@AAE_NUcolor@@@Z 10004aa0 f   FarEditor.obj
 0001:00003ae0       ?addFARColor@FarEditor@@AAEXHHHUcolor@@@Z 10004ae0 f   FarEditor.obj
 0001:00003bc0       ?cleanEditor@FarEditor@@QAEXXZ 10004bc0 f   FarEditor.obj
 0001:00003c60       ??0FarEditorSet@@QAE@XZ    10004c60 f   FarEditorSet.obj
 0001:00003dc0       ??1FarEditorSet@@QAE@XZ    10004dc0 f   FarEditorSet.obj
 0001:00003f90       ?openMenu@FarEditorSet@@QAEXXZ 10004f90 f   FarEditorSet.obj
 0001:000043d0       ?viewFile@FarEditorSet@@QAEXABVString@@@Z 100053d0 f   FarEditorSet.obj
 0001:00004730       ?getCountFileTypeAndGroup@FarEditorSet@@AAEHXZ 10005730 f   FarEditorSet.obj
 0001:000047b0       ?getFileTypeByIndex@FarEditorSet@@AAEPAVFileTypeImpl@@H@Z 100057b0 f   FarEditorSet.obj
 0001:00004820       ?FillTypeMenu@FarEditorSet@@AAEXPAVChooseTypeMenu@@PAVFileType@@@Z 10005820 f   FarEditorSet.obj
 0001:00004970       ?KeyDialogProc@@YGJPAXHHJ@Z 10005970 f   FarEditorSet.obj
 0001:00004a70       ?chooseType@FarEditorSet@@AAEXXZ 10005a70 f   FarEditorSet.obj
 0001:00005010       ?getHRDescription@FarEditorSet@@QAEPBVString@@ABV2@VDString@@@Z 10006010 f   FarEditorSet.obj
 0001:000050c0       ?SettingDialogProc@@YGJPAXHHJ@Z 100060c0 f   FarEditorSet.obj
 0001:00005550       ??0DString@@QAE@ABV0@@Z    10006550 f i FarEditorSet.obj
 0001:000055a0       ??_GDString@@UAEPAXI@Z     100065a0 f i FarEditorSet.obj
 0001:000055a0       ??_EDString@@UAEPAXI@Z     100065a0 f i  CIL library: CIL module
 0001:00005640       ??_EString@@UAEPAXI@Z      10006640 f i  CIL library: CIL module
 0001:00005640       ??_GString@@UAEPAXI@Z      10006640 f i FarEditorSet.obj
 0001:00005690       ?configure@FarEditorSet@@QAEX_N@Z 10006690 f   FarEditorSet.obj
 0001:00006960       ?chooseHRDName@FarEditorSet@@QAEPBVString@@PBV2@VDString@@@Z 10007960 f   FarEditorSet.obj
 0001:00006c50       ?editorEvent@FarEditorSet@@QAEHHPAX@Z 10007c50 f   FarEditorSet.obj
 0001:00006e90       ?TestLoadBase@FarEditorSet@@QAE_NPB_W00H@Z 10007e90 f   FarEditorSet.obj
 0001:000075e0       ?ReloadBase@FarEditorSet@@AAEXXZ 100085e0 f   FarEditorSet.obj
 0001:00007ae0       ?addCurrentEditor@FarEditorSet@@AAEPAVFarEditor@@XZ 10008ae0 f   FarEditorSet.obj
 0001:00007cb0       ?getCurrentFileName@FarEditorSet@@AAEPAVString@@XZ 10008cb0 f   FarEditorSet.obj
 0001:00007ea0       ?getCurrentEditor@FarEditorSet@@AAEPAVFarEditor@@XZ 10008ea0 f   FarEditorSet.obj
 0001:00007fb0       ?disableColorer@FarEditorSet@@AAEXXZ 10008fb0 f   FarEditorSet.obj
 0001:00008010       ?ApplySettingsToEditors@FarEditorSet@@AAEXXZ 10009010 f   FarEditorSet.obj
 0001:000080e0       ?dropCurrentEditor@FarEditorSet@@AAEX_N@Z 100090e0 f   FarEditorSet.obj
 0001:000082b0       ?dropAllEditors@FarEditorSet@@AAEX_N@Z 100092b0 f   FarEditorSet.obj
 0001:00008340       ?ReadSettings@FarEditorSet@@QAEXXZ 10009340 f   FarEditorSet.obj
 0001:00008a80       ?SetDefaultSettings@FarEditorSet@@AAEXXZ 10009a80 f   FarEditorSet.obj
 0001:00008bb0       ?SaveSettings@FarEditorSet@@AAEXXZ 10009bb0 f   FarEditorSet.obj
 0001:00008d90       ?checkConEmu@FarEditorSet@@AAE_NXZ 10009d90 f   FarEditorSet.obj
 0001:00008de0       ?checkConsoleAnnotationAvailable@FarEditorSet@@AAE_NXZ 10009de0 f   FarEditorSet.obj
 0001:00008e60       ?SetBgEditor@FarEditorSet@@QAE_NXZ 10009e60 f   FarEditorSet.obj
 0001:00008fe0       ?LoadUserHrd@FarEditorSet@@QAEXPBVString@@PAVParserFactory@@@Z 10009fe0 f   FarEditorSet.obj
 0001:00009190       ??1DocumentBuilder@@QAE@XZ 1000a190 f i FarEditorSet.obj
 0001:00009270       ?LoadUserHrc@FarEditorSet@@QAEXPBVString@@PAVParserFactory@@@Z 1000a270 f   FarEditorSet.obj
 0001:00009320       ?getParamDefValue@FarEditorSet@@AAEPBVString@@PAVFileTypeImpl@@VSString@@@Z 1000a320 f   FarEditorSet.obj
 0001:000095b0       ?buildHrcList@FarEditorSet@@AAEPAUFarList@@XZ 1000a5b0 f   FarEditorSet.obj
 0001:00009700       ?buildParamsList@FarEditorSet@@AAEPAUFarList@@PAVFileTypeImpl@@@Z 1000a700 f   FarEditorSet.obj
 0001:00009820       ?setCrossValueListToCombobox@FarEditorSet@@AAEXPAVFileTypeImpl@@PAX@Z 1000a820 f   FarEditorSet.obj
 0001:00009b70       ?setCrossPosValueListToCombobox@FarEditorSet@@AAEXPAVFileTypeImpl@@PAX@Z 1000ab70 f   FarEditorSet.obj
 0001:00009e50       ?setYNListValueToCombobox@FarEditorSet@@AAEXPAVFileTypeImpl@@PAXVDString@@@Z 1000ae50 f   FarEditorSet.obj
 0001:0000a180       ?setTFListValueToCombobox@FarEditorSet@@AAEXPAVFileTypeImpl@@PAXVDString@@@Z 1000b180 f   FarEditorSet.obj
 0001:0000a4b0       ?setCustomListValueToCombobox@FarEditorSet@@AAEXPAVFileTypeImpl@@PAXVDString@@@Z 1000b4b0 f   FarEditorSet.obj
 0001:0000a710       ?OnChangeHrc@FarEditorSet@@QAEXPAX@Z 1000b710 f   FarEditorSet.obj
 0001:0000a780       ?SaveChangedValueParam@FarEditorSet@@AAEXPAX@Z 1000b780 f   FarEditorSet.obj
 0001:0000aae0       ?OnChangeParam@FarEditorSet@@QAEXPAXH@Z 1000bae0 f   FarEditorSet.obj
 0001:0000ae70       ?OnSaveHrcParams@FarEditorSet@@QAEXPAX@Z 1000be70 f   FarEditorSet.obj
 0001:0000aef0       ?SettingHrcDialogProc@@YGJPAXHHJ@Z 1000bef0 f   FarEditorSet.obj
 0001:0000afd0       ?configureHrc@FarEditorSet@@QAEXXZ 1000bfd0 f   FarEditorSet.obj
 0001:0000b3a0       ?next_int@?$HashtableCore@PAVFarEditor@@@@IBEPAPAVFarEditor@@XZ 1000c3a0 f i FarEditorSet.obj
 0001:0000b4e0       ?getAttribute@Element@@QAEPBVString@@ABV2@@Z 1000c4e0 f i FarHrcSettings.obj
 0001:0000b530       ?setParamDefaultValue@FileTypeImpl@@QAEXABVString@@PBV2@@Z 1000c530 f i FarHrcSettings.obj
 0001:0000b5c0       ?setParamDescription@FileTypeImpl@@QAEXABVString@@PBV2@@Z 1000c5c0 f i FarHrcSettings.obj
 0001:0000b660       ??0FarHrcSettingsException@@QAE@ABVString@@@Z 1000c660 f i FarHrcSettings.obj
 0001:0000b750       ?readProfile@FarHrcSettings@@QAEXXZ 1000c750 f   FarHrcSettings.obj
 0001:0000b8a0       ?readXML@FarHrcSettings@@QAEXPAVString@@_N@Z 1000c8a0 f   FarHrcSettings.obj
 0001:0000ba20       ?UpdatePrototype@FarHrcSettings@@AAEXPAVElement@@_N@Z 1000ca20 f   FarHrcSettings.obj
 0001:0000beb0       ?readUserProfile@FarHrcSettings@@QAEXXZ 1000ceb0 f   FarHrcSettings.obj
 0001:0000bf20       ?readProfileFromRegistry@FarHrcSettings@@AAEXPAUHKEY__@@@Z 1000cf20 f   FarHrcSettings.obj
 0001:0000c4c0       ?writeUserProfile@FarHrcSettings@@QAEXXZ 1000d4c0 f   FarHrcSettings.obj
 0001:0000c530       ?writeProfileToRegistry@FarHrcSettings@@AAEXXZ 1000d530 f   FarHrcSettings.obj
 0001:0000c710       _DllMain@12                1000d710 f   pcolorer.obj
 0001:0000c970       _SetStartupInfoW@4         1000d970 f   pcolorer.obj
 0001:0000c9b0       _GetPluginInfoW@4          1000d9b0 f   pcolorer.obj
 0001:0000ca10       _ExitFARW@0                1000da10 f   pcolorer.obj
 0001:0000ca40       _OpenPluginW@8             1000da40 f   pcolorer.obj
 0001:0000cb30       _ConfigureW@4              1000db30 f   pcolorer.obj
 0001:0000cb90       _ProcessEditorEventW@8     1000db90 f   pcolorer.obj
 0001:0000cbf0       _ProcessEditorInputW@4     1000dbf0 f   pcolorer.obj
 0001:0000cc30       ?rGetValueSz@@YAPA_WPAUHKEY__@@PB_W1@Z 1000dc30 f   registry_wide.obj
 0001:0000cd10       ?rtrim@@YAPA_WPA_W@Z       1000dd10 f   tools.obj
 0001:0000cd70       ?trim@@YAPA_WPA_W@Z        1000dd70 f   tools.obj
 0001:0000cda0       ?PathToFull@@YAPA_WPB_W_N@Z 1000dda0 f   tools.obj
 0001:0000d0c0       _adler32                   1000e0c0 f   adler32.obj
 0001:0000d330       _crc32                     1000e330 f   crc32.obj
 0001:0000d610       _inflate_fast              1000e610 f   inffast.obj
 0001:0000da20       _inflateReset              1000ea20 f   inflate.obj
 0001:0000da90       _inflateReset2             1000ea90 f   inflate.obj
 0001:0000dae0       _inflateInit2_             1000eae0 f   inflate.obj
 0001:0000dc60       _inflate                   1000ec60 f   inflate.obj
 0001:0000f190       _inflateEnd                10010190 f   inflate.obj
 0001:0000f1e0       _inflate_table             100101e0 f   inftrees.obj
 0001:0000f610       _zcalloc                   10010610 f   zutil.obj
 0001:0000f630       _zcfree                    10010630 f   zutil.obj
 0001:0000f650       _call_zseek64              10010650 f   ioapi.obj
 0001:000105d0       _unzClose                  100115d0 f   unzip.obj
 0001:00010aa0       _unzGetCurrentFileInfo     10011aa0 f   unzip.obj
 0001:00010b40       _unzGoToFirstFile          10011b40 f   unzip.obj
 0001:00010ba0       _unzGoToNextFile           10011ba0 f   unzip.obj
 0001:00010c40       _unzLocateFile             10011c40 f   unzip.obj
 0001:00010fe0       _unzOpenCurrentFile3       10011fe0 f   unzip.obj
 0001:000111a0       _unzReadCurrentFile        100121a0 f   unzip.obj
 0001:00011430       _unzCloseCurrentFile       10012430 f   unzip.obj
 0001:000114c0       ??1ErrorHandler@@UAE@XZ    100124c0 f i ParserFactory.obj
 0001:000114d0       ??_EErrorHandler@@UAEPAXI@Z 100124d0 f i  CIL library: CIL module
 0001:000114d0       ??_EDefaultErrorHandler@@UAEPAXI@Z 100124d0 f i  CIL library: CIL module
 0001:000114d0       ??_GErrorHandler@@UAEPAXI@Z 100124d0 f i ParserFactory.obj
 0001:000114d0       ??_GDefaultErrorHandler@@UAEPAXI@Z 100124d0 f i ParserFactory.obj
 0001:00011500       ??0ParserFactoryException@@QAE@ABVString@@@Z 10012500 f i ParserFactory.obj
 0001:000115f0       ?init@ParserFactory@@AAEXXZ 100125f0 f   ParserFactory.obj
 0001:00011a90       ?parseHRDSetsChild@ParserFactory@@QAEXPAVNode@@@Z 10012a90 f   ParserFactory.obj
 0001:000121b0       ?searchPath@ParserFactory@@AAEPAVString@@XZ 100131b0 f   ParserFactory.obj
 0001:00012d40       ??_EParserFactory@@UAEPAXI@Z 10013d40 f i  CIL library: CIL module
 0001:00012d40       ??_GParserFactory@@UAEPAXI@Z 10013d40 f i ParserFactory.obj
 0001:00012d70       ??0ParserFactory@@QAE@PBVString@@@Z 10013d70 f   ParserFactory.obj
 0001:00012e80       ??1ParserFactory@@UAE@XZ   10013e80 f   ParserFactory.obj
 0001:00013100       ?countHRD@ParserFactory@@QAEHABVString@@@Z 10014100 f   ParserFactory.obj
 0001:00013160       ?enumerateHRDInstances@ParserFactory@@QAEPBVString@@ABV2@H@Z 10014160 f   ParserFactory.obj
 0001:000131d0       ?getHRDescription@ParserFactory@@QAEPBVString@@ABV2@0@Z 100141d0 f   ParserFactory.obj
 0001:00013300       ?getHRCParser@ParserFactory@@QAEPAVHRCParser@@XZ 10014300 f   ParserFactory.obj
 0001:00013ac0       ?createStyledMapper@ParserFactory@@QAEPAVStyledHRDMapper@@PBVString@@0@Z 10014ac0 f   ParserFactory.obj
 0001:00013f90       ??0?$Vector@PBVString@@@@QAE@XZ 10014f90 f i ParserFactory.obj
 0001:00013fd0       ?put@?$HashtableCore@PAVFileTypeImpl@@@@QAE_NPBVString@@PAVFileTypeImpl@@@Z 10014fd0 f i HRCParserImpl.obj
 0001:00013fd0       ?put@?$HashtableCore@PAVFarEditor@@@@QAE_NPBVString@@PAVFarEditor@@@Z 10014fd0 f i FarEditorSet.obj
 0001:00013fd0       ?put@?$HashtableCore@PBVString@@@@QAE_NPBVString@@0@Z 10014fd0 f i ParserFactory.obj
 0001:00013fd0       ?put@?$HashtableCore@PBVRegion@@@@QAE_NPBVString@@PBVRegion@@@Z 10014fd0 f i HRCParserImpl.obj
 0001:00013fd0       ?put@?$HashtableCore@PAVString@@@@QAE_NPBVString@@PAV2@@Z 10014fd0 f i FarHrcSettings.obj
 0001:00013fd0       ?put@?$HashtableCore@PAVSchemeImpl@@@@QAE_NPBVString@@PAVSchemeImpl@@@Z 10014fd0 f i HRCParserImpl.obj
 0001:00013fd0       ?put@?$HashtableCore@PAVRegionDefine@@@@QAE_NPBVString@@PAVRegionDefine@@@Z 10014fd0 f i StyledHRDMapper.obj
 0001:00013fd0       ?put@?$HashtableCore@PAV?$Vector@PBVString@@@@@@QAE_NPBVString@@PAV?$Vector@PBVString@@@@@Z 10014fd0 f i ParserFactory.obj
 0001:00013fd0       ?put@?$HashtableCore@PAV?$Hashtable@PAV?$Vector@PBVString@@@@@@@@QAE_NPBVString@@PAV?$Hashtable@PAV?$Vector@PBVString@@@@@@@Z 10014fd0 f i ParserFactory.obj
 0001:00014140       ??1?$Vector@PAVRegionHandler@@@@QAE@XZ 10015140 f i BaseEditor.obj
 0001:00014140       ??1?$Vector@PAVEditorListener@@@@QAE@XZ 10015140 f i BaseEditor.obj
 0001:00014140       ??1?$Vector@PAVFileTypeImpl@@@@QAE@XZ 10015140 f i HRCParserImpl.obj
 0001:00014140       ??1?$Vector@PAVString@@@@QAE@XZ 10015140 f i ParserFactory.obj
 0001:00014140       ??1?$Vector@PAVVirtualEntry@@@@QAE@XZ 10015140 f i HRCParserHelpers.obj
 0001:00014140       ??1?$Vector@PAVOutlineItem@@@@QAE@XZ 10015140 f i Outliner.obj
 0001:00014140       ??1?$Vector@PBVString@@@@QAE@XZ 10015140 f i ParserFactory.obj
 0001:00014140       ??1?$Vector@PAVFileTypeChooser@@@@QAE@XZ 10015140 f i HRCParserImpl.obj
 0001:00014140       ??1?$Vector@PAE@@QAE@XZ    10015140 f i HTTPInputSource.obj
 0001:00014140       ??1?$Vector@PAVLineRegion@@@@QAE@XZ 10015140 f i LineRegionsSupport.obj
 0001:00014140       ??1?$Vector@PAVSchemeNode@@@@QAE@XZ 10015140 f i HRCParserImpl.obj
 0001:00014140       ??1?$Vector@PBVRegion@@@@QAE@XZ 10015140 f i HRCParserImpl.obj
 0001:00014140       ??1?$Vector@H@@QAE@XZ      10015140 f i FarEditor.obj
 0001:00014160       ?key@?$HashtableCore@PAV?$Vector@PBVString@@@@@@QBEPBVString@@H@Z 10015160 f i ParserFactory.obj
 0001:000141b0       ?insertElementAt@?$Vector@PAVString@@@@QAEXQAVString@@H@Z 100151b0 f i ChooseTypeMenu.obj
 0001:000141b0       ?insertElementAt@?$Vector@PBVString@@@@QAEXQBVString@@H@Z 100151b0 f i ParserFactory.obj
 0001:000142f0       ?rehash@?$HashtableCore@PAV?$Hashtable@PAV?$Vector@PBVString@@@@@@@@IAEXXZ 100152f0 f i ParserFactory.obj
 0001:000142f0       ?rehash@?$HashtableCore@PAVFarEditor@@@@IAEXXZ 100152f0 f i FarEditorSet.obj
 0001:000142f0       ?rehash@?$HashtableCore@PAV?$Vector@PBVString@@@@@@IAEXXZ 100152f0 f i ParserFactory.obj
 0001:000142f0       ?rehash@?$HashtableCore@PAVFileTypeImpl@@@@IAEXXZ 100152f0 f i HRCParserImpl.obj
 0001:000142f0       ?rehash@?$HashtableCore@PBVRegion@@@@IAEXXZ 100152f0 f i HRCParserImpl.obj
 0001:000142f0       ?rehash@?$HashtableCore@PAVSchemeImpl@@@@IAEXXZ 100152f0 f i HRCParserImpl.obj
 0001:000142f0       ?rehash@?$HashtableCore@PAVString@@@@IAEXXZ 100152f0 f i FarHrcSettings.obj
 0001:000142f0       ?rehash@?$HashtableCore@PAVRegionDefine@@@@IAEXXZ 100152f0 f i StyledHRDMapper.obj
 0001:000142f0       ?rehash@?$HashtableCore@PBVString@@@@IAEXXZ 100152f0 f i ParserFactory.obj
 0001:00014490       ?clear@?$HashtableCore@PBVString@@@@QAEXXZ 10015490 f i FarEditorSet.obj
 0001:00014490       ?clear@?$HashtableCore@H@@QAEXXZ 10015490 f i HRCParserImpl.obj
 0001:00014490       ?clear@?$HashtableCore@PBVRegion@@@@QAEXXZ 10015490 f i HRCParserImpl.obj
 0001:00014490       ?clear@?$HashtableCore@PAV?$Hashtable@PAV?$Vector@PBVString@@@@@@@@QAEXXZ 10015490 f i ParserFactory.obj
 0001:00014490       ?clear@?$HashtableCore@PAV?$Vector@PBVString@@@@@@QAEXXZ 10015490 f i ParserFactory.obj
 0001:00014490       ?clear@?$HashtableCore@PAVString@@@@QAEXXZ 10015490 f i FarHrcSettings.obj
 0001:00014490       ?clear@?$HashtableCore@PAVSharedInputSource@@@@QAEXXZ 10015490 f i SharedInputSource.obj
 0001:00014490       ?clear@?$HashtableCore@PAVFileTypeImpl@@@@QAEXXZ 10015490 f i HRCParserImpl.obj
 0001:00014490       ?clear@?$HashtableCore@PAVSchemeImpl@@@@QAEXXZ 10015490 f i HRCParserImpl.obj
 0001:00014490       ?clear@?$HashtableCore@PAVFarEditor@@@@QAEXXZ 10015490 f i FarEditorSet.obj
 0001:00014490       ?clear@?$HashtableCore@PAVRegionDefine@@@@QAEXXZ 10015490 f i StyledHRDMapper.obj
 0001:00014510       ??1Writer@@UAE@XZ          10015510 f i ConsoleTools.obj
 0001:00014520       ??_EWriter@@UAEPAXI@Z      10015520 f i  CIL library: CIL module
 0001:00014520       ??_GStreamWriter@@UAEPAXI@Z 10015520 f i StreamWriter.obj
 0001:00014520       ??_GWriter@@UAEPAXI@Z      10015520 f i ConsoleTools.obj
 0001:00014520       ??_EStreamWriter@@UAEPAXI@Z 10015520 f i  CIL library: CIL module
 0001:00014550       ?next_int@?$HashtableCore@PAV?$Vector@PBVString@@@@@@IBEPAPAV?$Vector@PBVString@@@@XZ 10015550 f i ParserFactory.obj
 0001:00014550       ?next_int@?$HashtableCore@PBVString@@@@IBEPAPBVString@@XZ 10015550 f i ParserFactory.obj
 0001:00014550       ?next_int@?$HashtableCore@PAVRegionDefine@@@@IBEPAPAVRegionDefine@@XZ 10015550 f i StyledHRDMapper.obj
 0001:00014550       ?next_int@?$HashtableCore@PAVSchemeImpl@@@@IBEPAPAVSchemeImpl@@XZ 10015550 f i HRCParserImpl.obj
 0001:00014550       ?next_int@?$HashtableCore@PAVFileTypeImpl@@@@IBEPAPAVFileTypeImpl@@XZ 10015550 f i HRCParserImpl.obj
 0001:00014550       ?next_int@?$HashtableCore@PAV?$Hashtable@PAV?$Vector@PBVString@@@@@@@@IBEPAPAV?$Hashtable@PAV?$Vector@PBVString@@@@@@XZ 10015550 f i ParserFactory.obj
 0001:00014550       ?next_int@?$HashtableCore@PAVString@@@@IBEPAPAVString@@XZ 10015550 f i ConsoleTools.obj
 0001:000146a0       ?view@TextConsoleViewer@@QAEXXZ 100156a0 f   TextConsoleViewer.obj
 0001:00014e30       ?replaceTabs@TextLinesStore@@AAEXH@Z 10015e30 f   TextLinesStore.obj
 0001:000150a0       ??_GTextLinesStore@@UAEPAXI@Z 100160a0 f i TextLinesStore.obj
 0001:000150a0       ??_ETextLinesStore@@UAEPAXI@Z 100160a0 f i  CIL library: CIL module
 0001:00015120       ??1TextLinesStore@@UAE@XZ  10016120 f   TextLinesStore.obj
 0001:00015180       ?freeFile@TextLinesStore@@IAEXXZ 10016180 f   TextLinesStore.obj
 0001:00015260       ?loadFile@TextLinesStore@@QAEXPBVString@@0_N@Z 10016260 f   TextLinesStore.obj
 0001:000155e0       ?getLine@TextLinesStore@@UAEPAVString@@H@Z 100165e0 f   TextLinesStore.obj
 0001:00015600       ?ensureCapacity@?$Vector@PAVString@@@@QAEXH@Z 10016600 f i TextLinesStore.obj
 0001:00015600       ?ensureCapacity@?$Vector@PAVOutlineItem@@@@QAEXH@Z 10016600 f i Outliner.obj
 0001:00015600       ?ensureCapacity@?$Vector@PAVLineRegion@@@@QAEXH@Z 10016600 f i LineRegionsSupport.obj
 0001:00015600       ?ensureCapacity@?$Vector@PBVRegionDefine@@@@QAEXH@Z 10016600 f i RegionMapperImpl.obj
 0001:00015660       ??0ErrorHandlerWriter@@QAE@PAVWriter@@@Z 10016660 f   ErrorHandlerWriter.obj
 0001:00015800       ??_GErrorHandlerWriter@@UAEPAXI@Z 10016800 f i ErrorHandlerWriter.obj
 0001:00015800       ??_EErrorHandlerWriter@@UAEPAXI@Z 10016800 f i  CIL library: CIL module
 0001:00015830       ??1ErrorHandlerWriter@@UAE@XZ 10016830 f   ErrorHandlerWriter.obj
 0001:000159d0       ?error@ErrorHandlerWriter@@UAEXABVString@@@Z 100169d0 f   ErrorHandlerWriter.obj
 0001:00015c30       ?fatalError@ErrorHandlerWriter@@UAEXABVString@@@Z 10016c30 f   ErrorHandlerWriter.obj
 0001:00015e90       ?warning@ErrorHandlerWriter@@UAEXABVString@@@Z 10016e90 f   ErrorHandlerWriter.obj
 0001:000160f0       ??0FileErrorHandler@@QAE@PBVString@@H_N@Z 100170f0 f   FileErrorHandler.obj
 0001:00016210       ??_GFileErrorHandler@@UAEPAXI@Z 10017210 f i FileErrorHandler.obj
 0001:00016210       ??_EFileErrorHandler@@UAEPAXI@Z 10017210 f i  CIL library: CIL module
 0001:000162a0       ?error@FileErrorHandler@@UAEXABVString@@@Z 100172a0 f   FileErrorHandler.obj
 0001:000162d0       ?fatalError@FileErrorHandler@@UAEXABVString@@@Z 100172d0 f   FileErrorHandler.obj
 0001:00016300       ?warning@FileErrorHandler@@UAEXABVString@@@Z 10017300 f   FileErrorHandler.obj
 0001:00016330       ??_GLineRegionsCompactSupport@@UAEPAXI@Z 10017330 f i LineRegionsCompactSupport.obj
 0001:00016330       ??_ELineRegionsCompactSupport@@UAEPAXI@Z 10017330 f i  CIL library: CIL module
 0001:00016370       ?addLineRegion@LineRegionsCompactSupport@@MAEXHPAVLineRegion@@@Z 10017370 f   LineRegionsCompactSupport.obj
 0001:00016750       ?clearLine@RegionHandler@@UAEXHPAVString@@@Z 10017750 f i LineRegionsSupport.obj
 0001:00016760       ??1RegionHandler@@MAE@XZ   10017760 f i LineRegionsSupport.obj
 0001:00016770       ??_GRegionHandler@@MAEPAXI@Z 10017770 f i LineRegionsSupport.obj
 0001:00016770       ??_ERegionHandler@@MAEPAXI@Z 10017770 f i  CIL library: CIL module
 0001:000167a0       ??0LineRegionsSupport@@QAE@XZ 100177a0 f   LineRegionsSupport.obj
 0001:00016870       ??_ELineRegionsSupport@@UAEPAXI@Z 10017870 f i  CIL library: CIL module
 0001:00016870       ??_GLineRegionsSupport@@UAEPAXI@Z 10017870 f i LineRegionsSupport.obj
 0001:000168a0       ??1LineRegionsSupport@@UAE@XZ 100178a0 f   LineRegionsSupport.obj
 0001:00016980       ?clear@LineRegionsSupport@@QAEXXZ 10017980 f   LineRegionsSupport.obj
 0001:00016a40       ?startParsing@LineRegionsSupport@@UAEXH@Z 10017a40 f   LineRegionsSupport.obj
 0001:00016b20       ?clearLine@LineRegionsSupport@@UAEXHPAVString@@@Z 10017b20 f   LineRegionsSupport.obj
 0001:00016c90       ?addRegion@LineRegionsSupport@@UAEXHPAVString@@HHPBVRegion@@@Z 10017c90 f   LineRegionsSupport.obj
 0001:00016d90       ?enterScheme@LineRegionsSupport@@UAEXHPAVString@@HHPBVRegion@@PBVScheme@@@Z 10017d90 f   LineRegionsSupport.obj
 0001:00016ee0       ?leaveScheme@LineRegionsSupport@@UAEXHPAVString@@HHPBVRegion@@PBVScheme@@@Z 10017ee0 f   LineRegionsSupport.obj
 0001:00016fe0       ?addLineRegion@LineRegionsSupport@@MAEXHPAVLineRegion@@@Z 10017fe0 f   LineRegionsSupport.obj
 0001:000170d0       ?removeElementAt@?$Vector@PAVLineRegion@@@@QAEXH@Z 100180d0 f i LineRegionsSupport.obj
 0001:000170d0       ?removeElementAt@?$Vector@PAVEditorListener@@@@QAEXH@Z 100180d0 f i BaseEditor.obj
 0001:000170d0       ?removeElementAt@?$Vector@PAVRegionHandler@@@@QAEXH@Z 100180d0 f i BaseEditor.obj
 0001:00017160       ?lastElement@?$Vector@PAVLineRegion@@@@QBEPAVLineRegion@@XZ 10018160 f i LineRegionsSupport.obj
 0001:00017210       ?getRegionDefine@RegionMapperImpl@@UBEPBVRegionDefine@@PBVRegion@@@Z 10018210 f   RegionMapperImpl.obj
 0001:00017400       ?getRegionDefine@RegionMapperImpl@@UBEPBVRegionDefine@@ABVString@@@Z 10018400 f   RegionMapperImpl.obj
 0001:00017460       ?setSize@?$Vector@PBVRegionDefine@@@@QAEXH@Z 10018460 f i RegionMapperImpl.obj
 0001:00017460       ?setSize@?$Vector@PAVLineRegion@@@@QAEXH@Z 10018460 f i LineRegionsSupport.obj
 0001:000174d0       ??4RegionDefine@@UAEAAV0@ABV0@@Z 100184d0 f i StyledHRDMapper.obj
 0001:000174f0       ??1RegionDefine@@UAE@XZ    100184f0 f i StyledHRDMapper.obj
 0001:00017500       ??1RegionMapperImpl@@UAE@XZ 10018500 f i StyledHRDMapper.obj
 0001:00017580       ??_ERegionMapperImpl@@UAEPAXI@Z 10018580 f i  CIL library: CIL module
 0001:00017580       ??_GRegionMapperImpl@@UAEPAXI@Z 10018580 f i StyledHRDMapper.obj
 0001:00017620       ?assignParent@StyledRegion@@UAEXPBVRegionDefine@@@Z 10018620 f i StyledHRDMapper.obj
 0001:000176f0       ?setValues@StyledRegion@@UAEXPBVRegionDefine@@@Z 100186f0 f i StyledHRDMapper.obj
 0001:000177c0       ?clone@StyledRegion@@UBEPAVRegionDefine@@XZ 100187c0 f i StyledHRDMapper.obj
 0001:00017850       ??_GStyledRegion@@UAEPAXI@Z 10018850 f i StyledHRDMapper.obj
 0001:00017850       ??_GRegionDefine@@UAEPAXI@Z 10018850 f i StyledHRDMapper.obj
 0001:00017850       ??_ERegionDefine@@UAEPAXI@Z 10018850 f i  CIL library: CIL module
 0001:00017850       ??_EStyledRegion@@UAEPAXI@Z 10018850 f i  CIL library: CIL module
 0001:00017880       ??0StyledHRDMapper@@QAE@XZ 10018880 f   StyledHRDMapper.obj
 0001:00017910       ??_EStyledHRDMapper@@UAEPAXI@Z 10018910 f i  CIL library: CIL module
 0001:00017910       ??_GStyledHRDMapper@@UAEPAXI@Z 10018910 f i StyledHRDMapper.obj
 0001:00017940       ??1StyledHRDMapper@@UAE@XZ 10018940 f   StyledHRDMapper.obj
 0001:00017a30       ?loadRegionMappings@StyledHRDMapper@@UAEXPAVInputSource@@@Z 10018a30 f   StyledHRDMapper.obj
 0001:00017f10       ?saveRegionMappings@StyledHRDMapper@@UBEXPAVWriter@@@Z 10018f10 f   StyledHRDMapper.obj
 0001:00018610       ?setRegionDefine@StyledHRDMapper@@UAEXABVString@@PBVRegionDefine@@@Z 10019610 f   StyledHRDMapper.obj
 0001:00018830       ?nextkey@?$HashtableCore@PAVRegionDefine@@@@QBEPAVString@@XZ 10019830 f i StyledHRDMapper.obj
 0001:00018970       ?setStart@PairMatch@@QAEXPAVLineRegion@@@Z 10019970 f i BaseEditor.obj
 0001:00018a30       ?setEnd@PairMatch@@QAEXPAVLineRegion@@@Z 10019a30 f i BaseEditor.obj
 0001:00018af0       ??_GPairMatch@@UAEPAXI@Z   10019af0 f i BaseEditor.obj
 0001:00018af0       ??_EPairMatch@@UAEPAXI@Z   10019af0 f i  CIL library: CIL module
 0001:00018b70       ??0BaseEditor@@QAE@PAVParserFactory@@PAVLineSource@@@Z 10019b70 f   BaseEditor.obj
 0001:00018ed0       ??_EBaseEditor@@UAEPAXI@Z  10019ed0 f i  CIL library: CIL module
 0001:00018ed0       ??_GBaseEditor@@UAEPAXI@Z  10019ed0 f i BaseEditor.obj
 0001:00018f00       ??1BaseEditor@@UAE@XZ      10019f00 f   BaseEditor.obj
 0001:00018fc0       ?remapLRS@BaseEditor@@AAEX_N@Z 10019fc0 f   BaseEditor.obj
 0001:000192a0       ?chooseFileTypeCh@BaseEditor@@AAEPAVFileType@@PBVString@@HH@Z 1001a2a0 f   BaseEditor.obj
 0001:000195e0       ?chooseFileType@BaseEditor@@QAEPAVFileType@@PBVString@@@Z 1001a5e0 f   BaseEditor.obj
 0001:000197c0       ?getPairMatch@BaseEditor@@AAEPAVPairMatch@@HH@Z 1001a7c0 f   BaseEditor.obj
 0001:00019970       ?searchLocalPair@BaseEditor@@QAEPAVPairMatch@@HH@Z 1001a970 f   BaseEditor.obj
 0001:00019b80       ?searchGlobalPair@BaseEditor@@QAEPAVPairMatch@@HH@Z 1001ab80 f   BaseEditor.obj
 0001:00019d80       ?validate@BaseEditor@@QAEXH_N@Z 1001ad80 f   BaseEditor.obj
 0001:00019eb0       ?idleJob@BaseEditor@@QAEXH@Z 1001aeb0 f   BaseEditor.obj
 0001:00019ef0       ?startParsing@BaseEditor@@UAEXH@Z 1001aef0 f   BaseEditor.obj
 0001:00019f90       ?endParsing@BaseEditor@@UAEXH@Z 1001af90 f   BaseEditor.obj
 0001:0001a030       ?clearLine@BaseEditor@@UAEXHPAVString@@@Z 1001b030 f   BaseEditor.obj
 0001:0001a0e0       ?addRegion@BaseEditor@@UAEXHPAVString@@HHPBVRegion@@@Z 1001b0e0 f   BaseEditor.obj
 0001:0001a1a0       ?enterScheme@BaseEditor@@UAEXHPAVString@@HHPBVRegion@@PBVScheme@@@Z 1001b1a0 f   BaseEditor.obj
 0001:0001a270       ?leaveScheme@BaseEditor@@UAEXHPAVString@@HHPBVRegion@@PBVScheme@@@Z 1001b270 f   BaseEditor.obj
 0001:0001a340       ?insertElementAt@?$Vector@PAVFileTypeImpl@@@@QAEXQAVFileTypeImpl@@H@Z 1001b340 f i HRCParserImpl.obj
 0001:0001a340       ?insertElementAt@?$Vector@PAVSchemeNode@@@@QAEXQAVSchemeNode@@H@Z 1001b340 f i HRCParserImpl.obj
 0001:0001a340       ?insertElementAt@?$Vector@PAVVirtualEntry@@@@QAEXQAVVirtualEntry@@H@Z 1001b340 f i HRCParserImpl.obj
 0001:0001a340       ?insertElementAt@?$Vector@PAVOutlineItem@@@@QAEXQAVOutlineItem@@H@Z 1001b340 f i Outliner.obj
 0001:0001a340       ?insertElementAt@?$Vector@PBVRegion@@@@QAEXQBVRegion@@H@Z 1001b340 f i HRCParserImpl.obj
 0001:0001a340       ?insertElementAt@?$Vector@H@@QAEXHH@Z 1001b340 f i Outliner.obj
 0001:0001a340       ?insertElementAt@?$Vector@PAVEditorListener@@@@QAEXQAVEditorListener@@H@Z 1001b340 f i BaseEditor.obj
 0001:0001a340       ?insertElementAt@?$Vector@PAE@@QAEXQAEH@Z 1001b340 f i MemoryChunks.obj
 0001:0001a340       ?insertElementAt@?$Vector@PAVRegionHandler@@@@QAEXQAVRegionHandler@@H@Z 1001b340 f i BaseEditor.obj
 0001:0001a340       ?insertElementAt@?$Vector@PAVLineRegion@@@@QAEXQAVLineRegion@@H@Z 1001b340 f i LineRegionsSupport.obj
 0001:0001a340       ?insertElementAt@?$Vector@PAVFileTypeChooser@@@@QAEXQAVFileTypeChooser@@H@Z 1001b340 f i HRCParserImpl.obj
 0001:0001a470       ??0OutlineItem@@QAE@HHHPAVString@@PBVRegion@@@Z 1001b470 f i Outliner.obj
 0001:0001a510       ??0Outliner@@QAE@PAVBaseEditor@@PBVRegion@@@Z 1001b510 f   Outliner.obj
 0001:0001a5d0       ??_GOutliner@@UAEPAXI@Z    1001b5d0 f i Outliner.obj
 0001:0001a5d0       ??_EOutliner@@UAEPAXI@Z    1001b5d0 f i  CIL library: CIL module
 0001:0001a600       ??1Outliner@@UAE@XZ        1001b600 f   Outliner.obj
 0001:0001a700       ?manageTree@Outliner@@SAHAAV?$Vector@H@@H@Z 1001b700 f   Outliner.obj
 0001:0001a830       ?modifyEvent@Outliner@@UAEXH@Z 1001b830 f   Outliner.obj
 0001:0001a9c0       ?startParsing@Outliner@@UAEXH@Z 1001b9c0 f   Outliner.obj
 0001:0001a9d0       ?endParsing@Outliner@@UAEXH@Z 1001b9d0 f   Outliner.obj
 0001:0001a9f0       ?clearLine@Outliner@@UAEXHPAVString@@@Z 1001b9f0 f   Outliner.obj
 0001:0001aa00       ?addRegion@Outliner@@UAEXHPAVString@@HHPBVRegion@@@Z 1001ba00 f   Outliner.obj
 0001:0001ab60       ?enterScheme@Outliner@@UAEXHPAVString@@HHPBVRegion@@PBVScheme@@@Z 1001bb60 f   Outliner.obj
 0001:0001ab70       ?leaveScheme@Outliner@@UAEXHPAVString@@HHPBVRegion@@PBVScheme@@@Z 1001bb70 f   Outliner.obj
 0001:0001ab80       ?lastElement@?$Vector@PAVOutlineItem@@@@QBEPAVOutlineItem@@XZ 1001bb80 f i Outliner.obj
 0001:0001ac00       ?lastElement@?$Vector@H@@QBEHXZ 1001bc00 f i Outliner.obj
 0001:0001ac90       ?getDescription@Region@@UBEPBVString@@XZ 1001bc90 f i HRCParserImpl.obj
 0001:0001aca0       ?getGroup@FileTypeImpl@@UAEPBVString@@XZ 1001bca0 f i HRCParserImpl.obj
 0001:0001aca0       ?length@SString@@UBEHXZ    1001bca0 f i SString.obj
 0001:0001aca0       ?getID@Region@@UBEHXZ      1001bca0 f i HRCParserImpl.obj
 0001:0001acb0       ??0Region@@QAE@PBVString@@0PBV0@H@Z 1001bcb0 f i HRCParserImpl.obj
 0001:0001ada0       ??_ERegion@@UAEPAXI@Z      1001bda0 f i  CIL library: CIL module
 0001:0001ada0       ??_GRegion@@UAEPAXI@Z      1001bda0 f i HRCParserImpl.obj
 0001:0001adf0       ??1RegionMapper@@UAE@XZ    1001bdf0 f i StyledHRDMapper.obj
 0001:0001adf0       ??1Scheme@@MAE@XZ          1001bdf0 f i HRCParserImpl.obj
 0001:0001ae00       ??_ERegionMapper@@UAEPAXI@Z 1001be00 f i  CIL library: CIL module
 0001:0001ae00       ??_EScheme@@MAEPAXI@Z      1001be00 f i  CIL library: CIL module
 0001:0001ae00       ??_GRegionMapper@@UAEPAXI@Z 1001be00 f i StyledHRDMapper.obj
 0001:0001ae00       ??_GScheme@@MAEPAXI@Z      1001be00 f i HRCParserImpl.obj
 0001:0001ae30       ??0VirtualEntry@@QAE@PBVString@@0@Z 1001be30 f i HRCParserImpl.obj
 0001:0001af10       ?getFileType@SchemeImpl@@UBEPAVFileType@@XZ 1001bf10 f i HRCParserImpl.obj
 0001:0001af20       ??0SchemeImpl@@IAE@PBVString@@@Z 1001bf20 f i HRCParserImpl.obj
 0001:0001aff0       ??1SchemeImpl@@MAE@XZ      1001bff0 f i HRCParserImpl.obj
 0001:0001b090       ??_GSchemeImpl@@MAEPAXI@Z  1001c090 f i HRCParserImpl.obj
 0001:0001b090       ??_ESchemeImpl@@MAEPAXI@Z  1001c090 f i  CIL library: CIL module
 0001:0001b0c0       ??0HRCParserException@@QAE@ABVString@@@Z 1001c0c0 f i HRCParserImpl.obj
 0001:0001b1b0       ??1HRCParser@@UAE@XZ       1001c1b0 f i HRCParserImpl.obj
 0001:0001b1b0       ??1FileType@@MAE@XZ        1001c1b0 f i HRCParserImpl.obj
 0001:0001b1c0       ??_EHRCParser@@UAEPAXI@Z   1001c1c0 f i  CIL library: CIL module
 0001:0001b1c0       ??_EFileType@@MAEPAXI@Z    1001c1c0 f i  CIL library: CIL module
 0001:0001b1c0       ??_GHRCParser@@UAEPAXI@Z   1001c1c0 f i HRCParserImpl.obj
 0001:0001b1c0       ??_GFileType@@MAEPAXI@Z    1001c1c0 f i HRCParserImpl.obj
 0001:0001b1f0       ?getName@FileTypeImpl@@UAEPBVString@@XZ 1001c1f0 f i HRCParserImpl.obj
 0001:0001b1f0       ?getParent@Region@@UBEPBV1@XZ 1001c1f0 f i HRCParserImpl.obj
 0001:0001b200       ?getDescription@FileTypeImpl@@UAEPBVString@@XZ 1001c200 f i HRCParserImpl.obj
 0001:0001b210       ?getBaseScheme@FileTypeImpl@@UAEPAVScheme@@XZ 1001c210 f i HRCParserImpl.obj
 0001:0001b230       ?enumerateParameters@FileTypeImpl@@UAEPBVString@@H@Z 1001c230 f i HRCParserImpl.obj
 0001:0001b2c0       ?getParameterDescription@FileTypeImpl@@UAEPBVString@@ABV2@@Z 1001c2c0 f i HRCParserImpl.obj
 0001:0001b320       ?getParamValue@FileTypeImpl@@UAEPBVString@@ABV2@@Z 1001c320 f i HRCParserImpl.obj
 0001:0001b3a0       ?getParamValueInt@FileTypeImpl@@UAEHABVString@@H@Z 1001c3a0 f i HRCParserImpl.obj
 0001:0001b3f0       ?getParamDefaultValue@FileTypeImpl@@UAEPBVString@@ABV2@@Z 1001c3f0 f i HRCParserImpl.obj
 0001:0001b450       ?setParamValue@FileTypeImpl@@UAEXABVString@@PBV2@@Z 1001c450 f i HRCParserImpl.obj
 0001:0001b4e0       ?getPriority@FileTypeImpl@@QBENPBVString@@0@Z 1001c4e0 f i HRCParserImpl.obj
 0001:0001b620       ??0FileTypeImpl@@IAE@PAVHRCParserImpl@@@Z 1001c620 f i HRCParserImpl.obj
 0001:0001b770       ??1FileTypeImpl@@MAE@XZ    1001c770 f i HRCParserImpl.obj
 0001:0001ba70       ??_GFileTypeImpl@@MAEPAXI@Z 1001ca70 f i HRCParserImpl.obj
 0001:0001ba70       ??_EFileTypeImpl@@MAEPAXI@Z 1001ca70 f i  CIL library: CIL module
 0001:0001baa0       ??0HRCParserImpl@@QAE@XZ   1001caa0 f   HRCParserImpl.obj
 0001:0001bc40       ??_EHRCParserImpl@@UAEPAXI@Z 1001cc40 f i  CIL library: CIL module
 0001:0001bc40       ??_GHRCParserImpl@@UAEPAXI@Z 1001cc40 f i HRCParserImpl.obj
 0001:0001bc70       ??1HRCParserImpl@@UAE@XZ   1001cc70 f   HRCParserImpl.obj
 0001:0001bf00       ?setErrorHandler@HRCParserImpl@@UAEXPAVErrorHandler@@@Z 1001cf00 f   HRCParserImpl.obj
 0001:0001bf10       ?loadSource@HRCParserImpl@@UAEXPAVInputSource@@@Z 1001cf10 f   HRCParserImpl.obj
 0001:0001bff0       ?unloadFileType@HRCParserImpl@@IAEXPAVFileTypeImpl@@@Z 1001cff0 f   HRCParserImpl.obj
 0001:0001c140       ?loadFileType@HRCParserImpl@@IAEXPAVFileType@@@Z 1001d140 f   HRCParserImpl.obj
 0001:0001c3b0       ?chooseFileType@HRCParserImpl@@UAEPAVFileType@@PBVString@@0H@Z 1001d3b0 f   HRCParserImpl.obj
 0001:0001c4b0       ?getFileType@HRCParserImpl@@UAEPAVFileType@@PBVString@@@Z 1001d4b0 f   HRCParserImpl.obj
 0001:0001c4d0       ?enumerateFileTypes@HRCParserImpl@@UAEPAVFileType@@H@Z 1001d4d0 f   HRCParserImpl.obj
 0001:0001c560       ?getFileTypesCount@HRCParserImpl@@UAEHXZ 1001d560 f   HRCParserImpl.obj
 0001:0001c570       ?getRegionCount@HRCParserImpl@@UAEHXZ 1001d570 f   HRCParserImpl.obj
 0001:0001c580       ?getRegion@HRCParserImpl@@UAEPBVRegion@@H@Z 1001d580 f   HRCParserImpl.obj
 0001:0001c5e0       ?getRegion@HRCParserImpl@@UAEPBVRegion@@PBVString@@@Z 1001d5e0 f   HRCParserImpl.obj
 0001:0001c600       ?getVersion@HRCParserImpl@@UAEPBVString@@XZ 1001d600 f   HRCParserImpl.obj
 0001:0001c610       ?parseHRC@HRCParserImpl@@IAEXPAVInputSource@@@Z 1001d610 f   HRCParserImpl.obj
 0001:0001c860       ?addPrototype@HRCParserImpl@@IAEXPAVElement@@@Z 1001d860 f   HRCParserImpl.obj
 0001:0001d770       ?addType@HRCParserImpl@@IAEXPAVElement@@@Z 1001e770 f   HRCParserImpl.obj
 0001:0001e160       ?addScheme@HRCParserImpl@@IAEXPAVElement@@@Z 1001f160 f   HRCParserImpl.obj
 0001:0001e5e0       ?addSchemeNodes@HRCParserImpl@@IAEXPAVSchemeImpl@@PAVNode@@@Z 1001f5e0 f   HRCParserImpl.obj
 0001:0001fe30       ?loadRegions@HRCParserImpl@@IAEXPAVSchemeNode@@PAVElement@@_N@Z 10020e30 f   HRCParserImpl.obj
 0001:000200d0       ?loadBlockRegions@HRCParserImpl@@IAEXPAVSchemeNode@@PAVElement@@@Z 100210d0 f   HRCParserImpl.obj
 0001:00020430       ?updateLinks@HRCParserImpl@@IAEXXZ 10021430 f   HRCParserImpl.obj
 0001:00020b60       ?qualifyOwnName@HRCParserImpl@@IAEPAVString@@PBV2@@Z 10021b60 f   HRCParserImpl.obj
 0001:00020e70       ?checkNameExist@HRCParserImpl@@IAE_NPBVString@@PAVFileTypeImpl@@W4QualifyNameType@1@_N@Z 10021e70 f   HRCParserImpl.obj
 0001:00021080       ?qualifyForeignName@HRCParserImpl@@IAEPAVString@@PBV2@W4QualifyNameType@1@_N@Z 10022080 f   HRCParserImpl.obj
 0001:00021600       ?useEntities@HRCParserImpl@@IAEPAVString@@PBV2@@Z 10022600 f   HRCParserImpl.obj
 0001:00021b40       ?getNCRegion@HRCParserImpl@@IAEPBVRegion@@PBVString@@_N@Z 10022b40 f   HRCParserImpl.obj
 0001:00021c50       ?getNCRegion@HRCParserImpl@@IAEPBVRegion@@PAVElement@@ABVString@@@Z 10022c50 f   HRCParserImpl.obj
 0001:00021cc0       ??0?$Hashtable@PAVFileTypeImpl@@@@QAE@HN@Z 10022cc0 f i HRCParserImpl.obj
 0001:00021cf0       ??0?$Hashtable@PAVSchemeImpl@@@@QAE@HN@Z 10022cf0 f i HRCParserImpl.obj
 0001:00021d20       ??1?$Hashtable@PAVRegionDefine@@@@UAE@XZ 10022d20 f i StyledHRDMapper.obj
 0001:00021d20       ??1?$Hashtable@PAVFarEditor@@@@UAE@XZ 10022d20 f i FarEditorSet.obj
 0001:00021d20       ??1?$Hashtable@PAVFileTypeImpl@@@@UAE@XZ 10022d20 f i HRCParserImpl.obj
 0001:00021d20       ??1?$Hashtable@PAVString@@@@UAE@XZ 10022d20 f i ConsoleTools.obj
 0001:00021d20       ??1?$Hashtable@PAV?$Hashtable@PAV?$Vector@PBVString@@@@@@@@UAE@XZ 10022d20 f i ParserFactory.obj
 0001:00021d20       ??1?$Hashtable@PBVRegion@@@@UAE@XZ 10022d20 f i HRCParserImpl.obj
 0001:00021d20       ??1?$Hashtable@PBVString@@@@UAE@XZ 10022d20 f i FarEditorSet.obj
 0001:00021d20       ??1?$Hashtable@H@@UAE@XZ   10022d20 f i HRCParserImpl.obj
 0001:00021d20       ??1?$Hashtable@PAVSchemeImpl@@@@UAE@XZ 10022d20 f i HRCParserImpl.obj
 0001:00021d50       ?get@?$Hashtable@PAVString@@@@QBEPAVString@@PBV2@@Z 10022d50 f i FarEditorSet.obj
 0001:00021d50       ?get@?$Hashtable@PAVFileTypeImpl@@@@QBEPAVFileTypeImpl@@PBVString@@@Z 10022d50 f i HRCParserImpl.obj
 0001:00021d50       ?get@?$Hashtable@PBVRegion@@@@QBEPBVRegion@@PBVString@@@Z 10022d50 f i HRCParserImpl.obj
 0001:00021d50       ?get@?$Hashtable@PAVRegionDefine@@@@QBEPAVRegionDefine@@PBVString@@@Z 10022d50 f i RegionMapperImpl.obj
 0001:00021d50       ?get@?$Hashtable@PAVSchemeImpl@@@@QBEPAVSchemeImpl@@PBVString@@@Z 10022d50 f i HRCParserImpl.obj
 0001:00021d50       ?get@?$Hashtable@PAV?$Hashtable@PAV?$Vector@PBVString@@@@@@@@QBEPAV?$Hashtable@PAV?$Vector@PBVString@@@@@@PBVString@@@Z 10022d50 f i ParserFactory.obj
 0001:00021d50       ?get@?$Hashtable@PAVFarEditor@@@@QBEPAVFarEditor@@PBVString@@@Z 10022d50 f i FarEditorSet.obj
 0001:00021d50       ?get@?$Hashtable@PBVString@@@@QBEPBVString@@PBV2@@Z 10022d50 f i FarHrcSettings.obj
 0001:00021d50       ?get@?$Hashtable@H@@QBEHPBVString@@@Z 10022d50 f i HRCParserImpl.obj
 0001:00021d50       ?get@?$Hashtable@PAV?$Vector@PBVString@@@@@@QBEPAV?$Vector@PBVString@@@@PBVString@@@Z 10022d50 f i ParserFactory.obj
 0001:00021da0       ??0?$Hashtable@PBVRegion@@@@QAE@HN@Z 10022da0 f i HRCParserImpl.obj
 0001:00021dd0       ??_G?$Hashtable@PAVRegionDefine@@@@UAEPAXI@Z 10022dd0 f i StyledHRDMapper.obj
 0001:00021dd0       ??_E?$HashtableCore@PAVSharedInputSource@@@@UAEPAXI@Z 10022dd0 f i  CIL library: CIL module
 0001:00021dd0       ??_G?$HashtableCore@PAVFarEditor@@@@UAEPAXI@Z 10022dd0 f i FarEditorSet.obj
 0001:00021dd0       ??_G?$Hashtable@PAV?$Vector@PBVString@@@@@@UAEPAXI@Z 10022dd0 f i ParserFactory.obj
 0001:00021dd0       ??_E?$HashtableCore@PBVRegion@@@@UAEPAXI@Z 10022dd0 f i  CIL library: CIL module
 0001:00021dd0       ??_E?$Hashtable@PAV?$Vector@PBVString@@@@@@UAEPAXI@Z 10022dd0 f i  CIL library: CIL module
 0001:00021dd0       ??_E?$HashtableCore@PAVFileTypeImpl@@@@UAEPAXI@Z 10022dd0 f i  CIL library: CIL module
 0001:00021dd0       ??_E?$HashtableCore@PAV?$Vector@PBVString@@@@@@UAEPAXI@Z 10022dd0 f i  CIL library: CIL module
 0001:00021dd0       ??_G?$Hashtable@H@@UAEPAXI@Z 10022dd0 f i HRCParserImpl.obj
 0001:00021dd0       ??_G?$HashtableCore@PAVSchemeImpl@@@@UAEPAXI@Z 10022dd0 f i HRCParserImpl.obj
 0001:00021dd0       ??_G?$HashtableCore@PAVString@@@@UAEPAXI@Z 10022dd0 f i ConsoleTools.obj
 0001:00021dd0       ??_G?$Hashtable@PAV?$Hashtable@PAV?$Vector@PBVString@@@@@@@@UAEPAXI@Z 10022dd0 f i ParserFactory.obj
 0001:00021dd0       ??_G?$HashtableCore@PAVSharedInputSource@@@@UAEPAXI@Z 10022dd0 f i SharedInputSource.obj
 0001:00021dd0       ??_G?$HashtableCore@PAVRegionDefine@@@@UAEPAXI@Z 10022dd0 f i StyledHRDMapper.obj
 0001:00021dd0       ??_G?$HashtableCore@PAV?$Vector@PBVString@@@@@@UAEPAXI@Z 10022dd0 f i ParserFactory.obj
 0001:00021dd0       ??_E?$Hashtable@PAVFarEditor@@@@UAEPAXI@Z 10022dd0 f i  CIL library: CIL module
 0001:00021dd0       ??_G?$HashtableCore@PBVRegion@@@@UAEPAXI@Z 10022dd0 f i HRCParserImpl.obj
 0001:00021dd0       ??_E?$HashtableCore@PAVSchemeImpl@@@@UAEPAXI@Z 10022dd0 f i  CIL library: CIL module
 0001:00021dd0       ??_G?$Hashtable@PBVRegion@@@@UAEPAXI@Z 10022dd0 f i HRCParserImpl.obj
 0001:00021dd0       ??_E?$Hashtable@PAV?$Hashtable@PAV?$Vector@PBVString@@@@@@@@UAEPAXI@Z 10022dd0 f i  CIL library: CIL module
 0001:00021dd0       ??_G?$Hashtable@PBVString@@@@UAEPAXI@Z 10022dd0 f i FarEditorSet.obj
 0001:00021dd0       ??_E?$HashtableCore@PAVFarEditor@@@@UAEPAXI@Z 10022dd0 f i  CIL library: CIL module
 0001:00021dd0       ??_E?$Hashtable@PAVSharedInputSource@@@@UAEPAXI@Z 10022dd0 f i  CIL library: CIL module
 0001:00021dd0       ??_G?$HashtableCore@PAVFileTypeImpl@@@@UAEPAXI@Z 10022dd0 f i HRCParserImpl.obj
 0001:00021dd0       ??_G?$HashtableCore@PAV?$Hashtable@PAV?$Vector@PBVString@@@@@@@@UAEPAXI@Z 10022dd0 f i ParserFactory.obj
 0001:00021dd0       ??_E?$Hashtable@PBVString@@@@UAEPAXI@Z 10022dd0 f i  CIL library: CIL module
 0001:00021dd0       ??_G?$Hashtable@PAVFileTypeImpl@@@@UAEPAXI@Z 10022dd0 f i HRCParserImpl.obj
 0001:00021dd0       ??_G?$Hashtable@PAVSchemeImpl@@@@UAEPAXI@Z 10022dd0 f i HRCParserImpl.obj
 0001:00021dd0       ??_G?$Hashtable@PAVSharedInputSource@@@@UAEPAXI@Z 10022dd0 f i SharedInputSource.obj
 0001:00021dd0       ??_E?$HashtableCore@PAVString@@@@UAEPAXI@Z 10022dd0 f i  CIL library: CIL module
 0001:00021dd0       ??_E?$Hashtable@PAVRegionDefine@@@@UAEPAXI@Z 10022dd0 f i  CIL library: CIL module
 0001:00021dd0       ??_E?$Hashtable@H@@UAEPAXI@Z 10022dd0 f i  CIL library: CIL module
 0001:00021dd0       ??_G?$HashtableCore@H@@UAEPAXI@Z 10022dd0 f i HRCParserImpl.obj
 0001:00021dd0       ??_G?$Hashtable@PAVFarEditor@@@@UAEPAXI@Z 10022dd0 f i FarEditorSet.obj
 0001:00021dd0       ??_E?$Hashtable@PAVString@@@@UAEPAXI@Z 10022dd0 f i  CIL library: CIL module
 0001:00021dd0       ??_E?$Hashtable@PAVFileTypeImpl@@@@UAEPAXI@Z 10022dd0 f i  CIL library: CIL module
 0001:00021dd0       ??_E?$Hashtable@PBVRegion@@@@UAEPAXI@Z 10022dd0 f i  CIL library: CIL module
 0001:00021dd0       ??_G?$HashtableCore@PBVString@@@@UAEPAXI@Z 10022dd0 f i FarEditorSet.obj
 0001:00021dd0       ??_E?$HashtableCore@PAVRegionDefine@@@@UAEPAXI@Z 10022dd0 f i  CIL library: CIL module
 0001:00021dd0       ??_E?$Hashtable@PAVSchemeImpl@@@@UAEPAXI@Z 10022dd0 f i  CIL library: CIL module
 0001:00021dd0       ??_E?$HashtableCore@PAV?$Hashtable@PAV?$Vector@PBVString@@@@@@@@UAEPAXI@Z 10022dd0 f i  CIL library: CIL module
 0001:00021dd0       ??_G?$Hashtable@PAVString@@@@UAEPAXI@Z 10022dd0 f i ConsoleTools.obj
 0001:00021dd0       ??_E?$HashtableCore@H@@UAEPAXI@Z 10022dd0 f i  CIL library: CIL module
 0001:00021dd0       ??_E?$HashtableCore@PBVString@@@@UAEPAXI@Z 10022dd0 f i  CIL library: CIL module
 0001:00021e10       ?elementAt@?$Vector@PAVLineRegion@@@@QBEPAVLineRegion@@H@Z 10022e10 f i LineRegionsSupport.obj
 0001:00021e10       ?elementAt@?$Vector@PAVVirtualEntry@@@@QBEPAVVirtualEntry@@H@Z 10022e10 f i HRCParserImpl.obj
 0001:00021e10       ?elementAt@?$Vector@PAVSchemeNode@@@@QBEPAVSchemeNode@@H@Z 10022e10 f i HRCParserImpl.obj
 0001:00021e10       ?elementAt@?$Vector@PBVRegion@@@@QBEPBVRegion@@H@Z 10022e10 f i HRCParserImpl.obj
 0001:00021e10       ?elementAt@?$Vector@PAVOutlineItem@@@@QBEPAVOutlineItem@@H@Z 10022e10 f i Outliner.obj
 0001:00021e10       ?elementAt@?$Vector@PBVString@@@@QBEPBVString@@H@Z 10022e10 f i ParserFactory.obj
 0001:00021e10       ?elementAt@?$Vector@PAVFileTypeChooser@@@@QBEPAVFileTypeChooser@@H@Z 10022e10 f i HRCParserImpl.obj
 0001:00021e10       ?elementAt@?$Vector@PAVString@@@@QBEPAVString@@H@Z 10022e10 f i ParserFactory.obj
 0001:00021e80       ??0?$HashtableCore@PAVFileTypeImpl@@@@QAE@HN@Z 10022e80 f i HRCParserImpl.obj
 0001:00021f00       ??0?$HashtableCore@PAVSchemeImpl@@@@QAE@HN@Z 10022f00 f i HRCParserImpl.obj
 0001:00021f80       ?remove@?$HashtableCore@PAVSchemeImpl@@@@QAE_NPBVString@@@Z 10022f80 f i HRCParserImpl.obj
 0001:00021f80       ?remove@?$HashtableCore@PAVString@@@@QAE_NPBVString@@@Z 10022f80 f i FarEditorSet.obj
 0001:00021f80       ?remove@?$HashtableCore@PAVFarEditor@@@@QAE_NPBVString@@@Z 10022f80 f i FarEditorSet.obj
 0001:00021f80       ?remove@?$HashtableCore@PAVFileTypeImpl@@@@QAE_NPBVString@@@Z 10022f80 f i HRCParserImpl.obj
 0001:00022030       ??0?$HashtableCore@PBVRegion@@@@QAE@HN@Z 10023030 f i HRCParserImpl.obj
 0001:000220b0       ??0ParseCache@@QAE@XZ      100230b0 f   TextParserHelpers.obj
 0001:000220e0       ??1ParseCache@@QAE@XZ      100230e0 f   TextParserHelpers.obj
 0001:000221e0       ??_GParseCache@@QAEPAXI@Z  100231e0 f i TextParserHelpers.obj
 0001:00022200       ?searchLine@ParseCache@@QAEPAV1@HPAPAV1@@Z 10023200 f   TextParserHelpers.obj
 0001:00022260       ?deltree@VTList@@QAEXXZ    10023260 f   TextParserHelpers.obj
 0001:000222a0       ??_GVTList@@QAEPAXI@Z      100232a0 f i TextParserHelpers.obj
 0001:000222e0       ?push@VTList@@QAE_NPAVSchemeNode@@@Z 100232e0 f   TextParserHelpers.obj
 0001:00022360       ?pop@VTList@@QAE_NXZ       10023360 f   TextParserHelpers.obj
 0001:000223c0       ?pushvirt@VTList@@QAEPAVSchemeImpl@@PAV2@@Z 100233c0 f   TextParserHelpers.obj
 0001:000224a0       ?store@VTList@@QAEPAPAV?$Vector@PAVVirtualEntry@@@@XZ 100234a0 f   TextParserHelpers.obj
 0001:00022500       ?restore@VTList@@QAE_NPAPAV?$Vector@PAVVirtualEntry@@@@@Z 10023500 f   TextParserHelpers.obj
 0001:00022590       ??1TextParser@@UAE@XZ      10023590 f i TextParserImpl.obj
 0001:000225a0       ??_GTextParser@@UAEPAXI@Z  100235a0 f i TextParserImpl.obj
 0001:000225a0       ??_ETextParser@@UAEPAXI@Z  100235a0 f i  CIL library: CIL module
 0001:000225d0       ??0TextParserImpl@@QAE@XZ  100235d0 f   TextParserImpl.obj
 0001:00022680       ??_ETextParserImpl@@UAEPAXI@Z 10023680 f i  CIL library: CIL module
 0001:00022680       ??_GTextParserImpl@@UAEPAXI@Z 10023680 f i TextParserImpl.obj
 0001:00022710       ?setFileType@TextParserImpl@@UAEXPAVFileType@@@Z 10023710 f   TextParserImpl.obj
 0001:00022740       ?setLineSource@TextParserImpl@@UAEXPAVLineSource@@@Z 10023740 f   TextParserImpl.obj
 0001:00022750       ?setRegionHandler@TextParserImpl@@UAEXPAVRegionHandler@@@Z 10023750 f   TextParserImpl.obj
 0001:00022760       ?parse@TextParserImpl@@UAEHHHW4TextParseMode@@@Z 10023760 f   TextParserImpl.obj
 0001:00022a30       ?clearCache@TextParserImpl@@UAEXXZ 10023a30 f   TextParserImpl.obj
 0001:00022af0       ?breakParse@TextParserImpl@@UAEXXZ 10023af0 f   TextParserImpl.obj
 0001:00022b00       ?enterScheme@TextParserImpl@@AAEXHPAUSMatches@@PBVSchemeNode@@@Z 10023b00 f   TextParserImpl.obj
 0001:00022c30       ?leaveScheme@TextParserImpl@@AAEXHPAUSMatches@@PBVSchemeNode@@@Z 10023c30 f   TextParserImpl.obj
 0001:00022d70       ?fillInvisibleSchemes@TextParserImpl@@AAEXPAVParseCache@@@Z 10023d70 f   TextParserImpl.obj
 0001:00022dc0       ?searchKW@TextParserImpl@@AAEHPBVSchemeNode@@HHH@Z 10023dc0 f   TextParserImpl.obj
 0001:00023360       ?searchRE@TextParserImpl@@AAEHPAVSchemeImpl@@HHH@Z 10024360 f   TextParserImpl.obj
 0001:00023a10       ?colorize@TextParserImpl@@AAE_NPAVCRegExp@@_N@Z 10024a10 f   TextParserImpl.obj
 0001:00023cf0       ??0KeywordList@@QAE@XZ     10024cf0 f   HRCParserHelpers.obj
 0001:00023d90       ??1KeywordList@@QAE@XZ     10024d90 f   HRCParserHelpers.obj
 0001:00023e00       ??_GCharacterClass@@QAEPAXI@Z 10024e00 f i HRCParserHelpers.obj
 0001:00023e30       ?kwCompare@@YAHPBX0@Z      10024e30 f   HRCParserHelpers.obj
 0001:00023e50       ?kwCompareI@@YAHPBX0@Z     10024e50 f   HRCParserHelpers.obj
 0001:00023e70       ?substrIndex@KeywordList@@QAEXXZ 10024e70 f   HRCParserHelpers.obj
 0001:000240d0       ??0SchemeNode@@QAE@XZ      100250d0 f   HRCParserHelpers.obj
 0001:00024170       ??1SchemeNode@@QAE@XZ      10025170 f   HRCParserHelpers.obj
 0001:000242c0       ?setBit@BitArray@@QAEXH@Z  100252c0 f   BitArray.obj
 0001:00024320       ?clearBit@BitArray@@QAEXH@Z 10025320 f   BitArray.obj
 0001:00024390       ?addRange@BitArray@@QAEXHH@Z 10025390 f   BitArray.obj
 0001:00024480       ?addBitArray@BitArray@@QAEXPADH@Z 10025480 f   BitArray.obj
 0001:00024550       ?clearBitArray@BitArray@@QAEXPADH@Z 10025550 f   BitArray.obj
 0001:00024620       ?toLowerCase@Character@@SA_W_W@Z 10025620 f   Character.obj
 0001:00024660       ?toUpperCase@Character@@SA_W_W@Z 10025660 f   Character.obj
 0001:000246a0       ?toTitleCase@Character@@SA_W_W@Z 100256a0 f   Character.obj
 0001:00024700       ?isLetter@Character@@SA_N_W@Z 10025700 f   Character.obj
 0001:00024730       ?isLetterOrDigit@Character@@SA_N_W@Z 10025730 f   Character.obj
 0001:00024760       ?isDigit@Character@@SA_N_W@Z 10025760 f   Character.obj
 0001:00024790       ?isWhitespace@Character@@SA_N_W@Z 10025790 f   Character.obj
 0001:000247e0       ??1CharacterClass@@QAE@XZ  100257e0 f   CharacterClass.obj
 0001:00024800       ?createCharClass@CharacterClass@@SAPAV1@ABVString@@HPAH@Z 10025800 f   CharacterClass.obj
 0001:00024ff0       ?addChar@CharacterClass@@QAEX_W@Z 10025ff0 f   CharacterClass.obj
 0001:00025060       ?addRange@CharacterClass@@QAEX_W0@Z 10026060 f   CharacterClass.obj
 0001:00025100       ?addCategory@CharacterClass@@QAEXW4ECharCategory@@@Z 10026100 f   CharacterClass.obj
 0001:000251b0       ?addCategory@CharacterClass@@QAEXABVString@@@Z 100261b0 f   CharacterClass.obj
 0001:000252c0       ?addCategory@CharacterClass@@QAEXPBD@Z 100262c0 f   CharacterClass.obj
 0001:00025390       ?clearCategory@CharacterClass@@QAEXW4ECharCategory@@@Z 10026390 f   CharacterClass.obj
 0001:00025430       ?clearCategory@CharacterClass@@QAEXABVString@@@Z 10026430 f   CharacterClass.obj
 0001:00025540       ?clearCategory@CharacterClass@@QAEXPBD@Z 10026540 f   CharacterClass.obj
 0001:00025610       ?addClass@CharacterClass@@QAEXABV1@@Z 10026610 f   CharacterClass.obj
 0001:000256f0       ?intersectClass@CharacterClass@@QAEXABV1@@Z 100266f0 f   CharacterClass.obj
 0001:000257c0       ?clearClass@CharacterClass@@QAEXABV1@@Z 100267c0 f   CharacterClass.obj
 0001:000258a0       ?clear@CharacterClass@@QAEXXZ 100268a0 f   CharacterClass.obj
 0001:00025900       ?fill@CharacterClass@@QAEXXZ 10026900 f   CharacterClass.obj
 0001:00025960       ?inClass@CharacterClass@@QBE_N_W@Z 10026960 f   CharacterClass.obj
 0001:000259a0       ??4DString@@QAEAAV0@ABV0@@Z 100269a0 f   DString.obj
 0001:00025a30       ??0DString@@QAE@PBEHH@Z    10026a30 f   DString.obj
 0001:00025e70       ??1OutOfBoundException@@UAE@XZ 10026e70 f i ChooseTypeMenu.obj
 0001:00025e70       ??1HRCParserException@@UAE@XZ 10026e70 f i HRCParserImpl.obj
 0001:00025e70       ??1InputSourceException@@UAE@XZ 10026e70 f i TextLinesStore.obj
 0001:00025e70       ??1StringIndexOutOfBoundsException@@UAE@XZ 10026e70 f i DString.obj
 0001:00025e70       ??1ParserFactoryException@@UAE@XZ 10026e70 f i ParserFactory.obj
 0001:00025e70       ??1ParseException@@UAE@XZ  10026e70 f i xmldom.obj
 0001:00025e70       ??1Exception@@UAE@XZ       10026e70 f i Exception.obj
 0001:00025e70       ??1UnsupportedEncodingException@@UAE@XZ 10026e70 f i DString.obj
 0001:00025e70       ??1FarHrcSettingsException@@UAE@XZ 10026e70 f i FarHrcSettings.obj
 0001:00025e90       ??0UnsupportedEncodingException@@QAE@ABV0@@Z 10026e90 f i DString.obj
 0001:00025e90       ??0StringIndexOutOfBoundsException@@QAE@ABV0@@Z 10026e90 f i DString.obj
 0001:00025e90       ??0OutOfBoundException@@QAE@ABV0@@Z 10026e90 f i ChooseTypeMenu.obj
 0001:00025e90       ??0FarHrcSettingsException@@QAE@ABV0@@Z 10026e90 f i FarHrcSettings.obj
 0001:00025e90       ??0HRCParserException@@QAE@ABV0@@Z 10026e90 f i HRCParserImpl.obj
 0001:00025e90       ??0ParserFactoryException@@QAE@ABV0@@Z 10026e90 f i ParserFactory.obj
 0001:00025f30       ??0DString@@QAE@PBDHHH@Z   10026f30 f   DString.obj
 0001:00025ff0       ??0DString@@QAE@PB_WHH@Z   10026ff0 f   DString.obj
 0001:000260c0       ??0DString@@QAE@PBVString@@HH@Z 100270c0 f   DString.obj
 0001:000260c0       ??0DString@@QAE@ABVString@@HH@Z 100270c0 f   DString.obj
 0001:000261b0       ??1DString@@UAE@XZ         100271b0 f   DString.obj
 0001:00026230       ??ADString@@UBE_WH@Z       10027230 f   DString.obj
 0001:00026440       ?length@DString@@UBEHXZ    10027440 f   DString.obj
 0001:00026450       ??0UnsupportedEncodingException@@QAE@ABVString@@@Z 10027450 f   Encodings.obj
 0001:000264e0       ?getEncodingIndex@Encodings@@SAHPBD@Z 100274e0 f   Encodings.obj
 0001:00026520       ?toBytes@Encodings@@SAHH_WPAE@Z 10027520 f   Encodings.obj
 0001:00026750       ?construct@SString@@IAEXPBVString@@HH@Z 10027750 f   SString.obj
 0001:00026870       ??0SString@@QAE@PBVString@@HH@Z 10027870 f   SString.obj
 0001:00026870       ??0SString@@QAE@ABVString@@HH@Z 10027870 f   SString.obj
 0001:000268c0       ??0SString@@QAE@PADH@Z     100278c0 f   SString.obj
 0001:000269b0       ??0SString@@QAE@PA_W@Z     100279b0 f   SString.obj
 0001:00026a90       ??0SString@@QAE@H@Z        10027a90 f   SString.obj
 0001:00026b90       ??1StringBuffer@@UAE@XZ    10027b90 f   StringBuffer.obj
 0001:00026b90       ??1SString@@UAE@XZ         10027b90 f   SString.obj
 0001:00026c10       ??ASString@@UBE_WH@Z       10027c10 f   SString.obj
 0001:00026c80       ??0StringIndexOutOfBoundsException@@QAE@ABVString@@@Z 10027c80 f   String.obj
 0001:00026d10       ??1String@@UAE@XZ          10027d10 f   String.obj
 0001:00026d40       ??8String@@QBE_NABV0@@Z    10027d40 f   String.obj
 0001:00026dc0       ??8String@@QBE_NPBD@Z      10027dc0 f   String.obj
 0001:00026ec0       ??9String@@QBE_NABV0@@Z    10027ec0 f   String.obj
 0001:00026f40       ??9String@@QBE_NPBD@Z      10027f40 f   String.obj
 0001:00027040       ?equals@String@@QBE_NPBD@Z 10028040 f   String.obj
 0001:00027130       ?equalsIgnoreCase@String@@QBE_NPBV1@@Z 10028130 f   String.obj
 0001:000272e0       ?compareTo@String@@QBEHABV1@@Z 100282e0 f   String.obj
 0001:00027380       ?compareToIgnoreCase@String@@QBEHABV1@@Z 10028380 f   String.obj
 0001:000274b0       ?getWChars@String@@UBEHPAPA_W@Z 100284b0 f   String.obj
 0001:00027530       ?getBytes@String@@UBEHPAPAEH@Z 10028530 f   String.obj
 0001:000276a0       ?getChars@String@@UBEPBDH@Z 100286a0 f   String.obj
 0001:000276e0       ?getWChars@String@@UBEPB_WXZ 100286e0 f   String.obj
 0001:00027710       ?indexOf@String@@UBEH_WH@Z 10028710 f   String.obj
 0001:00027770       ?indexOf@String@@UBEHABV1@H@Z 10028770 f   String.obj
 0001:00027810       ?indexOfIgnoreCase@String@@UBEHABV1@H@Z 10028810 f   String.obj
 0001:00027940       ?lastIndexOf@String@@UBEH_WH@Z 10028940 f   String.obj
 0001:000279a0       ?lastIndexOf@String@@UBEHABV1@H@Z 100289a0 f   String.obj
 0001:00027a50       ?startsWith@String@@UBE_NABV1@H@Z 10028a50 f   String.obj
 0001:00027ad0       ?replace@String@@QBEPAV1@ABV1@0@Z 10028ad0 f   String.obj
 0001:00027da0       ?hashCode@String@@QBEHXZ   10028da0 f   String.obj
 0001:00027df0       ??0StringBuffer@@QAE@XZ    10028df0 f   StringBuffer.obj
 0001:00027e70       ??_GStringBuffer@@UAEPAXI@Z 10028e70 f i StringBuffer.obj
 0001:00027e70       ??_ESString@@UAEPAXI@Z     10028e70 f i  CIL library: CIL module
 0001:00027e70       ??_EStringBuffer@@UAEPAXI@Z 10028e70 f i  CIL library: CIL module
 0001:00027e70       ??_GSString@@UAEPAXI@Z     10028e70 f i SString.obj
 0001:00027f10       ??0StringBuffer@@QAE@H@Z   10028f10 f   StringBuffer.obj
 0001:00027f80       ??0StringBuffer@@QAE@PBDHH@Z 10028f80 f   StringBuffer.obj
 0001:00028080       ??0StringBuffer@@QAE@PBVString@@HH@Z 10029080 f   StringBuffer.obj
 0001:000280e0       ?setLength@StringBuffer@@QAEXH@Z 100290e0 f   StringBuffer.obj
 0001:00028160       ?append@StringBuffer@@QAEAAV1@PBVString@@@Z 10029160 f   StringBuffer.obj
 0001:00028270       ?append@StringBuffer@@QAEAAV1@ABVString@@@Z 10029270 f   StringBuffer.obj
 0001:00028350       ??HStringBuffer@@QAEAAV0@PBD@Z 10029350 f   StringBuffer.obj
 0001:00028440       ?getNumber@UnicodeTools@@SA_NPBVString@@PAN@Z 10029440 f   UnicodeTools.obj
 0001:000287c0       ?getNumber@UnicodeTools@@SAHPBVString@@@Z 100297c0 f   UnicodeTools.obj
 0001:00028840       ?getHex@UnicodeTools@@SAH_W@Z 10029840 f   UnicodeTools.obj
 0001:000288a0       ?getHexNumber@UnicodeTools@@SAHPBVString@@@Z 100298a0 f   UnicodeTools.obj
 0001:00028950       ?getCurlyContent@UnicodeTools@@SAPAVDString@@ABVString@@H@Z 10029950 f   UnicodeTools.obj
 0001:00028ac0       ?getEscapedChar@UnicodeTools@@SA_WABVString@@HAAH@Z 10029ac0 f   UnicodeTools.obj
 0001:00028c10       ??0Exception@@QAE@ABV0@@Z  10029c10 f   Exception.obj
 0001:00028ca0       ??0Exception@@QAE@XZ       10029ca0 f   Exception.obj
 0001:00028d50       ??0Exception@@QAE@ABVString@@@Z 10029d50 f   Exception.obj
 0001:00028ea0       ??0InputSourceException@@QAE@ABVString@@@Z 10029ea0 f   Exception.obj
 0001:00028f90       ??0OutOfBoundException@@QAE@ABVString@@@Z 10029f90 f   Exception.obj
 0001:00029080       ??2@YAPAXI@Z               1002a080 f   MemoryChunks.obj
 0001:000290a0       ??3@YAXPAX@Z               1002a0a0 f   MemoryChunks.obj
 0001:000290b0       ?createRelative@InputSource@@UAEPAV1@PBVString@@@Z 1002a0b0 f i FileInputSource.obj
 0001:000290c0       ??1InputSource@@UAE@XZ     1002a0c0 f i FileInputSource.obj
 0001:000290d0       ??_GInputSource@@UAEPAXI@Z 1002a0d0 f i FileInputSource.obj
 0001:000290d0       ??_EInputSource@@UAEPAXI@Z 1002a0d0 f i  CIL library: CIL module
 0001:00029100       ??0FileInputSource@@QAE@PBVString@@PAV0@@Z 1002a100 f   FileInputSource.obj
 0001:00029680       ??_GFileInputSource@@UAEPAXI@Z 1002a680 f i FileInputSource.obj
 0001:00029680       ??_EFileInputSource@@UAEPAXI@Z 1002a680 f i  CIL library: CIL module
 0001:00029710       ?createRelative@FileInputSource@@MAEPAVInputSource@@PBVString@@@Z 1002a710 f   FileInputSource.obj
 0001:00029780       ?openStream@FileInputSource@@UAEPBEXZ 1002a780 f   FileInputSource.obj
 0001:000298d0       ?length@FileInputSource@@UBEHXZ 1002a8d0 f   FileInputSource.obj
 0001:000298d0       ?length@HTTPInputSource@@UBEHXZ 1002a8d0 f   HTTPInputSource.obj
 0001:00029970       ??0HTTPInputSource@@QAE@PBVString@@PAV0@@Z 1002a970 f   HTTPInputSource.obj
 0001:00029a70       ??_GHTTPInputSource@@UAEPAXI@Z 1002aa70 f i HTTPInputSource.obj
 0001:00029a70       ??_EHTTPInputSource@@UAEPAXI@Z 1002aa70 f i  CIL library: CIL module
 0001:00029b00       ?createRelative@HTTPInputSource@@MAEPAVInputSource@@PBVString@@@Z 1002ab00 f   HTTPInputSource.obj
 0001:00029b70       ?openStream@HTTPInputSource@@UAEPBEXZ 1002ab70 f   HTTPInputSource.obj
 0001:00029fd0       ?closeStream@HTTPInputSource@@UAEXXZ 1002afd0 f   HTTPInputSource.obj
 0001:00029fd0       ?closeStream@FileInputSource@@UAEXXZ 1002afd0 f   FileInputSource.obj
 0001:0002a050       ?getAbsolutePath@InputSource@@SAPAVString@@PBV2@0@Z 1002b050 f   InputSource.obj
 0001:0002a280       ?newInstance@InputSource@@SAPAV1@PBVString@@PAV1@@Z 1002b280 f   InputSource.obj
 0001:0002a580       ?isRelative@InputSource@@SA_NPBVString@@@Z 1002b580 f   InputSource.obj
 0001:0002a5d0       ?mem_open_file_func@@YAPAXPAXPBDH@Z 1002b5d0 f   JARInputSource.obj
 0001:0002a5f0       ?mem_read_file_func@@YAKPAX00K@Z 1002b5f0 f   JARInputSource.obj
 0001:0002a630       ?mem_tell_file_func@@YAJPAX0@Z 1002b630 f   JARInputSource.obj
 0001:0002a640       ?mem_seek_file_func@@YAJPAX0KH@Z 1002b640 f   JARInputSource.obj
 0001:0002a690       ?getAttributes@Node@@UAEPBV?$Vector@PBVString@@@@XZ 1002b690 f   xmldom.obj
 0001:0002a690       ?mem_write_file_func@@YAKPAX0PBXK@Z 1002b690 f   JARInputSource.obj
 0001:0002a690       ?mem_close_file_func@@YAHPAX0@Z 1002b690 f   JARInputSource.obj
 0001:0002a6a0       ?mem_error_file_func@@YAHPAX0@Z 1002b6a0 f   JARInputSource.obj
 0001:0002a6b0       ??0JARInputSource@@QAE@PBVString@@PAVInputSource@@@Z 1002b6b0 f   JARInputSource.obj
 0001:0002a960       ??_GJARInputSource@@UAEPAXI@Z 1002b960 f i JARInputSource.obj
 0001:0002a960       ??_EJARInputSource@@UAEPAXI@Z 1002b960 f i  CIL library: CIL module
 0001:0002aa10       ??0JARInputSource@@IAE@PBVString@@PAV0@_N@Z 1002ba10 f   JARInputSource.obj
 0001:0002ac10       ?createRelative@JARInputSource@@MAEPAVInputSource@@PBVString@@@Z 1002bc10 f   JARInputSource.obj
 0001:0002ac80       ?getName@Region@@UBEPBVString@@XZ 1002bc80 f   HRCParserImpl.obj
 0001:0002ac80       ?getName@SchemeImpl@@UBEPBVString@@XZ 1002bc80 f   HRCParserImpl.obj
 0001:0002ac80       ?getLocation@FileInputSource@@UBEPBVString@@XZ 1002bc80 f   FileInputSource.obj
 0001:0002ac80       ?getMessage@Exception@@UBEPBVString@@XZ 1002bc80 f   Exception.obj
 0001:0002ac80       ?getLocation@HTTPInputSource@@UBEPBVString@@XZ 1002bc80 f   HTTPInputSource.obj
 0001:0002ac80       ?getLocation@JARInputSource@@UBEPBVString@@XZ 1002bc80 f   JARInputSource.obj
 0001:0002ac90       ?openStream@JARInputSource@@UAEPBEXZ 1002bc90 f   JARInputSource.obj
 0001:0002b0b0       ?closeStream@JARInputSource@@UAEXXZ 1002c0b0 f   JARInputSource.obj
 0001:0002b130       ?length@JARInputSource@@UBEHXZ 1002c130 f   JARInputSource.obj
 0001:0002b1d0       ?getLocation@SharedInputSource@@UBEPBVString@@XZ 1002c1d0 f i SharedInputSource.obj
 0001:0002b1e0       ?openStream@SharedInputSource@@UAEPBEXZ 1002c1e0 f i SharedInputSource.obj
 0001:0002b1f0       ?closeStream@SharedInputSource@@UAEXXZ 1002c1f0 f i SharedInputSource.obj
 0001:0002b200       ?length@SharedInputSource@@UBEHXZ 1002c200 f i SharedInputSource.obj
 0001:0002b210       ??_GSharedInputSource@@EAEPAXI@Z 1002c210 f i SharedInputSource.obj
 0001:0002b210       ??_ESharedInputSource@@EAEPAXI@Z 1002c210 f i  CIL library: CIL module
 0001:0002b2b0       ?getInputSource@SharedInputSource@@SAPAV1@PBVString@@PAVInputSource@@@Z 1002c2b0 f   SharedInputSource.obj
 0001:0002b3e0       ?get@?$Hashtable@PAVSharedInputSource@@@@QBEPAVSharedInputSource@@PBVString@@@Z 1002c3e0 f i SharedInputSource.obj
 0001:0002b430       ??0?$HashtableCore@PAV?$Hashtable@PAV?$Vector@PBVString@@@@@@@@QAE@XZ 1002c430 f i ParserFactory.obj
 0001:0002b430       ??0?$HashtableCore@H@@QAE@XZ 1002c430 f i HRCParserImpl.obj
 0001:0002b430       ??0?$HashtableCore@PBVString@@@@QAE@XZ 1002c430 f i FarEditorSet.obj
 0001:0002b430       ??0?$HashtableCore@PAV?$Vector@PBVString@@@@@@QAE@XZ 1002c430 f i ParserFactory.obj
 0001:0002b430       ??0?$HashtableCore@PAVString@@@@QAE@XZ 1002c430 f i ConsoleTools.obj
 0001:0002b430       ??0?$HashtableCore@PAVSharedInputSource@@@@QAE@XZ 1002c430 f i SharedInputSource.obj
 0001:0002b430       ??0?$HashtableCore@PAVRegionDefine@@@@QAE@XZ 1002c430 f i StyledHRDMapper.obj
 0001:0002b430       ??0?$HashtableCore@PAVFarEditor@@@@QAE@XZ 1002c430 f i FarEditorSet.obj
 0001:0002b4a0       ?put@?$HashtableCore@PAVSharedInputSource@@@@QAE_NPBVString@@PAVSharedInputSource@@@Z 1002c4a0 f i SharedInputSource.obj
 0001:0002b620       ?remove@?$HashtableCore@PAVSharedInputSource@@@@QAE_NPBVString@@@Z 1002c620 f i SharedInputSource.obj
 0001:0002b6e0       ?rehash@?$HashtableCore@PAVSharedInputSource@@@@IAEXXZ 1002c6e0 f i SharedInputSource.obj
 0001:0002b880       ?init@StreamWriter@@IAEXPAU_iobuf@@H_N@Z 1002c880 f   StreamWriter.obj
 0001:0002b940       ?write@StreamWriter@@UAEX_W@Z 1002c940 f   StreamWriter.obj
 0001:0002b990       ?write@Writer@@UAEXABVString@@@Z 1002c990 f   Writer.obj
 0001:0002b9c0       ?write@Writer@@UAEXPBVString@@@Z 1002c9c0 f   Writer.obj
 0001:0002b9d0       ?write@Writer@@UAEXABVString@@HH@Z 1002c9d0 f   Writer.obj
 0001:0002ba10       ?write@Writer@@UAEXPBVString@@HH@Z 1002ca10 f   Writer.obj
 0001:0002ba20       ??0ParseException@@QAE@ABVString@@HH@Z 1002ca20 f i xmldom.obj
 0001:0002bd20       ??_EFarHrcSettingsException@@UAEPAXI@Z 1002cd20 f i  CIL library: CIL module
 0001:0002bd20       ??_GException@@UAEPAXI@Z   1002cd20 f i Exception.obj
 0001:0002bd20       ??_EStringIndexOutOfBoundsException@@UAEPAXI@Z 1002cd20 f i  CIL library: CIL module
 0001:0002bd20       ??_GParseException@@UAEPAXI@Z 1002cd20 f i xmldom.obj
 0001:0002bd20       ??_EParserFactoryException@@UAEPAXI@Z 1002cd20 f i  CIL library: CIL module
 0001:0002bd20       ??_GHRCParserException@@UAEPAXI@Z 1002cd20 f i HRCParserImpl.obj
 0001:0002bd20       ??_GOutOfBoundException@@UAEPAXI@Z 1002cd20 f i ChooseTypeMenu.obj
 0001:0002bd20       ??_EInputSourceException@@UAEPAXI@Z 1002cd20 f i  CIL library: CIL module
 0001:0002bd20       ??_GFarHrcSettingsException@@UAEPAXI@Z 1002cd20 f i FarHrcSettings.obj
 0001:0002bd20       ??_GParserFactoryException@@UAEPAXI@Z 1002cd20 f i ParserFactory.obj
 0001:0002bd20       ??_GInputSourceException@@UAEPAXI@Z 1002cd20 f i TextLinesStore.obj
 0001:0002bd20       ??_GUnsupportedEncodingException@@UAEPAXI@Z 1002cd20 f i DString.obj
 0001:0002bd20       ??_EOutOfBoundException@@UAEPAXI@Z 1002cd20 f i  CIL library: CIL module
 0001:0002bd20       ??_EUnsupportedEncodingException@@UAEPAXI@Z 1002cd20 f i  CIL library: CIL module
 0001:0002bd20       ??_GStringIndexOutOfBoundsException@@UAEPAXI@Z 1002cd20 f i DString.obj
 0001:0002bd20       ??_EParseException@@UAEPAXI@Z 1002cd20 f i  CIL library: CIL module
 0001:0002bd20       ??_EException@@UAEPAXI@Z   1002cd20 f i  CIL library: CIL module
 0001:0002bd20       ??_EHRCParserException@@UAEPAXI@Z 1002cd20 f i  CIL library: CIL module
 0001:0002bd60       ?resolveEntity@DefaultEntityResolver@@UAEPAVInputSource@@PBVString@@0@Z 1002cd60 f i xmldom.obj
 0001:0002bd80       ?peek@DocumentBuilder@@AAEHH@Z 1002cd80 f i xmldom.obj
 0001:0002bdf0       ?get@DocumentBuilder@@AAE_WXZ 1002cdf0 f i xmldom.obj
 0001:0002bef0       ??0ParseException@@QAE@ABV0@@Z 1002cef0 f i xmldom.obj
 0001:0002bef0       ??0InputSourceException@@QAE@ABV0@@Z 1002cef0 f i TextLinesStore.obj
 0001:0002bf90       ?serialize@Node@@UAEXPAVWriter@@FF@Z 1002cf90 f i xmldom.obj
 0001:0002bfa0       ??1Node@@UAE@XZ            1002cfa0 f i xmldom.obj
 0001:0002bfc0       ??_GNode@@UAEPAXI@Z        1002cfc0 f i xmldom.obj
 0001:0002bfc0       ??_ENode@@UAEPAXI@Z        1002cfc0 f i  CIL library: CIL module
 0001:0002bfc0       ??_EDocument@@UAEPAXI@Z    1002cfc0 f i  CIL library: CIL module
 0001:0002bfc0       ??_GDocument@@UAEPAXI@Z    1002cfc0 f i xmldom.obj
 0001:0002c000       ?appendChild@Document@@UAEPAVNode@@PAV2@@Z 1002d000 f i xmldom.obj
 0001:0002c0f0       ?getAttributes@Element@@UAEPBV?$Vector@PBVString@@@@XZ 1002d0f0 f i xmldom.obj
 0001:0002c100       ??0Element@@IAE@PBVString@@@Z 1002d100 f i xmldom.obj
 0001:0002c1a0       ??1Element@@MAE@XZ         1002d1a0 f i xmldom.obj
 0001:0002c2b0       ??_EElement@@MAEPAXI@Z     1002d2b0 f i  CIL library: CIL module
 0001:0002c2b0       ??_GElement@@MAEPAXI@Z     1002d2b0 f i xmldom.obj
 0001:0002c2e0       ??0ProcessingInstruction@@IAE@PBVString@@0@Z 1002d2e0 f i xmldom.obj
 0001:0002c3a0       ??_GProcessingInstruction@@MAEPAXI@Z 1002d3a0 f i xmldom.obj
 0001:0002c3a0       ??_EProcessingInstruction@@MAEPAXI@Z 1002d3a0 f i  CIL library: CIL module
 0001:0002c430       ??_GCharacterData@@MAEPAXI@Z 1002d430 f i xmldom.obj
 0001:0002c430       ??_GText@@UAEPAXI@Z        1002d430 f i xmldom.obj
 0001:0002c430       ??_GComment@@UAEPAXI@Z     1002d430 f i xmldom.obj
 0001:0002c430       ??_EComment@@UAEPAXI@Z     1002d430 f i  CIL library: CIL module
 0001:0002c430       ??_ECharacterData@@MAEPAXI@Z 1002d430 f i  CIL library: CIL module
 0001:0002c430       ??_EText@@UAEPAXI@Z        1002d430 f i  CIL library: CIL module
 0001:0002c4b0       ??0Text@@IAE@PBVString@@@Z 1002d4b0 f i xmldom.obj
 0001:0002c570       ?replaceEntity@@YAPAVString@@PBV1@@Z 1002d570 f   xmldom.obj
 0001:0002cd30       ?parse@DocumentBuilder@@QAEPAVDocument@@PAVInputSource@@PBD@Z 1002dd30 f   xmldom.obj
 0001:0002ce00       ?clearEntitiesHash@DocumentBuilder@@AAEXXZ 1002de00 f   xmldom.obj
 0001:0002cec0       ?parse@DocumentBuilder@@QAEPAVDocument@@PBEHPBD@Z 1002dec0 f   xmldom.obj
 0001:0002d4b0       ?consumeDocument@DocumentBuilder@@AAEXXZ 1002e4b0 f   xmldom.obj
 0001:0002d610       ?consumeXmlDecl@DocumentBuilder@@AAEXPAVNode@@@Z 1002e610 f   xmldom.obj
 0001:0002d800       ?consumeDTD@DocumentBuilder@@AAEXXZ 1002e800 f   xmldom.obj
 0001:0002dba0       ?isElement@DocumentBuilder@@AAE_NXZ 1002eba0 f   xmldom.obj
 0001:0002dc60       ?consumeElement@DocumentBuilder@@AAEXPAVNode@@@Z 1002ec60 f   xmldom.obj
 0001:0002e370       ?consumeContent@DocumentBuilder@@AAEXPAVNode@@@Z 1002f370 f   xmldom.obj
 0001:0002e510       ?appendToLastTextNode@DocumentBuilder@@AAEXPAVNode@@PAVString@@@Z 1002f510 f   xmldom.obj
 0001:0002e5d0       ?isCDataSection@DocumentBuilder@@AAE_NXZ 1002f5d0 f   xmldom.obj
 0001:0002e660       ?consumeCDataSection@DocumentBuilder@@AAEXPAVNode@@@Z 1002f660 f   xmldom.obj
 0001:0002e8d0       ?consumeText@DocumentBuilder@@AAEXPAVNode@@@Z 1002f8d0 f   xmldom.obj
 0001:0002eac0       ?isCharRef@DocumentBuilder@@AAE_NXZ 1002fac0 f   xmldom.obj
 0001:0002eb40       ?consumeCharRef@DocumentBuilder@@AAE_WXZ 1002fb40 f   xmldom.obj
 0001:0002edd0       ?isEntityRef@DocumentBuilder@@AAE_NXZ 1002fdd0 f   xmldom.obj
 0001:0002ee50       ?consumeEntityRef@DocumentBuilder@@AAEPAVString@@_N@Z 1002fe50 f   xmldom.obj
 0001:0002f1b0       ?consumeSpaces@DocumentBuilder@@AAEXH@Z 100301b0 f   xmldom.obj
 0001:0002f300       ?consumeAttributeValue@DocumentBuilder@@AAEPAVString@@XZ 10030300 f   xmldom.obj
 0001:0002f5e0       ?consumeQoutedValue@DocumentBuilder@@AAEPAVString@@XZ 100305e0 f   xmldom.obj
 0001:0002f7c0       ?consumeName@DocumentBuilder@@AAEPAVString@@XZ 100307c0 f   xmldom.obj
 0001:0002fa00       ?consumeNCName@DocumentBuilder@@AAEPAVString@@XZ 10030a00 f   xmldom.obj
 0001:0002fc20       ?isPI@DocumentBuilder@@AAE_NXZ 10030c20 f   xmldom.obj
 0001:0002fca0       ?consumePI@DocumentBuilder@@AAEXPAVNode@@@Z 10030ca0 f   xmldom.obj
 0001:0002ff10       ?isComment@DocumentBuilder@@AAE_NXZ 10030f10 f   xmldom.obj
 0001:0002ffa0       ?consumeComment@DocumentBuilder@@AAEXPAVNode@@@Z 10030fa0 f   xmldom.obj
 0001:00030220       ?consumeMisc@DocumentBuilder@@AAEXPAVNode@@@Z 10031220 f   xmldom.obj
 0001:00030310       ?consume@DocumentBuilder@@AAEXAAVString@@@Z 10031310 f   xmldom.obj
 0001:000304c0       ?consume@DocumentBuilder@@AAEXPADH@Z 100314c0 f   xmldom.obj
 0001:00030640       ?newDocument@DocumentBuilder@@QAEPAVDocument@@XZ 10031640 f   xmldom.obj
 0001:00030730       ?free@DocumentBuilder@@QAEXPAVDocument@@@Z 10031730 f   xmldom.obj
 0001:000307b0       ?getXMLNumber@DocumentBuilder@@CA_NABVString@@PAH@Z 100317b0 f   xmldom.obj
 0001:00030900       ?appendChild@Node@@UAEPAV1@PAV1@@Z 10031900 f   xmldom.obj
 0001:00030940       ?insertBefore@Node@@UAEPAV1@PAV1@0@Z 10031940 f   xmldom.obj
 0001:00030990       ?removeChild@Node@@UAEPAV1@PAV1@@Z 10031990 f   xmldom.obj
 0001:000309d0       ?createComment@Document@@QAEPAVComment@@PBVString@@@Z 100319d0 f   xmldom.obj
 0001:00030ad0       ?serialize@Document@@UAEXPAVWriter@@FF@Z 10031ad0 f   xmldom.obj
 0001:00030d70       ?serialize@Element@@UAEXPAVWriter@@FF@Z 10031d70 f   xmldom.obj
 0001:000315e0       ?serialize@ProcessingInstruction@@UAEXPAVWriter@@FF@Z 100325e0 f   xmldom.obj
 0001:00031850       ?serialize@Comment@@UAEXPAVWriter@@FF@Z 10032850 f   xmldom.obj
 0001:00031aa0       ?serialize@Text@@UAEXPAVWriter@@FF@Z 10032aa0 f   xmldom.obj
 0001:00032f90       _dlmalloc                  10033f90 f   malloc.obj
 0001:00033230       _dlfree                    10034230 f   malloc.obj
 0001:00033890       ??1SRegInfo@@QAE@XZ        10034890 f   cregexp.obj
 0001:00033910       ??_GSRegInfo@@QAEPAXI@Z    10034910 f i cregexp.obj
 0001:00033930       ??0CRegExp@@QAE@XZ         10034930 f   cregexp.obj
 0001:00033960       ??0CRegExp@@QAE@PBVString@@@Z 10034960 f   cregexp.obj
 0001:000339b0       ??1CRegExp@@QAE@XZ         100349b0 f   cregexp.obj
 0001:00033a00       ?setRELow@CRegExp@@AAE?AW4EError@@ABVString@@@Z 10034a00 f   cregexp.obj
 0001:00033e10       ?optimize@CRegExp@@AAEXXZ  10034e10 f   cregexp.obj
 0001:00033e80       ?setStructs@CRegExp@@AAE?AW4EError@@AAPAVSRegInfo@@ABVString@@AAH@Z 10034e80 f   cregexp.obj
 0001:00035020       ?isWordBoundary@CRegExp@@AAE_NAAH@Z 10036020 f   cregexp.obj
 0001:000350f0       ?checkMetaSymbol@CRegExp@@AAE_NW4EMetaSymbols@@AAH@Z 100360f0 f   cregexp.obj
 0001:00035630       ?insert_stack@CRegExp@@AAEXPAPAVSRegInfo@@0PAHPA_NHH00H@Z 10036630 f   cregexp.obj
 0001:00035750       ?lowParse@CRegExp@@AAE_NPAVSRegInfo@@0H@Z 10036750 f   cregexp.obj
 0001:00036380       ?quickCheck@CRegExp@@AAE_NH@Z 10037380 f i cregexp.obj
 0001:000363f0       ?parseRE@CRegExp@@AAE_NH@Z 100373f0 f i cregexp.obj
 0001:000364b0       ?getBracketNo@CRegExp@@QAEHPBVString@@@Z 100374b0 f   cregexp.obj
 0001:000366a0       _memmove                   100376a0 f   LIBCMT:memmove.obj
 0001:00036a01       _free                      10037a01 f   LIBCMT:free.obj
 0001:00036af1       ___onexitinit              10037af1 f   LIBCMT:onexit.obj
 0001:00036b22       __onexit                   10037b22 f   LIBCMT:onexit.obj
 0001:00036b5e       _atexit                    10037b5e f   LIBCMT:onexit.obj
 0001:00036b75       _realloc                   10037b75 f   LIBCMT:realloc.obj
 0001:00036c22       ??1type_info@@UAE@XZ       10037c22 f   LIBCMT:typinfo.obj
 0001:00036c32       ??_Gtype_info@@UAEPAXI@Z   10037c32 f i LIBCMT:typinfo.obj
 0001:00036c32       ??_Etype_info@@UAEPAXI@Z   10037c32 f i LIBCMT:typinfo.obj
 0001:00036c53       ??8type_info@@QBE_NABV0@@Z 10037c53 f   LIBCMT:typinfo.obj
 0001:00036c73       __wcsdup                   10037c73 f   LIBCMT:wcsdup.obj
 0001:00036cc8       __snwprintf                10037cc8 f   LIBCMT:snwprint.obj
 0001:00036d98       _wcsncpy                   10037d98 f   LIBCMT:wcsncpy.obj
 0001:00036de4       _wcsncat                   10037de4 f   LIBCMT:wcsncat.obj
 0001:00036e28       __purecall                 10037e28 f   LIBCMT:purevirt.obj
 0001:00036e52       _malloc                    10037e52 f   LIBCMT:malloc.obj
 0001:00036ee6       _wcsstr                    10037ee6 f   LIBCMT:wcsstr.obj
 0001:00036f46       ??0_LocaleUpdate@@QAE@PAUlocaleinfo_struct@@@Z 10037f46 f i LIBCMT:_wctype.obj
 0001:00036fcd       __isleadbyte_l             10037fcd f i LIBCMT:_wctype.obj
[...]
 0001:0005101a       __ehhandler$??__FDYes@@YAXXZ 1005201a f    CIL library: CIL module
 0001:00051030       __unwindfunclet$??__FDTop@@YAXXZ$0 10052030 f    CIL library: CIL module
 0001:0005103a       __ehhandler$??__FDTop@@YAXXZ 1005203a f    CIL library: CIL module
 0001:00051050       __unwindfunclet$??__FDBottom@@YAXXZ$0 10052050 f    CIL library: CIL module
 0001:0005105a       __ehhandler$??__FDBottom@@YAXXZ 1005205a f    CIL library: CIL module
 0001:00051070       __unwindfunclet$??__FDCrossZorder@@YAXXZ$0 10052070 f    CIL library: CIL module
 0001:0005107a       __ehhandler$??__FDCrossZorder@@YAXXZ 1005207a f    CIL library: CIL module
 0001:00051090       __unwindfunclet$??__FDBoth@@YAXXZ$0 10052090 f    CIL library: CIL module
 0001:0005109a       __ehhandler$??__FDBoth@@YAXXZ 1005209a f    CIL library: CIL module
 0001:000510b0       __unwindfunclet$??__FDHorizontal@@YAXXZ$0 100520b0 f    CIL library: CIL module
 0001:000510ba       __ehhandler$??__FDHorizontal@@YAXXZ 100520ba f    CIL library: CIL module
 0001:000510d0       __unwindfunclet$??__FDVertical@@YAXXZ$0 100520d0 f    CIL library: CIL module
 0001:000510da       __ehhandler$??__FDVertical@@YAXXZ 100520da f    CIL library: CIL module
 0001:000510f0       __unwindfunclet$??__FDNone@@YAXXZ$0 100520f0 f    CIL library: CIL module
 0001:000510fa       __ehhandler$??__FDNone@@YAXXZ 100520fa f    CIL library: CIL module
 0001:00051110       __unwindfunclet$??__FDShowCross@@YAXXZ$0 10052110 f    CIL library: CIL module
 0001:0005111a       __ehhandler$??__FDShowCross@@YAXXZ 1005211a f    CIL library: CIL module
 0001:00051130       __unwindfunclet$??__FDFavorite@@YAXXZ$0 10052130 f    CIL library: CIL module
 0001:0005113a       __ehhandler$??__FDFavorite@@YAXXZ 1005213a f    CIL library: CIL module
 0001:00051150       __unwindfunclet$??__FDHotkey@@YAXXZ$0 10052150 f    CIL library: CIL module
 0001:0005115a       __ehhandler$??__FDHotkey@@YAXXZ 1005215a f    CIL library: CIL module
 0001:00051170       __unwindfunclet$??__FDFullback@@YAXXZ$0 10052170 f    CIL library: CIL module
 0001:0005117a       __ehhandler$??__FDFullback@@YAXXZ 1005217a f    CIL library: CIL module
 0001:00051190       __unwindfunclet$??__FDDefBack@@YAXXZ$0 10052190 f    CIL library: CIL module
 0001:0005119a       __ehhandler$??__FDDefBack@@YAXXZ 1005219a f    CIL library: CIL module
 0001:000511b0       __unwindfunclet$??__FDDefFore@@YAXXZ$0 100521b0 f    CIL library: CIL module
 0001:000511ba       __ehhandler$??__FDDefFore@@YAXXZ 100521ba f    CIL library: CIL module
 0001:000511d0       __unwindfunclet$??__FDMaxLen@@YAXXZ$0 100521d0 f    CIL library: CIL module
 0001:000511da       __ehhandler$??__FDMaxLen@@YAXXZ 100521da f    CIL library: CIL module
 0001:000511f0       __unwindfunclet$??__FDBackparse@@YAXXZ$0 100521f0 f    CIL library: CIL module
 0001:000511fa       __ehhandler$??__FDBackparse@@YAXXZ 100521fa f    CIL library: CIL module
 0001:00051210       __unwindfunclet$??__FDFalse@@YAXXZ$0 10052210 f    CIL library: CIL module
 0001:0005121a       __ehhandler$??__FDFalse@@YAXXZ 1005221a f    CIL library: CIL module
 0001:00051230       __unwindfunclet$??__FDTrue@@YAXXZ$0 10052230 f    CIL library: CIL module
 0001:0005123a       __ehhandler$??__FDTrue@@YAXXZ 1005223a f    CIL library: CIL module
 0001:00051250       __unwindfunclet$??__FDNo@@YAXXZ$0 10052250 f    CIL library: CIL module
 0001:0005125a       __ehhandler$??__FDNo@@YAXXZ 1005225a f    CIL library: CIL module
 0001:00051270       __unwindfunclet$??__FDYes@@YAXXZ$0 10052270 f    CIL library: CIL module
 0001:0005127a       __ehhandler$??__FDYes@@YAXXZ 1005227a f    CIL library: CIL module
 0001:00051290       __unwindfunclet$??__FDTop@@YAXXZ$0 10052290 f    CIL library: CIL module
 0001:0005129a       __ehhandler$??__FDTop@@YAXXZ 1005229a f    CIL library: CIL module
 0001:000512b0       __unwindfunclet$??__FDBottom@@YAXXZ$0 100522b0 f    CIL library: CIL module
 0001:000512ba       __ehhandler$??__FDBottom@@YAXXZ 100522ba f    CIL library: CIL module
 0001:000512d0       __unwindfunclet$??__FDCrossZorder@@YAXXZ$0 100522d0 f    CIL library: CIL module
 0001:000512da       __ehhandler$??__FDCrossZorder@@YAXXZ 100522da f    CIL library: CIL module
 0001:000512f0       __unwindfunclet$??__FDBoth@@YAXXZ$0 100522f0 f    CIL library: CIL module
 0001:000512fa       __ehhandler$??__FDBoth@@YAXXZ 100522fa f    CIL library: CIL module
 0001:00051310       __unwindfunclet$??__FDHorizontal@@YAXXZ$0 10052310 f    CIL library: CIL module
 0001:0005131a       __ehhandler$??__FDHorizontal@@YAXXZ 1005231a f    CIL library: CIL module
 0001:00051330       __unwindfunclet$??__FDVertical@@YAXXZ$0 10052330 f    CIL library: CIL module
 0001:0005133a       __ehhandler$??__FDVertical@@YAXXZ 1005233a f    CIL library: CIL module
 0001:00051350       __unwindfunclet$??__FDNone@@YAXXZ$0 10052350 f    CIL library: CIL module
 0001:0005135a       __ehhandler$??__FDNone@@YAXXZ 1005235a f    CIL library: CIL module
 0001:00051370       __unwindfunclet$??__FDShowCross@@YAXXZ$0 10052370 f    CIL library: CIL module
 0001:0005137a       __ehhandler$??__FDShowCross@@YAXXZ 1005237a f    CIL library: CIL module
 0001:00051384       __ehhandler$?CallUnexpected@@YAXPBU_s_ESTypeList@@@Z 10052384 f   LIBCMT:frame.obj
 0001:000513a0       ??__EDShowCross@@YAXXZ     100523a0 f    CIL library: CIL module
 0001:00051400       ??__EDNone@@YAXXZ          10052400 f    CIL library: CIL module
 0001:00051460       ??__EDVertical@@YAXXZ      10052460 f    CIL library: CIL module
 0001:000514c0       ??__EDHorizontal@@YAXXZ    100524c0 f    CIL library: CIL module
 0001:00051520       ??__EDBoth@@YAXXZ          10052520 f    CIL library: CIL module
 0001:00051580       ??__EDCrossZorder@@YAXXZ   10052580 f    CIL library: CIL module
 0001:000515e0       ??__EDBottom@@YAXXZ        100525e0 f    CIL library: CIL module
 0001:00051640       ??__EDTop@@YAXXZ           10052640 f    CIL library: CIL module
 0001:000516a0       ??__EDYes@@YAXXZ           100526a0 f    CIL library: CIL module
 0001:00051700       ??__EDNo@@YAXXZ            10052700 f    CIL library: CIL module
 0001:00051760       ??__EDTrue@@YAXXZ          10052760 f    CIL library: CIL module
 0001:000517c0       ??__EDFalse@@YAXXZ         100527c0 f    CIL library: CIL module
 0001:00051820       ??__EDBackparse@@YAXXZ     10052820 f    CIL library: CIL module
 0001:00051880       ??__EDMaxLen@@YAXXZ        10052880 f    CIL library: CIL module
 0001:000518e0       ??__EDDefFore@@YAXXZ       100528e0 f    CIL library: CIL module
 0001:00051940       ??__EDDefBack@@YAXXZ       10052940 f    CIL library: CIL module
 0001:000519a0       ??__EDFullback@@YAXXZ      100529a0 f    CIL library: CIL module
 0001:00051a00       ??__EDHotkey@@YAXXZ        10052a00 f    CIL library: CIL module
 0001:00051a60       ??__EDFavorite@@YAXXZ      10052a60 f    CIL library: CIL module
 0001:00051ac0       ??__EDShowCross@@YAXXZ     10052ac0 f    CIL library: CIL module
 0001:00051b20       ??__EDNone@@YAXXZ          10052b20 f    CIL library: CIL module
 0001:00051b80       ??__EDVertical@@YAXXZ      10052b80 f    CIL library: CIL module
 0001:00051be0       ??__EDHorizontal@@YAXXZ    10052be0 f    CIL library: CIL module
 0001:00051c40       ??__EDBoth@@YAXXZ          10052c40 f    CIL library: CIL module
 0001:00051ca0       ??__EDCrossZorder@@YAXXZ   10052ca0 f    CIL library: CIL module
 0001:00051d00       ??__EDBottom@@YAXXZ        10052d00 f    CIL library: CIL module
 0001:00051d60       ??__EDTop@@YAXXZ           10052d60 f    CIL library: CIL module
 0001:00051dc0       ??__EDYes@@YAXXZ           10052dc0 f    CIL library: CIL module
 0001:00051e20       ??__EDNo@@YAXXZ            10052e20 f    CIL library: CIL module
 0001:00051e80       ??__EDTrue@@YAXXZ          10052e80 f    CIL library: CIL module
 0001:00051ee0       ??__EDFalse@@YAXXZ         10052ee0 f    CIL library: CIL module
 0001:00051f40       ??__EDBackparse@@YAXXZ     10052f40 f    CIL library: CIL module
 0001:00051fa0       ??__EDMaxLen@@YAXXZ        10052fa0 f    CIL library: CIL module
 0001:00052000       ??__EDDefFore@@YAXXZ       10053000 f    CIL library: CIL module
 0001:00052060       ??__EDDefBack@@YAXXZ       10053060 f    CIL library: CIL module
 0001:000520c0       ??__EDFullback@@YAXXZ      100530c0 f    CIL library: CIL module
 0001:00052120       ??__EDHotkey@@YAXXZ        10053120 f    CIL library: CIL module
 0001:00052180       ??__EDFavorite@@YAXXZ      10053180 f    CIL library: CIL module
 0001:000521e0       ??__EDShowCross@@YAXXZ     100531e0 f    CIL library: CIL module
 0001:00052240       ??__EDNone@@YAXXZ          10053240 f    CIL library: CIL module
 0001:000522a0       ??__EDVertical@@YAXXZ      100532a0 f    CIL library: CIL module
 0001:00052300       ??__EDHorizontal@@YAXXZ    10053300 f    CIL library: CIL module
 0001:00052360       ??__EDBoth@@YAXXZ          10053360 f    CIL library: CIL module
 0001:000523c0       ??__EDCrossZorder@@YAXXZ   100533c0 f    CIL library: CIL module
 0001:00052420       ??__EDBottom@@YAXXZ        10053420 f    CIL library: CIL module
 0001:00052480       ??__EDTop@@YAXXZ           10053480 f    CIL library: CIL module
 0001:000524e0       ??__EDYes@@YAXXZ           100534e0 f    CIL library: CIL module
 0001:00052540       ??__EDNo@@YAXXZ            10053540 f    CIL library: CIL module
 0001:000525a0       ??__EDTrue@@YAXXZ          100535a0 f    CIL library: CIL module
 0001:00052600       ??__EDFalse@@YAXXZ         10053600 f    CIL library: CIL module
 0001:00052660       ??__EDBackparse@@YAXXZ     10053660 f    CIL library: CIL module
 0001:000526c0       ??__EDMaxLen@@YAXXZ        100536c0 f    CIL library: CIL module
 0001:00052720       ??__EDDefFore@@YAXXZ       10053720 f    CIL library: CIL module
 0001:00052780       ??__EDDefBack@@YAXXZ       10053780 f    CIL library: CIL module
 0001:000527e0       ??__EDFullback@@YAXXZ      100537e0 f    CIL library: CIL module
 0001:00052840       ??__EDHotkey@@YAXXZ        10053840 f    CIL library: CIL module
 0001:000528a0       ??__EDFavorite@@YAXXZ      100538a0 f    CIL library: CIL module
 0001:00052900       ??__EDConsole@@YAXXZ       10053900 f    CIL library: CIL module
 0001:00052960       ??__EDRgb@@YAXXZ           10053960 f    CIL library: CIL module
 0001:000529c0       ??__EDdefault@@YAXXZ       100539c0 f    CIL library: CIL module
 0001:00052a20       ??__EDAutodetect@@YAXXZ    10053a20 f    CIL library: CIL module
 0001:00052a80       ??__EDShowCross@@YAXXZ     10053a80 f    CIL library: CIL module
 0001:00052ae0       ??__EDNone@@YAXXZ          10053ae0 f    CIL library: CIL module
 0001:00052b40       ??__EDVertical@@YAXXZ      10053b40 f    CIL library: CIL module
 0001:00052ba0       ??__EDHorizontal@@YAXXZ    10053ba0 f    CIL library: CIL module
 0001:00052c00       ??__EDBoth@@YAXXZ          10053c00 f    CIL library: CIL module
 0001:00052c60       ??__EDCrossZorder@@YAXXZ   10053c60 f    CIL library: CIL module
 0001:00052cc0       ??__EDBottom@@YAXXZ        10053cc0 f    CIL library: CIL module
 0001:00052d20       ??__EDTop@@YAXXZ           10053d20 f    CIL library: CIL module
 0001:00052d80       ??__EDYes@@YAXXZ           10053d80 f    CIL library: CIL module
 0001:00052de0       ??__EDNo@@YAXXZ            10053de0 f    CIL library: CIL module
 0001:00052e40       ??__EDTrue@@YAXXZ          10053e40 f    CIL library: CIL module
 0001:00052ea0       ??__EDFalse@@YAXXZ         10053ea0 f    CIL library: CIL module
 0001:00052f00       ??__EDBackparse@@YAXXZ     10053f00 f    CIL library: CIL module
 0001:00052f60       ??__EDMaxLen@@YAXXZ        10053f60 f    CIL library: CIL module
 0001:00052fc0       ??__EDDefFore@@YAXXZ       10053fc0 f    CIL library: CIL module
 0001:00053020       ??__EDDefBack@@YAXXZ       10054020 f    CIL library: CIL module
 0001:00053080       ??__EDFullback@@YAXXZ      10054080 f    CIL library: CIL module
 0001:000530e0       ??__EDHotkey@@YAXXZ        100540e0 f    CIL library: CIL module
 0001:00053140       ??__EDFavorite@@YAXXZ      10054140 f    CIL library: CIL module
 0001:000531a0       ??__EDConsole@@YAXXZ       100541a0 f    CIL library: CIL module
 0001:00053200       ??__EDRgb@@YAXXZ           10054200 f    CIL library: CIL module
 0001:00053260       ??__EDdefault@@YAXXZ       10054260 f    CIL library: CIL module
 0001:000532c0       ??__EDAutodetect@@YAXXZ    100542c0 f    CIL library: CIL module
 0001:00053320       ??__FDShowCross@@YAXXZ     10054320 f    CIL library: CIL module
 0001:000533b0       ??__FDNone@@YAXXZ          100543b0 f    CIL library: CIL module
 0001:00053440       ??__FDVertical@@YAXXZ      10054440 f    CIL library: CIL module
 0001:000534d0       ??__FDHorizontal@@YAXXZ    100544d0 f    CIL library: CIL module
 0001:00053560       ??__FDBoth@@YAXXZ          10054560 f    CIL library: CIL module
 0001:000535f0       ??__FDCrossZorder@@YAXXZ   100545f0 f    CIL library: CIL module
 0001:00053680       ??__FDBottom@@YAXXZ        10054680 f    CIL library: CIL module
 0001:00053710       ??__FDTop@@YAXXZ           10054710 f    CIL library: CIL module
 0001:000537a0       ??__FDYes@@YAXXZ           100547a0 f    CIL library: CIL module
 0001:00053830       ??__FDNo@@YAXXZ            10054830 f    CIL library: CIL module
 0001:000538c0       ??__FDTrue@@YAXXZ          100548c0 f    CIL library: CIL module
 0001:00053950       ??__FDFalse@@YAXXZ         10054950 f    CIL library: CIL module
 0001:000539e0       ??__FDBackparse@@YAXXZ     100549e0 f    CIL library: CIL module
 0001:00053a70       ??__FDMaxLen@@YAXXZ        10054a70 f    CIL library: CIL module
 0001:00053b00       ??__FDDefFore@@YAXXZ       10054b00 f    CIL library: CIL module
 0001:00053b90       ??__FDDefBack@@YAXXZ       10054b90 f    CIL library: CIL module
 0001:00053c20       ??__FDFullback@@YAXXZ      10054c20 f    CIL library: CIL module
 0001:00053cb0       ??__FDHotkey@@YAXXZ        10054cb0 f    CIL library: CIL module
 0001:00053d40       ??__FDFavorite@@YAXXZ      10054d40 f    CIL library: CIL module
 0001:00053dd0       ??__FDShowCross@@YAXXZ     10054dd0 f    CIL library: CIL module
 0001:00053e60       ??__FDNone@@YAXXZ          10054e60 f    CIL library: CIL module
 0001:00053ef0       ??__FDVertical@@YAXXZ      10054ef0 f    CIL library: CIL module
 0001:00053f80       ??__FDHorizontal@@YAXXZ    10054f80 f    CIL library: CIL module
 0001:00054010       ??__FDBoth@@YAXXZ          10055010 f    CIL library: CIL module
 0001:000540a0       ??__FDCrossZorder@@YAXXZ   100550a0 f    CIL library: CIL module
 0001:00054130       ??__FDBottom@@YAXXZ        10055130 f    CIL library: CIL module
 0001:000541c0       ??__FDTop@@YAXXZ           100551c0 f    CIL library: CIL module
 0001:00054250       ??__FDYes@@YAXXZ           10055250 f    CIL library: CIL module
 0001:000542e0       ??__FDNo@@YAXXZ            100552e0 f    CIL library: CIL module
 0001:00054370       ??__FDTrue@@YAXXZ          10055370 f    CIL library: CIL module
 0001:00054400       ??__FDFalse@@YAXXZ         10055400 f    CIL library: CIL module
 0001:00054490       ??__FDBackparse@@YAXXZ     10055490 f    CIL library: CIL module
 0001:00054520       ??__FDMaxLen@@YAXXZ        10055520 f    CIL library: CIL module
 0001:000545b0       ??__FDDefFore@@YAXXZ       100555b0 f    CIL library: CIL module
 0001:00054640       ??__FDDefBack@@YAXXZ       10055640 f    CIL library: CIL module
 0001:000546d0       ??__FDFullback@@YAXXZ      100556d0 f    CIL library: CIL module
 0001:00054760       ??__FDHotkey@@YAXXZ        10055760 f    CIL library: CIL module
 0001:000547f0       ??__FDFavorite@@YAXXZ      100557f0 f    CIL library: CIL module
 0001:00054880       ??__FDShowCross@@YAXXZ     10055880 f    CIL library: CIL module
 0001:00054910       ??__FDNone@@YAXXZ          10055910 f    CIL library: CIL module
 0001:000549a0       ??__FDVertical@@YAXXZ      100559a0 f    CIL library: CIL module
 0001:00054a30       ??__FDHorizontal@@YAXXZ    10055a30 f    CIL library: CIL module
 0001:00054ac0       ??__FDBoth@@YAXXZ          10055ac0 f    CIL library: CIL module
 0001:00054b50       ??__FDCrossZorder@@YAXXZ   10055b50 f    CIL library: CIL module
 0001:00054be0       ??__FDBottom@@YAXXZ        10055be0 f    CIL library: CIL module
 0001:00054c70       ??__FDTop@@YAXXZ           10055c70 f    CIL library: CIL module
 0001:00054d00       ??__FDYes@@YAXXZ           10055d00 f    CIL library: CIL module
 0001:00054d90       ??__FDNo@@YAXXZ            10055d90 f    CIL library: CIL module
 0001:00054e20       ??__FDTrue@@YAXXZ          10055e20 f    CIL library: CIL module
 0001:00054eb0       ??__FDFalse@@YAXXZ         10055eb0 f    CIL library: CIL module
 0001:00054f40       ??__FDBackparse@@YAXXZ     10055f40 f    CIL library: CIL module
 0001:00054fd0       ??__FDMaxLen@@YAXXZ        10055fd0 f    CIL library: CIL module
 0001:00055060       ??__FDDefFore@@YAXXZ       10056060 f    CIL library: CIL module
 0001:000550f0       ??__FDDefBack@@YAXXZ       100560f0 f    CIL library: CIL module
 0001:00055180       ??__FDFullback@@YAXXZ      10056180 f    CIL library: CIL module
 0001:00055210       ??__FDHotkey@@YAXXZ        10056210 f    CIL library: CIL module
 0001:000552a0       ??__FDFavorite@@YAXXZ      100562a0 f    CIL library: CIL module
 0001:00055330       ??__FDConsole@@YAXXZ       10056330 f    CIL library: CIL module
 0001:000553c0       ??__FDRgb@@YAXXZ           100563c0 f    CIL library: CIL module
 0001:00055450       ??__FDdefault@@YAXXZ       10056450 f    CIL library: CIL module
 0001:000554e0       ??__FDAutodetect@@YAXXZ    100564e0 f    CIL library: CIL module
 0001:00055570       ??__FDShowCross@@YAXXZ     10056570 f    CIL library: CIL module
 0001:00055600       ??__FDNone@@YAXXZ          10056600 f    CIL library: CIL module
 0001:00055690       ??__FDVertical@@YAXXZ      10056690 f    CIL library: CIL module
 0001:00055720       ??__FDHorizontal@@YAXXZ    10056720 f    CIL library: CIL module
 0001:000557b0       ??__FDBoth@@YAXXZ          100567b0 f    CIL library: CIL module
 0001:00055840       ??__FDCrossZorder@@YAXXZ   10056840 f    CIL library: CIL module
 0001:000558d0       ??__FDBottom@@YAXXZ        100568d0 f    CIL library: CIL module
 0001:00055960       ??__FDTop@@YAXXZ           10056960 f    CIL library: CIL module
 0001:000559f0       ??__FDYes@@YAXXZ           100569f0 f    CIL library: CIL module
 0001:00055a80       ??__FDNo@@YAXXZ            10056a80 f    CIL library: CIL module
 0001:00055b10       ??__FDTrue@@YAXXZ          10056b10 f    CIL library: CIL module
 0001:00055ba0       ??__FDFalse@@YAXXZ         10056ba0 f    CIL library: CIL module
 0001:00055c30       ??__FDBackparse@@YAXXZ     10056c30 f    CIL library: CIL module
 0001:00055cc0       ??__FDMaxLen@@YAXXZ        10056cc0 f    CIL library: CIL module
 0001:00055d50       ??__FDDefFore@@YAXXZ       10056d50 f    CIL library: CIL module
 0001:00055de0       ??__FDDefBack@@YAXXZ       10056de0 f    CIL library: CIL module
 0001:00055e70       ??__FDFullback@@YAXXZ      10056e70 f    CIL library: CIL module
 0001:00055f00       ??__FDHotkey@@YAXXZ        10056f00 f    CIL library: CIL module
 0001:00055f90       ??__FDFavorite@@YAXXZ      10056f90 f    CIL library: CIL module
 0001:00056020       ??__FDConsole@@YAXXZ       10057020 f    CIL library: CIL module
 0001:000560b0       ??__FDRgb@@YAXXZ           100570b0 f    CIL library: CIL module
 0001:00056140       ??__FDdefault@@YAXXZ       10057140 f    CIL library: CIL module
 0001:000561d0       ??__FDAutodetect@@YAXXZ    100571d0 f    CIL library: CIL module
