 Far

 Timestamp is 4f9848ab (Wed Apr 25 22:55:39 2012)

 Preferred load address is 00400000

 Start         Length     Name                   Class
 0001:00000000 0013fd24H .text                   CODE
 0001:0013fd30 000009b8H .text$yc                CODE
 0001:001406f0 00000c4eH .text$yd                CODE
 0002:00000000 000005a0H .idata$5                DATA
 0002:000005a0 00000004H .CRT$XCA                DATA
 0002:000005a4 00000004H .CRT$XCC                DATA
 0002:000005a8 000000c4H .CRT$XCU                DATA
 0002:0000066c 00000004H .CRT$XCZ                DATA
 0002:00000670 00000004H .CRT$XIA                DATA
 0002:00000674 00000014H .CRT$XIC                DATA
 0002:00000688 00000004H .CRT$XIY                DATA
 0002:0000068c 00000004H .CRT$XIZ                DATA
 0002:00000690 00000004H .CRT$XLA                DATA
 0002:00000694 00000004H .CRT$XLY                DATA
 0002:00000698 00000004H .CRT$XLZ                DATA
 0002:0000069c 00000004H .CRT$XPA                DATA
 0002:000006a0 00000004H .CRT$XPX                DATA
 0002:000006a4 00000004H .CRT$XPXA               DATA
 0002:000006a8 00000004H .CRT$XPZ                DATA
 0002:000006ac 00000004H .CRT$XTA                DATA
 0002:000006b0 00000004H .CRT$XTZ                DATA
 0002:000006c0 00019130H .rdata                  DATA
 0002:000197f0 00000018H .rdata$T                DATA
 0002:00019808 00000057H .rdata$debug            DATA
 0002:00019860 00000010H .rdata$sxdata           DATA
 0002:00019870 00000004H .rtc$IAA                DATA
 0002:00019874 00000004H .rtc$IZZ                DATA
 0002:00019878 00000004H .rtc$TAA                DATA
 0002:0001987c 00000004H .rtc$TZZ                DATA
 0002:00019880 00000d5cH .xdata$x                DATA
 0002:0001a5dc 000000c8H .idata$2                DATA
 0002:0001a6a4 00000014H .idata$3                DATA
 0002:0001a6b8 000005a0H .idata$4                DATA
 0002:0001ac58 00001b0eH .idata$6                DATA
 0002:0001c766 00000000H .edata                  DATA
 0003:00000000 00010c80H .data                   DATA
 0003:00010c80 00041c68H .bss                    DATA
 0004:00000000 00000001H .tls                    DATA
 0004:00000004 00000004H .tls$                   DATA
 0004:00000008 00000001H .tls$ZZZ                DATA
 0005:00000000 00000370H .rsrc$01                DATA
 0005:00000370 00009978H .rsrc$02                DATA

  Address         Publics by Value              Rva+Base       Lib:Object

 0000:00000000       __except_list              00000000     <absolute>
 0000:00000004       ___safe_se_handler_count   00000004     <absolute>
 0000:0000002c       __tls_array                0000002c     <absolute>
 0000:00000000       ___ImageBase               00400000     <linker-defined>
 0001:00000000       ??0CachedRead@@QAE@AAVFile@@K@Z 00401000 f   cache.obj
 0001:00000070       ??1CachedRead@@QAE@XZ      00401070 f   cache.obj
 0001:00000080       ?Clear@CachedRead@@QAEXXZ  00401080 f   cache.obj
 0001:00000090       ?Unread@CachedRead@@QAE_NK@Z 00401090 f   cache.obj
 0001:000000d0       ??0CachedWrite@@QAE@AAVFile@@@Z 004010d0 f   cache.obj
 0001:00000100       ?Flush@CachedWrite@@QAE_NXZ 00401100 f   cache.obj
 0001:00000160       ??$Min@K@@YAABKABK0@Z      00401160 f i cache.obj
 0001:00000180       ?GetPointer@File@@QAE_JXZ  00401180 f i cache.obj
 0001:00000190       ?Opened@File@@QBE_NXZ      00401190 f i cache.obj
 0001:000001a0       ?AdjustAlignment@CachedRead@@QAE_NXZ 004011a0 f   cache.obj
 0001:00000250       ?FillBuffer@CachedRead@@QAE_NXZ 00401250 f   cache.obj
 0001:000003a0       ??1CachedWrite@@QAE@XZ     004013a0 f   cache.obj
 0001:000003c0       ?Write@CachedWrite@@QAE_NPBXK@Z 004013c0 f   cache.obj
 0001:00000450       ?Read@CachedRead@@QAE_NPAXKPAK@Z 00401450 f   cache.obj
 0001:000007c0       ?GetDeviceTypeByCaps@@YAIW4CDROM_DeviceCapabilities@@@Z 004017c0 f   cddrv.obj
 0001:00000850       ?IsDriveTypeCDROM@@YA_NI@Z 00401850 f   cddrv.obj
 0001:00000870       ?strstr@@YAPADPADPBD@Z     00401870 f i cddrv.obj
 0001:00000880       ?StrLength@@YAHPB_W@Z      00401880 f i cddrv.obj
 0001:000008a0       ?FreeData@UnicodeStringData@@AAEXPA_W@Z 004018a0 f i cddrv.obj
 0001:000008b0       ?GetData@UnicodeStringData@@QAEPA_WXZ 004018b0 f i cddrv.obj
 0001:000008c0       ?GetLength@UnicodeStringData@@QBEIXZ 004018c0 f i cddrv.obj
 0001:000008d0       ??1UnicodeStringData@@QAE@XZ 004018d0 f i cddrv.obj
 0001:000008e0       ??_GUnicodeStringData@@QAEPAXI@Z 004018e0 f i cddrv.obj
 0001:00000910       ??0UnicodeString@@QAE@XZ   00401910 f i cddrv.obj
 0001:00000920       ??0UnicodeString@@QAE@ABV0@@Z 00401920 f i cddrv.obj
 0001:00000940       ?GetLength@UnicodeString@@QBEIXZ 00401940 f i cddrv.obj
 0001:00000950       ?Replace@UnicodeString@@QAEAAV1@IIPB_W@Z 00401950 f i cddrv.obj
 0001:00000990       ?Insert@UnicodeString@@QAEAAV1@IPB_WI@Z 00401990 f i cddrv.obj
 0001:000009b0       ?Insert@UnicodeString@@QAEAAV1@IPB_W@Z 004019b0 f i cddrv.obj
 0001:000009f0       ?Copy@UnicodeString@@QAEAAV1@PB_WI@Z 004019f0 f i cddrv.obj
 0001:00000a10       ?Copy@UnicodeString@@QAEAAV1@PB_W@Z 00401a10 f i cddrv.obj
 0001:00000a50       ??BUnicodeString@@QBEPB_WXZ 00401a50 f i cddrv.obj
 0001:00000a60       ??4UnicodeString@@QAEABV0@PB_W@Z 00401a60 f i cddrv.obj
 0001:00000aa0       ?Equal@UnicodeString@@QBE_NIPB_W@Z 00401aa0 f i cddrv.obj
 0001:00000ca0       ?GetDeviceCapabilities@@YA?AW4CDROM_DeviceCapabilities@@AAVFile@@@Z 00401ca0 f   cddrv.obj
 0001:00000cc0       ?DecRef@UnicodeStringData@@QAEXXZ 00401cc0 f i cddrv.obj
 0001:00000ce0       ??1UnicodeString@@QAE@XZ   00401ce0 f i cddrv.obj
 0001:00000d00       ?FAR_GetDriveType@@YAIPB_WPAW4CDROM_DeviceCapabilities@@K@Z 00401d00 f   cddrv.obj
 0001:00000f10       ?Free@CFileMask@@QAEXXZ    00401f10 f   CFileMask.obj
 0001:00000f30       ?Set@CFileMask@@QAE_NPB_WK@Z 00401f30 f   CFileMask.obj
 0001:00001050       ?IsEmpty@CFileMask@@QAE_NXZ 00402050 f   CFileMask.obj
 0001:00001060       ?Compare@CFileMask@@QAE_NPB_W@Z 00402060 f   CFileMask.obj
 0001:00001080       ??0NonCopyable@@IAE@XZ     00402080 f i CFileMask.obj
 0001:00001090       ??1NonCopyable@@IAE@XZ     00402090 f i CFileMask.obj
 0001:000010a0       ??0CFileMask@@QAE@XZ       004020a0 f   CFileMask.obj
 0001:000010b0       ?SetMode@KeyMacro@@QAEXH@Z 004020b0 f i chgmmode.obj
 0001:000010c0       ?GetMode@KeyMacro@@QAEHXZ  004020c0 f i chgmmode.obj
 0001:000010d0       ??0ChangeMacroMode@@QAE@H@Z 004020d0 f   chgmmode.obj
 0001:00001100       ??1ChangeMacroMode@@QAE@XZ 00402100 f   chgmmode.obj
 0001:00001110       ??0ChangePriority@@QAE@H@Z 00402110 f   chgprior.obj
 0001:00001140       ??1ChangePriority@@QAE@XZ  00402140 f   chgprior.obj
 0001:00001160       ??0Clipboard@@QAE@XZ       00402160 f i clipboard.obj
 0001:00001170       ??1Clipboard@@QAE@XZ       00402170 f i clipboard.obj
 0001:00001180       ?SetUseInternalClipboardState@Clipboard@@SA_N_N@Z 00402180 f   clipboard.obj
 0001:00001190       ?GetUseInternalClipboardState@Clipboard@@SA_NXZ 00402190 f   clipboard.obj
 0001:000011a0       ?Open@Clipboard@@QAEHXZ    004021a0 f   clipboard.obj
 0001:000011e0       ?Close@Clipboard@@QAEHXZ   004021e0 f   clipboard.obj
 0001:00001210       ?Empty@Clipboard@@QAEHXZ   00402210 f   clipboard.obj
 0001:00001270       ?GetData@Clipboard@@AAEPAXI@Z 00402270 f   clipboard.obj
 0001:000012c0       ?SetData@Clipboard@@AAEPAXIPAX@Z 004022c0 f   clipboard.obj
 0001:00001370       ?IsFormatAvailable@Clipboard@@AAEHI@Z 00402370 f   clipboard.obj
 0001:000013b0       ?CopyHDROP@Clipboard@@QAE_NPAXI@Z 004023b0 f   clipboard.obj
 0001:00001440       _wmemset                   00402440 f i clipboard.obj
 0001:00001480       ?EmptyInternalClipboard@@YAHXZ 00402480 f   clipboard.obj
 0001:000014f0       ?StrCmp@@YAHPB_W0@Z        004024f0 f i clipboard.obj
 0001:00001510       ?IsEmpty@UnicodeString@@QBE_NXZ 00402510 f i clipboard.obj
 0001:00001530       ?Append@UnicodeString@@QAEAAV1@PB_WI@Z 00402530 f i clipboard.obj
 0001:00001550       ?Append@UnicodeString@@QAEAAV1@PB_W@Z 00402550 f i clipboard.obj
 0001:00001590       ??YUnicodeString@@QAEABV0@PBD@Z 00402590 f i clipboard.obj
 0001:000015a0       ??YUnicodeString@@QAEABV0@PB_W@Z 004025a0 f i clipboard.obj
 0001:000015e0       ?RegisterFormat@Clipboard@@AAEIPB_W@Z 004025e0 f   clipboard.obj
 0001:00001650       ?Copy@Clipboard@@QAE_NPB_W@Z 00402650 f   clipboard.obj
 0001:000016d0       ?CopyFormat@Clipboard@@QAE_NPB_W0@Z 004026d0 f   clipboard.obj
 0001:00001770       ?PasteEx@Clipboard@@QAEPA_WH@Z 00402770 f   clipboard.obj
 0001:00001800       ?PasteFormat@Clipboard@@QAEPA_WPB_W@Z 00402800 f   clipboard.obj
 0001:00001930       ?CopyToClipboard@@YGHPB_W@Z 00402930 f   clipboard.obj
 0001:000019a0       ?CopyFormatToClipboard@@YAHPB_W0@Z 004029a0 f   clipboard.obj
 0001:00001a20       ?PasteFromClipboardEx@@YAPA_WH@Z 00402a20 f   clipboard.obj
 0001:00001a90       ?PasteFormatFromClipboard@@YAPA_WPB_W@Z 00402a90 f   clipboard.obj
 0001:00001b00       ?Paste@Clipboard@@QAEPA_WXZ 00402b00 f   clipboard.obj
 0001:00001d30       ?PasteFromClipboard@@YGPA_WXZ 00402d30 f   clipboard.obj
 0001:00001da0       ??1BitFlags@@QAE@XZ        00402da0 f i cmdline.obj
 0001:00001db0       ?Check@BitFlags@@QBEHK@Z   00402db0 f i cmdline.obj
 0001:00001dc0       ?Change@BitFlags@@QAEKKH@Z 00402dc0 f i cmdline.obj
 0001:00001de0       ?IsVisible@ScreenObject@@QAEHXZ 00402de0 f i cmdline.obj
 0001:00001df0       ?SetDelRemovesBlocks@Edit@@QAEXH@Z 00402df0 f i cmdline.obj
 0001:00001e10       ?SetPersistentBlocks@Edit@@QAEXH@Z 00402e10 f i cmdline.obj
 0001:00001e30       ?SetCurPos@Edit@@QAEXH@Z   00402e30 f i cmdline.obj
 0001:00001e40       ?GetCurPos@Edit@@QAEHXZ    00402e40 f i cmdline.obj
 0001:00001e50       ?SetLeftPos@Edit@@QAEXH@Z  00402e50 f i cmdline.obj
 0001:00001e60       ?SetEditBeyondEnd@Edit@@QAEXH@Z 00402e60 f i cmdline.obj
 0001:00001e80       ?RevertAC@EditControl@@QAEXXZ 00402e80 f i cmdline.obj
 0001:00001ea0       ?ResetPosition@History@@QAEXXZ 00402ea0 f i cmdline.obj
 0001:00001eb0       ?GetMode@Panel@@QAEHXZ     00402eb0 f i cmdline.obj
 0001:00001ec0       ?GetType@Panel@@QAEHXZ     00402ec0 f i cmdline.obj
 0001:00001ed0       ?IsSlash@@YAH_W@Z          00402ed0 f i cmdline.obj
 0001:00001ef0       ??1EditControl@@UAE@XZ     00402ef0 f i cmdline.obj
 0001:00001f00       ??_GSaveScreen@@QAEPAXI@Z  00402f00 f i cmdline.obj
 0001:00001f20       ?SetPersistentBlocks@CommandLine@@QAEXH@Z 00402f20 f   cmdline.obj
 0001:00001f40       ?SetDelRemovesBlocks@CommandLine@@QAEXH@Z 00402f40 f   cmdline.obj
 0001:00001f60       ?SetAutoComplete@CommandLine@@QAEXH@Z 00402f60 f   cmdline.obj
 0001:00001f80       ?SetCurPos@CommandLine@@QAEXHH@Z 00402f80 f   cmdline.obj
 0001:00001fa0       ?VMProcess@CommandLine@@UAE_JHPAX_J@Z 00402fa0 f   cmdline.obj
 0001:00002030       ?Upper@@YA_W_W@Z           00403030 f i cmdline.obj
 0001:00002050       ?StrCmpI@@YAHPB_W0@Z       00403050 f i cmdline.obj
 0001:00002070       ?SetString@CommandLine@@QAEXPB_WH@Z 00403070 f   cmdline.obj
 0001:000020b0       ?ExecString@CommandLine@@QAEXPB_W_N11111@Z 004030b0 f   cmdline.obj
 0001:00002140       ?InsertString@CommandLine@@QAEXPB_W@Z 00403140 f   cmdline.obj
 0001:00002170       ?ProcessMouse@CommandLine@@UAEHPAU_MOUSE_EVENT_RECORD@@@Z 00403170 f   cmdline.obj
 0001:000021b0       ?At@UnicodeString@@QBE_WI@Z 004031b0 f i cmdline.obj
 0001:000021c0       ?Append@UnicodeString@@QAEAAV1@_W@Z 004031c0 f i cmdline.obj
 0001:000021e0       ?CPtr@UnicodeString@@QBEPB_WXZ 004031e0 f i cmdline.obj
 0001:000021f0       ?SaveBackground@CommandLine@@QAEXHHHH@Z 004031f0 f   cmdline.obj
 0001:00002250       ??4UnicodeString@@QAEABV0@ABV0@@Z 00403250 f i cmdline.obj
 0001:00002260       ?SaveBackground@CommandLine@@QAEXXZ 00403260 f   cmdline.obj
 0001:00002270       ?ShowBackground@CommandLine@@QAEXXZ 00403270 f   cmdline.obj
 0001:00002290       ?CorrectRealScreenCoord@CommandLine@@QAEXXZ 00403290 f   cmdline.obj
 0001:000022a0       ?ResizeConsole@CommandLine@@UAEXXZ 004032a0 f   cmdline.obj
 0001:000022d0       ??YUnicodeString@@QAEABV0@_W@Z 004032d0 f i cmdline.obj
 0001:000022f0       ?size@?$TStack@UPushPopRecord@@@@QBEKXZ 004032f0 f i cmdline.obj
 0001:00002300       ?SetCurDir@CommandLine@@QAEHPB_W@Z 00403300 f   cmdline.obj
 0001:000023a0       ?GetCurDir@CommandLine@@QAEHAAVUnicodeString@@@Z 004033a0 f   cmdline.obj
 0001:000023c0       ?Append@UnicodeString@@QAEAAV1@ABV1@@Z 004033c0 f i cmdline.obj
 0001:000023e0       ?ShowViewEditHistory@CommandLine@@QAEXXZ 004033e0 f   cmdline.obj
 0001:00002640       ??YUnicodeString@@QAEABV0@ABV0@@Z 00403640 f i cmdline.obj
 0001:00002660       ??0?$TStack@UPushPopRecord@@@@QAE@XZ 00403660 f i cmdline.obj
 0001:00002670       ??1PushPopRecord@@QAE@XZ   00403670 f i cmdline.obj
 0001:00002690       ?ProcessKey@CommandLine@@UAEHH@Z 00403690 f   cmdline.obj
 0001:00003150       ?GetPrompt@CommandLine@@AAEXAAVUnicodeString@@@Z 00404150 f   cmdline.obj
 0001:000035e0       ??1OneItem@?$TStack@UPushPopRecord@@@@QAE@XZ 004045e0 f i cmdline.obj
 0001:00003600       ?DisplayObject@CommandLine@@EAEXXZ 00404600 f   cmdline.obj
 0001:000036f0       ??_GOneItem@?$TStack@UPushPopRecord@@@@QAEPAXI@Z 004046f0 f i cmdline.obj
 0001:00003730       ?Free@?$TStack@UPushPopRecord@@@@QAEXXZ 00404730 f i cmdline.obj
 0001:00003780       ??1?$TStack@UPushPopRecord@@@@QAE@XZ 00404780 f i cmdline.obj
 0001:00003790       ??0CommandLine@@QAE@XZ     00404790 f   cmdline.obj
 0001:00003850       ?ShowConsoleTitle@ScreenObject@@UAEXXZ 00404850 f i cmdline.obj
 0001:00003860       ??1CommandLine@@UAE@XZ     00404860 f   cmdline.obj
 0001:000038e0       ??_ECommandLine@@UAEPAXI@Z 004048e0 f i cmdline.obj
 0001:000038e0       ??_GCommandLine@@UAEPAXI@Z 004048e0 f i cmdline.obj
 0001:00003900       ?IsStandardCodePage@@YA_NI@Z 00404900 f i codepage.obj
 0001:00003950       ??0BitFlags@@QAE@XZ        00404950 f i codepage.obj
 0001:00003960       ?Set@BitFlags@@QAEKK@Z     00404960 f i codepage.obj
 0001:00003970       ?wcschr@@YAPA_WPA_W_W@Z    00404970 f i codepage.obj
 0001:00003980       _wmemcpy                   00404980 f i codepage.obj
 0001:00003990       ?Clear@MenuItemEx@@QAEXXZ  00404990 f i codepage.obj
 0001:000039d0       ?SetFlags@VMenu@@QAEXK@Z   004049d0 f i codepage.obj
 0001:000039e0       ?GetItemCount@VMenu@@QAEHXZ 004049e0 f i codepage.obj
 0001:000039f0       ?GetSelectPos@VMenu@@QAEHXZ 004049f0 f i codepage.obj
 0001:00003a00       ?GetMenuItemCodePage@@YAIH@Z 00404a00 f i codepage.obj
 0001:00003a20       ?GetListItemCodePage@@YAIH@Z 00404a20 f i codepage.obj
 0001:00003a40       ?IsPositionStandard@@YA_NI@Z 00404a40 f i codepage.obj
 0001:00003a80       ?IsPositionFavorite@@YA_NI@Z 00404a80 f i codepage.obj
 0001:00003aa0       ?IsPositionNormal@@YA_NI@Z 00404aa0 f i codepage.obj
 0001:00003ae0       ?GetItemsCount@@YAHXZ      00404ae0 f   codepage.obj
 0001:00003b20       ?GetCodePageInsertPosition@@YAHIHH@Z 00404b20 f   codepage.obj
 0001:00003b80       ?GetCodePageInfo@@YA_NIAAU_cpinfoexW@@@Z 00404b80 f   codepage.obj
 0001:00003bd0       ??_H@YGXPAXIHP6EPAX0@Z@Z   00404bd0 f i codepage.obj
 0001:00003c10       ??_I@YGXPAXIHP6EX0@Z@Z     00404c10 f i codepage.obj
 0001:00003c50       ??0?$ManipulatorTemplate@I$0A@@fmt@@QAE@I@Z 00404c50 f i codepage.obj
 0001:00003c60       ??$Min@I@@YAABIABI0@Z      00404c60 f i codepage.obj
 0001:00003c80       ?Remove@UnicodeString@@QAEAAV1@II@Z 00404c80 f i codepage.obj
 0001:00003ca0       ?LShift@UnicodeString@@QAEAAV1@II@Z 00404ca0 f i codepage.obj
 0001:00003cc0       ??8UnicodeString@@QBE_NPB_W@Z 00404cc0 f i codepage.obj
 0001:00003d00       ??1BaseFormat@@UAE@XZ      00404d00 f i codepage.obj
 0001:00003d10       ??_EBaseFormat@@UAEPAXI@Z  00404d10 f i codepage.obj
 0001:00003d10       ??_GBaseFormat@@UAEPAXI@Z  00404d10 f i codepage.obj
 0001:00003d30       ?FormatCodePageString@@YAXIPB_WAAVFormatString@@_N@Z 00404d30 f   codepage.obj
 0001:00003da0       ??0UnicodeString@@QAE@PB_W@Z 00404da0 f i codepage.obj
 0001:00003df0       ??0FormatString@@QAE@XZ    00404df0 f i codepage.obj
 0001:00003e10       ??1FormatString@@UAE@XZ    00404e10 f i codepage.obj
 0001:00003e40       ??0MenuItemEx@@QAE@XZ      00404e40 f i codepage.obj
 0001:00003e50       ??1MenuItemEx@@QAE@XZ      00404e50 f i codepage.obj
 0001:00003e70       ??_GFormatString@@UAEPAXI@Z 00404e70 f i codepage.obj
 0001:00003e70       ??_EFormatString@@UAEPAXI@Z 00404e70 f i codepage.obj
 0001:00003eb0       ?AddSeparator@@YAXPB_WH@Z  00404eb0 f   codepage.obj
 0001:00004000       ?ProcessSelected@@YAX_N@Z  00405000 f   codepage.obj
 0001:00004380       ?FormatCodePageName@@YAPA_WIPA_WIAA_N@Z 00405380 f   codepage.obj
 0001:00004560       ?EditDialogProc@@YGJPAXHHJ@Z 00405560 f   codepage.obj
 0001:00004790       ??0DialogItemEx@@QAE@XZ    00405790 f i codepage.obj
 0001:000047c0       ??1DialogItemEx@@QAE@XZ    004057c0 f i codepage.obj
 0001:00004820       ?AddCodePage@@YAXPB_WIH_N11@Z 00405820 f   codepage.obj
 0001:00004aa0       ?AddStandardCodePage@@YAXPB_WIH_N@Z 00405aa0 f   codepage.obj
 0001:00004b60       ?EnumCodePagesProc@@YGHPB_W@Z 00405b60 f   codepage.obj
 0001:00004d70       ?AddCodePages@@YAXK@Z      00405d70 f   codepage.obj
 0001:00004ec0       ?FillCodePagesVMenu@@YAX_N000@Z 00405ec0 f   codepage.obj
 0001:00005050       ?FormatCodePageName@@YAPA_WIPA_WI@Z 00406050 f   codepage.obj
 0001:00005070       ?EditCodePageName@@YAXXZ   00406070 f   codepage.obj
 0001:000053a0       ?SelectCodePage@@YAII_N000@Z 004063a0 f   codepage.obj
 0001:000057d0       ?FillCodePagesList@@YAIPAXII_N1@Z 004067d0 f   codepage.obj
 0001:00005930       ?IsCodePageSupported@@YA_NI@Z 00406930 f   codepage.obj
 0001:00005980       ?Indent@DialogItemEx@@QAEXH@Z 00406980 f i config.obj
 0001:00005990       ?GetViewMode@Panel@@QAEHXZ 00406990 f i config.obj
 0001:000059a0       ?GetSortMode@Panel@@QAEHXZ 004069a0 f i config.obj
 0001:000059b0       ?GetNumericSort@Panel@@QAEHXZ 004069b0 f i config.obj
 0001:000059c0       ?GetCaseSensitiveSort@Panel@@QAEHXZ 004069c0 f i config.obj
 0001:000059d0       ?GetDirectoriesFirst@Panel@@QAEHXZ 004069d0 f i config.obj
 0001:000059e0       ?GetSortOrder@Panel@@QAEHXZ 004069e0 f i config.obj
 0001:000059f0       ?GetSortGroups@Panel@@QAEHXZ 004069f0 f i config.obj
 0001:00005a00       ?GetShowShortNamesMode@Panel@@QAEHXZ 00406a00 f i config.obj
 0001:00005a10       ?GetFocus@Panel@@QAEHXZ    00406a10 f i config.obj
 0001:00005a20       ?StartColumns@?$DialogBuilderBase@UDialogItemEx@@@@QAEXXZ 00406a20 f i config.obj
 0001:00005a30       ?ColumnBreak@?$DialogBuilderBase@UDialogItemEx@@@@QAEXXZ 00406a30 f i config.obj
 0001:00005a50       ?AddEmptyLine@?$DialogBuilderBase@UDialogItemEx@@@@QAEXXZ 00406a50 f i config.obj
 0001:00005a60       ?SetNextY@?$DialogBuilderBase@UDialogItemEx@@@@IAEXPAUDialogItemEx@@@Z 00406a60 f i config.obj
 0001:00005a80       ?ItemWidth@?$DialogBuilderBase@UDialogItemEx@@@@IAEHABUDialogItemEx@@@Z 00406a80 f i config.obj
 0001:00005ae0       ?UpdateSecondColumnPosition@?$DialogBuilderBase@UDialogItemEx@@@@IAEXXZ 00406ae0 f i config.obj
 0001:00005b40       ?SetLastItemBinding@?$DialogBuilderBase@UDialogItemEx@@@@IAEXPAU?$DialogItemBinding@UDialogItemEx@@@@@Z 00406b40 f i config.obj
 0001:00005b60       ?GetItemID@?$DialogBuilderBase@UDialogItemEx@@@@IAEHPAUDialogItemEx@@@Z 00406b60 f i config.obj
 0001:00005b90       ?FindBinding@?$DialogBuilderBase@UDialogItemEx@@@@IAEPAU?$DialogItemBinding@UDialogItemEx@@@@PAUDialogItemEx@@@Z 00406b90 f i config.obj
 0001:00005bd0       ?SaveValues@?$DialogBuilderBase@UDialogItemEx@@@@IAEXXZ 00406bd0 f i config.obj
 0001:00005c20       ?MaxTextWidth@?$DialogBuilderBase@UDialogItemEx@@@@IAEHXZ 00406c20 f i config.obj
 0001:00005cd0       ??_GUserDefinedListItem@@QAEPAXI@Z 00406cd0 f i config.obj
 0001:00005cf0       ??4DialogItemEx@@QAEABU0@ABU0@@Z 00406cf0 f i config.obj
 0001:00005d90       ?SetFolderInfoFiles@@YAXXZ 00406d90 f   config.obj
 0001:00005e80       ?SaveConfig@@YAXH@Z        00406e80 f   config.obj
 0001:00006180       ?EndColumns@?$DialogBuilderBase@UDialogItemEx@@@@QAEXXZ 00407180 f i config.obj
 0001:00006230       ?UpdateBorderSize@?$DialogBuilderBase@UDialogItemEx@@@@IAEXXZ 00407230 f i config.obj
 0001:00006260       ?Free@?$TArray@VUserDefinedListItem@@@@QAEXXZ 00407260 f i config.obj
 0001:000062c0       ??0EditorOptions@@QAE@XZ   004072c0 f i config.obj
 0001:000062d0       ??1EditorOptions@@QAE@XZ   004072d0 f i config.obj
 0001:000062f0       ??0FindFileOptions@@QAE@XZ 004072f0 f i config.obj
 0001:00006310       ??1FindFileOptions@@QAE@XZ 00407310 f i config.obj
 0001:00006370       ??0DizOptions@@QAE@XZ      00407370 f i config.obj
 0001:00006380       ??1DizOptions@@QAE@XZ      00407380 f i config.obj
 0001:000063a0       ??0CodeXLAT@@QAE@XZ        004073a0 f i config.obj
 0001:000063f0       ??1CodeXLAT@@QAE@XZ        004073f0 f i config.obj
 0001:00006490       ??0LoadPluginsOptions@@QAE@XZ 00407490 f i config.obj
 0001:000064b0       ??1LoadPluginsOptions@@QAE@XZ 004074b0 f i config.obj
 0001:000064f0       ??0CommandLineOptions@@QAE@XZ 004074f0 f i config.obj
 0001:00006500       ??1CommandLineOptions@@QAE@XZ 00407500 f i config.obj
 0001:00006520       ??0MacroOptions@@QAE@XZ    00407520 f i config.obj
 0001:00006540       ??1MacroOptions@@QAE@XZ    00407540 f i config.obj
 0001:00006580       ??0InfoPanelOptions@@QAE@XZ 00407580 f i config.obj
 0001:00006590       ??1InfoPanelOptions@@QAE@XZ 00407590 f i config.obj
 0001:000065b0       ??1Options@@QAE@XZ         004075b0 f i config.obj
 0001:00006850       ??1?$TArray@VUserDefinedListItem@@@@QAE@XZ 00407850 f i config.obj
 0001:00006860       ?ShowDialog@?$DialogBuilderBase@UDialogItemEx@@@@QAE_NXZ 00407860 f i config.obj
 0001:000068b0       ??_EDialogItemEx@@QAEPAXI@Z 004078b0 f i config.obj
 0001:00006970       ?ReallocDialogItems@?$DialogBuilderBase@UDialogItemEx@@@@IAEXXZ 00407970 f i config.obj
 0001:00006aa0       ??1UserDefinedList@@QAE@XZ 00407aa0 f i config.obj
 0001:00006ab0       ?ReadConfig@@YAXXZ         00407ab0 f   config.obj
 0001:00007290       ?AddDialogItem@?$DialogBuilderBase@UDialogItemEx@@@@IAEPAUDialogItemEx@@HPB_W@Z 00408290 f i config.obj
 0001:000072e0       ?AddText@?$DialogBuilderBase@UDialogItemEx@@@@QAEPAUDialogItemEx@@H@Z 004082e0 f i config.obj
 0001:00007350       ?AddCheckbox@?$DialogBuilderBase@UDialogItemEx@@@@QAEPAUDialogItemEx@@HPAHH@Z 00408350 f i config.obj
 0001:00007400       ?AddRadioButtons@?$DialogBuilderBase@UDialogItemEx@@@@QAEXPAHHQAH@Z 00408400 f i config.obj
 0001:00007530       ?AddTextBefore@?$DialogBuilderBase@UDialogItemEx@@@@QAEPAUDialogItemEx@@PAU2@H@Z 00408530 f i config.obj
 0001:00007610       ?AddTextAfter@?$DialogBuilderBase@UDialogItemEx@@@@QAEPAUDialogItemEx@@PAU2@H@Z 00408610 f i config.obj
 0001:000076d0       ?AddSeparator@?$DialogBuilderBase@UDialogItemEx@@@@QAEXH@Z 004086d0 f i config.obj
 0001:00007750       ?AddOKCancel@?$DialogBuilderBase@UDialogItemEx@@@@QAEXHH@Z 00408750 f i config.obj
 0001:00007880       ?AddOKCancel@DialogBuilder@@QAEXXZ 00408880 f i config.obj
 0001:00007890       ?SystemSettings@@YAXXZ     00408890 f   config.obj
 0001:00007b10       ?PanelSettings@@YAXXZ      00408b10 f   config.obj
 0001:00007de0       ?InterfaceSettings@@YAXXZ  00408de0 f   config.obj
 0001:00008020       ?AutoCompleteSettings@@YAXXZ 00409020 f   config.obj
 0001:00008110       ?InfoPanelSettings@@YAXXZ  00409110 f   config.obj
 0001:00008330       ?DialogSettings@@YAXXZ     00409330 f   config.obj
 0001:00008440       ?VMenuSettings@@YAXXZ      00409440 f   config.obj
 0001:00008570       ?CmdlineSettings@@YAXXZ    00409570 f   config.obj
 0001:000086c0       ?SetConfirmations@@YAXXZ   004096c0 f   config.obj
 0001:00008850       ?PluginsManagerSettings@@YAXXZ 00409850 f   config.obj
 0001:00008a30       ?SetDizConfig@@YAXXZ       00409a30 f   config.obj
 0001:00008ca0       ?ViewerConfig@@YAXAAUViewerOptions@@_N@Z 00409ca0 f   config.obj
 0001:00008ea0       ?EditorConfig@@YAXAAUEditorOptions@@_N@Z 00409ea0 f   config.obj
 0001:00009180       ?Allocate@console@@QAE_NXZ 0040a180 f   console.obj
 0001:00009190       ?Free@console@@QAE_NXZ     0040a190 f   console.obj
 0001:000091a0       ?GetInputHandle@console@@QAEPAXXZ 0040a1a0 f   console.obj
 0001:000091b0       ?GetOutputHandle@console@@QAEPAXXZ 0040a1b0 f   console.obj
 0001:000091c0       ?GetErrorHandle@console@@QAEPAXXZ 0040a1c0 f   console.obj
 0001:000091d0       ?GetWindow@console@@QAEPAUHWND__@@XZ 0040a1d0 f   console.obj
 0001:000091e0       ?GetSize@console@@QAE_NAAU_COORD@@@Z 0040a1e0 f   console.obj
 0001:00009250       ?GetWindowRect@console@@QAE_NAAU_SMALL_RECT@@@Z 0040a250 f   console.obj
 0001:000092a0       ?SetWindowRect@console@@QAE_NABU_SMALL_RECT@@@Z 0040a2a0 f   console.obj
 0001:000092c0       ?GetWorkingRect@console@@QAE_NAAU_SMALL_RECT@@@Z 0040a2c0 f   console.obj
 0001:00009320       ?SetTitle@console@@QAE_NPB_W@Z 0040a320 f   console.obj
 0001:00009340       ?GetKeyboardLayoutNameW@console@@QAE_NAAVUnicodeString@@@Z 0040a340 f   console.obj
 0001:000093a0       ?GetInputCodepage@console@@QAEIXZ 0040a3a0 f   console.obj
 0001:000093b0       ?SetInputCodepage@console@@QAE_NI@Z 0040a3b0 f   console.obj
 0001:000093d0       ?GetOutputCodepage@console@@QAEIXZ 0040a3d0 f   console.obj
 0001:000093e0       ?SetOutputCodepage@console@@QAE_NI@Z 0040a3e0 f   console.obj
 0001:00009400       ?SetControlHandler@console@@QAE_NP6GHK@Z_N@Z 0040a400 f   console.obj
 0001:00009420       ?GetMode@console@@QAE_NPAXAAK@Z 0040a420 f   console.obj
 0001:00009440       ?SetMode@console@@QAE_NPAXK@Z 0040a440 f   console.obj
 0001:00009460       ?Write@console@@QAE_NPB_WK@Z 0040a460 f   console.obj
 0001:00009490       ?GetTextAttributes@console@@QAE_NAAG@Z 0040a490 f   console.obj
 0001:000094d0       ?SetTextAttributes@console@@QAE_NG@Z 0040a4d0 f   console.obj
 0001:000094f0       ?GetCursorInfo@console@@QAE_NAAU_CONSOLE_CURSOR_INFO@@@Z 0040a4f0 f   console.obj
 0001:00009510       ?SetCursorInfo@console@@QAE_NABU_CONSOLE_CURSOR_INFO@@@Z 0040a510 f   console.obj
 0001:00009530       ?FlushInputBuffer@console@@QAE_NXZ 0040a530 f   console.obj
 0001:00009550       ?GetNumberOfInputEvents@console@@QAE_NAAK@Z 0040a550 f   console.obj
 0001:00009570       ?GetAlias@console@@QAEKPB_WPA_WK0@Z 0040a570 f   console.obj
 0001:00009580       ?GetDisplayMode@console@@QAE_NAAK@Z 0040a580 f   console.obj
 0001:000095a0       ?GetLargestWindowSize@console@@QAE?AU_COORD@@XZ 0040a5a0 f   console.obj
 0001:000095c0       ?SetActiveScreenBuffer@console@@QAE_NPAX@Z 0040a5c0 f   console.obj
 0001:000095e0       ?ScrollWindow@console@@QAE_NHH@Z 0040a5e0 f   console.obj
 0001:00009710       ?ScrollScreenBuffer@console@@QAE_NH@Z 0040a710 f   console.obj
 0001:000097b0       ?ResetPosition@console@@QAE_NXZ 0040a7b0 f   console.obj
 0001:00009820       ?GetDelta@console@@AAEHXZ  0040a820 f   console.obj
 0001:00009850       ??$Max@F@@YAABFABF0@Z      0040a850 f i console.obj
 0001:00009870       ??$Max@H@@YAABHABH0@Z      0040a870 f i console.obj
 0001:00009890       ??$Min@F@@YAABFABF0@Z      0040a890 f i console.obj
 0001:000098b0       ?SetSize@console@@QAE_NU_COORD@@@Z 0040a8b0 f   console.obj
 0001:000099a0       ?GetTitle@console@@QAE_NAAVUnicodeString@@@Z 0040a9a0 f   console.obj
 0001:00009a20       ?PeekInput@console@@QAE_NAAU_INPUT_RECORD@@KAAK@Z 0040aa20 f   console.obj
 0001:00009b00       ?ReadInput@console@@QAE_NAAU_INPUT_RECORD@@KAAK@Z 0040ab00 f   console.obj
 0001:00009be0       ?WriteInput@console@@QAE_NAAU_INPUT_RECORD@@KAAK@Z 0040abe0 f   console.obj
 0001:00009c50       ?ReadOutput@console@@QAE_NAAU_CHAR_INFO@@U_COORD@@1AAU_SMALL_RECT@@@Z 0040ac50 f   console.obj
 0001:00009df0       ?WriteOutput@console@@QAE_NABU_CHAR_INFO@@U_COORD@@1AAU_SMALL_RECT@@@Z 0040adf0 f   console.obj
 0001:00009f90       ?GetCursorPosition@console@@QAE_NAAU_COORD@@@Z 0040af90 f   console.obj
 0001:0000a000       ?SetCursorPosition@console@@QAE_NU_COORD@@@Z 0040b000 f   console.obj
 0001:0000a0b0       ?ClearExtraRegions@console@@QAE_NG@Z 0040b0b0 f   console.obj
 0001:0000a1a0       ?IsExecuting@KeyMacro@@QAEHXZ 0040b1a0 f i constitle.obj
 0001:0000a1b0       ?IsDsableOutput@KeyMacro@@QAEHXZ 0040b1b0 f i constitle.obj
 0001:0000a1c0       ??0CriticalSection@@QAE@XZ 0040b1c0 f i constitle.obj
 0001:0000a1d0       ??1CriticalSection@@QAE@XZ 0040b1d0 f i constitle.obj
 0001:0000a1e0       ?Enter@CriticalSection@@QAEXXZ 0040b1e0 f i constitle.obj
 0001:0000a1f0       ?Leave@CriticalSection@@QAEXXZ 0040b1f0 f i constitle.obj
 0001:0000a200       ?Unlock@CriticalSectionLock@@AAEXXZ 0040b200 f i constitle.obj
 0001:0000a210       ??0CriticalSectionLock@@QAE@AAVCriticalSection@@@Z 0040b210 f i constitle.obj
 0001:0000a230       ??1CriticalSectionLock@@QAE@XZ 0040b230 f i constitle.obj
 0001:0000a410       ?SetFarTitle@ConsoleTitle@@SAXPB_W_N@Z 0040b410 f   constitle.obj
 0001:0000a5c0       ??0ConsoleTitle@@QAE@PB_W@Z 0040b5c0 f   constitle.obj
 0001:0000a610       ??1ConsoleTitle@@QAE@XZ    0040b610 f   constitle.obj
 0001:0000a6a0       ?Set@ConsoleTitle@@QAAXPB_WZZ 0040b6a0 f   constitle.obj
 0001:0000a700       ?GetExitCode@Frame@@QAEHXZ 0040b700 f i copy.obj
 0001:0000a710       ?SetDynamicallyBorn@Frame@@QAEXH@Z 0040b710 f i copy.obj
 0001:0000a720       ?GetBottomFrame@Manager@@QAEPAVFrame@@XZ 0040b720 f i copy.obj
 0001:0000a730       ?EnterModalEV@Manager@@QAEXXZ 0040b730 f i copy.obj
 0001:0000a740       ?ExitModalEV@Manager@@QAEXXZ 0040b740 f i copy.obj
 0001:0000a750       ?SetDialogMode@Dialog@@QAEXK@Z 0040b750 f i copy.obj
 0001:0000a760       ??_GFindFile@@QAEPAXI@Z    0040b760 f i copy.obj
 0001:0000a780       ?IsDirSearchDone@ScanTree@@QAEHXZ 0040b780 f i copy.obj
 0001:0000a790       ?InsideJunction@ScanTree@@QAEHXZ 0040b790 f i copy.obj
 0001:0000a7a0       ??0wakeful@@QAE@XZ         0040b7a0 f i copy.obj
 0001:0000a7c0       ??1wakeful@@QAE@XZ         0040b7c0 f i copy.obj
 0001:0000a7d0       ?Cancelled@CopyProgress@@QAE_NXZ 0040b7d0 f i copy.obj
 0001:0000a830       ?Timer@CopyProgress@@AAE_NXZ 0040b830 f   copy.obj
 0001:0000a870       ?Flush@CopyProgress@@AAEXXZ 0040b870 f   copy.obj
 0001:0000a990       ?CreateScanBackground@CopyProgress@@AAEXXZ 0040b990 f   copy.obj
 0001:0000aa50       ?GetParentFolder@@YAAAVUnicodeString@@PB_WAAV1@@Z 0040ba50 f   copy.obj
 0001:0000aa70       ?StrCmpNNI@@YAHPB_WH0H@Z   0040ba70 f i copy.obj
 0001:0000aaa0       ?StrCmpNI@@YAHPB_W0H@Z     0040baa0 f i copy.obj
 0001:0000aad0       ?IsAlpha@@YAH_W@Z          0040bad0 f i copy.obj
 0001:0000aae0       ?CheckAndUpdateConsole@@YAHH@Z 0040bae0 f   copy.obj
 0001:0000ab90       ?Clear@FAR_FIND_DATA_EX@@QAEXXZ 0040bb90 f i copy.obj
 0001:0000abe0       ??_GFileFilter@@QAEPAXI@Z  0040bbe0 f i copy.obj
 0001:0000ac00       ?CheckStreams@ShellCopy@@AAE?AW4COPY_CODES@@PB_W0@Z 0040bc00 f   copy.obj
 0001:0000ac10       ?DeleteAfterMove@ShellCopy@@AAEHPB_WK@Z 0040bc10 f   copy.obj
 0001:0000ae10       ?SetDestDizPath@ShellCopy@@AAEXPB_W@Z 0040be10 f   copy.obj
 0001:0000aed0       ?CheckUpdatePanel@ShellCopy@@AAEXXZ 0040bed0 f   copy.obj
 0001:0000aee0       ??0?$ManipulatorTemplate@I$0PPPPPPPP@@fmt@@QAE@I@Z 0040bee0 f i copy.obj
 0001:0000aef0       ?getSize@?$TArray@VUserDefinedListItem@@@@QBEIXZ 0040bef0 f i copy.obj
 0001:0000af00       ??$Min@_K@@YAAB_KAB_K0@Z   0040bf00 f i copy.obj
 0001:0000af20       ??$Min@_J@@YAAB_JAB_J0@Z   0040bf20 f i copy.obj
 0001:0000af40       ??$Min@H@@YAABHABH0@Z      0040bf40 f i copy.obj
 0001:0000af60       ?GetTotal@UserDefinedList@@QBEIXZ 0040bf60 f i copy.obj
 0001:0000af70       ??BNTPath@@QBEPB_WXZ       0040bf70 f i copy.obj
 0001:0000af80       ?SetScanName@CopyProgress@@QAEXPB_W@Z 0040bf80 f   copy.obj
 0001:0000b010       ?DrawNames@CopyProgress@@AAEXXZ 0040c010 f   copy.obj
 0001:0000b0a0       ?CheckNulOrCon@@YA_NPB_W@Z 0040c0a0 f   copy.obj
 0001:0000b120       ??1CopyDlgParam@@QAE@XZ    0040c120 f i copy.obj
 0001:0000b140       ??0FAR_FIND_DATA_EX@@QAE@XZ 0040c140 f i copy.obj
 0001:0000b160       ??1FAR_FIND_DATA_EX@@QAE@XZ 0040c160 f i copy.obj
 0001:0000b1a0       ??1CopyProgress@@QAE@XZ    0040c1a0 f i copy.obj
 0001:0000b240       ??0FAR_FIND_DATA_EX@@QAE@ABU0@@Z 0040c240 f i copy.obj
 0001:0000b2e0       ??1NTPath@@QAE@XZ          0040c2e0 f i copy.obj
 0001:0000b300       ?SetSecurity@ShellCopy@@AAEHPB_WABU_SECURITY_ATTRIBUTES@@@Z 0040c300 f   copy.obj
 0001:0000b3c0       ?ShellCopySecuryMsg@@YAHPB_W@Z 0040c3c0 f   copy.obj
 0001:0000b5a0       ?ShellSetAttr@ShellCopy@@AAE_NPB_WK@Z 0040c5a0 f   copy.obj
 0001:0000b790       ??1ScanTreeData@@QAE@XZ    0040c790 f i copy.obj
 0001:0000b7d0       ??0CopyProgress@@QAE@_N00@Z 0040c7d0 f   copy.obj
 0001:0000b880       ?CreateBackground@CopyProgress@@QAEXXZ 0040c880 f   copy.obj
 0001:0000bc30       ?SetProgress@CopyProgress@@AAEX_N_K1@Z 0040cc30 f   copy.obj
 0001:0000c1b0       ?CmpFullNames@@YAHPB_W0@Z  0040d1b0 f   copy.obj
 0001:0000c2a0       ?CmpFullPath@@YAHPB_W0@Z   0040d2a0 f   copy.obj
 0001:0000c5b0       ?PR_ShellCopyMsg@@YAXXZ    0040d5b0 f   copy.obj
 0001:0000c5e0       ??_GCopyProgress@@QAEPAXI@Z 0040d5e0 f i copy.obj
 0001:0000c600       ?WarnDlgProc@@YGJPAXHHJ@Z  0040d600 f   copy.obj
 0001:0000c8b0       ?AskOverwrite@ShellCopy@@AAEHABUFAR_FIND_DATA_EX@@PB_W1KHHHAAHAAVUnicodeString@@2@Z 0040d8b0 f   copy.obj
 0001:0000db00       ?GetSecurity@ShellCopy@@AAEHPB_WAAU_SECURITY_ATTRIBUTES@@@Z 0040eb00 f   copy.obj
 0001:0000dbf0       ?CalcTotalSize@ShellCopy@@AAE_NXZ 0040ebf0 f   copy.obj
 0001:0000df90       ??_GScanTreeData@@QAEPAXI@Z 0040ef90 f i copy.obj
 0001:0000dfe0       ?SetProgressValue@CopyProgress@@QAEX_K0@Z 0040efe0 f i copy.obj
 0001:0000e000       ?SetTotalProgressValue@CopyProgress@@QAEX_K0@Z 0040f000 f i copy.obj
 0001:0000e020       ?SetNames@CopyProgress@@QAEXPB_W0@Z 0040f020 f   copy.obj
 0001:0000e1b0       ?CopyDlgProc@@YGJPAXHHJ@Z  0040f1b0 f   copy.obj
 0001:0000e770       ??1ShellCopy@@QAE@XZ       0040f770 f   copy.obj
 0001:0000e9f0       ?Free@?$TPointerArray@UScanTreeData@@@@QAEXXZ 0040f9f0 f i copy.obj
 0001:0000ea70       ?ShellSystemCopy@ShellCopy@@AAEHPB_W0ABUFAR_FIND_DATA_EX@@@Z 0040fa70 f   copy.obj
 0001:0000eb50       ??1?$TPointerArray@UScanTreeData@@@@QAE@XZ 0040fb50 f i copy.obj
 0001:0000eb60       ??1ScanTree@@QAE@XZ        0040fb60 f i copy.obj
 0001:0000ebb0       ?ShellCopyFile@ShellCopy@@AAEHPB_WABUFAR_FIND_DATA_EX@@AAVUnicodeString@@AAKH@Z 0040fbb0 f   copy.obj
 0001:0000ff60       ?SetRecursiveSecurity@ShellCopy@@AAEHPB_WABU_SECURITY_ATTRIBUTES@@@Z 00410f60 f   copy.obj
 0001:000100c0       ?ShellCopyOneFile@ShellCopy@@AAE?AW4COPY_CODES@@PB_WABUFAR_FIND_DATA_EX@@AAVUnicodeString@@HH@Z 004110c0 f   copy.obj
 0001:00011a90       ?CopyFileTree@ShellCopy@@AAE?AW4COPY_CODES@@PB_W@Z 00412a90 f   copy.obj
 0001:00012b30       ??0ShellCopy@@QAE@PAVPanel@@HHHHAAHPB_W_N@Z 00413b30 f   copy.obj
 0001:00015390       ??0ControlObject@@QAE@XZ   00416390 f   ctrlobj.obj
 0001:00015530       ?CreateFilePanels@ControlObject@@QAEXXZ 00416530 f   ctrlobj.obj
 0001:00015560       ??_GHistory@@QAEPAXI@Z     00416560 f i ctrlobj.obj
 0001:00015580       ??_GHighlightFiles@@QAEPAXI@Z 00416580 f i ctrlobj.obj
 0001:000155a0       ??_GFilePositionCache@@QAEPAXI@Z 004165a0 f i ctrlobj.obj
 0001:000155c0       ??_GManager@@QAEPAXI@Z     004165c0 f i ctrlobj.obj
 0001:000155e0       ?Cp@ControlObject@@QAEPAVFilePanels@@XZ 004165e0 f   ctrlobj.obj
 0001:000155f0       ??0UnicodeString@@QAE@PBDI@Z 004165f0 f i ctrlobj.obj
 0001:00015610       ??1ControlObject@@QAE@XZ   00416610 f   ctrlobj.obj
 0001:000157d0       ?ShowCopyright@ControlObject@@SAXK@Z 004167d0 f   ctrlobj.obj
 0001:000159b0       ?Init@ControlObject@@QAEXXZ 004169b0 f   ctrlobj.obj
 0001:00015bf0       _wmemmove                  00416bf0 f i cvtname.obj
 0001:00015c00       ?StrCmpNN@@YAHPB_WH0H@Z    00416c00 f i cvtname.obj
 0001:00015c30       ?StrCmpN@@YAHPB_W0H@Z      00416c30 f i cvtname.obj
 0001:00015c60       ?Equal@UnicodeString@@QBE_NIPB_WI@Z 00416c60 f i cvtname.obj
 0001:00015c80       ?Point2Root@@YA?AW4PATH_PFX_TYPE@@PB_WAAI@Z 00416c80 f   cvtname.obj
 0001:00015dc0       ?MixToFullPath@@YAXAAVUnicodeString@@@Z 00416dc0 f   cvtname.obj
 0001:00015fb0       ??0UnicodeString@@QAE@PB_WI@Z 00416fb0 f i cvtname.obj
 0001:00015fe0       ?Replace@UnicodeString@@QAEAAV1@IIABV1@@Z 00416fe0 f i cvtname.obj
 0001:00016000       ?MixToFullPath@@YA_NPB_WAAVUnicodeString@@0@Z 00417000 f   cvtname.obj
 0001:00016210       ?ConvertNameToFull@@YAXPB_WAAVUnicodeString@@@Z 00417210 f   cvtname.obj
 0001:000162d0       ?TryConvertVolumeGuidToDrivePath@@YA?AVUnicodeString@@ABV1@@Z 004172d0 f   cvtname.obj
 0001:00016580       ?ConvertNameToReal@@YAXPB_WAAVUnicodeString@@@Z 00417580 f   cvtname.obj
 0001:000167d0       ?ConvertNameToShort@@YAXPB_WAAVUnicodeString@@@Z 004177d0 f   cvtname.obj
 0001:000168d0       ?ConvertNameToLong@@YAXPB_WAAVUnicodeString@@@Z 004178d0 f   cvtname.obj
 0001:000169e0       ?ConvertNameToUNC@@YAXAAVUnicodeString@@@Z 004179e0 f   cvtname.obj
 0001:00016be0       ?PrepareDiskPath@@YAAAVUnicodeString@@AAV1@_N@Z 00417be0 f   cvtname.obj
 0001:00016f90       ?IsLanguageLoaded@Language@@QBE_NXZ 00417f90 f i datetime.obj
 0001:00016fa0       ?ConvertYearToFull@@YAKK@Z 00417fa0 f   datetime.obj
 0001:00017000       ?GetDateFormatW@@YAHXZ     00418000 f   datetime.obj
 0001:00017030       ?GetDateSeparator@@YA_WXZ  00418030 f   datetime.obj
 0001:00017060       ?GetTimeSeparator@@YA_WXZ  00418060 f   datetime.obj
 0001:00017270       ?FileTimeDifference@@YA_JPBU_FILETIME@@0@Z 00418270 f   datetime.obj
 0001:00017290       ?FileTimeToUI64@@YA_KPBU_FILETIME@@@Z 00418290 f   datetime.obj
 0001:000172a0       ??0?$ManipulatorTemplate@_W$0CA@@fmt@@QAE@_W@Z 004182a0 f i datetime.obj
 0001:000172b0       ?PrepareStrFTime@@YAXXZ    004182b0 f   datetime.obj
 0001:000176f0       ?StrFTime@@YGIAAVUnicodeString@@PB_WPBUtm@@@Z 004186f0 f   datetime.obj
 0001:00017d00       ?MkStrFTime@@YAIAAVUnicodeString@@PB_W@Z 00418d00 f   datetime.obj
 0001:00017d50       ?GetFileDateAndTime@@YAXPB_WPAGIH@Z 00418d50 f   datetime.obj
 0001:00017e20       ?StrToDateTime@@YAXPB_W0AAU_FILETIME@@HHH_N@Z 00418e20 f   datetime.obj
 0001:00018040       ?ConvertRelativeDate@@YAXABU_FILETIME@@AAVUnicodeString@@1@Z 00419040 f   datetime.obj
 0001:000182d0       ?ConvertDate@@YAXABU_FILETIME@@AAVUnicodeString@@1HHHHH@Z 004192d0 f   datetime.obj
 0001:000187a0       ?GetCurrentFrame@Manager@@QAEPAVFrame@@XZ 004197a0 f i delete.obj
 0001:000187b0       ??_GConsoleTitle@@QAEPAXI@Z 004197b0 f i delete.obj
 0001:00018900       ?SHErrorToWinError@@YAKK@Z 00419900 f   delete.obj
 0001:000189f0       ?MoveToRecycleBinInternal@@YA_NPB_W@Z 004199f0 f   delete.obj
 0001:00018e00       ?DeleteFileWithFolder@@YAHPB_W@Z 00419e00 f   delete.obj
 0001:00019500       ?DeleteDirTree@@YAXPB_W@Z  0041a500 f   delete.obj
 0001:00019990       ?ShellDelete@@YAXPAVPanel@@H@Z 0041a990 f   delete.obj
 0001:0001ab40       ?Clear@BitFlags@@QAEKK@Z   0041bb40 f i dialog.obj
 0001:0001ab50       ?ClearAll@BitFlags@@QAEXXZ 0041bb50 f i dialog.obj
 0001:0001ab60       ?SetRestoreScreenMode@ScreenObject@@QAEXH@Z 0041bb60 f i dialog.obj
 0001:0001ab80       ?ManagerStarted@Manager@@QAEHXZ 0041bb80 f i dialog.obj
 0001:0001ab90       ?ClearFlags@VMenu@@QAEXK@Z 0041bb90 f i dialog.obj
 0001:0001aba0       ?CheckFlags@VMenu@@QBEHK@Z 0041bba0 f i dialog.obj
 0001:0001abc0       ?ChangeFlags@VMenu@@QAEKKH@Z 0041bbc0 f i dialog.obj
 0001:0001abf0       ?SetVDialogItemID@VMenu@@QAEXH@Z 0041bbf0 f i dialog.obj
 0001:0001ac00       ??0DlgUserControl@@QAE@XZ  0041bc00 f i dialog.obj
 0001:0001ac20       ??1DlgUserControl@@QAE@XZ  0041bc20 f i dialog.obj
 0001:0001ac30       ?Clear@DialogItemEx@@QAEXXZ 0041bc30 f i dialog.obj
 0001:0001ac90       ?AddAutomation@DialogItemEx@@QAE_NHW4FarDialogItemFlags@@00000@Z 0041bc90 f i dialog.obj
 0001:0001ad10       ?SetDropDownOpened@Dialog@@AAEXH@Z 0041bd10 f i dialog.obj
 0001:0001ad20       ?GetDropDownOpened@Dialog@@AAE?CHXZ 0041bd20 f i dialog.obj
 0001:0001ad30       ?CheckDialogMode@Dialog@@QAE_NK@Z 0041bd30 f i dialog.obj
 0001:0001ad40       ?SetCallbackState@EditControl@@QAEX_N@Z 0041bd40 f i dialog.obj
 0001:0001ad50       ?SetCallbackState@DlgEdit@@QAEX_N@Z 0041bd50 f i dialog.obj
 0001:0001ad60       ?AutoComplete@DlgEdit@@QAEX_N0@Z 0041bd60 f i dialog.obj
 0001:0001ad70       ?EnableAC@DlgEdit@@QAEXXZ  0041bd70 f i dialog.obj
 0001:0001ad80       ?DisableAC@DlgEdit@@QAEXXZ 0041bd80 f i dialog.obj
 0001:0001ad90       ?RevertAC@DlgEdit@@QAEXXZ  0041bd90 f i dialog.obj
 0001:0001ae10       ?ItemHasDropDownArrow@Dialog@@AAE_NPBUDialogItemEx@@@Z 0041be10 f   dialog.obj
 0001:0001ae60       ??_GDlgUserControl@@QAEPAXI@Z 0041be60 f i dialog.obj
 0001:0001ae80       ?ProcessKey@Dialog@@AAEXHI@Z 0041be80 f   dialog.obj
 0001:0001aeb0       ?SelectOnEntry@Dialog@@AAEXIH@Z 0041beb0 f   dialog.obj
 0001:0001af20       ?SetDialogData@Dialog@@QAEXJ@Z 0041bf20 f   dialog.obj
 0001:0001af30       ??_GTaskBarError@@QAEPAXI@Z 0041bf30 f i dialog.obj
 0001:0001af50       ?GetMacroMode@Dialog@@UAEHXZ 0041bf50 f   dialog.obj
 0001:0001af60       ?FastHide@Dialog@@UAEHXZ   0041bf60 f   dialog.obj
 0001:0001af70       ?DlgProc@Dialog@@QAGJPAXHHJ@Z 0041bf70 f   dialog.obj
 0001:0001b040       ?ProcessEvents@Dialog@@UAE_NXZ 0041c040 f   dialog.obj
 0001:0001b050       ?SetId@Dialog@@QAEXABU_GUID@@@Z 0041c050 f   dialog.obj
 0001:0001b090       ?GetPtrTitle@VMenu@@QAEPB_WXZ 0041c090 f i dialog.obj
 0001:0001b0a0       ?SetDialogStyle@VMenu@@QAEXH@Z 0041c0a0 f i dialog.obj
 0001:0001b0e0       ?IsKeyHighlighted@@YA_NPB_WHHH@Z 0041c0e0 f   dialog.obj
 0001:0001b1e0       ?DialogItemExToDialogItemEx@@YAXPAUDialogItemEx@@0@Z 0041c1e0 f   dialog.obj
 0001:0001b290       ?ConvertItemSmall@@YAXPAUFarDialogItem@@PAUDialogItemEx@@@Z 0041c290 f   dialog.obj
 0001:0001b340       ?ItemStringAndSize@@YAIPAUDialogItemEx@@AAVUnicodeString@@@Z 0041c340 f   dialog.obj
 0001:0001b3b0       ?DataToItemEx@@YAXPBUDialogDataEx@@PAUDialogItemEx@@H@Z 0041c3b0 f   dialog.obj
 0001:0001b590       ?CheckDialogCoord@Dialog@@AAEXXZ 0041c590 f   dialog.obj
 0001:0001b630       ?Show@Dialog@@UAEXXZ       0041c630 f   dialog.obj
 0001:0001b6b0       ?Hide@Dialog@@UAEXXZ       0041c6b0 f   dialog.obj
 0001:0001b6e0       ?GetDialogTitle@Dialog@@AAEPB_WXZ 0041c6e0 f   dialog.obj
 0001:0001b7b0       ?GetItemRect@Dialog@@AAEHIAAU_SMALL_RECT@@@Z 0041c7b0 f   dialog.obj
 0001:0001ba90       ?DeleteDialogObjects@Dialog@@AAEXXZ 0041ca90 f   dialog.obj
 0001:0001bc50       ?CtlColorDlgItem@Dialog@@AAEJHHHHK@Z 0041cc50 f   dialog.obj
 0001:0001c2c0       ?LenStrItem@Dialog@@AAEHHPB_W@Z 0041d2c0 f   dialog.obj
 0001:0001c340       ?ProcessRadioButton@Dialog@@AAEII@Z 0041d340 f   dialog.obj
 0001:0001c420       ?ChangeFocus@Dialog@@AAEIIHH@Z 0041d420 f   dialog.obj
 0001:0001c4e0       ?ChangeFocus2@Dialog@@AAEXI@Z 0041d4e0 f   dialog.obj
 0001:0001c780       ?SetAutomation@Dialog@@QAEHGGW4FarDialogItemFlags@@00000@Z 0041d780 f   dialog.obj
 0001:0001c800       ?SelectFromEditHistory@Dialog@@AAEHPAUDialogItemEx@@PAVDlgEdit@@PB_WAAVUnicodeString@@@Z 0041d800 f   dialog.obj
 0001:0001ca90       ?AddToEditHistory@Dialog@@AAEHPB_W0@Z 0041da90 f   dialog.obj
 0001:0001cbc0       ?CheckHighlights@Dialog@@AAEHGH@Z 0041dbc0 f   dialog.obj
 0001:0001ccf0       ?SetHelp@Dialog@@QAEXPB_W@Z 0041dcf0 f   dialog.obj
 0001:0001cd90       ?ShowHelp@Dialog@@QAEXXZ   0041dd90 f   dialog.obj
 0001:0001cdf0       ?ClearDone@Dialog@@QAEXXZ  0041ddf0 f   dialog.obj
 0001:0001ce20       ?SetExitCode@Dialog@@UAEXH@Z 0041de20 f   dialog.obj
 0001:0001ce50       ?GetTypeAndName@Dialog@@UAEHAAVUnicodeString@@0@Z 0041de50 f   dialog.obj
 0001:0001cf00       ?DefDlgProc@@YGJPAXHHJ@Z   0041df00 f   dialog.obj
 0001:0001d1c0       ?CallDlgProc@Dialog@@AAEJHHJ@Z 0041e1c0 f   dialog.obj
 0001:0001d200       ?SetPosition@Dialog@@UAEXHHHH@Z 0041e200 f   dialog.obj
 0001:0001d270       ?IsInited@Dialog@@QAEHXZ   0041e270 f   dialog.obj
 0001:0001d2a0       ?SetComboBoxPos@Dialog@@AAEXPAUDialogItemEx@@@Z 0041e2a0 f   dialog.obj
 0001:0001d3b0       ?ConvertItemEx@@YA_NW4CVTITEMFLAGS@@PAUFarDialogItem@@PAUDialogItemEx@@I@Z 0041e3b0 f   dialog.obj
 0001:0001d5f0       ?ConvertItemEx2@@YAIPAUFarDialogItem@@PAUDialogItemEx@@@Z 0041e5f0 f   dialog.obj
 0001:0001d680       ?Init@Dialog@@AAEXP6GJPAXHHJ@ZJ@Z 0041e680 f   dialog.obj
 0001:0001d740       ?ProcessCenterGroup@Dialog@@AAEXXZ 0041e740 f   dialog.obj
 0001:0001d9c0       ?ProcessLastHistory@Dialog@@AAEXPAUDialogItemEx@@H@Z 0041e9c0 f   dialog.obj
 0001:0001dad0       ?GetDialogObjectsData@Dialog@@QAEXXZ 0041ead0 f   dialog.obj
 0001:0001dc50       ?ShowDialog@Dialog@@AAEXI@Z 0041ec50 f   dialog.obj
 0001:0001ec40       ?VMProcess@Dialog@@UAE_JHPAX_J@Z 0041fc40 f   dialog.obj
 0001:0001f160       ?Do_ProcessFirstCtrl@Dialog@@AAEHXZ 00420160 f   dialog.obj
 0001:0001f230       ?Do_ProcessNextCtrl@Dialog@@AAEHHH@Z 00420230 f   dialog.obj
 0001:0001f390       ?Do_ProcessTab@Dialog@@AAEHH@Z 00420390 f   dialog.obj
 0001:0001f470       ?SelectFromComboBox@Dialog@@AAEHPAUDialogItemEx@@PAVDlgEdit@@PAVVMenu@@@Z 00420470 f   dialog.obj
 0001:0001f7c0       ?AdjustEditPos@Dialog@@QAEXHH@Z 004207c0 f   dialog.obj
 0001:0001f8e0       ?CloseDialog@Dialog@@QAEXXZ 004208e0 f   dialog.obj
 0001:0001f960       ??0Dialog@@QAE@PAUDialogItemEx@@IP6GJPAXHHJ@ZJ@Z 00420960 f   dialog.obj
 0001:0001fa90       ?GetCanLoseFocus@Frame@@UAEHH@Z 00420a90 f i dialog.obj
 0001:0001faa0       ?IsFileModified@Frame@@UBEHXZ 00420aa0 f i dialog.obj
 0001:0001fab0       ?OnCreate@Frame@@UAEXXZ    00420ab0 f i dialog.obj
 0001:0001fac0       ?Refresh@Frame@@UAEXXZ     00420ac0 f i dialog.obj
 0001:0001fad0       ?InitKeyBar@Frame@@UAEXXZ  00420ad0 f i dialog.obj
 0001:0001fae0       ?RedrawKeyBar@Frame@@UAEXXZ 00420ae0 f i dialog.obj
 0001:0001faf0       ?GetTitle@Frame@@UAEAAVUnicodeString@@AAV2@HH@Z 00420af0 f i dialog.obj
 0001:0001fb00       ?GetType@Dialog@@UAEHXZ    00420b00 f i dialog.obj
 0001:0001fb10       ?GetTypeName@Dialog@@UAEPB_WXZ 00420b10 f i dialog.obj
 0001:0001fb20       ??0Dialog@@QAE@PAUFarDialogItem@@IP6GJPAXHHJ@ZJ@Z 00420b20 f   dialog.obj
 0001:0001fc50       ??_GDialogItemEx@@QAEPAXI@Z 00420c50 f i dialog.obj
 0001:0001fc70       ?DisplayObject@Dialog@@EAEXXZ 00420c70 f   dialog.obj
 0001:0001fcc0       ?InitDialogObjects@Dialog@@AAEII@Z 00420cc0 f   dialog.obj
 0001:00020720       ?SetItemRect@Dialog@@AAEHIPAU_SMALL_RECT@@@Z 00421720 f   dialog.obj
 0001:000208b0       ?ProcessMoveDialog@Dialog@@AAEHK@Z 004218b0 f   dialog.obj
 0001:00020d00       ?ProcessOpenComboBox@Dialog@@AAEHHPAUDialogItemEx@@I@Z 00421d00 f   dialog.obj
 0001:00020e30       ?SendDlgMessage@@YGJPAXHHJ@Z 00421e30 f   dialog.obj
 0001:000230d0       ??1Dialog@@UAE@XZ          004240d0 f   dialog.obj
 0001:00023200       ?InitDialog@Dialog@@QAEXXZ 00424200 f   dialog.obj
 0001:000232f0       ?ProcessMouse@Dialog@@UAEHPAU_MOUSE_EVENT_RECORD@@@Z 004242f0 f   dialog.obj
 0001:00023e30       ?Do_ProcessSpace@Dialog@@AAEHXZ 00424e30 f   dialog.obj
 0001:00023f60       ?ProcessHighlighting@Dialog@@AAEHHIH@Z 00424f60 f   dialog.obj
 0001:000241f0       ?Process@Dialog@@QAEXXZ    004251f0 f   dialog.obj
 0001:00024300       ?ResizeConsole@Dialog@@UAEXXZ 00425300 f   dialog.obj
 0001:00024400       ??_GDialog@@UAEPAXI@Z      00425400 f i dialog.obj
 0001:00024400       ??_EDialog@@UAEPAXI@Z      00425400 f i dialog.obj
 0001:00024420       ?ProcessKey@Dialog@@UAEHH@Z 00425420 f   dialog.obj
 0001:000257e0       ?GetPluginDirInfo@@YAHPAXPB_WAAK2AA_K3@Z 004267e0 f   dirinfo.obj
 0001:000259b0       ?GetDirInfo@@YAHPB_W0AAK1AA_K221JPAVFileFilter@@K@Z 004269b0 f   dirinfo.obj
 0001:00026250       ??0GuardLastError@@QAE@XZ  00427250 f i dirmix.obj
 0001:00026260       ??1GuardLastError@@QAE@XZ  00427260 f i dirmix.obj
 0001:00026270       ?Get@GuardLastError@@QBEKXZ 00427270 f i dirmix.obj
 0001:00026280       ?FarChDir@@YAHPB_WH@Z      00427280 f   dirmix.obj
 0001:00026430       ?CreatePath@@YAXAAVUnicodeString@@@Z 00427430 f   dirmix.obj
 0001:00026580       ?TestFolder@@YAHPB_W@Z     00427580 f   dirmix.obj
 0001:00026800       ?CheckShortcutFolder@@YAHPAVUnicodeString@@HH@Z 00427800 f   dirmix.obj
 0001:00026a50       ?IsUnicodeOrUtfCodePage@@YA_NI@Z 00427a50 f i dizlist.obj
 0001:00026a80       ?Reset@DizList@@QAEXXZ     00427a80 f   dizlist.obj
 0001:00026af0       ?PR_ReadingMsg@DizList@@SAXXZ 00427af0 f   dizlist.obj
 0001:00026b20       ?IsSpace@@YAH_W@Z          00427b20 f i dizlist.obj
 0001:00026b40       ?IsSpaceOrEos@@YAH_W@Z     00427b40 f i dizlist.obj
 0001:00026b60       ?AddRecord@DizList@@AAE_NPB_W@Z 00427b60 f   dizlist.obj
 0001:00026e30       ?GetDizName@DizList@@QAEXAAVUnicodeString@@@Z 00427e30 f   dizlist.obj
 0001:00026e40       ??0DizList@@QAE@XZ         00427e40 f   dizlist.obj
 0001:00026e70       ??1DizList@@QAE@XZ         00427e70 f   dizlist.obj
 0001:00026eb0       ?Read@DizList@@QAEXPB_W0@Z 00427eb0 f   dizlist.obj
 0001:00027190       ?BuildIndex@DizList@@AAEXXZ 00428190 f   dizlist.obj
 0001:00027220       ?Flush@DizList@@QAE_NPB_W0@Z 00428220 f   dizlist.obj
 0001:00027600       ?GetDizPos@DizList@@AAEHPB_WPAH@Z 00428600 f   dizlist.obj
 0001:000276d0       ?GetDizPosEx@DizList@@AAEHPB_W0PAH@Z 004286d0 f   dizlist.obj
 0001:000277f0       ?DeleteDiz@DizList@@QAE_NPB_W0@Z 004287f0 f   dizlist.obj
 0001:00027870       ?AddDizText@DizList@@QAE_NPB_W00@Z 00428870 f   dizlist.obj
 0001:000279b0       ?CopyDiz@DizList@@QAE_NPB_W000PAV1@@Z 004289b0 f   dizlist.obj
 0001:00027a70       ?GetDizTextAddr@DizList@@QAEPB_WPB_W0_J@Z 00428a70 f   dizlist.obj
 0001:00027b90       ?GetMask@EditFieldIntBinding@@QAEPB_WXZ 00428b90 f i DlgBuilder.obj
 0001:00027ba0       ?GetLangString@DialogBuilder@@MAEPB_WH@Z 00428ba0 f   DlgBuilder.obj
 0001:00027bb0       ?LinkFlagsByID@DialogBuilder@@AAEXPAUDialogItemEx@@HW4FarDialogItemFlags@@@Z 00428bb0 f   DlgBuilder.obj
 0001:00027c00       ?DoShowDialog@DialogBuilder@@MAEHXZ 00428c00 f   DlgBuilder.obj
 0001:00027c70       ??0?$DialogBuilderBase@UDialogItemEx@@@@IAE@XZ 00428c70 f i DlgBuilder.obj
 0001:00027ca0       ?InitDialogItem@?$DialogBuilderBase@UDialogItemEx@@@@MAEXPAUDialogItemEx@@PB_W@Z 00428ca0 f i DlgBuilder.obj
 0001:00027cb0       ?TextWidth@?$DialogBuilderBase@UDialogItemEx@@@@MAEHABUDialogItemEx@@@Z 00428cb0 f i DlgBuilder.obj
 0001:00027cc0       ?GetLangString@?$DialogBuilderBase@UDialogItemEx@@@@MAEPB_WH@Z 00428cc0 f i DlgBuilder.obj
 0001:00027cd0       ?DoShowDialog@?$DialogBuilderBase@UDialogItemEx@@@@MAEHXZ 00428cd0 f i DlgBuilder.obj
 0001:00027ce0       ?CreateCheckBoxBinding@?$DialogBuilderBase@UDialogItemEx@@@@MAEPAU?$DialogItemBinding@UDialogItemEx@@@@PAHH@Z 00428ce0 f i DlgBuilder.obj
 0001:00027cf0       ?CreateRadioButtonBinding@?$DialogBuilderBase@UDialogItemEx@@@@MAEPAU?$DialogItemBinding@UDialogItemEx@@@@PAH@Z 00428cf0 f i DlgBuilder.obj
 0001:00027d00       ?AddIntEditField@?$DialogBuilderBase@UDialogItemEx@@@@UAEPAUDialogItemEx@@PAHH@Z 00428d00 f i DlgBuilder.obj
 0001:00027d10       ??0?$DialogItemBinding@UDialogItemEx@@@@QAE@XZ 00428d10 f i DlgBuilder.obj
 0001:00027d30       ?SaveValue@?$DialogItemBinding@UDialogItemEx@@@@UAEXPAUDialogItemEx@@H@Z 00428d30 f i DlgBuilder.obj
 0001:00027d40       ??0?$CheckBoxBinding@UDialogItemEx@@@@QAE@PAHH@Z 00428d40 f i DlgBuilder.obj
 0001:00027d70       ?SaveValue@?$CheckBoxBinding@UDialogItemEx@@@@UAEXPAUDialogItemEx@@H@Z 00428d70 f i DlgBuilder.obj
 0001:00027da0       ??0?$RadioButtonBinding@UDialogItemEx@@@@QAE@PAH@Z 00428da0 f i DlgBuilder.obj
 0001:00027dc0       ?SaveValue@?$RadioButtonBinding@UDialogItemEx@@@@UAEXPAUDialogItemEx@@H@Z 00428dc0 f i DlgBuilder.obj
 0001:00027de0       ??0?$ComboBoxBinding@UDialogItemEx@@@@QAE@PAHPAUFarList@@@Z 00428de0 f i DlgBuilder.obj
 0001:00027e10       ??1?$ComboBoxBinding@UDialogItemEx@@@@UAE@XZ 00428e10 f i DlgBuilder.obj
 0001:00027e40       ?SaveValue@?$ComboBoxBinding@UDialogItemEx@@@@UAEXPAUDialogItemEx@@H@Z 00428e40 f i DlgBuilder.obj
 0001:00027e60       ??_E?$ComboBoxBinding@UDialogItemEx@@@@UAEPAXI@Z 00428e60 f i DlgBuilder.obj
 0001:00027e60       ??_G?$ComboBoxBinding@UDialogItemEx@@@@UAEPAXI@Z 00428e60 f i DlgBuilder.obj
 0001:00027ea0       ??0EditFieldBinding@@QAE@PAVUnicodeString@@@Z 00428ea0 f i DlgBuilder.obj
 0001:00027ec0       ?SaveValue@EditFieldBinding@@UAEXPAUDialogItemEx@@H@Z 00428ec0 f i DlgBuilder.obj
 0001:00027ee0       ??0EditFieldIntBinding@@QAE@PAHH@Z 00428ee0 f i DlgBuilder.obj
 0001:00027f40       ?SaveValue@EditFieldIntBinding@@UAEXPAUDialogItemEx@@H@Z 00428f40 f i DlgBuilder.obj
 0001:00027f70       ?InitDialogItem@DialogBuilder@@MAEXPAUDialogItemEx@@PB_W@Z 00428f70 f   DlgBuilder.obj
 0001:00027fd0       ?TextWidth@DialogBuilder@@MAEHABUDialogItemEx@@@Z 00428fd0 f   DlgBuilder.obj
 0001:00027fe0       ?CreateCheckBoxBinding@DialogBuilder@@MAEPAU?$DialogItemBinding@UDialogItemEx@@@@PAHH@Z 00428fe0 f   DlgBuilder.obj
 0001:00028020       ?CreateRadioButtonBinding@DialogBuilder@@MAEPAU?$DialogItemBinding@UDialogItemEx@@@@PAH@Z 00429020 f   DlgBuilder.obj
 0001:00028050       ?LinkFlags@DialogBuilder@@QAEXPAUDialogItemEx@@0W4FarDialogItemFlags@@_N@Z 00429050 f   DlgBuilder.obj
 0001:000280e0       ?AddBorder@?$DialogBuilderBase@UDialogItemEx@@@@IAEXPB_W@Z 004290e0 f i DlgBuilder.obj
 0001:00028140       ??1?$DialogBuilderBase@UDialogItemEx@@@@MAE@XZ 00429140 f i DlgBuilder.obj
 0001:00028190       ??_G?$DialogBuilderBase@UDialogItemEx@@@@MAEPAXI@Z 00429190 f i DlgBuilder.obj
 0001:00028190       ??_E?$DialogBuilderBase@UDialogItemEx@@@@MAEPAXI@Z 00429190 f i DlgBuilder.obj
 0001:000281b0       ??0DialogBuilder@@QAE@HPB_W@Z 004291b0 f   DlgBuilder.obj
 0001:00028200       ??1DialogBuilder@@UAE@XZ   00429200 f   DlgBuilder.obj
 0001:00028210       ?AddEditField@DialogBuilder@@QAEPAUDialogItemEx@@PAVUnicodeString@@HPB_WH@Z 00429210 f   DlgBuilder.obj
 0001:00028300       ?AddIntEditField@DialogBuilder@@UAEPAUDialogItemEx@@PAHH@Z 00429300 f   DlgBuilder.obj
 0001:00028430       ?AddComboBox@DialogBuilder@@QAEPAUDialogItemEx@@PAHHPAUDialogBuilderListItem@@HK@Z 00429430 f   DlgBuilder.obj
 0001:00028580       ??_GDialogBuilder@@UAEPAXI@Z 00429580 f i DlgBuilder.obj
 0001:00028580       ??_EDialogBuilder@@UAEPAXI@Z 00429580 f i DlgBuilder.obj
 0001:000285b0       ?GetObjectColor@Edit@@QAEJXZ 004295b0 f i dlgedit.obj
 0001:000285c0       ?GetObjectColorUnChanged@Edit@@QAEHXZ 004295c0 f i dlgedit.obj
 0001:000285d0       ?GetDelRemovesBlocks@Edit@@QAEHXZ 004295d0 f i dlgedit.obj
 0001:000285e0       ?GetPersistentBlocks@Edit@@QAEHXZ 004295e0 f i dlgedit.obj
 0001:000285f0       ?SetClearFlag@Edit@@QAEXH@Z 004295f0 f i dlgedit.obj
 0001:00028610       ?GetClearFlag@Edit@@QAEHXZ 00429610 f i dlgedit.obj
 0001:00028620       ?GetLeftPos@Edit@@QAEHXZ   00429620 f i dlgedit.obj
 0001:00028630       ?SetPasswordMode@Edit@@QAEXH@Z 00429630 f i dlgedit.obj
 0001:00028650       ?SetMaxLength@Edit@@QAEXH@Z 00429650 f i dlgedit.obj
 0001:00028660       ?GetMaxLength@Edit@@QAEHXZ 00429660 f i dlgedit.obj
 0001:00028670       ?GetInputMask@Edit@@QAEPB_WXZ 00429670 f i dlgedit.obj
 0001:00028680       ?SetOvertypeMode@Edit@@QAEXH@Z 00429680 f i dlgedit.obj
 0001:000286a0       ?GetOvertypeMode@Edit@@QAEHXZ 004296a0 f i dlgedit.obj
 0001:000286b0       ?GetReadOnly@Edit@@QAEHXZ  004296b0 f i dlgedit.obj
 0001:000286c0       ?SetReadOnly@Edit@@QAEXH@Z 004296c0 f i dlgedit.obj
 0001:000286e0       ?SetDropDownBox@Edit@@QAEXH@Z 004296e0 f i dlgedit.obj
 0001:00028700       ?ProcessKey@DlgEdit@@UAEHH@Z 00429700 f   dlgedit.obj
 0001:00028710       ?ProcessMouse@DlgEdit@@UAEHPAU_MOUSE_EVENT_RECORD@@@Z 00429710 f   dlgedit.obj
 0001:00028720       ?DisplayObject@DlgEdit@@EAEXXZ 00429720 f   dlgedit.obj
 0001:00028730       ?SetPosition@DlgEdit@@UAEXHHHH@Z 00429730 f   dlgedit.obj
 0001:00028740       ?Show@DlgEdit@@UAEXXZ      00429740 f   dlgedit.obj
 0001:00028750       ?GetPosition@DlgEdit@@UAEXAAH000@Z 00429750 f   dlgedit.obj
 0001:00028760       ?SetDialogParent@DlgEdit@@QAEXK@Z 00429760 f   dlgedit.obj
 0001:00028770       ?SetDropDownBox@DlgEdit@@QAEXH@Z 00429770 f   dlgedit.obj
 0001:000287a0       ?GetMaxLength@DlgEdit@@QAEHXZ 004297a0 f   dlgedit.obj
 0001:000287b0       ?SetMaxLength@DlgEdit@@QAEXH@Z 004297b0 f   dlgedit.obj
 0001:000287d0       ?SetPasswordMode@DlgEdit@@QAEXH@Z 004297d0 f   dlgedit.obj
 0001:00028800       ?SetOvertypeMode@DlgEdit@@QAEXH@Z 00429800 f   dlgedit.obj
 0001:00028820       ?GetOvertypeMode@DlgEdit@@QAEHXZ 00429820 f   dlgedit.obj
 0001:00028830       ?SetInputMask@DlgEdit@@QAEXPB_W@Z 00429830 f   dlgedit.obj
 0001:00028850       ?GetInputMask@DlgEdit@@QAEPB_WXZ 00429850 f   dlgedit.obj
 0001:00028870       ?SetEditBeyondEnd@DlgEdit@@QAEXH@Z 00429870 f   dlgedit.obj
 0001:00028890       ?SetClearFlag@DlgEdit@@QAEXH@Z 00429890 f   dlgedit.obj
 0001:000288b0       ?GetClearFlag@DlgEdit@@QAEHXZ 004298b0 f   dlgedit.obj
 0001:000288c0       ?GetStringAddr@DlgEdit@@QAEPB_WXZ 004298c0 f   dlgedit.obj
 0001:000288d0       ?SetHiString@DlgEdit@@QAEXPB_W@Z 004298d0 f   dlgedit.obj
 0001:000288e0       ?SetString@DlgEdit@@QAEXPB_W@Z 004298e0 f   dlgedit.obj
 0001:00028900       ?InsertString@DlgEdit@@QAEXPB_W@Z 00429900 f   dlgedit.obj
 0001:00028910       ?GetString@DlgEdit@@QAEXPA_WHH@Z 00429910 f   dlgedit.obj
 0001:00028930       ?GetString@DlgEdit@@QAEXAAVUnicodeString@@H@Z 00429930 f   dlgedit.obj
 0001:00028940       ?SetCurPos@DlgEdit@@QAEXHH@Z 00429940 f   dlgedit.obj
 0001:00028950       ?GetCurPos@DlgEdit@@QAEHXZ 00429950 f   dlgedit.obj
 0001:00028960       ?GetCurRow@DlgEdit@@QAEHXZ 00429960 f   dlgedit.obj
 0001:00028970       ?GetTabCurPos@DlgEdit@@QAEHXZ 00429970 f   dlgedit.obj
 0001:00028980       ?SetTabCurPos@DlgEdit@@QAEXH@Z 00429980 f   dlgedit.obj
 0001:00028990       ?SetPersistentBlocks@DlgEdit@@QAEXH@Z 00429990 f   dlgedit.obj
 0001:000289b0       ?GetPersistentBlocks@DlgEdit@@QAEHXZ 004299b0 f   dlgedit.obj
 0001:000289c0       ?SetDelRemovesBlocks@DlgEdit@@QAEXH@Z 004299c0 f   dlgedit.obj
 0001:000289e0       ?GetDelRemovesBlocks@DlgEdit@@QAEHXZ 004299e0 f   dlgedit.obj
 0001:000289f0       ?SetObjectColor@DlgEdit@@QAEXHHH@Z 004299f0 f   dlgedit.obj
 0001:00028a00       ?GetObjectColor@DlgEdit@@QAEJXZ 00429a00 f   dlgedit.obj
 0001:00028a20       ?GetObjectColorUnChanged@DlgEdit@@QAEHXZ 00429a20 f   dlgedit.obj
 0001:00028a30       ?FastShow@DlgEdit@@QAEXXZ  00429a30 f   dlgedit.obj
 0001:00028a40       ?GetLeftPos@DlgEdit@@QAEHXZ 00429a40 f   dlgedit.obj
 0001:00028a50       ?SetLeftPos@DlgEdit@@QAEXHH@Z 00429a50 f   dlgedit.obj
 0001:00028a60       ?DeleteBlock@DlgEdit@@QAEXXZ 00429a60 f   dlgedit.obj
 0001:00028a70       ?GetLength@DlgEdit@@QAEHXZ 00429a70 f   dlgedit.obj
 0001:00028a80       ?Select@DlgEdit@@QAEXHH@Z  00429a80 f   dlgedit.obj
 0001:00028a90       ?GetSelection@DlgEdit@@QAEXAAH0@Z 00429a90 f   dlgedit.obj
 0001:00028aa0       ?Xlat@DlgEdit@@QAEX_N@Z    00429aa0 f   dlgedit.obj
 0001:00028ab0       ?GetStrSize@DlgEdit@@QAEHH@Z 00429ab0 f   dlgedit.obj
 0001:00028ac0       ?SetCursorType@DlgEdit@@QAEX_NK@Z 00429ac0 f   dlgedit.obj
 0001:00028ad0       ?GetCursorType@DlgEdit@@QAEXAA_NAAK@Z 00429ad0 f   dlgedit.obj
 0001:00028ae0       ?GetReadOnly@DlgEdit@@QAEHXZ 00429ae0 f   dlgedit.obj
 0001:00028af0       ?SetReadOnly@DlgEdit@@QAEXH@Z 00429af0 f   dlgedit.obj
 0001:00028b10       ?Flags@DlgEdit@@QAEAAVBitFlags@@XZ 00429b10 f   dlgedit.obj
 0001:00028b20       ?Hide@DlgEdit@@UAEXXZ      00429b20 f   dlgedit.obj
 0001:00028b30       ?Hide0@DlgEdit@@UAEXXZ     00429b30 f   dlgedit.obj
 0001:00028b40       ?ShowConsoleTitle@DlgEdit@@UAEXXZ 00429b40 f   dlgedit.obj
 0001:00028b50       ?SetScreenPosition@DlgEdit@@UAEXXZ 00429b50 f   dlgedit.obj
 0001:00028b60       ?ResizeConsole@DlgEdit@@UAEXXZ 00429b60 f   dlgedit.obj
 0001:00028b70       ?VMProcess@DlgEdit@@UAE_JHPAX_J@Z 00429b70 f   dlgedit.obj
 0001:00028ba0       ?DoEditChange@DlgEdit@@AAEXXZ 00429ba0 f   dlgedit.obj
 0001:00028bd0       ?HistoryGetSimilar@DlgEdit@@QAE_NAAVUnicodeString@@H_N@Z 00429bd0 f   dlgedit.obj
 0001:00028bf0       ?EditChange@DlgEdit@@CAXPAX@Z 00429bf0 f   dlgedit.obj
 0001:00028c20       ??0DlgEdit@@QAE@PAVDialog@@IW4DLGEDITTYPE@@@Z 00429c20 f   dlgedit.obj
 0001:00028dd0       ??1DlgEdit@@UAE@XZ         00429dd0 f   dlgedit.obj
 0001:00028e30       ??_EDlgEdit@@UAEPAXI@Z     00429e30 f i dlgedit.obj
 0001:00028e30       ??_GDlgEdit@@UAEPAXI@Z     00429e30 f i dlgedit.obj
 0001:00028e50       ??0CDList@@IAE@XZ          00429e50 f   DList.obj
 0001:00028e70       ?Clear@CDList@@QAEXXZ      00429e70 f   DList.obj
 0001:00028eb0       ?CSwap@CDList@@IAEXAAV1@@Z 00429eb0 f   DList.obj
 0001:00028f10       ?CInsertBefore@CDList@@IAEPAXPAX0@Z 00429f10 f   DList.obj
 0001:00028f50       ?CInsertAfter@CDList@@IAEPAXPAX0@Z 00429f50 f   DList.obj
 0001:00028fa0       ?CMoveBefore@CDList@@IAEXPAX0@Z 00429fa0 f   DList.obj
 0001:00028ff0       ?CMoveAfter@CDList@@IAEXPAX0@Z 00429ff0 f   DList.obj
 0001:00029050       ?CDelete@CDList@@IAEPAXPAX@Z 0042a050 f   DList.obj
 0001:00029090       ?FarGetLogicalDrives@@YGKXZ 0042a090 f   drivemix.obj
 0001:00029140       ?IsDriveTypeRemote@@YA_NI@Z 0042a140 f   drivemix.obj
 0001:00029160       ?CheckDisksProps@@YAHPB_W0H@Z 0042a160 f   drivemix.obj
 0001:00029720       ?IsLocalDrive@@YAHPB_W@Z   0042a720 f   drivemix.obj
 0001:00029860       ??0BitFlags@@QAE@K@Z       0042a860 f i edit.obj
 0001:00029870       ?Swap@BitFlags@@QAEKK@Z    0042a870 f i edit.obj
 0001:00029890       ?IsSelection@Edit@@QAEHXZ  0042a890 f i edit.obj
 0001:000298b0       ?SetWordDiv@Edit@@QAEXABVUnicodeString@@@Z 0042a8b0 f i edit.obj
 0001:000298c0       _wmemchr                   0042a8c0 f i edit.obj
 0001:000298f0       ?wmemchr@@YAPA_WPA_W_WI@Z  0042a8f0 f i edit.obj
 0001:00029920       ?IsWordDiv@@YA_NPB_W_W@Z   0042a920 f i edit.obj
 0001:00029940       ?GetBracketsCount@RegExp@@QBEHXZ 0042a940 f i edit.obj
 0001:00029950       ??0DisableCallback@@QAE@AA_N@Z 0042a950 f i edit.obj
 0001:00029970       ?Restore@DisableCallback@@QAEXXZ 0042a970 f i edit.obj
 0001:00029980       ??1DisableCallback@@QAE@XZ 0042a980 f i edit.obj
 0001:00029990       ??0Edit@@QAE@PAVScreenObject@@PAUCallback@0@_N@Z 0042a990 f   edit.obj
 0001:00029ad0       ?ResizeConsole@ScreenObject@@UAEXXZ 0042aad0 f i edit.obj
 0001:00029ae0       ??1Edit@@UAE@XZ            0042aae0 f   edit.obj
 0001:00029b30       ?SetCodePage@Edit@@QAEKI@Z 0042ab30 f   edit.obj
 0001:00029cb0       ?GetCodePage@Edit@@QAEIXZ  0042acb0 f   edit.obj
 0001:00029cc0       ?SetCursorType@Edit@@QAEX_NK@Z 0042acc0 f   edit.obj
 0001:00029cf0       ?GetCursorType@Edit@@QAEXAA_NAAK@Z 0042acf0 f   edit.obj
 0001:00029d10       ?RecurseProcessKey@Edit@@AAEHH@Z 0042ad10 f   edit.obj
 0001:00029d30       ?IsEol@@YAH_W@Z            0042ad30 f i edit.obj
 0001:00029d50       ?SetObjectColor@Edit@@QAEXHHH@Z 0042ad50 f   edit.obj
 0001:00029d70       ?GetString@Edit@@QAEXAAVUnicodeString@@@Z 0042ad70 f   edit.obj
 0001:00029db0       ?GetStringAddr@Edit@@QAEPB_WXZ 0042adb0 f   edit.obj
 0001:00029dc0       ?SetEOL@Edit@@QAEXPB_W@Z   0042adc0 f   edit.obj
 0001:00029e30       ?GetEOL@Edit@@QAEPB_WXZ    0042ae30 f   edit.obj
 0001:00029e40       ?GetBinaryString@Edit@@QAEXPAPB_W0AAH@Z 0042ae40 f   edit.obj
 0001:00029e80       ?GetSelString@Edit@@QAEHAAVUnicodeString@@@Z 0042ae80 f   edit.obj
 0001:00029ef0       ?GetLength@Edit@@QAEHXZ    0042aef0 f   edit.obj
 0001:00029f00       ?InsertTab@Edit@@QAEXXZ    0042af00 f   edit.obj
 0001:00029fd0       ?ReplaceTabs@Edit@@QAEXXZ  0042afd0 f   edit.obj
 0001:0002a0e0       ?TabPosToReal@Edit@@QAEHH@Z 0042b0e0 f   edit.obj
 0001:0002a140       ?Select@Edit@@QAEXHH@Z     0042b140 f   edit.obj
 0001:0002a180       ?AddSelect@Edit@@QAEXHH@Z  0042b180 f   edit.obj
 0001:0002a1e0       ?GetSelection@Edit@@QAEXAAH0@Z 0042b1e0 f   edit.obj
 0001:0002a210       ?GetRealSelection@Edit@@QAEXAAH0@Z 0042b210 f   edit.obj
 0001:0002a230       ?AddColor@Edit@@QAEXPAUColorItem@@@Z 0042b230 f   edit.obj
 0001:0002a280       ?DeleteColor@Edit@@QAEHH@Z 0042b280 f   edit.obj
 0001:0002a300       ?GetColor@Edit@@QAEHPAUColorItem@@H@Z 0042b300 f   edit.obj
 0001:0002a340       ?Xlat@Edit@@QAEX_N@Z       0042b340 f   edit.obj
 0001:0002a4e0       ?KeyMatchedMask@Edit@@AAEHH@Z 0042b4e0 f   edit.obj
 0001:0002a5d0       ?CheckCharMask@Edit@@AAEH_W@Z 0042b5d0 f   edit.obj
 0001:0002a600       ?SetDialogParent@Edit@@QAEXK@Z 0042b600 f   edit.obj
 0001:0002a660       ?Changed@Edit@@UAEX_N@Z    0042b660 f   edit.obj
 0001:0002a680       ??0EditControl@@QAE@PAVScreenObject@@PAUCallback@Edit@@_NPAVHistory@@PAUFarList@@K@Z 0042b680 f   edit.obj
 0001:0002a6f0       ?Show@EditControl@@UAEXXZ  0042b6f0 f   edit.obj
 0001:0002a720       ?EnableAC@EditControl@@QAEX_N@Z 0042b720 f   edit.obj
 0001:0002a760       ?DisableAC@EditControl@@QAEX_N@Z 0042b760 f   edit.obj
 0001:0002a7a0       ?Delete@?$DList@UHistoryRecord@@@@QAEPAUHistoryRecord@@PAU2@@Z 0042b7a0 f i edit.obj
 0001:0002a7b0       ?WordDiv@Edit@@AAEPB_WXZ   0042b7b0 f i edit.obj
 0001:0002a7c0       ?Delete@History@@QAEXPAUHistoryRecord@@@Z 0042b7c0 f i edit.obj
 0001:0002a7f0       ??_EEdit@@UAEPAXI@Z        0042b7f0 f i edit.obj
 0001:0002a7f0       ??_GEdit@@UAEPAXI@Z        0042b7f0 f i edit.obj
 0001:0002a850       ?GetNextCursorPos@Edit@@AAEHHH@Z 0042b850 f   edit.obj
 0001:0002a970       ?GetString@Edit@@QAEXPA_WH@Z 0042b970 f   edit.obj
 0001:0002a9d0       ?GetSelString@Edit@@QAEHPA_WH@Z 0042b9d0 f   edit.obj
 0001:0002aa40       ?RefreshStrByMask@Edit@@AAEXH@Z 0042ba40 f   edit.obj
 0001:0002ab20       ?Search@Edit@@QAEHABVUnicodeString@@AAV2@HHHHHPAH@Z 0042bb20 f   edit.obj
 0001:0002ae70       ?SetTabCurPos@Edit@@QAEXH@Z 0042be70 f   edit.obj
 0001:0002af10       ?RealPosToTab@Edit@@AAEHHHHPAH@Z 0042bf10 f   edit.obj
 0001:0002afe0       ?DeleteBlock@Edit@@AAEXXZ  0042bfe0 f   edit.obj
 0001:0002b0f0       ??_GEditControl@@UAEPAXI@Z 0042c0f0 f i edit.obj
 0001:0002b0f0       ??_EEditControl@@UAEPAXI@Z 0042c0f0 f i edit.obj
 0001:0002b150       ?SetMenuPos@EditControl@@AAEXAAVVMenu@@@Z 0042c150 f   edit.obj
 0001:0002b230       ?DisplayObject@Edit@@EAEXXZ 0042c230 f   edit.obj
 0001:0002b300       ?VMProcess@Edit@@UAE_JHPAX_J@Z 0042c300 f   edit.obj
 0001:0002b550       ?InsertKey@Edit@@AAEHH@Z   0042c550 f   edit.obj
 0001:0002b820       ?SetBinaryString@Edit@@QAEXPB_WH@Z 0042c820 f   edit.obj
 0001:0002ba00       ?InsertBinaryString@Edit@@QAEXPB_WH@Z 0042ca00 f   edit.obj
 0001:0002bc70       ?SetInputMask@Edit@@QAEXPB_W@Z 0042cc70 f   edit.obj
 0001:0002bcc0       ?ProcessMouse@Edit@@UAEHPAU_MOUSE_EVENT_RECORD@@@Z 0042ccc0 f   edit.obj
 0001:0002bdf0       ?RealPosToTab@Edit@@QAEHH@Z 0042cdf0 f   edit.obj
 0001:0002be10       ?ApplyColor@Edit@@AAEXXZ   0042ce10 f   edit.obj
 0001:0002bfd0       ?EnumFiles@@YAXAAVVMenu@@PB_W@Z 0042cfd0 f   edit.obj
 0001:0002c4d0       ?ProcessMouse@EditControl@@UAEHPAU_MOUSE_EVENT_RECORD@@@Z 0042d4d0 f   edit.obj
 0001:0002c5e0       ?ProcessCtrlQ@Edit@@AAEHXZ 0042d5e0 f   edit.obj
 0001:0002c640       ?SetHiString@Edit@@QAEXPB_W@Z 0042d640 f   edit.obj
 0001:0002c6d0       ?SetString@Edit@@QAEXPB_WH@Z 0042d6d0 f   edit.obj
 0001:0002c720       ?InsertString@Edit@@QAEXPB_W@Z 0042d720 f   edit.obj
 0001:0002c760       ?GetTabCurPos@Edit@@QAEHXZ 0042d760 f   edit.obj
 0001:0002c770       ?AutoCompleteProc@EditControl@@AAEH_N0AAH@Z 0042d770 f   edit.obj
 0001:0002d1e0       ?AutoComplete@EditControl@@QAEX_N0@Z 0042e1e0 f   edit.obj
 0001:0002d250       ?FastShow@Edit@@UAEXXZ     0042e250 f   edit.obj
 0001:0002d760       ?ProcessInsPath@Edit@@AAEHHHH@Z 0042e760 f   edit.obj
 0001:0002d940       ?ProcessInsPlainText@Edit@@AAEHPB_W@Z 0042e940 f   edit.obj
 0001:0002d9a0       ?Changed@EditControl@@UAEX_N@Z 0042e9a0 f   edit.obj
 0001:0002d9e0       ?ProcessKey@Edit@@UAEHH@Z  0042e9e0 f   edit.obj
 0001:0002f110       ?Count@CDList@@QBEIXZ      00430110 f i editor.obj
 0001:0002f120       ?Empty@CDList@@QBE_NXZ     00430120 f i editor.obj
 0001:0002f130       ??0EditorUndoData@@QAE@XZ  00430130 f i editor.obj
 0001:0002f160       ??1EditorUndoData@@QAE@XZ  00430160 f i editor.obj
 0001:0002f170       ?SetNeedCheckUnmark@EditorBlockGuard@Editor@@QAEX_N@Z 00430170 f i editor.obj
 0001:0002f180       ?SetAutoIndent@Editor@@QAEXH@Z 00430180 f i editor.obj
 0001:0002f190       ?SetCharCodeBase@Editor@@QAEXH@Z 00430190 f i editor.obj
 0001:0002f1c0       ?SetTabSize@Edit@@QAEXH@Z  004301c0 f i editor.obj
 0001:0002f1d0       ?SetShowWhiteSpace@Edit@@QAEXH@Z 004301d0 f i editor.obj
 0001:0002f1f0       ?SetConvertTabs@Edit@@QAEXH@Z 004301f0 f i editor.obj
 0001:0002f200       ?GetConvertTabs@Edit@@QAEHXZ 00430200 f i editor.obj
 0001:0002f210       ?SetEditorMode@Edit@@QAEXH@Z 00430210 f i editor.obj
 0001:0002f230       ?IsFullScreen@FileEditor@@QAE_NXZ 00430230 f i editor.obj
 0001:0002f240       ?CodepageChangedByUser@FileEditor@@QAEXXZ 00430240 f i editor.obj
 0001:0002f250       ?GetLockCount@ScreenBuf@@QAEHXZ 00430250 f i editor.obj
 0001:0002f260       ??0?$DList@UEditorUndoData@@@@QAE@XZ 00430260 f i editor.obj
 0001:0002f280       ?SetRawData@Editor@@QAEHPB_WHH@Z 00430280 f   editor.obj
 0001:0002f290       ?GetRawData@Editor@@QAEHPAPA_WAAHH@Z 00430290 f   editor.obj
 0001:0002f2a0       ?TextChanged@Editor@@AAEXH@Z 004302a0 f   editor.obj
 0001:0002f2d0       ?CheckLine@Editor@@AAE_NPAVEdit@@@Z 004302d0 f   editor.obj
 0001:0002f300       ?Contains@UnicodeString@@QBE_N_WI@Z 00430300 f i editor.obj
 0001:0002f330       ?CalcDistance@Editor@@AAEHPAVEdit@@0H@Z 00430330 f   editor.obj
 0001:0002f370       ?Down@Editor@@AAEXXZ       00430370 f   editor.obj
 0001:0002f3d0       ?ScrollDown@Editor@@AAEXXZ 004303d0 f   editor.obj
 0001:0002f440       ?Up@Editor@@AAEXXZ         00430440 f   editor.obj
 0001:0002f480       ?ScrollUp@Editor@@AAEXXZ   00430480 f   editor.obj
 0001:0002f4d0       ?Block2Text@Editor@@AAEPA_WPA_W@Z 004304d0 f   editor.obj
 0001:0002f660       ?UnmarkBlock@Editor@@AAEXXZ 00430660 f   editor.obj
 0001:0002f720       ?UnmarkEmptyBlock@Editor@@AAEXXZ 00430720 f   editor.obj
 0001:0002f7a0       ?UnmarkMacroBlock@Editor@@AAEXXZ 004307a0 f   editor.obj
 0001:0002f7c0       ?GoToLine@Editor@@AAEXH@Z  004307c0 f   editor.obj
 0001:0002f8e0       ?SelectAll@Editor@@AAEXXZ  004308e0 f   editor.obj
 0001:0002f930       ?SetStartPos@Editor@@QAEXHH@Z 00430930 f   editor.obj
 0001:0002f960       ?IsFileChanged@Editor@@QBEHXZ 00430960 f   editor.obj
 0001:0002f970       ?IsFileModified@Editor@@QBEHXZ 00430970 f   editor.obj
 0001:0002f980       ?GetCurPos@Editor@@QAEJ_N0@Z 00430980 f   editor.obj
 0001:0002faa0       ?VBlock2Text@Editor@@AAEPA_WPA_W@Z 00430aa0 f   editor.obj
 0001:0002fc80       ?SetBookmark@Editor@@AAEHK@Z 00430c80 f   editor.obj
 0001:0002fd20       ?GotoBookmark@Editor@@AAEHK@Z 00430d20 f   editor.obj
 0001:0002fde0       ?ClearStackBookmarks@Editor@@AAEHXZ 00430de0 f   editor.obj
 0001:0002fe60       ?DeleteStackBookmark@Editor@@AAEHPAUInternalEditorStackBookMark@@@Z 00430e60 f   editor.obj
 0001:0002fec0       ?RestoreStackBookmark@Editor@@AAEHXZ 00430ec0 f   editor.obj
 0001:0002ff70       ?AddStackBookmark@Editor@@AAEHH@Z 00430f70 f   editor.obj
 0001:00030050       ?PointerToFirstStackBookmark@Editor@@AAEPAUInternalEditorStackBookMark@@PAH@Z 00431050 f   editor.obj
 0001:00030080       ?PointerToLastStackBookmark@Editor@@AAEPAUInternalEditorStackBookMark@@PAH@Z 00431080 f   editor.obj
 0001:000300b0       ?PointerToStackBookmark@Editor@@AAEPAUInternalEditorStackBookMark@@H@Z 004310b0 f   editor.obj
 0001:000300f0       ?PrevStackBookmark@Editor@@AAEHXZ 004310f0 f   editor.obj
 0001:00030110       ?NextStackBookmark@Editor@@AAEHXZ 00431110 f   editor.obj
 0001:00030130       ?LastStackBookmark@Editor@@AAEHXZ 00431130 f   editor.obj
 0001:00030160       ?GotoStackBookmark@Editor@@AAEHH@Z 00431160 f   editor.obj
 0001:000301a0       ?PushStackBookMark@Editor@@AAEHXZ 004311a0 f   editor.obj
 0001:000301d0       ?PopStackBookMark@Editor@@AAEHXZ 004311d0 f   editor.obj
 0001:00030220       ?CurrentStackBookmarkIdx@Editor@@AAEHXZ 00431220 f   editor.obj
 0001:00030240       ?GetStackBookmark@Editor@@AAEHHPAUEditorBookMarks@@@Z 00431240 f   editor.obj
 0001:000302a0       ?GetStackBookmarks@Editor@@AAEHPAUEditorBookMarks@@@Z 004312a0 f   editor.obj
 0001:00030350       ?GetStringByNumber@Editor@@AAEPAVEdit@@H@Z 00431350 f   editor.obj
 0001:00030440       ?SetReplaceMode@Editor@@SAXH@Z 00431440 f   editor.obj
 0001:00030450       ?GetLineCurPos@Editor@@QAEHXZ 00431450 f   editor.obj
 0001:00030460       ?BeginVBlockMarking@Editor@@QAEXXZ 00431460 f   editor.obj
 0001:000304b0       ?AdjustVBlock@Editor@@QAEXH@Z 004314b0 f   editor.obj
 0001:00030530       ?SetTabSize@Editor@@QAEXH@Z 00431530 f   editor.obj
 0001:00030570       ?SetConvertTabs@Editor@@QAEXH@Z 00431570 f   editor.obj
 0001:000305a0       ?SetDelRemovesBlocks@Editor@@QAEXH@Z 004315a0 f   editor.obj
 0001:000305e0       ?SetShowWhiteSpace@Editor@@QAEXH@Z 004315e0 f   editor.obj
 0001:00030620       ?SetPersistentBlocks@Editor@@QAEXH@Z 00431620 f   editor.obj
 0001:00030660       ?SetCursorBeyondEOL@Editor@@QAEXH@Z 00431660 f   editor.obj
 0001:000306c0       ?GetSavePosMode@Editor@@QAEXAAH0@Z 004316c0 f   editor.obj
 0001:000306e0       ?SetSavePosMode@Editor@@QAEXHH@Z 004316e0 f   editor.obj
 0001:00030710       ?CreateString@Editor@@QAEPAVEdit@@PB_WH@Z 00431710 f   editor.obj
 0001:000307f0       ?InsertString@Editor@@QAEPAVEdit@@PB_WHPAV2@H@Z 004317f0 f   editor.obj
 0001:00030870       ?SetCacheParams@Editor@@QAEXPAUEditorCacheParams@@_N@Z 00431870 f   editor.obj
 0001:00030ab0       ?GetCacheParams@Editor@@QAEXPAUEditorCacheParams@@@Z 00431ab0 f   editor.obj
 0001:00030b50       ?SetCodePage@Editor@@QAE_NI@Z 00431b50 f   editor.obj
 0001:00030bb0       ?GetCodePage@Editor@@QAEIXZ 00431bb0 f   editor.obj
 0001:00030bc0       ?SetDialogParent@Editor@@QAEXK@Z 00431bc0 f   editor.obj
 0001:00030bd0       ?SetOvertypeMode@Editor@@QAEXH@Z 00431bd0 f   editor.obj
 0001:00030be0       ?GetOvertypeMode@Editor@@QAEHXZ 00431be0 f   editor.obj
 0001:00030bf0       ?SetEditBeyondEnd@Editor@@QAEXH@Z 00431bf0 f   editor.obj
 0001:00030c00       ?SetClearFlag@Editor@@QAEXH@Z 00431c00 f   editor.obj
 0001:00030c10       ?GetClearFlag@Editor@@QAEHXZ 00431c10 f   editor.obj
 0001:00030c20       ?GetCurCol@Editor@@QAEHXZ  00431c20 f   editor.obj
 0001:00030c30       ?SetCurPos@Editor@@QAEXHH@Z 00431c30 f   editor.obj
 0001:00030c60       ?SetCursorType@Editor@@QAEX_NK@Z 00431c60 f   editor.obj
 0001:00030c70       ?GetCursorType@Editor@@QAEXAA_NAAK@Z 00431c70 f   editor.obj
 0001:00030c80       ?SetObjectColor@Editor@@QAEXHHH@Z 00431c80 f   editor.obj
 0001:00030cb0       ?DrawScrollbar@Editor@@QAEXXZ 00431cb0 f   editor.obj
 0001:00030d30       ??1?$DList@UEditorUndoData@@@@UAE@XZ 00431d30 f i editor.obj
 0001:00030d40       ?Push@?$DList@UEditorUndoData@@@@QAEPAUEditorUndoData@@PBU2@@Z 00431d40 f i editor.obj
 0001:00030d50       ?Delete@?$DList@UEditorUndoData@@@@QAEPAUEditorUndoData@@PAU2@@Z 00431d50 f i editor.obj
 0001:00030d60       ??1TNode@?$DList@UEditorUndoData@@@@QAE@XZ 00431d60 f i editor.obj
 0001:00030d70       ?Node2Type@?$DList@UEditorUndoData@@@@AAEPAUEditorUndoData@@PAUNode@CDList@@@Z 00431d70 f i editor.obj
 0001:00030d90       ?Type2Node@?$DList@UEditorUndoData@@@@AAEPAUNode@CDList@@PBUEditorUndoData@@@Z 00431d90 f i editor.obj
 0001:00030db0       ??0TNode@?$DList@UEditorUndoData@@@@QAE@PAUEditorUndoData@@@Z 00431db0 f i editor.obj
 0001:00030df0       ??$Max@I@@YAABIABI0@Z      00431df0 f i editor.obj
 0001:00030e10       ?CopyTo@EditorOptions@@QAEXAAU1@@Z 00431e10 f i editor.obj
 0001:00030ed0       ?SetData@EditorUndoData@@QAEXHPB_W0HHH@Z 00431ed0 f i editor.obj
 0001:00030f90       ??0EditorBlockGuard@Editor@@QAE@AAV1@P81@AEXXZ@Z 00431f90 f i editor.obj
 0001:00030fb0       ??1EditorBlockGuard@Editor@@QAE@XZ 00431fb0 f i editor.obj
 0001:00030fc0       ?SetWordDiv@Editor@@QAEXPB_W@Z 00431fc0 f i editor.obj
 0001:00031010       ?GetWordDiv@Editor@@QAEPB_WXZ 00432010 f i editor.obj
 0001:00031020       ??_G?$DList@UEditorUndoData@@@@UAEPAXI@Z 00432020 f i editor.obj
 0001:00031020       ??_E?$DList@UEditorUndoData@@@@UAEPAXI@Z 00432020 f i editor.obj
 0001:00031050       ?FreeAllocatedData@Editor@@QAEX_N@Z 00432050 f   editor.obj
 0001:000310b0       ?KeepInitParameters@Editor@@QAEXXZ 004320b0 f   editor.obj
 0001:00031130       ?ShowEditor@Editor@@AAEXH@Z 00432130 f   editor.obj
 0001:00031480       ?BlockStart2NumLine@Editor@@AAEHPAH@Z 00432480 f   editor.obj
 0001:00031500       ?BlockEnd2NumLine@Editor@@AAEHPAH@Z 00432500 f   editor.obj
 0001:00031610       ?ProcessMouse@Editor@@UAEHPAU_MOUSE_EVENT_RECORD@@@Z 00432610 f   editor.obj
 0001:00031a10       ?GetRowCol@Editor@@QAEXPB_WPAH1@Z 00432a10 f   editor.obj
 0001:00031bb0       ?VCopy@Editor@@AAEXH@Z     00432bb0 f   editor.obj
 0001:00031c30       ?BackStackBookmark@Editor@@AAEHXZ 00432c30 f   editor.obj
 0001:00031ca0       ?AllocNode@?$DList@UEditorUndoData@@@@EAEPAUNode@CDList@@PAX@Z 00432ca0 f i editor.obj
 0001:00031cf0       ?First@?$DList@UEditorUndoData@@@@QAEPAUEditorUndoData@@XZ 00432cf0 f i editor.obj
 0001:00031d00       ?Last@?$DList@UEditorUndoData@@@@QAEPAUEditorUndoData@@XZ 00432d00 f i editor.obj
 0001:00031d20       ?Next@?$DList@UEditorUndoData@@@@QAEPAUEditorUndoData@@PBU2@@Z 00432d20 f i editor.obj
 0001:00031d50       ?Prev@?$DList@UEditorUndoData@@@@QAEPAUEditorUndoData@@PBU2@@Z 00432d50 f i editor.obj
 0001:00031d80       ??_GTNode@?$DList@UEditorUndoData@@@@QAEPAXI@Z 00432d80 f i editor.obj
 0001:00031db0       ??1Editor@@UAE@XZ          00432db0 f   editor.obj
 0001:00031e20       ?DisplayObject@Editor@@EAEXXZ 00432e20 f   editor.obj
 0001:00031e30       ?Copy@Editor@@AAEXH@Z      00432e30 f   editor.obj
 0001:00031ea0       ?AddUndoData@Editor@@AAEXHPB_W0HHH@Z 00432ea0 f   editor.obj
 0001:000320a0       ?DeleteVBlock@Editor@@AAEXXZ 004330a0 f   editor.obj
 0001:00032300       ?VPaste@Editor@@AAEXPA_W@Z 00433300 f   editor.obj
 0001:00032540       ?VBlockShift@Editor@@AAEXH@Z 00433540 f   editor.obj
 0001:00032860       ?Xlat@Editor@@QAEXXZ       00433860 f   editor.obj
 0001:00032b30       ?EditorShowMsg@Editor@@CAXPB_W00H@Z 00433b30 f   editor.obj
 0001:00032e10       ?PR_EditorShowMsg@Editor@@SAXXZ 00433e10 f   editor.obj
 0001:00032e40       ?DeleteNode@?$DList@UEditorUndoData@@@@EAEXPAUNode@CDList@@@Z 00433e40 f i editor.obj
 0001:00032e70       ??0Editor@@QAE@PAVScreenObject@@_N@Z 00433e70 f   editor.obj
 0001:00033050       ??_EEditor@@UAEPAXI@Z      00434050 f i editor.obj
 0001:00033050       ??_GEditor@@UAEPAXI@Z      00434050 f i editor.obj
[...]
 0001:0011b9b8       ?CPtoLCID@@YAHH@Z          0051c9b8 f   LIBCMT:mbctype.obj
 0001:0011b9e7       ?setSBCS@@YAXPAUthreadmbcinfostruct@@@Z 0051c9e7 f   LIBCMT:mbctype.obj
 0001:0011ba4b       ?setSBUpLow@@YAXPAUthreadmbcinfostruct@@@Z 0051ca4b f   LIBCMT:mbctype.obj
 0001:0011bc82       ?getSystemCP@@YAHH@Z       0051cc82 f   LIBCMT:mbctype.obj
 0001:0011c356       __copytlocinfo_nolock      0051d356 f   LIBCMT:setlocal.obj
 0001:0011c37c       __updatetlocinfoEx_nolock  0051d37c f   LIBCMT:setlocal.obj
 0001:0011c49a       _sync_legacy_variables_lk  0051d49a f   LIBCMT:setlocal.obj
 0001:0011c847       __setlocale_get_all        0051d847 f   LIBCMT:setlocal.obj
 0001:0011cbf5       __setlocale_set_cat        0051dbf5 f   LIBCMT:setlocal.obj
 0001:0011cef7       __setlocale_nolock         0051def7 f   LIBCMT:setlocal.obj
 0001:0011dbc0       _ValidateLocalCookies      0051ebc0 f   LIBCMT:chandler4.obj
 0001:0011dee0       _write_char                0051eee0 f   LIBCMT:woutput.obj
 0001:0011df0f       _write_multi_char          0051ef0f f   LIBCMT:woutput.obj
 0001:0011df36       _write_string              0051ef36 f   LIBCMT:woutput.obj
 0001:0011f3cf       __getenv_s_helper          005203cf f   LIBCMT:getenv.obj
 0001:0011f464       __dupenv_s_helper          00520464 f   LIBCMT:getenv.obj
 0001:00121a14       _flsall                    00522a14 f   LIBCMT:fflush.obj
 0001:00121cf4       __unwind_handler           00522cf4 f   LIBCMT:exsup.obj
 0001:00121e10       _ValidateScopeTableHandlers 00522e10 f   LIBCMT:eh3valid.obj
 0001:00122ac3       _xcptlookup                00523ac3 f   LIBCMT:winxfltr.obj
 0001:00122c96       _ctrlevent_capture@4       00523c96 f   LIBCMT:winsig.obj
 0001:00122d31       _siglookup                 00523d31 f   LIBCMT:winsig.obj
 0001:00123778       __unwind_handler4          00524778 f   LIBCMT:exsup4.obj
 0001:001239b3       __shift                    005249b3 f   LIBCMT:cvt.obj
 0001:001239f8       __cftoe2_l                 005249f8 f   LIBCMT:cvt.obj
 0001:00123fea       __cftof2_l                 00524fea f   LIBCMT:cvt.obj
 0001:001246b9       ?strtoxl@@YAKPAUlocaleinfo_struct@@PBDPAPBDHH@Z 005256b9 f   LIBCMT:strtol.obj
 0001:00124979       ?strtoxq@@YA_KPAUlocaleinfo_struct@@PBDPAPBDHH@Z 00525979 f   LIBCMT:strtoq.obj
 0001:00124ca1       ___check_float_string      00525ca1 f   LIBCMT:input.obj
 0001:00124d0a       __hextodec                 00525d0a f   LIBCMT:input.obj
 0001:00124d2a       __inc                      00525d2a f   LIBCMT:input.obj
 0001:00124d40       __un_inc                   00525d40 f   LIBCMT:input.obj
 0001:00124d53       __whiteout                 00525d53 f   LIBCMT:input.obj
 0001:00125d3a       ___check_float_string      00526d3a f   LIBCMT:inputs.obj
 0001:00125d91       __hextodec                 00526d91 f   LIBCMT:inputs.obj
 0001:00125db1       __inc                      00526db1 f   LIBCMT:inputs.obj
 0001:00125dc7       __un_inc                   00526dc7 f   LIBCMT:inputs.obj
 0001:00125dda       __whiteout                 00526dda f   LIBCMT:inputs.obj
 0001:00126f28       _write_char                00527f28 f   LIBCMT:output.obj
 0001:00126f5b       _write_multi_char          00527f5b f   LIBCMT:output.obj
 0001:00126f81       _write_string              00527f81 f   LIBCMT:output.obj
 0001:0012823e       _write_char                0052923e f   LIBCMT:woutputp.obj
 0001:0012826d       _write_multi_char          0052926d f   LIBCMT:woutputp.obj
 0001:00128294       _write_string              00529294 f   LIBCMT:woutputp.obj
 0001:001295d9       ___check_float_string      0052a5d9 f   LIBCMT:winput.obj
 0001:00129633       __hextodec                 0052a633 f   LIBCMT:winput.obj
 0001:00129669       __inc                      0052a669 f   LIBCMT:winput.obj
 0001:00129674       __un_inc                   0052a674 f   LIBCMT:winput.obj
 0001:0012968c       __whiteout                 0052a68c f   LIBCMT:winput.obj
 0001:0012a7bf       ___check_float_string      0052b7bf f   LIBCMT:winputs.obj
 0001:0012a819       __hextodec                 0052b819 f   LIBCMT:winputs.obj
 0001:0012a84f       __inc                      0052b84f f   LIBCMT:winputs.obj
 0001:0012a85a       __un_inc                   0052b85a f   LIBCMT:winputs.obj
 0001:0012a872       __whiteout                 0052b872 f   LIBCMT:winputs.obj
 0001:0012d008       _wparse_cmdline            0052e008 f   LIBCMT:wstdargv.obj
 0001:0012d537       ?__crtGetLocaleInfoW_stat@@YAHPAUlocaleinfo_struct@@KKPA_WHH@Z 0052e537 f   LIBCMT:w_loc.obj
 0001:0012d5ba       ?__crtGetLocaleInfoA_stat@@YAHPAUlocaleinfo_struct@@KKPADHH@Z 0052e5ba f   LIBCMT:a_loc.obj
 0001:0012d736       ?strncnt@@YAHPBDH@Z        0052e736 f   LIBCMT:a_map.obj
 0001:0012d754       ?__crtLCMapStringA_stat@@YAHPAUlocaleinfo_struct@@KKPBDHPADHHH@Z 0052e754 f   LIBCMT:a_map.obj
 0001:0012db3e       ?__crtGetStringTypeA_stat@@YAHPAUlocaleinfo_struct@@KPBDHPAGHHH@Z 0052eb3e f   LIBCMT:a_str.obj
 0001:0012dd69       __get_lc_time              0052ed69 f   LIBCMT:inittime.obj
 0001:0012e392       _fix_grouping              0052f392 f   LIBCMT:initnum.obj
 0001:0012e5d4       _fix_grouping              0052f5d4 f   LIBCMT:initmon.obj
 0001:0012eed0       ?_store_str@@YAXPADPAPADPAI@Z 0052fed0 f   LIBCMT:strftime.obj
 0001:0012eef0       ?_store_number@@YAXHPAPADPAI@Z 0052fef0 f   LIBCMT:strftime.obj
 0001:0012ef26       ?_store_num@@YAXHHPAPADPAII@Z 0052ff26 f   LIBCMT:strftime.obj
 0001:0012efa1       ?_expandtime@@YAHPAUlocaleinfo_struct@@DPBUtm@@PAPADPAIPAU__lc_time_data@@I@Z 0052ffa1 f   LIBCMT:strftime.obj
 0001:0012f389       ?_store_winword@@YAHPAUlocaleinfo_struct@@HPBUtm@@PAPADPAIPAU__lc_time_data@@@Z 00530389 f   LIBCMT:strftime.obj
 0001:0012fa66       _TranslateName             00530a66 f   LIBCMT:getqloc.obj
 0001:0012fac8       _GetLcidFromDefault        00530ac8 f   LIBCMT:getqloc.obj
 0001:0012fadc       _ProcessCodePage           00530adc f   LIBCMT:getqloc.obj
 0001:0012fb80       _TestDefaultCountry        00530b80 f   LIBCMT:getqloc.obj
 0001:0012fba4       _LcidFromHexString         00530ba4 f   LIBCMT:getqloc.obj
 0001:0012fbd8       _GetPrimaryLen             00530bd8 f   LIBCMT:getqloc.obj
 0001:0012fbf3       _CountryEnumProc@4         00530bf3 f   LIBCMT:getqloc.obj
 0001:0012fc8b       _TestDefaultLanguage       00530c8b f   LIBCMT:getqloc.obj
 0001:0012fcff       _LangCountryEnumProc@4     00530cff f   LIBCMT:getqloc.obj
 0001:0012fed1       _LanguageEnumProc@4        00530ed1 f   LIBCMT:getqloc.obj
 0001:0012ff92       _GetLcidFromCountry        00530f92 f   LIBCMT:getqloc.obj
 0001:0012ffbe       _GetLcidFromLangCountry    00530fbe f   LIBCMT:getqloc.obj
 0001:00130025       _GetLcidFromLanguage       00531025 f   LIBCMT:getqloc.obj
 0001:00130252       _cmpResult                 00531252 f   LIBCMT:memcmp.obj
 0001:00130264       _cmpBYTE                   00531264 f   LIBCMT:memcmp.obj
 0001:0013027c       _cmpWORD                   0053127c f   LIBCMT:memcmp.obj
 0001:001302bc       _cmpDWORD                  005312bc f   LIBCMT:memcmp.obj
 0001:00130334       _unaligned_memcmp          00531334 f   LIBCMT:memcmp.obj
 0001:00132f50       ?__crtGetStringTypeW_stat@@YAHPAUlocaleinfo_struct@@KPB_WHPAGHH@Z 00533f50 f   LIBCMT:w_str.obj
 0001:00134972       __tsopen_nolock            00535972 f   LIBCMT:wopen.obj
 0001:00137abf       ?wcsncnt@@YAHPB_WH@Z       00538abf f   LIBCMT:w_map.obj
 0001:00137adf       ?__crtLCMapStringW_stat@@YAHPAUlocaleinfo_struct@@KKPB_WHPA_WHH@Z 00538adf f   LIBCMT:w_map.obj
 0001:00137eaa       _write_char                00538eaa f   LIBCMT:outputp.obj
 0001:00137edd       _write_multi_char          00538edd f   LIBCMT:outputp.obj
 0001:00137f03       _write_string              00538f03 f   LIBCMT:outputp.obj
 0001:00139225       _write_char                0053a225 f   LIBCMT:outputs.obj
 0001:00139258       _write_multi_char          0053a258 f   LIBCMT:outputs.obj
 0001:0013927e       _write_string              0053a27e f   LIBCMT:outputs.obj
 0001:0013a0cd       ?wcsncnt@@YAIPB_WI@Z       0053b0cd f   LIBCMT:wcstombs.obj
 0001:0013a43f       _write_char                0053b43f f   LIBCMT:woutputs.obj
 0001:0013a46e       _write_multi_char          0053b46e f   LIBCMT:woutputs.obj
 0001:0013a495       _write_string              0053b495 f   LIBCMT:woutputs.obj
 0001:0013b6e2       _xtoa_s@20                 0053c6e2 f   LIBCMT:xtoas.obj
 0001:0013b82a       @x64toa_s@24               0053c82a f   LIBCMT:xtoas.obj
 0001:0013bdcf       ?strncnt@@YAHPBDH@Z        0053cdcf f   LIBCMT:a_cmp.obj
 0001:0013bded       ?__crtCompareStringA_stat@@YAHPAUlocaleinfo_struct@@KKPBDH1HH@Z 0053cded f   LIBCMT:a_cmp.obj
 0001:0013c2c2       _findenv                   0053d2c2 f   LIBCMT:setenv.obj
 0001:0013c314       _copy_environ              0053d314 f   LIBCMT:setenv.obj
 0001:0013dc10       __abstract_cw              0053ec10 f   LIBCMT:_ieee87_.obj
 0001:0013dcaf       __hw_cw                    0053ecaf f   LIBCMT:_ieee87_.obj
 0001:0013dd3d       __abstract_sw              0053ed3d f   LIBCMT:_ieee87_.obj
 0001:0013dd80       ___abstract_cw_sse2        0053ed80 f   LIBCMT:_ieee87_.obj
 0001:0013de20       ___hw_cw_sse2              0053ee20 f   LIBCMT:_ieee87_.obj
 0001:0013dec0       ___abstract_sw_sse2        0053eec0 f   LIBCMT:_ieee87_.obj
 0001:0013df03       ___fpreset_sse2            0053ef03 f   LIBCMT:_ieee87_.obj
 0001:0013dfd9       ___statusfp_sse2           0053efd9 f   LIBCMT:_ieee87_.obj
 0001:0013e014       ___clearfp_sse2            0053f014 f   LIBCMT:_ieee87_.obj
 0001:0013e064       ___control87_sse2          0053f064 f   LIBCMT:_ieee87_.obj
 0001:0013f341       __get_fname                00540341 f   LIBCMT:_fpexcept_.obj
 0001:0013fd30       ??__EOpt@@YAXXZ            00540d30 f   config.obj
 0001:0013ff70       ??__EstrKeyNameConsoleDetachKey@@YAXXZ 00540f70 f   config.obj
 0001:0013ff90       ??__ECFG@@YAXXZ            00540f90 f   config.obj
 0001:0013ffc0       ??__ETitleCS@@YAXXZ        00540fc0 f   constitle.obj
 0001:0013ffe0       ??__EstrTotalCopySizeText@@YAXXZ 00540fe0 f   copy.obj
 0001:00140000       ??__EAMonth@@YAXXZ         00541000 f   datetime.obj
 0001:00140030       ??__EAWeekday@@YAXXZ       00541030 f   datetime.obj
 0001:00140060       ??__EMonth@@YAXXZ          00541060 f   datetime.obj
 0001:00140090       ??__EWeekday@@YAXXZ        00541090 f   datetime.obj
 0001:001400c0       ??__EElevation@@YAXXZ      005410c0 f   elevation.obj
 0001:00140110       ??__EFilterData@@YAXXZ     00541110 f   filefilter.obj
 0001:00140120       ??__ETempFilterData@@YAXXZ 00541120 f   filefilter.obj
 0001:00140130       ??__EFoldersFilter@@YAXXZ  00541130 f   filefilter.obj
 0001:00140150       ??__ESIDCache@@YAXXZ       00541150 f   fileowner.obj
 0001:00140170       ??__Eitd@@YAXXZ            00541170 f   findfile.obj
 0001:001401a0       ??__EstrFindMask@@YAXXZ    005411a0 f   findfile.obj
 0001:001401c0       ??__EstrFindStr@@YAXXZ     005411c0 f   findfile.obj
 0001:001401e0       ??__EstrLastDirName@@YAXXZ 005411e0 f   findfile.obj
 0001:00140200       ??__EstrPluginSearchPath@@YAXXZ 00541200 f   findfile.obj
 0001:00140220       ??__EPluginCS@@YAXXZ       00541220 f   findfile.obj
 0001:00140240       ??__EPauseEvent@@YAXXZ     00541240 f   findfile.obj
 0001:00140260       ??__EStopEvent@@YAXXZ      00541260 f   findfile.obj
 0001:00140280       ??__EFileMaskForFindFile@@YAXXZ 00541280 f   findfile.obj
 0001:001402a0       ??__Eg_strFarModuleName@@YAXXZ 005412a0 f   global.obj
 0001:001402c0       ??__Eg_strFarPath@@YAXXZ   005412c0 f   global.obj
 0001:001402e0       ??__EstrGlobalSearchString@@YAXXZ 005412e0 f   global.obj
 0001:00140300       ??__Eg_strDirToSet@@YAXXZ  00541300 f   global.obj
 0001:00140320       ??__EFS@@YAXXZ             00541320 f   global.obj
 0001:00140340       ??__Eifn@@YAXXZ            00541340 f   imports.obj
 0001:00140360       ??__EstrInitTitle@@YAXXZ   00541360 f   interf.obj
 0001:00140380       ??__ELang@@YAXXZ           00541380 f   language.obj
 0001:001403a0       ??__EOldLang@@YAXXZ        005413a0 f   language.obj
 0001:001403c0       ??__E__varTextDate@@YAXXZ  005413c0 f   macro.obj
 0001:001403e0       ??__EVMStack@@YAXXZ        005413e0 f   macro.obj
 0001:00140400       ??__E_ErrWord@@YAXXZ       00541400 f   macrocompiler.obj
 0001:00140420       ??__EErrMessage@@YAXXZ     00541420 f   macrocompiler.obj
 0001:00140450       ??__EcurrVar@@YAXXZ        00541450 f   macrocompiler.obj
 0001:00140470       ??__EstrMsgHelpTopic@@YAXXZ 00541470 f   message.obj
 0001:00140490       ??__EstrDragName@@YAXXZ    00541490 f   panel.obj
 0001:001404b0       ??__EstrPluginSearchPath@@YAXXZ 005414b0 f   plugapi.obj
 0001:001404d0       ??__EDialogList@@YAXXZ     005414d0 f   PluginA.obj
 0001:001404f0       ??__EScrBuf@@YAXXZ         005414f0 f   scrbuf.obj
 0001:00140510       ??__EPluginSynchroManager@@YAXXZ 00541510 f   synchro.obj
 0001:00140550       ??__ETBC@@YAXXZ            00541550 f   TaskBar.obj
 0001:001405b0       ??__EPreRedraw@@YAXXZ      005415b0 f   TPreRedrawFunc.obj
 0001:001405c0       ??__ETreeCache@@YAXXZ      005415c0 f   treelist.obj
 0001:001405f0       ??__EtempTreeCache@@YAXXZ  005415f0 f   treelist.obj
 0001:00140620       ??__EEvents@@YAXXZ         00541620 f   window.obj
 0001:00140690       ??__EWindow@@YAXXZ         00541690 f   window.obj
 0001:001406d2       ??__Einitlocks@std@@YAXXZ  005416d2 f   libcpmt:xlock.obj
 0001:001406f0       ??__FstrKeyNameConsoleDetachKey@@YAXXZ 005416f0 f   config.obj
 0001:00140720       ??__FOpt@@YAXXZ            00541720 f   config.obj
 0001:00140730       ??__FTitleCS@@YAXXZ        00541730 f   constitle.obj
 0001:00140740       ??__FstrTitleAddons@?1??GetFarTitleAddons@@YAABVUnicodeString@@XZ@YAXXZ 00541740 f   constitle.obj
 0001:00140770       ??__FstrFarTitle@?1??SetFarTitle@ConsoleTitle@@SAXPB_W_N@Z@YAXXZ 00541770 f   constitle.obj
 0001:001407a0       ??__FstrBuild@?1??GetFarTitleAddons@@YAABVUnicodeString@@XZ@YAXXZ 005417a0 f   constitle.obj
 0001:001407e0       ??__FstrVer@?1??GetFarTitleAddons@@YAABVUnicodeString@@XZ@YAXXZ 005417e0 f   constitle.obj
 0001:00140820       ??__FstrTotalCopySizeText@@YAXXZ 00541820 f   copy.obj
 0001:00140850       ??__FWeekday@@YAXXZ        00541850 f   datetime.obj
 0001:00140890       ??__FMonth@@YAXXZ          00541890 f   datetime.obj
 0001:001408d0       ??__FAWeekday@@YAXXZ       005418d0 f   datetime.obj
 0001:00140910       ??__FAMonth@@YAXXZ         00541910 f   datetime.obj
 0001:00140950       ??__FstrId@?BP@??VMProcess@Dialog@@UAE_JHPAX_J@Z@YAXXZ 00541950 f   dialog.obj
 0001:00140980       ??__FstrLastReplaceStr@?1??Search@Editor@@AAEHH@Z@YAXXZ 00541980 f   editor.obj
 0001:001409b0       ??__FElevation@@YAXXZ      005419b0 f   elevation.obj
 0001:001409c0       ??__FstrAction@?N@??GetShellAction@@YAPB_WPB_WAAK1@Z@YAXXZ 005419c0 f   execute.obj
 0001:001409f0       ??__FstrRootKey@?O@??_xfilter@@YGKPAX@Z@YAXXZ 005419f0 f   farexcpt.obj
 0001:00140a20       ??__FstrFarEventSvc@?4??_xfilter@@YGKPAX@Z@YAXXZ 00541a20 f   farexcpt.obj
 0001:00140a50       ??__FstrCurrentDirectory@?1??strCurrentDirectory@@YAAAVUnicodeString@@XZ@YAXXZ 00541a50 f   farwinapi.obj
 0001:00140a80       ??__FFoldersFilter@@YAXXZ  00541a80 f   filefilter.obj
 0001:00140ae0       ??__FTempFilterData@@YAXXZ 00541ae0 f   filefilter.obj
 0001:00140af0       ??__FFilterData@@YAXXZ     00541af0 f   filefilter.obj
 0001:00140b00       ??__FstrLastFileName@?MA@??ProcessKey@FileList@@UAEHH@Z@YAXXZ 00541b00 f   filelist.obj
 0001:00140b30       ??__FstrPrevMask@?1??SelectFiles@FileList@@AAEJHPB_W@Z@YAXXZ 00541b30 f   filelist.obj
 0001:00140b60       ??__FstrPrevCommand@?1??ApplyCommand@FileList@@AAE_NXZ@YAXXZ 00541b60 f   filelist.obj
 0001:00140b90       ??__FSIDCache@@YAXXZ       00541b90 f   fileowner.obj
 0001:00140bb0       ??__FPluginCS@@YAXXZ       00541bb0 f   findfile.obj
 0001:00140bc0       ??__FPauseEvent@@YAXXZ     00541bc0 f   findfile.obj
 0001:00140bd0       ??__FStopEvent@@YAXXZ      00541bd0 f   findfile.obj
 0001:00140be0       ??__FstrFindStr@@YAXXZ     00541be0 f   findfile.obj
 0001:00140c10       ??__FstrFindMask@@YAXXZ    00541c10 f   findfile.obj
 0001:00140c40       ??__FstrLastDirName@@YAXXZ 00541c40 f   findfile.obj
 0001:00140c70       ??__FstrPluginSearchPath@@YAXXZ 00541c70 f   findfile.obj
 0001:00140ca0       ??__FFileMaskForFindFile@@YAXXZ 00541ca0 f   findfile.obj
 0001:00140cb0       ??__FstrSearchFromRoot@?1???0FindFiles@@QAE@XZ@YAXXZ 00541cb0 f   findfile.obj
 0001:00140ce0       ??__FstrLastFindStr@?1???0FindFiles@@QAE@XZ@YAXXZ 00541ce0 f   findfile.obj
 0001:00140d10       ??__FstrLastFindMask@?1???0FindFiles@@QAE@XZ@YAXXZ 00541d10 f   findfile.obj
 0001:00140d40       ??__Fitd@@YAXXZ            00541d40 f   findfile.obj
 0001:00140d80       ??__Fg_strFarModuleName@@YAXXZ 00541d80 f   global.obj
 0001:00140db0       ??__Fg_strFarPath@@YAXXZ   00541db0 f   global.obj
 0001:00140de0       ??__FstrGlobalSearchString@@YAXXZ 00541de0 f   global.obj
 0001:00140e10       ??__Fg_strDirToSet@@YAXXZ  00541e10 f   global.obj
 0001:00140e40       ??__FFS@@YAXXZ             00541e40 f   global.obj
 0001:00140e50       ??__Fifn@@YAXXZ            00541e50 f   imports.obj
 0001:00140e70       ??__FstrInitTitle@@YAXXZ   00541e70 f   interf.obj
 0001:00140ea0       ??__FstrTmpName@?9??KeyNameToKey@@YGHPB_W@Z@YAXXZ 00541ea0 f   keyboard.obj
 0001:00140ed0       ??__FLang@@YAXXZ           00541ed0 f   language.obj
 0001:00140f10       ??__FOldLang@@YAXXZ        00541f10 f   language.obj
 0001:00140f50       ??__F__varTextDate@@YAXXZ  00541f50 f   macro.obj
 0001:00140f70       ??__FVMStack@@YAXXZ        00541f70 f   macro.obj
 0001:00140f90       ??__FcurrVar@@YAXXZ        00541f90 f   macrocompiler.obj
 0001:00140fa0       ??__F_ErrWord@@YAXXZ       00541fa0 f   macrocompiler.obj
 0001:00140fd0       ??__FErrMessage@@YAXXZ     00541fd0 f   macrocompiler.obj
 0001:00141010       ??__FstrMsgHelpTopic@@YAXXZ 00542010 f   message.obj
 0001:00141040       ??__FstrDragName@@YAXXZ    00542040 f   panel.obj
 0001:00141070       ??__FErrSrc@?EJ@??FarAdvControl@@YGHHHPAX@Z@YAXXZ 00542070 f   plugapi.obj
 0001:001410a0       ??__FstrPluginSearchPath@@YAXXZ 005420a0 f   plugapi.obj
 0001:001410d0       ??__FDialogList@@YAXXZ     005420d0 f   PluginA.obj
 0001:001410f0       ??__FstrCurrentDirectory@?4??PutFiles@PluginW@@UAEHPAXPAUPluginPanelItem@@HHH@Z@YAXXZ 005420f0 f   PluginW.obj
 0001:00141120       ??__FstrFullKeyName@?3??CreateRegKey@@YAPAUHKEY__@@PB_W@Z@YAXXZ 00542120 f   registry.obj
 0001:00141150       ??__FstrFullKeyName@?3??OpenRegKey@@YAPAUHKEY__@@PB_W@Z@YAXXZ 00542150 f   registry.obj
 0001:00141180       ??__FScrBuf@@YAXXZ         00542180 f   scrbuf.obj
 0001:001411b0       ??__FstrLastPassword@?1??GetNameAndPassword@@YGHPB_WAAVUnicodeString@@10K@Z@YAXXZ 005421b0 f   stddlg.obj
 0001:001411e0       ??__FstrLastName@?1??GetNameAndPassword@@YGHPB_WAAVUnicodeString@@10K@Z@YAXXZ 005421e0 f   stddlg.obj
 0001:00141210       ??__FPluginSynchroManager@@YAXXZ 00542210 f   synchro.obj
 0001:00141230       ??__FTBC@@YAXXZ            00542230 f   TaskBar.obj
 0001:00141260       ??__FPreRedraw@@YAXXZ      00542260 f   TPreRedrawFunc.obj
 0001:00141270       ??__FtempTreeCache@@YAXXZ  00542270 f   treelist.obj
 0001:001412a0       ??__FTreeCache@@YAXXZ      005422a0 f   treelist.obj
 0001:001412d0       ??__FWindow@@YAXXZ         005422d0 f   window.obj
 0001:00141300       ??__FEvents@@YAXXZ         00542300 f   window.obj
 0001:00141334       ??__Finitlocks@std@@YAXXZ  00542334 f   libcpmt:xlock.obj
