 HlfViewer

 Timestamp is 4d49e339 (Thu Feb 03 00:05:29 2011)

 Preferred load address is 10000000

 Start         Length     Name                   Class
 0001:00000000 00000048H .idata$5                CODE
 0001:00000048 000000eaH .rdata                  CODE
 0001:00000140 00000be5H .text                   CODE
 0001:00000d28 00000028H .idata$2                CODE
 0001:00000d50 00000014H .idata$3                CODE
 0001:00000d64 00000048H .idata$4                CODE
 0001:00000dac 0000010aH .idata$6                CODE
 0001:00000ec0 000000ceH .edata                  CODE
 0002:00000000 000001d8H .data                   DATA
 0002:000001d8 00001360H .bss                    DATA
 0003:00000000 00000058H .rsrc$01                DATA
 0003:00000060 00000378H .rsrc$02                DATA

  Address         Publics by Value              Rva+Base       Lib:Object

 0000:00000000       ___safe_se_handler_count   00000000     <absolute>
 0000:00000000       ___safe_se_handler_table   00000000     <absolute>
 0001:00000000       __imp__RegSetValueExW@24   10001000     advapi32:ADVAPI32.dll
 0001:00000004       __imp__RegCloseKey@4       10001004     advapi32:ADVAPI32.dll
 0001:00000008       __imp__RegOpenKeyExW@20    10001008     advapi32:ADVAPI32.dll
 0001:0000000c       __imp__RegCreateKeyExW@36  1000100c     advapi32:ADVAPI32.dll
 0001:00000010       __imp__RegQueryValueExW@24 10001010     advapi32:ADVAPI32.dll
 0001:00000014       \177ADVAPI32_NULL_THUNK_DATA 10001014     advapi32:ADVAPI32.dll
 0001:00000018       __imp__lstrcpyW@8          10001018     kernel32:KERNEL32.dll
 0001:0000001c       __imp__GetFullPathNameW@16 1000101c     kernel32:KERNEL32.dll
 0001:00000020       __imp__lstrcatW@8          10001020     kernel32:KERNEL32.dll
 0001:00000024       __imp__GetProcessHeap@0    10001024     kernel32:KERNEL32.dll
 0001:00000028       __imp__HeapAlloc@12        10001028     kernel32:KERNEL32.dll
 0001:0000002c       __imp__CreateFileW@28      1000102c     kernel32:KERNEL32.dll
 0001:00000030       __imp__WriteFile@20        10001030     kernel32:KERNEL32.dll
 0001:00000034       __imp__CloseHandle@4       10001034     kernel32:KERNEL32.dll
 0001:00000038       __imp__DeleteFileW@4       10001038     kernel32:KERNEL32.dll
 0001:0000003c       __imp__lstrlenW@4          1000103c     kernel32:KERNEL32.dll
 0001:00000040       __imp__HeapFree@12         10001040     kernel32:KERNEL32.dll
 0001:00000044       \177KERNEL32_NULL_THUNK_DATA 10001044     kernel32:KERNEL32.dll
 0001:00000048       ??_C@_1O@BJPKKLLM@?$AAC?$AAo?$AAn?$AAf?$AAi?$AAg?$AA?$AA@ 10001048     HlfViewer.obj
 0001:00000058       ??_C@_17MEJHPLBO@?$AAc?$AAm?$AAd?$AA?$AA@ 10001058     HlfViewer.obj
 0001:00000060       ??_C@_1BC@ENICKDH@?$AAC?$AAo?$AAn?$AAt?$AAe?$AAn?$AAt?$AAs?$AA?$AA@ 10001060     HlfViewer.obj
 0001:00000074       ??_C@_1M@PALMNGCF@?$AAS?$AAt?$AAy?$AAl?$AAe?$AA?$AA@ 10001074     HlfViewer.obj
 0001:00000080       ??_C@_1CG@GFFDAIMK@?$AAP?$AAr?$AAo?$AAc?$AAe?$AAs?$AAs?$AAE?$AAd?$AAi?$AAt?$AAo?$AAr?$AAI?$AAn?$AAp?$AAu?$AAt?$AA?$AA@ 10001080     HlfViewer.obj
 0001:000000a8       ??_C@_1BE@IHEBLNLC@?$AAE?$AAd?$AAi?$AAt?$AAo?$AAr?$AAK?$AAe?$AAy?$AA?$AA@ 100010a8     HlfViewer.obj
 0001:000000bc       ??_C@_1O@JBBHAGJJ@?$AA?$CF?$AAs?$AA?$CF?$AAs?$AA?$CF?$AAs?$AA?$AA@ 100010bc     HlfViewer.obj
 0001:000000cc       ??_C@_11LOCGONAA@?$AA?$AA@ 100010cc     HlfViewer.obj
 0001:000000d0       ??_C@_13FPGAJAPJ@?$AA?2?$AA?$AA@ 100010d0     HlfViewer.obj
 0001:000000d4       ??_C@_1M@EFMNOFJK@?$AA?$CK?$AA?4?$AAh?$AAl?$AAf?$AA?$AA@ 100010d4     HlfViewer.obj
 0001:000000e0       ??_C@_1BG@IOFJDEI@?$AA?4?$AAL?$AAa?$AAn?$AAg?$AAu?$AAa?$AAg?$AAe?$AA?$DN?$AA?$AA@ 100010e0     HlfViewer.obj
 0001:000000f8       ??_C@_17KGEADEDI@?$AAH?$AAL?$AAF?$AA?$AA@ 100010f8     HlfViewer.obj
 0001:00000100       ??_C@_15JNBOKNOG@?$AA?$AN?$AA?6?$AA?$AA@ 10001100     HlfViewer.obj
 0001:00000108       ??_C@_19CPJEHIBK@?$AA?4?$AAh?$AAl?$AAf?$AA?$AA@ 10001108     HlfViewer.obj
 0001:00000114       ??_C@_15NPKLCIOJ@?$AAF?$AA1?$AA?$AA@ 10001114     HlfViewer.obj
 0001:0000011c       ??_C@_1BG@IKCKMGPF@?$AA?2?$AAH?$AAl?$AAf?$AAV?$AAi?$AAe?$AAw?$AAe?$AAr?$AA?$AA@ 1000111c     HlfViewer.obj
 0001:00000140       __alloca_probe             10001140     chkstk.obj
 0001:00000140       __chkstk                   10001140 f   chkstk.obj
 0001:0000016b       ?CreateRegKey@@YIPAUHKEY__@@PAU1@PB_W@Z 1000116b f   HlfViewer.obj
 0001:000001c3       ?OpenRegKey@@YIPAUHKEY__@@PAU1@PB_W@Z 100011c3 f   HlfViewer.obj
 0001:00000214       ?GetMsg@@YIPB_WH@Z         10001214 f   HlfViewer.obj
 0001:00000222       ?InitDialogItems@@YIXPBUInitDialogItem@@PAUFarDialogItem@@H@Z 10001222 f   HlfViewer.obj
 0001:00000291       ?CheckExtension@@YIHPB_W@Z 10001291 f   HlfViewer.obj
 0001:000002a0       ?ShowHelp@@YIXPB_W0_N@Z    100012a0 f   HlfViewer.obj
 0001:000002d9       ?RestorePosition@@YIXXZ    100012d9 f   HlfViewer.obj
 0001:0000031d       ?IsHlf@@YIHXZ              1000131d f   HlfViewer.obj
 0001:000003aa       ?FindTopic@@YIPB_WXZ       100013aa f   HlfViewer.obj
 0001:00000433       _GetMinFarVersionW@0       10001433 f   HlfViewer.obj
 0001:00000439       _GetPluginInfoW@4          10001439 f   HlfViewer.obj
 0001:000004a7       ?ShowHelpFromTempFile@@YIXXZ 100014a7 f   HlfViewer.obj
 0001:0000059c       ?SetRegKey@@YIXPAUHKEY__@@PB_W1K@Z 1000159c f   HlfViewer.obj
 0001:000005c5       ?SetRegKey@@YIXPAUHKEY__@@PB_W1PA_W@Z 100015c5 f   HlfViewer.obj
 0001:000005fa       ?GetRegKey@@YIHPAUHKEY__@@PB_W1AAHK@Z 100015fa f   HlfViewer.obj
 0001:0000064c       ?GetRegKey@@YIHPAUHKEY__@@PB_W1PA_W1K@Z 1000164c f   HlfViewer.obj
 0001:000006aa       _SetStartupInfoW@4         100016aa f   HlfViewer.obj
 0001:00000789       ?ShowCurrentHelpTopic@@YIXXZ 10001789 f   HlfViewer.obj
 0001:0000081b       _ConfigureW@4              1000181b f   HlfViewer.obj
 0001:00000a02       _OpenPluginW@8             10001a02 f   HlfViewer.obj
 0001:00000c15       _ProcessEditorInputW@4     10001c15 f   HlfViewer.obj
 0001:00000cb0       ??_V@YAXPAX@Z              10001cb0 f   libCRT:delete_array.obj
 0001:00000cc0       ??_U@YAPAXI@Z              10001cc0 f   libCRT:new_array.obj
 0001:00000cd0       ??3@YAXPAX@Z               10001cd0 f   libCRT:delete.obj
 0001:00000ce0       ??2@YAPAXI@Z               10001ce0 f   libCRT:new.obj
 0001:00000cf0       _free                      10001cf0 f   libCRT:free.obj
 0001:00000d10       _malloc                    10001d10 f   libCRT:malloc.obj
 0001:00000d28       __IMPORT_DESCRIPTOR_KERNEL32 10001d28     kernel32:KERNEL32.dll
 0001:00000d3c       __IMPORT_DESCRIPTOR_ADVAPI32 10001d3c     advapi32:ADVAPI32.dll
 0001:00000d50       __NULL_IMPORT_DESCRIPTOR   10001d50     kernel32:KERNEL32.dll
 0002:00000000       ?REGStr@@3URegistryStr@@A  10002000     HlfViewer.obj
 0002:00000010       ?HlfId@@3UHELPIDS@@A       10002010     HlfViewer.obj
 0002:000001d8       ?AddEndSlash@@3P6GHPA_W@ZA 100021d8     HlfViewer.obj
 0002:000001dc       ?PointToName@@3P6GPB_WPB_W@ZA 100021dc     HlfViewer.obj
 0002:000001e0       ?GetPathRoot@@3P6GHPB_WPA_WH@ZA 100021e0     HlfViewer.obj
 0002:000001e4       ?egs@@3UEditorGetString@@A 100021e4     HlfViewer.obj
 0002:000001fc       ?esp@@3UEditorSetPosition@@A 100021fc     HlfViewer.obj
 0002:00000214       ?FarSprintf@@3P6AHPA_WPB_WZZA 10002214     HlfViewer.obj
 0002:00000218       ?FullFileName@@3PA_WA      10002218     HlfViewer.obj
 0002:000004a4       ?Opt@@3UOptions@@A         100024a4     HlfViewer.obj
 0002:000004f8       ?PInfo@@3UPanelInfo@@A     100024f8     HlfViewer.obj
 0002:00000540       ?PluginRootKey@@3PA_WA     10002540     HlfViewer.obj
 0002:00000ac8       ?ei@@3UEditorInfo@@A       10002ac8     HlfViewer.obj

 entry point at        0000:00000000

 Static symbols

