 TmpPanel

 Timestamp is 4d49e3ad (Thu Feb 03 00:07:25 2011)

 Preferred load address is 10000000

 Start         Length     Name                   Class
 0001:00000000 000000a0H .idata$5                CODE
 0001:000000a0 000005f6H .rdata                  CODE
 0001:000006a0 00002d5fH .text                   CODE
 0001:00003400 0000003cH .idata$2                CODE
 0001:0000343c 00000014H .idata$3                CODE
 0001:00003450 000000a0H .idata$4                CODE
 0001:000034f0 0000027cH .idata$6                CODE
 0001:00003770 00000198H .edata                  CODE
 0002:00000000 00000010H .data                   DATA
 0002:00000010 00000c28H .bss                    DATA
 0003:00000000 00000058H .rsrc$01                DATA
 0003:00000060 00000370H .rsrc$02                DATA

  Address         Publics by Value              Rva+Base       Lib:Object

 0000:00000000       ___safe_se_handler_count   00000000     <absolute>
 0000:00000000       ___safe_se_handler_table   00000000     <absolute>
 0001:00000000       __imp__RegCreateKeyExW@36  10001000     advapi32:ADVAPI32.dll
 0001:00000004       __imp__RegQueryValueExW@24 10001004     advapi32:ADVAPI32.dll
 0001:00000008       __imp__RegOpenKeyExW@20    10001008     advapi32:ADVAPI32.dll
 0001:0000000c       __imp__RegCloseKey@4       1000100c     advapi32:ADVAPI32.dll
 0001:00000010       __imp__RegSetValueExW@24   10001010     advapi32:ADVAPI32.dll
 0001:00000014       \177ADVAPI32_NULL_THUNK_DATA 10001014     advapi32:ADVAPI32.dll
 0001:00000018       __imp__CloseHandle@4       10001018     kernel32:KERNEL32.dll
 0001:0000001c       __imp__CreateFileMappingW@24 1000101c     kernel32:KERNEL32.dll
 0001:00000020       __imp__GetFileSize@8       10001020     kernel32:KERNEL32.dll
 0001:00000024       __imp__CreateFileW@28      10001024     kernel32:KERNEL32.dll
 0001:00000028       __imp__lstrcmpW@8          10001028     kernel32:KERNEL32.dll
 0001:0000002c       __imp__DeleteFileW@4       1000102c     kernel32:KERNEL32.dll
 0001:00000030       __imp__WaitForSingleObject@8 10001030     kernel32:KERNEL32.dll
 0001:00000034       __imp__CreateProcessW@40   10001034     kernel32:KERNEL32.dll
 0001:00000038       __imp__SetConsoleTitleW@4  10001038     kernel32:KERNEL32.dll
 0001:0000003c       __imp__GetConsoleTitleW@8  1000103c     kernel32:KERNEL32.dll
 0001:00000040       __imp__GetStdHandle@4      10001040     kernel32:KERNEL32.dll
 0001:00000044       __imp__lstrcmpiW@8         10001044     kernel32:KERNEL32.dll
 0001:00000048       __imp__MapViewOfFile@20    10001048     kernel32:KERNEL32.dll
 0001:0000004c       __imp__GetFileTime@16      1000104c     kernel32:KERNEL32.dll
 0001:00000050       __imp__FindClose@4         10001050     kernel32:KERNEL32.dll
 0001:00000054       __imp__FindFirstFileW@8    10001054     kernel32:KERNEL32.dll
 0001:00000058       __imp__GetFileAttributesW@4 10001058     kernel32:KERNEL32.dll
 0001:0000005c       __imp__FindNextFileW@8     1000105c     kernel32:KERNEL32.dll
 0001:00000060       __imp__WriteFile@20        10001060     kernel32:KERNEL32.dll
 0001:00000064       __imp__ExpandEnvironmentStringsW@12 10001064     kernel32:KERNEL32.dll
 0001:00000068       __imp__SearchPathW@24      10001068     kernel32:KERNEL32.dll
 0001:0000006c       __imp__HeapAlloc@12        1000106c     kernel32:KERNEL32.dll
 0001:00000070       __imp__GetProcessHeap@0    10001070     kernel32:KERNEL32.dll
 0001:00000074       __imp__HeapFree@12         10001074     kernel32:KERNEL32.dll
 0001:00000078       __imp__HeapReAlloc@16      10001078     kernel32:KERNEL32.dll
 0001:0000007c       __imp__MultiByteToWideChar@24 1000107c     kernel32:KERNEL32.dll
 0001:00000080       __imp__UnmapViewOfFile@4   10001080     kernel32:KERNEL32.dll
 0001:00000084       __imp__lstrlenW@4          10001084     kernel32:KERNEL32.dll
 0001:00000088       __imp__lstrcpyW@8          10001088     kernel32:KERNEL32.dll
 0001:0000008c       __imp__lstrcpynW@12        1000108c     kernel32:KERNEL32.dll
 0001:00000090       __imp__lstrcatW@8          10001090     kernel32:KERNEL32.dll
 0001:00000094       \177KERNEL32_NULL_THUNK_DATA 10001094     kernel32:KERNEL32.dll
 0001:00000098       __imp__ShellExecuteW@24    10001098     shell32:SHELL32.dll
 0001:0000009c       \177SHELL32_NULL_THUNK_DATA 1000109c     shell32:SHELL32.dll
 0001:000000a0       ??_C@_1BE@FNDGIENG@?$AA?2?$AAT?$AAm?$AAp?$AAP?$AAa?$AAn?$AAe?$AAl?$AA?$AA@ 100010a0     TmpPanel.obj
 0001:000000b4       ??_C@_19BDAJEHDN@?$AAo?$AAp?$AAe?$AAn?$AA?$AA@ 100010b4     TmpPanel.obj
 0001:000000c0       ??_C@_1BC@ENICKDH@?$AAC?$AAo?$AAn?$AAt?$AAe?$AAn?$AAt?$AAs?$AA?$AA@ 100010c0     TmpPanel.obj
 0001:000000dc       ??_C@_15KIOHKAAB@?$AA?$CK?$AA?4?$AA?$AA@ 100010dc     TmpPanel.obj
 0001:000000e4       ??_C@_13IMODFHAA@?$AA?9?$AA?$AA@ 100010e4     TmpPanel.obj
 0001:000000e8       ??_C@_1BM@MDBPDFDA@?$AA?$CF?$AAC?$AAO?$AAM?$AAS?$AAP?$AAE?$AAC?$AA?$CF?$AA?5?$AA?1?$AAc?$AA?5?$AA?$AA@ 100010e8     TmpPanel.obj
 0001:00000104       ??_C@_1O@CILPHMLJ@?$AAF?$AAA?$AAR?$AAT?$AAM?$AAP?$AA?$AA@ 10001104     TmpPanel.obj
 0001:00000168       ??_C@_17GNJCADOE@?$AAt?$AAm?$AAp?$AA?$AA@ 10001168     TmpCfg.obj
 0001:00000170       ??_C@_1O@HIOLBLLI@?$AA?$CK?$AA?4?$AAt?$AAe?$AAm?$AAp?$AA?$AA@ 10001170     TmpCfg.obj
 0001:00000180       ??_C@_1BA@HANPCFLL@?$AA0?$AA?0?$AA8?$AA?0?$AA0?$AA?0?$AA5?$AA?$AA@ 10001180     TmpCfg.obj
 0001:00000190       ??_C@_1BE@CNONJJPK@?$AAN?$AAR?$AA?0?$AAS?$AAC?$AA?0?$AAD?$AA?0?$AAT?$AA?$AA@ 10001190     TmpCfg.obj
 0001:000001a4       ??_C@_17FKOBGGOI@?$AA0?$AA?0?$AA8?$AA?$AA@ 100011a4     TmpCfg.obj
 0001:000001ac       ??_C@_17PBMJFEI@?$AAN?$AA?0?$AAS?$AA?$AA@ 100011ac     TmpCfg.obj
 0001:000001b4       ??_C@_11LOCGONAA@?$AA?$AA@ 100011b4     TmpCfg.obj
 0001:00000378       ??_C@_1O@BJPKKLLM@?$AAC?$AAo?$AAn?$AAf?$AAi?$AAg?$AA?$AA@ 10001378     TmpCfg.obj
 0001:00000578       ??_C@_1O@OCNONAPA@?$AA?5?$AA?$CF?$AAs?$AA?$CF?$AAs?$AA?5?$AA?$AA@ 10001578     TmpClass.obj
 0001:00000588       ??_C@_19NHGNNLNG@?$AA?$CI?$AAR?$AA?$CJ?$AA?5?$AA?$AA@ 10001588     TmpClass.obj
 0001:00000594       ??_C@_13FPGAJAPJ@?$AA?2?$AA?$AA@ 10001594     TmpClass.obj
 0001:00000598       ??_C@_1BC@JIEGIPND@?$AA?5?$AA?5?$AA?5?$AA?$CF?$AAs?$AA?5?$AA?$CF?$AAd?$AA?$AA@ 10001598     TmpClass.obj
 0001:000005c4       ??_C@_1BE@BNONMOPA@?$AA?2?$AA?2?$AA?4?$AA?2?$AAc?$AAd?$AAr?$AAo?$AAm?$AA?$AA@ 100015c4     TmpClass.obj
 0001:000005d8       ??_C@_1CE@JKDBMIKG@?$AA?2?$AA?2?$AA?4?$AA?2?$AAP?$AAh?$AAy?$AAs?$AAi?$AAc?$AAa?$AAl?$AAD?$AAr?$AAi?$AAv?$AAe?$AA?$AA@ 100015d8     TmpClass.obj
 0001:000005fc       ??_C@_19BKJMDJK@?$AA?2?$AA?2?$AA?4?$AA?2?$AA?$AA@ 100015fc     TmpClass.obj
 0001:00000608       ??_C@_13BBDEGPLJ@?$AA?$CK?$AA?$AA@ 10001608     TmpClass.obj
 0001:0000060c       ??_C@_15DDHGOCBH@?$AA?4?$AA?4?$AA?$AA@ 1000160c     TmpClass.obj
 0001:00000618       ??_C@_15JNBOKNOG@?$AA?$AN?$AA?6?$AA?$AA@ 10001618     TmpClass.obj
 0001:00000620       ??_C@_1CE@FHMHDLFC@?$AAT?$AAm?$AAp?$AAP?$AAa?$AAn?$AAe?$AAl?$AA?4?$AAS?$AAa?$AAv?$AAe?$AAL?$AAi?$AAs?$AAt?$AA?$AA@ 10001620     TmpClass.obj
 0001:00000644       ??_C@_1M@HCONLDPB@?$AAp?$AAa?$AAn?$AAe?$AAl?$AA?$AA@ 10001644     TmpClass.obj
 0001:00000650       ??_C@_13JOFGPIOO@?$AA?4?$AA?$AA@ 10001650     TmpClass.obj
 0001:00000654       ??_C@_19MJCDBCKE@?$AA?2?$AA?2?$AA?$DP?$AA?2?$AA?$AA@ 10001654     TmpMix.obj
 0001:00000660       ??_C@_1BC@NAEGMMKI@?$AA?2?$AA?2?$AA?$DP?$AA?2?$AAU?$AAN?$AAC?$AA?2?$AA?$AA@ 10001660     TmpMix.obj
 0001:00000674       ??_C@_1CC@OPFFOEHP@?$AA?$CF?$AAF?$AAA?$AAR?$AAH?$AAO?$AAM?$AAE?$AA?$CF?$AA?$DL?$AA?$CF?$AAP?$AAA?$AAT?$AAH?$AA?$CF?$AA?$AA@ 10001674     TmpMix.obj
 0001:000006a0       __alloca_probe             100016a0     chkstk.obj
 0001:000006a0       __chkstk                   100016a0 f   chkstk.obj
 0001:000006cb       ?Reset@StrBuf@@QAEXH@Z     100016cb f i TmpPanel.obj
 0001:000006f9       _SetStartupInfoW@4         100016f9 f   TmpPanel.obj
 0001:0000079f       _ExitFARW@0                1000179f f   TmpPanel.obj
 0001:000007c8       _GetFindDataW@16           100017c8 f   TmpPanel.obj
 0001:000007e0       _GetPluginInfoW@4          100017e0 f   TmpPanel.obj
 0001:00000863       _GetOpenPluginInfoW@8      10001863 f   TmpPanel.obj
 0001:00000873       _SetDirectoryW@12          10001873 f   TmpPanel.obj
 0001:00000887       _PutFilesW@24              10001887 f   TmpPanel.obj
 0001:000008a5       _SetFindListW@12           100018a5 f   TmpPanel.obj
 0001:000008b9       _ProcessEventW@12          100018b9 f   TmpPanel.obj
 0001:000008cd       _ProcessKeyW@12            100018cd f   TmpPanel.obj
 0001:000008e1       _ConfigureW@4              100018e1 f   TmpPanel.obj
 0001:000008f1       _GetMinFarVersionW@0       100018f1 f   TmpPanel.obj
 0001:000008f7       ?ReadFileLines@@YIXPAXKPAPA_WPA_WPAI3@Z 100018f7 f   TmpPanel.obj
 0001:00000df4       _OpenFilePluginW@16        10001df4 f   TmpPanel.obj
 0001:00000e86       _ClosePluginW@4            10001e86 f   TmpPanel.obj
 0001:000010ce       _OpenPluginW@8             100020ce f   TmpPanel.obj
 0001:000012e9       ?GetOptions@@YIXXZ         100022e9 f   TmpCfg.obj
 0001:000013be       ?Config@@YIHXZ             100023be f   TmpCfg.obj
 0001:00001582       ??1TmpPanel@@QAE@XZ        10002582 f   TmpClass.obj
 0001:00001596       ?GetOpenPluginInfo@TmpPanel@@QAEXPAUOpenPluginInfo@@@Z 10002596 f   TmpClass.obj
 0001:000016dd       ?SetDirectory@TmpPanel@@QAEHPB_WH@Z 100026dd f   TmpClass.obj
 0001:00001717       ?PutDirectoryContents@TmpPanel@@QAEHPB_W@Z 10002717 f   TmpClass.obj
 0001:00001849       ?PutOneFile@TmpPanel@@QAEHPB_WAAUPluginPanelItem@@@Z 10002849 f   TmpClass.obj
 0001:0000191b       ?SortListCmp@@YAHPBX0PAX@Z 1000291b f   TmpClass.obj
 0001:0000195c       ?RemoveEmptyItems@TmpPanel@@AAEXXZ 1000295c f   TmpClass.obj
 0001:00001a2a       ?SwitchToPanel@TmpPanel@@AAEXH@Z 10002a2a f   TmpClass.obj
 0001:00001aa8       ?ProcessPanelSwitchMenu@TmpPanel@@AAEXXZ 10002aa8 f   TmpClass.obj
 0001:00001b82       ?IsOwnersDisplayed@TmpPanel@@AAEHPB_W@Z 10002b82 f   TmpClass.obj
 0001:00001bcb       ?IsLinksDisplayed@TmpPanel@@AAEHPB_W@Z 10002bcb f   TmpClass.obj
 0001:00001c22       ?isDevice@@YI_NPB_W0@Z     10002c22 f i TmpClass.obj
 0001:00001c6d       ?GetFileInfoAndValidate@TmpPanel@@SI_NPB_WPAUFAR_FIND_DATA@@H@Z 10002c6d f   TmpClass.obj
 0001:00001e64       ?IfOptCommonPanel@TmpPanel@@QAEXXZ 10002e64 f   TmpClass.obj
 0001:00001e85       ??0TmpPanel@@QAE@XZ        10002e85 f   TmpClass.obj
 0001:00001ea5       ?BeginPutFiles@TmpPanel@@QAEPAXXZ 10002ea5 f   TmpClass.obj
 0001:00001efc       ?PutOneFile@TmpPanel@@QAEHPB_W@Z 10002efc f   TmpClass.obj
 0001:00001f6c       ?FindSearchResultsPanel@TmpPanel@@AAEXXZ 10002f6c f   TmpClass.obj
 0001:00002002       ?RemoveDups@TmpPanel@@AAEXXZ 10003002 f   TmpClass.obj
 0001:0000209e       ?UpdateItems@TmpPanel@@AAEXHH@Z 1000309e f   TmpClass.obj
 0001:000023c2       ?ProcessEvent@TmpPanel@@QAEHHPAX@Z 100033c2 f   TmpClass.obj
 0001:0000247a       ?IsCurrentFileCorrect@TmpPanel@@AAE_NPAPA_W@Z 1000347a f   TmpClass.obj
 0001:00002525       ?ProcessRemoveKey@TmpPanel@@AAEXXZ 10003525 f   TmpClass.obj
 0001:000025e3       ?SaveListFile@TmpPanel@@AAEXPB_W@Z 100035e3 f   TmpClass.obj
 0001:000026f9       ?GetFindData@TmpPanel@@QAEHPAPAUPluginPanelItem@@PAHH@Z 100036f9 f   TmpClass.obj
 0001:0000276e       ?CommitPutFiles@TmpPanel@@QAEXPAXH@Z 1000376e f   TmpClass.obj
 0001:00002787       ?SetFindList@TmpPanel@@QAEHPBUPluginPanelItem@@H@Z 10003787 f   TmpClass.obj
 0001:00002849       ?ProcessSaveListKey@TmpPanel@@AAEXXZ 10003849 f   TmpClass.obj
 0001:0000297f       ?PutFiles@TmpPanel@@QAEHPAUPluginPanelItem@@HHPB_WH@Z 1000397f f   TmpClass.obj
 0001:000029d5       ?ProcessKey@TmpPanel@@QAEHHI@Z 100039d5 f   TmpClass.obj
 0001:00002c2c       ?GetMsg@@YIPB_WH@Z         10003c2c f   TmpMix.obj
 0001:00002c3a       ?InitDialogItems@@YIXPBU_MyInitDialogItem@@PAUFarDialogItem@@H@Z 10003c3a f   TmpMix.obj
 0001:00002caa       ?FreePanelItems@@YIXPAUPluginPanelItem@@K@Z 10003caa f   TmpMix.obj
 0001:00002ce8       ?ParseParam@@YIPA_WAAPA_W@Z 10003ce8 f   TmpMix.obj
 0001:00002d21       ?WFD2FFD@@YIXAAU_WIN32_FIND_DATAW@@AAUFAR_FIND_DATA@@@Z 10003d21 f   TmpMix.obj
 0001:00002d87       ?FormNtPath@@YIPA_WPB_WAAVStrBuf@@@Z 10003d87 f   TmpMix.obj
 0001:00002e3c       ?ExpandEnvStrs@@YIPA_WPB_WAAVStrBuf@@@Z 10003e3c f   TmpMix.obj
 0001:00002ea9       ?GetFullPath@@YIPA_WPB_WAAVStrBuf@@@Z 10003ea9 f   TmpMix.obj
 0001:00002ef1       ?GoToFile@@YIXPB_WH@Z      10003ef1 f   TmpMix.obj
 0001:0000303a       ?FindListFile@@YI_NPB_WAAVStrBuf@@@Z 1000403a f   TmpMix.obj
 0001:000031f0       _malloc                    100041f0 f   libCRT:malloc.obj
 0001:00003210       _free                      10004210 f   libCRT:free.obj
 0001:00003230       _calloc                    10004230 f   libCRT:calloc.obj
 0001:00003250       _memset                    10004250 f   libCRT:memset.obj
 0001:00003290       ??3@YAXPAX@Z               10004290 f   libCRT:delete.obj
 0001:000032a0       _memcpy                    100042a0 f   libCRT:memcpy.obj
 0001:000032d0       _wcsdup                    100042d0 f   libCRT:strdup.obj
 0001:00003300       ??2@YAPAXI@Z               10004300 f   libCRT:new.obj
 0001:00003310       _wcschr                    10004310 f   libCRT:strchr.obj
 0001:00003340       _realloc                   10004340 f   libCRT:realloc.obj
 0001:00003390       _wcsrchr                   10004390 f   libCRT:strrchr.obj
 0001:000033c0       ??_V@YAXPAX@Z              100043c0 f   libCRT:delete_array.obj
 0001:000033d0       ??_U@YAPAXI@Z              100043d0 f   libCRT:new_array.obj
 0001:000033e0       __allshl                   100043e0 f   libCRT:vc_llshl.obj
 0001:00003400       __IMPORT_DESCRIPTOR_KERNEL32 10004400     kernel32:KERNEL32.dll
 0001:00003414       __IMPORT_DESCRIPTOR_ADVAPI32 10004414     advapi32:ADVAPI32.dll
 0001:00003428       __IMPORT_DESCRIPTOR_SHELL32 10004428     shell32:SHELL32.dll
 0001:0000343c       __NULL_IMPORT_DESCRIPTOR   1000443c     kernel32:KERNEL32.dll
 0002:00000010       ?CommonPanels@@3PAU_PluginPanels@@A 10005010     TmpPanel.obj
 0002:00000088       ?Info@@3UPluginStartupInfo@@A 10005088     TmpPanel.obj
 0002:0000010c       ?PluginRootKey@@3PA_WA     1000510c     TmpPanel.obj
 0002:00000110       ?CurrentCommonPanel@@3IA   10005110     TmpPanel.obj
 0002:00000118       ?FSF@@3UFarStandardFunctions@@A 10005118     TmpPanel.obj
 0002:00000208       ?StartupOptCommonPanel@@3HA 10005208     TmpCfg.obj
 0002:0000020c       ?StartupOpenFrom@@3HA      1000520c     TmpCfg.obj
 0002:00000210       ?StartupOptFullScreenPanel@@3HA 10005210     TmpCfg.obj
 0002:00000218       ?Opt@@3Uoptions_s@@A       10005218     TmpCfg.obj

 entry point at        0000:00000000

 Static symbols

 0001:00000aae       ?ReadFileList@@YIXPA_WPAHPAPAPA_W@Z 10001aae f   TmpPanel.obj
 0001:00000b7e       ?ProcessList@@YIXPAXPA_WH@Z 10001b7e f   TmpPanel.obj
 0001:00000c15       ?ShowMenuFromList@@YIXPA_W@Z 10001c15 f   TmpPanel.obj
 0001:00000ea1       ?OpenPanelFromOutput@@YIPAXPA_W@Z 10001ea1 f   TmpPanel.obj
