 ftpDirList

 Timestamp is 4d49e3ea (Thu Feb 03 00:08:26 2011)

 Preferred load address is 10000000

 Start         Length     Name                   Class
 0001:00000000 00000150H .idata$5                CODE
 0001:00000150 00000004H .CRT$XCA                CODE
 0001:00000154 00000004H .CRT$XCZ                CODE
 0001:00000158 00000004H .CRT$XIA                CODE
 0001:0000015c 00000014H .CRT$XIC                CODE
 0001:00000170 00000004H .CRT$XIZ                CODE
 0001:00000174 00000004H .CRT$XPA                CODE
 0001:00000178 00000004H .CRT$XPX                CODE
 0001:0000017c 00000004H .CRT$XPXA               CODE
 0001:00000180 00000004H .CRT$XPZ                CODE
 0001:00000184 00000004H .CRT$XTA                CODE
 0001:00000188 00000004H .CRT$XTZ                CODE
 0001:00000190 00001d78H .rdata                  CODE
 0001:00001f08 000000dcH .rdata$r                CODE
 0001:00001ff0 0000000cH .rdata$sxdata           CODE
 0001:00001ffc 00000004H .rtc$IAA                CODE
 0001:00002000 00000004H .rtc$IZZ                CODE
 0001:00002004 00000004H .rtc$TAA                CODE
 0001:00002008 00000004H .rtc$TZZ                CODE
 0001:00002010 0000dd62H .text                   CODE
 0001:0000fd72 00000014H .text$yd                CODE
 0001:0000fd88 00000464H .xdata$x                CODE
 0001:000101ec 00000014H .idata$2                CODE
 0001:00010200 00000014H .idata$3                CODE
 0001:00010214 00000150H .idata$4                CODE
 0001:00010364 00000608H .idata$6                CODE
 0001:00010970 00000053H .edata                  CODE
 0002:00000000 000011bcH .data                   DATA
 0002:000011c0 00001c64H .bss                    DATA
 0003:00000000 00000058H .rsrc$01                DATA
 0003:00000060 00000370H .rsrc$02                DATA

  Address         Publics by Value              Rva+Base       Lib:Object

 0000:00000000       __except_list              00000000     <absolute>
 0000:00000003       ___safe_se_handler_count   00000003     <absolute>
 0000:00000000       ___ImageBase               10000000     <linker-defined>
 0001:00000000       __imp__FileTimeToSystemTime@8 10001000     kernel32:KERNEL32.dll
 0001:00000004       __imp__FileTimeToLocalFileTime@8 10001004     kernel32:KERNEL32.dll
 0001:00000008       __imp__CompareFileTime@8   10001008     kernel32:KERNEL32.dll
 0001:0000000c       __imp__LocalFileTimeToFileTime@8 1000100c     kernel32:KERNEL32.dll
 0001:00000010       __imp__SystemTimeToFileTime@8 10001010     kernel32:KERNEL32.dll
 0001:00000014       __imp__GetLocalTime@4      10001014     kernel32:KERNEL32.dll
 0001:00000018       __imp__GetSystemTime@4     10001018     kernel32:KERNEL32.dll
 0001:0000001c       __imp__GetCurrentThreadId@0 1000101c     kernel32:KERNEL32.dll
 0001:00000020       __imp__GetCommandLineA@0   10001020     kernel32:KERNEL32.dll
 0001:00000024       __imp__HeapFree@12         10001024     kernel32:KERNEL32.dll
 0001:00000028       __imp__GetVersionExA@4     10001028     kernel32:KERNEL32.dll
 0001:0000002c       __imp__HeapAlloc@12        1000102c     kernel32:KERNEL32.dll
 0001:00000030       __imp__GetProcessHeap@0    10001030     kernel32:KERNEL32.dll
 0001:00000034       __imp__GetCPInfo@8         10001034     kernel32:KERNEL32.dll
 0001:00000038       __imp__InterlockedIncrement@4 10001038     kernel32:KERNEL32.dll
 0001:0000003c       __imp__InterlockedDecrement@4 1000103c     kernel32:KERNEL32.dll
 0001:00000040       __imp__GetACP@0            10001040     kernel32:KERNEL32.dll
 0001:00000044       __imp__GetOEMCP@0          10001044     kernel32:KERNEL32.dll
 0001:00000048       __imp__IsValidCodePage@4   10001048     kernel32:KERNEL32.dll
 0001:0000004c       __imp__GetModuleHandleA@4  1000104c     kernel32:KERNEL32.dll
 0001:00000050       __imp__GetProcAddress@8    10001050     kernel32:KERNEL32.dll
 0001:00000054       __imp__TlsGetValue@4       10001054     kernel32:KERNEL32.dll
 0001:00000058       __imp__TlsAlloc@0          10001058     kernel32:KERNEL32.dll
 0001:0000005c       __imp__TlsSetValue@8       1000105c     kernel32:KERNEL32.dll
 0001:00000060       __imp__TlsFree@4           10001060     kernel32:KERNEL32.dll
 0001:00000064       __imp__SetLastError@4      10001064     kernel32:KERNEL32.dll
 0001:00000068       __imp__GetLastError@0      10001068     kernel32:KERNEL32.dll
 0001:0000006c       __imp__LCMapStringA@24     1000106c     kernel32:KERNEL32.dll
 0001:00000070       __imp__WideCharToMultiByte@32 10001070     kernel32:KERNEL32.dll
 0001:00000074       __imp__MultiByteToWideChar@24 10001074     kernel32:KERNEL32.dll
 0001:00000078       __imp__LCMapStringW@24     10001078     kernel32:KERNEL32.dll
 0001:0000007c       __imp__RaiseException@16   1000107c     kernel32:KERNEL32.dll
 0001:00000080       __imp__TerminateProcess@8  10001080     kernel32:KERNEL32.dll
 0001:00000084       __imp__GetCurrentProcess@0 10001084     kernel32:KERNEL32.dll
 0001:00000088       __imp__UnhandledExceptionFilter@4 10001088     kernel32:KERNEL32.dll
 0001:0000008c       __imp__SetUnhandledExceptionFilter@4 1000108c     kernel32:KERNEL32.dll
 0001:00000090       __imp__IsDebuggerPresent@0 10001090     kernel32:KERNEL32.dll
 0001:00000094       __imp__GetTimeZoneInformation@4 10001094     kernel32:KERNEL32.dll
 0001:00000098       __imp__ExitProcess@4       10001098     kernel32:KERNEL32.dll
 0001:0000009c       __imp__Sleep@4             1000109c     kernel32:KERNEL32.dll
 0001:000000a0       __imp__SetHandleCount@4    100010a0     kernel32:KERNEL32.dll
 0001:000000a4       __imp__GetStdHandle@4      100010a4     kernel32:KERNEL32.dll
 0001:000000a8       __imp__GetFileType@4       100010a8     kernel32:KERNEL32.dll
 0001:000000ac       __imp__GetStartupInfoA@4   100010ac     kernel32:KERNEL32.dll
 0001:000000b0       __imp__DeleteCriticalSection@4 100010b0     kernel32:KERNEL32.dll
 0001:000000b4       __imp__GetModuleFileNameA@12 100010b4     kernel32:KERNEL32.dll
 0001:000000b8       __imp__FreeEnvironmentStringsA@4 100010b8     kernel32:KERNEL32.dll
 0001:000000bc       __imp__GetEnvironmentStrings@0 100010bc     kernel32:KERNEL32.dll
 0001:000000c0       __imp__FreeEnvironmentStringsW@4 100010c0     kernel32:KERNEL32.dll
 0001:000000c4       __imp__GetEnvironmentStringsW@0 100010c4     kernel32:KERNEL32.dll
 0001:000000c8       __imp__HeapDestroy@4       100010c8     kernel32:KERNEL32.dll
 0001:000000cc       __imp__HeapCreate@12       100010cc     kernel32:KERNEL32.dll
 0001:000000d0       __imp__VirtualFree@12      100010d0     kernel32:KERNEL32.dll
 0001:000000d4       __imp__QueryPerformanceCounter@4 100010d4     kernel32:KERNEL32.dll
 0001:000000d8       __imp__GetTickCount@0      100010d8     kernel32:KERNEL32.dll
 0001:000000dc       __imp__GetCurrentProcessId@0 100010dc     kernel32:KERNEL32.dll
 0001:000000e0       __imp__GetSystemTimeAsFileTime@4 100010e0     kernel32:KERNEL32.dll
 0001:000000e4       __imp__GetStringTypeA@20   100010e4     kernel32:KERNEL32.dll
 0001:000000e8       __imp__GetStringTypeW@16   100010e8     kernel32:KERNEL32.dll
 0001:000000ec       __imp__LeaveCriticalSection@4 100010ec     kernel32:KERNEL32.dll
 0001:000000f0       __imp__EnterCriticalSection@4 100010f0     kernel32:KERNEL32.dll
 0001:000000f4       __imp__GetLocaleInfoA@16   100010f4     kernel32:KERNEL32.dll
 0001:000000f8       __imp__VirtualAlloc@16     100010f8     kernel32:KERNEL32.dll
 0001:000000fc       __imp__HeapReAlloc@16      100010fc     kernel32:KERNEL32.dll
 0001:00000100       __imp__HeapSize@12         10001100     kernel32:KERNEL32.dll
 0001:00000104       __imp__WriteFile@20        10001104     kernel32:KERNEL32.dll
 0001:00000108       __imp__LoadLibraryA@4      10001108     kernel32:KERNEL32.dll
 0001:0000010c       __imp__InitializeCriticalSection@4 1000110c     kernel32:KERNEL32.dll
 0001:00000110       __imp__RtlUnwind@16        10001110     kernel32:KERNEL32.dll
 0001:00000114       __imp__ReadFile@20         10001114     kernel32:KERNEL32.dll
 0001:00000118       __imp__CompareStringA@24   10001118     kernel32:KERNEL32.dll
 0001:0000011c       __imp__CompareStringW@24   1000111c     kernel32:KERNEL32.dll
 0001:00000120       __imp__SetEnvironmentVariableA@8 10001120     kernel32:KERNEL32.dll
 0001:00000124       __imp__SetFilePointer@16   10001124     kernel32:KERNEL32.dll
 0001:00000128       __imp__SetStdHandle@8      10001128     kernel32:KERNEL32.dll
 0001:0000012c       __imp__GetConsoleCP@0      1000112c     kernel32:KERNEL32.dll
 0001:00000130       __imp__GetConsoleMode@8    10001130     kernel32:KERNEL32.dll
 0001:00000134       __imp__FlushFileBuffers@4  10001134     kernel32:KERNEL32.dll
 0001:00000138       __imp__CloseHandle@4       10001138     kernel32:KERNEL32.dll
 0001:0000013c       __imp__WriteConsoleA@20    1000113c     kernel32:KERNEL32.dll
 0001:00000140       __imp__GetConsoleOutputCP@0 10001140     kernel32:KERNEL32.dll
 0001:00000144       __imp__WriteConsoleW@20    10001144     kernel32:KERNEL32.dll
 0001:00000148       __imp__CreateFileA@28      10001148     kernel32:KERNEL32.dll
 0001:0000014c       \177KERNEL32_NULL_THUNK_DATA 1000114c     kernel32:KERNEL32.dll
 0001:00000150       ___xc_a                    10001150     LIBCMT:crt0init.obj
 0001:00000154       ___xc_z                    10001154     LIBCMT:crt0init.obj
 0001:00000158       ___xi_a                    10001158     LIBCMT:crt0init.obj
 0001:00000170       ___xi_z                    10001170     LIBCMT:crt0init.obj
 0001:00000174       ___xp_a                    10001174     LIBCMT:crt0init.obj
 0001:00000180       ___xp_z                    10001180     LIBCMT:crt0init.obj
 0001:00000184       ___xt_a                    10001184     LIBCMT:crt0init.obj
 0001:00000188       ___xt_z                    10001188     LIBCMT:crt0init.obj
 0001:00000190       ??_C@_0L@LKMKNEFL@MVS?5system?$AA@ 10001190     Main.obj
 0001:0000019c       ??_C@_07COGALDAG@MVS?5?5?5?5?$AA@ 1000119c     Main.obj
 0001:000001a4       ??_C@_0L@IKDFEDGL@IBM?5OS?1400?$AA@ 100011a4     Main.obj
 0001:000001b0       ??_C@_07JLMCJDML@OS?1400?5?$AA@ 100011b0     Main.obj
 0001:000001b8       ??_C@_0BJ@LBJMKEKK@PC?1TCP?5v?52?411?5ftpsrv?4exe?$AA@ 100011b8     Main.obj
 0001:000001d4       ??_C@_07PBOIJPJN@PC?1TCP?5?$AA@ 100011d4     Main.obj
 0001:000001dc       ??_C@_0BE@HAMJIDCJ@VX?5DOS?5style?5parser?$AA@ 100011dc     Main.obj
 0001:000001f0       ??_C@_07FNFMPKKL@VxWorks?$AA@ 100011f0     Main.obj
 0001:000001f8       ??_C@_0BE@FJIDFMJF@NETWARE?5file?5server?$AA@ 100011f8     Main.obj
 0001:0000020c       ??_C@_07GIGAFDLJ@Netware?$AA@ 1000120c     Main.obj
 0001:00000214       ??_C@_0DC@FKONJBLM@File?5listing?5generated?5by?5some?5c@ 10001214     Main.obj
 0001:00000248       ??_C@_07FPBIOEJD@Komut?5?5?$AA@ 10001248     Main.obj
 0001:00000250       ??_C@_0BD@JGGLDPLP@OS?12?5native?5format?$AA@ 10001250     Main.obj
 0001:00000264       ??_C@_07FILNJCIE@OS?12?5?5?5?$AA@ 10001264     Main.obj
 0001:0000026c       ??_C@_0BG@MDNCMFD@MAC?9OS?5TCP?1Connect?5II?$AA@ 1000126c     Main.obj
 0001:00000284       ??_C@_07MGCNBEDD@Mac?5TCP?$AA@ 10001284     Main.obj
 0001:0000028c       ??_C@_0BF@LHKBOBDO@CMS?5plain?5files?5list?$AA@ 1000128c     Main.obj
 0001:000002a4       ??_C@_07FODDGJAA@CMS?5?5?5?5?$AA@ 100012a4     Main.obj
 0001:000002ac       ??_C@_0BL@OBPCOENL@Comma?5delimited?5files?5list?$AA@ 100012ac     Main.obj
 0001:000002c8       ??_C@_07HKKHKPCK@EPLF?5?5?5?$AA@ 100012c8     Main.obj
 0001:000002d0       ??_C@_0L@OIFDONML@VMS?5system?$AA@ 100012d0     Main.obj
 0001:000002dc       ??_C@_07GKGIFGEP@VMS?5?5?5?5?$AA@ 100012dc     Main.obj
 0001:000002e4       ??_C@_0BB@GGPHKGML@DIR?9like?5listing?$AA@ 100012e4     Main.obj
 0001:000002f8       ??_C@_07LDLFNPGN@Windows?$AA@ 100012f8     Main.obj
 0001:00000300       ??_C@_0BF@DJOJDKA@Classic?5unix?5listing?$AA@ 10001300     Main.obj
 0001:00000318       ??_C@_07LHDANCGM@Unix?5?5?5?$AA@ 10001318     Main.obj
 0001:00000340       ??_C@_0L@KAHJENHK@?9RWXSTUGOL?$AA@ 10001340     Main.obj
 0001:0000034c       ??_C@_03EOGCPMJG@MVS?$AA@  1000134c     Main.obj
 0001:00000350       ??_C@_06JNDPFLAI@OS?1400?$AA@ 10001350     Main.obj
 0001:00000358       ??_C@_07GMELINGL@NETWARE?$AA@ 10001358     Main.obj
 0001:00000360       ??_C@_04OEKHDCJK@OS?12?$AA@ 10001360     Main.obj
 0001:00000368       ??_C@_03NNBLEKKM@VM?5?$AA@ 10001368     Main.obj
 0001:0000036c       ??_C@_06LCLELKLM@VM?1CMS?$AA@ 1000136c     Main.obj
 0001:00000374       ??_C@_03NJAJGAJJ@VMS?$AA@  10001374     Main.obj
 0001:00000378       ??_C@_0L@MKBJOBHN@Windows_NT?$AA@ 10001378     Main.obj
 0001:00000384       ??_C@_04LPMMAGEE@UNIX?$AA@ 10001384     Main.obj
 0001:0000038c       ??_C@_0BN@CNHDEIDJ@UNIX?5Type?3?5L8?5MAC?9OS?5MachTen?$AA@ 1000138c     Main.obj
 0001:000003ac       ??_C@_0L@JBBIFBDO@Windows_CE?$AA@ 100013ac     Main.obj
 0001:000003b8       ??_C@_0BC@FBLIIHAC@MACOS?5WebSTAR?5FTP?$AA@ 100013b8     Main.obj
 0001:000003cc       ??_C@_0BF@LNNBFFEN@MACOS?5Peter?8s?5Server?$AA@ 100013cc     Main.obj
 0001:000003e4       ??_C@_06BGAPLGPE@?$DMDIR?$DO?5?$AA@ 100013e4     dos.obj
 0001:000003ec       ??_C@_03DNALGGBA@DIR?$AA@  100013ec     os2.obj
 0001:00000410       ??_C@_06HAFADDPI@?$DMdir?$DO?5?$AA@ 10001410     pctcp.obj
 0001:00000418       ??_C@_05ICGFBAIC@DW0?9?1?$AA@ 10001418     skirdin.obj
 0001:00000448       ??_C@_04KEJMNPHE@?4DIR?$AA@ 10001448     skirdin.obj
 0001:00000450       ??_C@_04KJGHBCAI@?4dir?$AA@ 10001450     vms.obj
 0001:00000458       ??_C@_0BI@JJEODFEO@?9?9?9?9?9?9?9?9?5?5?5?5?5?5?5?9?9?9?9?9?9?5?5?$AA@ 10001458     vx.obj
 0001:00000470       ??_C@_0BH@PBKCNHJB@?5?5size?5?5?5?5?5?5?5?5?5?5date?5?5?$AA@ 10001470     vx.obj
 0001:00000488       ??_C@_05FIBHJBBH@?$DMDIR?$DO?$AA@ 10001488     vx.obj
 0001:00000490       ??_C@_0M@PGEDKJBP@?$CF4d?1?$CF2d?1?$CF2d?$AA@ 10001490     mvs.obj
 0001:0000049c       ??_C@_0BE@PMONBPNF@?$CF4d?1?$CF2d?1?$CF2d?5?$CF2d?3?$CF2d?$AA@ 1000149c     mvs.obj
 0001:000004b0       ??_C@_01LFCBOECM@?4?$AA@   100014b0     mvs.obj
 0001:000004b4       ??_C@_02EMFKHFLK@?$CFX?$AA@ 100014b4     mvs.obj
 0001:000004b8       ??_C@_03BANDLMLJ@GDG?$AA@  100014b8     mvs.obj
 0001:000004bc       ??_C@_04HBHDLLBA@PATH?$AA@ 100014bc     mvs.obj
 0001:000004c4       ??_C@_02DKCKIIND@?$CFs?$AA@ 100014c4     mvs.obj
 0001:000004c8       ??_C@_04BBDFLMDN@?5?9?$DO?5?$AA@ 100014c8     mvs.obj
 0001:000004d0       ??_C@_02DPKJAMEF@?$CFd?$AA@ 100014d0     mvs.obj
 0001:000004d4       ??_C@_09IFDFIIHG@?9offline?9?$AA@ 100014d4     mvs.obj
 0001:000004e0       ??_C@_0M@PKFMLGAM@Not?5Mounted?$AA@ 100014e0     mvs.obj
 0001:000004ec       ??_C@_0BN@EBPBCEOF@Error?5determining?5attributes?$AA@ 100014ec     mvs.obj
 0001:0000050c       ??_C@_04GDLJEEHK@VSAM?$AA@ 1000150c     mvs.obj
 0001:00000514       ??_C@_0BH@MKODFJBN@User?5catalog?5connector?$AA@ 10001514     mvs.obj
 0001:0000052c       ??_C@_0BB@JPFJNIKD@Pseudo?5Directory?$AA@ 1000152c     mvs.obj
 0001:00000540       ??_C@_04NNFDMGBL@?5PO?5?$AA@ 10001540     mvs.obj
 0001:00000548       ??_C@_0BM@LKMAINLN@No?5jobs?5found?5on?5Held?5queue?$AA@ 10001548     mvs.obj
 0001:00000568       ??_C@_0EP@LHEBDBNM@?5Name?5?5?5?5?5?5Size?5?5?5TTR?5?5?5Alias?9of@ 10001568     mvs.obj
 0001:000005b8       ??_C@_0ED@NMEBCEPK@?5Name?5?5?5?5?5VV?4MM?5?5?5Created?5?5?5?5?5?5?5@ 100015b8     mvs.obj
 0001:00000600       ??_C@_0EA@CLHPIMAB@Volume?5Unit?5?5?5?5Referred?5Ext?5Used@ 10001600     mvs.obj
 0001:00000640       ??_C@_0P@GHFPNOJB@bad?5allocation?$AA@ 10001640     LIBCMT:new.obj
 0001:00000654       ??_7bad_alloc@std@@6B@     10001654     LIBCMT:new.obj
 0001:0000065c       __pRawDllMain              1000165c     LIBCMT:dllcrt0.obj
 0001:0000065c       __pDefaultRawDllMain       1000165c     LIBCMT:dllcrt0.obj
 0001:000006e0       ??_C@_01NEMOKFLO@?$DN?$AA@ 100016e0     LIBCMT:setlocal.obj
 0001:000006e2       ??_C@_00CNPNBAHC@?$AA@     100016e2     LIBCMT:setlocal.obj
 0001:000006e4       ??_C@_07EPKMNAGK@?4mixcrt?$AA@ 100016e4     LIBCMT:tidtable.obj
 0001:000006ec       ??_C@_0O@NLDKAIKN@EncodePointer?$AA@ 100016ec     LIBCMT:tidtable.obj
 0001:000006fc       ??_C@_0N@NHGLKGEC@KERNEL32?4DLL?$AA@ 100016fc     LIBCMT:tidtable.obj
 0001:0000070c       ??_C@_0O@KBPMFGHI@DecodePointer?$AA@ 1000170c     LIBCMT:tidtable.obj
 0001:0000071c       ??_C@_07PEJMOBNF@FlsFree?$AA@ 1000171c     LIBCMT:tidtable.obj
 0001:00000724       ??_C@_0M@JCPCPOEF@FlsSetValue?$AA@ 10001724     LIBCMT:tidtable.obj
 0001:00000730       ??_C@_0M@GDNOONDI@FlsGetValue?$AA@ 10001730     LIBCMT:tidtable.obj
 0001:0000073c       ??_C@_08KNHFBNJ@FlsAlloc?$AA@ 1000173c     LIBCMT:tidtable.obj
 0001:00000748       ??_C@_13NOLLCAOD@?$AA?$AA?$AA?$AA@ 10001748     LIBCMT:a_map.obj
 0001:00000750       ??_7exception@std@@6B@     10001750     LIBCMT:stdexcpt.obj
 0001:00000758       ??_C@_0BC@EOODALEL@Unknown?5exception?$AA@ 10001758     LIBCMT:stdexcpt.obj
 0001:00000770       ??_7type_info@@6B@         10001770     LIBCMT:typinfo.obj
 0001:00000794       ??_C@_02CLFPBFFP@TZ?$AA@   10001794     LIBCMT:tzset.obj
 0001:00000798       ___dnames                  10001798     LIBCMT:timeset.obj
 0001:000007b0       ___mnames                  100017b0     LIBCMT:timeset.obj
 0001:000007d8       ??_C@_0P@MIGLKIOC@CorExitProcess?$AA@ 100017d8     LIBCMT:crt0dat.obj
 0001:000007e8       ??_C@_0M@MBOPBNBK@mscoree?4dll?$AA@ 100017e8     LIBCMT:crt0dat.obj
 0001:000007f8       ___newctype                100017f8     LIBCMT:ctype.obj
 0001:00000af8       __wctype                   10001af8     LIBCMT:ctype.obj
 0001:00000d00       ___newclmap                10001d00     LIBCMT:ctype.obj
 0001:00000e80       ___newcumap                10001e80     LIBCMT:ctype.obj
 0001:00001000       ??_C@_08JCCMCCIL@HH?3mm?3ss?$AA@ 10002000     LIBCMT:strftime.obj
 0001:0000100c       ??_C@_0BE@CKGJFCPC@dddd?0?5MMMM?5dd?0?5yyyy?$AA@ 1000200c     LIBCMT:strftime.obj
 0001:00001020       ??_C@_08BPBNCDIB@MM?1dd?1yy?$AA@ 10002020     LIBCMT:strftime.obj
 0001:0000102c       ??_C@_02CJNFDJBF@PM?$AA@   1000202c     LIBCMT:strftime.obj
 0001:00001030       ??_C@_02DEDBPAFC@AM?$AA@   10002030     LIBCMT:strftime.obj
 0001:00001034       ??_C@_08EDHMEBNP@December?$AA@ 10002034     LIBCMT:strftime.obj
 0001:00001040       ??_C@_08HCHEGEOA@November?$AA@ 10002040     LIBCMT:strftime.obj
 0001:0000104c       ??_C@_07JJNFCEND@October?$AA@ 1000204c     LIBCMT:strftime.obj
 0001:00001054       ??_C@_09BHHEALKD@September?$AA@ 10002054     LIBCMT:strftime.obj
 0001:00001060       ??_C@_06LBBHFDDG@August?$AA@ 10002060     LIBCMT:strftime.obj
 0001:00001068       ??_C@_04MIEPOIFP@July?$AA@ 10002068     LIBCMT:strftime.obj
 0001:00001070       ??_C@_04CNLMGBGM@June?$AA@ 10002070     LIBCMT:strftime.obj
 0001:00001078       ??_C@_05DMJDNLEJ@April?$AA@ 10002078     LIBCMT:strftime.obj
 0001:00001080       ??_C@_05HPCKOFNC@March?$AA@ 10002080     LIBCMT:strftime.obj
 0001:00001088       ??_C@_08GNJGEPFN@February?$AA@ 10002088     LIBCMT:strftime.obj
 0001:00001094       ??_C@_07CGJPFGJA@January?$AA@ 10002094     LIBCMT:strftime.obj
 0001:0000109c       ??_C@_03MKABNOCG@Dec?$AA@  1000209c     LIBCMT:strftime.obj
 0001:000010a0       ??_C@_03JPJOFNIA@Nov?$AA@  100020a0     LIBCMT:strftime.obj
 0001:000010a4       ??_C@_03BMAOKBAD@Oct?$AA@  100020a4     LIBCMT:strftime.obj
 0001:000010a8       ??_C@_03GGCAPAJC@Sep?$AA@  100020a8     LIBCMT:strftime.obj
 0001:000010ac       ??_C@_03IFJFEIGA@Aug?$AA@  100020ac     LIBCMT:strftime.obj
 0001:000010b0       ??_C@_03LBGABGKK@Jul?$AA@  100020b0     LIBCMT:strftime.obj
 0001:000010b4       ??_C@_03IDFGHECI@Jun?$AA@  100020b4     LIBCMT:strftime.obj
 0001:000010b8       ??_C@_03CNMDKL@May?$AA@    100020b8     LIBCMT:strftime.obj
 0001:000010bc       ??_C@_03LEOLGMJP@Apr?$AA@  100020bc     LIBCMT:strftime.obj
 0001:000010c0       ??_C@_03ODNJBKGA@Mar?$AA@  100020c0     LIBCMT:strftime.obj
 0001:000010c4       ??_C@_03HJBDCHOM@Feb?$AA@  100020c4     LIBCMT:strftime.obj
 0001:000010c8       ??_C@_03JIHJHPIE@Jan?$AA@  100020c8     LIBCMT:strftime.obj
 0001:000010cc       ??_C@_08INBOOONO@Saturday?$AA@ 100020cc     LIBCMT:strftime.obj
 0001:000010d8       ??_C@_06JECMNKMI@Friday?$AA@ 100020d8     LIBCMT:strftime.obj
 0001:000010e0       ??_C@_08HACCIKIA@Thursday?$AA@ 100020e0     LIBCMT:strftime.obj
 0001:000010ec       ??_C@_09DLIGFAKA@Wednesday?$AA@ 100020ec     LIBCMT:strftime.obj
 0001:000010f8       ??_C@_07BAAGCFCM@Tuesday?$AA@ 100020f8     LIBCMT:strftime.obj
 0001:00001100       ??_C@_06JLEDEDGH@Monday?$AA@ 10002100     LIBCMT:strftime.obj
 0001:00001108       ??_C@_06OOPIFAJ@Sunday?$AA@ 10002108     LIBCMT:strftime.obj
 0001:00001110       ??_C@_03FEFJNEK@Sat?$AA@   10002110     LIBCMT:strftime.obj
 0001:00001114       ??_C@_03IDIOELNC@Fri?$AA@  10002114     LIBCMT:strftime.obj
 0001:00001118       ??_C@_03IOFIKPDN@Thu?$AA@  10002118     LIBCMT:strftime.obj
 0001:0000111c       ??_C@_03MHOMLAJA@Wed?$AA@  1000211c     LIBCMT:strftime.obj
 0001:00001120       ??_C@_03NAGEINEP@Tue?$AA@  10002120     LIBCMT:strftime.obj
 0001:00001124       ??_C@_03PDAGKDH@Mon?$AA@   10002124     LIBCMT:strftime.obj
 0001:00001128       ??_C@_03KOEHGMDN@Sun?$AA@  10002128     LIBCMT:strftime.obj
 0001:0000112c       ??_C@_0P@GGKDKEEG@runtime?5error?5?$AA@ 1000212c     LIBCMT:crt0msg.obj
 0001:0000113c       ??_C@_02PCIJFNDE@?$AN?6?$AA@ 1000213c     LIBCMT:crt0msg.obj
 0001:00001140       ??_C@_0O@MJNIPGOH@TLOSS?5error?$AN?6?$AA@ 10002140     LIBCMT:crt0msg.obj
 0001:00001150       ??_C@_0N@BONNPDHF@SING?5error?$AN?6?$AA@ 10002150     LIBCMT:crt0msg.obj
 0001:00001160       ??_C@_0P@MBDAJNE@DOMAIN?5error?$AN?6?$AA@ 10002160     LIBCMT:crt0msg.obj
 0001:00001170       ??_C@_0JL@DFDOOABL@R6034?$AN?6An?5application?5has?5made?5a@ 10002170     LIBCMT:crt0msg.obj
 0001:00001210       ??_C@_0PH@EPAFIJ@R6033?$AN?6?9?5Attempt?5to?5use?5MSIL?5cod@ 10002210     LIBCMT:crt0msg.obj
 0001:00001308       ??_C@_0DD@BKEEABMM@R6032?$AN?6?9?5not?5enough?5space?5for?5lo@ 10002308     LIBCMT:crt0msg.obj
 0001:00001340       ??_C@_0GD@OFKILIED@R6031?$AN?6?9?5Attempt?5to?5initialize?5t@ 10002340     LIBCMT:crt0msg.obj
 0001:000013a4       ??_C@_0BP@LPMHJOKI@R6030?$AN?6?9?5CRT?5not?5initialized?$AN?6?$AA@ 100023a4     LIBCMT:crt0msg.obj
 0001:000013c4       ??_C@_0CF@KJDAIALP@R6028?$AN?6?9?5unable?5to?5initialize?5he@ 100023c4     LIBCMT:crt0msg.obj
 0001:000013ec       ??_C@_0DF@GAKBPDFP@R6027?$AN?6?9?5not?5enough?5space?5for?5lo@ 100023ec     LIBCMT:crt0msg.obj
 0001:00001424       ??_C@_0DF@IBLNNAIG@R6026?$AN?6?9?5not?5enough?5space?5for?5st@ 10002424     LIBCMT:crt0msg.obj
 0001:0000145c       ??_C@_0CG@IOHKGFNJ@R6025?$AN?6?9?5pure?5virtual?5function?5c@ 1000245c     LIBCMT:crt0msg.obj
 0001:00001484       ??_C@_0DF@JIJJFJDC@R6024?$AN?6?9?5not?5enough?5space?5for?5_o@ 10002484     LIBCMT:crt0msg.obj
 0001:000014bc       ??_C@_0CJ@EGEJHFME@R6019?$AN?6?9?5unable?5to?5open?5console?5@ 100024bc     LIBCMT:crt0msg.obj
 0001:000014e8       ??_C@_0CB@GNHNIELH@R6018?$AN?6?9?5unexpected?5heap?5error?$AN?6@ 100024e8     LIBCMT:crt0msg.obj
 0001:0000150c       ??_C@_0CN@FOLDKNG@R6017?$AN?6?9?5unexpected?5multithread?5@ 1000250c     LIBCMT:crt0msg.obj
 0001:0000153c       ??_C@_0CM@FAHFJNHO@R6016?$AN?6?9?5not?5enough?5space?5for?5th@ 1000253c     LIBCMT:crt0msg.obj
 0001:00001568       ??_C@_0JG@LBKMGKLD@?$AN?6This?5application?5has?5requested@ 10002568     LIBCMT:crt0msg.obj
 0001:00001600       ??_C@_0CM@FLCNIPKK@R6009?$AN?6?9?5not?5enough?5space?5for?5en@ 10002600     LIBCMT:crt0msg.obj
 0001:0000162c       ??_C@_0CK@KMMJOAPP@R6008?$AN?6?9?5not?5enough?5space?5for?5ar@ 1000262c     LIBCMT:crt0msg.obj
 0001:00001658       ??_C@_0CN@LEKKICBM@R6002?$AN?6?9?5floating?5point?5support?5@ 10002658     LIBCMT:crt0msg.obj
 0001:00001688       ??_C@_0CF@GOGNBNAK@Microsoft?5Visual?5C?$CL?$CL?5Runtime?5Lib@ 10002688     LIBCMT:crt0msg.obj
 0001:000016b0       ??_C@_02PHMGELLB@?6?6?$AA@ 100026b0     LIBCMT:crt0msg.obj
 0001:000016b4       ??_C@_03KHICJKCI@?4?4?4?$AA@ 100026b4     LIBCMT:crt0msg.obj
 0001:000016b8       ??_C@_0BH@DNAGHKFM@?$DMprogram?5name?5unknown?$DO?$AA@ 100026b8     LIBCMT:crt0msg.obj
 0001:000016d0       ??_C@_0BK@OFGJDLJJ@Runtime?5Error?$CB?6?6Program?3?5?$AA@ 100026d0     LIBCMT:crt0msg.obj
 0001:000016ec       ??_C@_0CG@PKBDLMEO@InitializeCriticalSectionAndSpin@ 100026ec     LIBCMT:initcrit.obj
 0001:00001714       ??_C@_0N@MDJJJHMB@kernel32?4dll?$AA@ 10002714     LIBCMT:initcrit.obj
 0001:0000172c       ??_C@_0BK@CFCOFLF@?5Complete?5Object?5Locator?8?$AA@ 1000272c     LIBCMT:undname.obj
 0001:00001748       ??_C@_0BN@MECKDCOJ@?5Class?5Hierarchy?5Descriptor?8?$AA@ 10002748     LIBCMT:undname.obj
 0001:00001768       ??_C@_0BD@LGICGFMM@?5Base?5Class?5Array?8?$AA@ 10002768     LIBCMT:undname.obj
 0001:0000177c       ??_C@_0BM@LDKODKLH@?5Base?5Class?5Descriptor?5at?5?$CI?$AA@ 1000277c     LIBCMT:undname.obj
 0001:00001798       ??_C@_0BC@DAFEJGAK@?5Type?5Descriptor?8?$AA@ 10002798     LIBCMT:undname.obj
 0001:000017ac       ??_C@_0BM@PMGGMLDN@?$GAlocal?5static?5thread?5guard?8?$AA@ 100027ac     LIBCMT:undname.obj
 0001:000017c8       ??_C@_0CL@FGIJHLCE@?$GAmanaged?5vector?5copy?5constructor@ 100027c8     LIBCMT:undname.obj
 0001:000017f4       ??_C@_0CJ@GJELGAMM@?$GAvector?5vbase?5copy?5constructor?5i@ 100027f4     LIBCMT:undname.obj
 0001:00001820       ??_C@_0CD@CGAJBKEJ@?$GAvector?5copy?5constructor?5iterato@ 10002820     LIBCMT:undname.obj
 0001:00001844       ??_C@_0CB@PDBIFEP@?$GAdynamic?5atexit?5destructor?5for?5?8@ 10002844     LIBCMT:undname.obj
 0001:00001868       ??_C@_0BL@CLIPGLGB@?$GAdynamic?5initializer?5for?5?8?$AA@ 10002868     LIBCMT:undname.obj
 0001:00001884       ??_C@_0CM@FCBBDIGB@?$GAeh?5vector?5vbase?5copy?5constructo@ 10002884     LIBCMT:undname.obj
 0001:000018b0       ??_C@_0CG@HLDDJMAG@?$GAeh?5vector?5copy?5constructor?5iter@ 100028b0     LIBCMT:undname.obj
 0001:000018d8       ??_C@_0CF@IMGKMJNO@?$GAmanaged?5vector?5destructor?5itera@ 100028d8     LIBCMT:undname.obj
 0001:00001900       ??_C@_0CG@CFDHKGGD@?$GAmanaged?5vector?5constructor?5iter@ 10002900     LIBCMT:undname.obj
 0001:00001928       ??_C@_0BN@CKNJLHMB@?$GAplacement?5delete?$FL?$FN?5closure?8?$AA@ 10002928     LIBCMT:undname.obj
 0001:00001948       ??_C@_0BL@CNOONJFP@?$GAplacement?5delete?5closure?8?$AA@ 10002948     LIBCMT:undname.obj
 0001:00001964       ??_C@_0P@HJKNJFNN@?$GAomni?5callsig?8?$AA@ 10002964     LIBCMT:undname.obj
 0001:00001974       ??_C@_09LBNFPBCA@?5delete?$FL?$FN?$AA@ 10002974     LIBCMT:undname.obj
 0001:00001980       ??_C@_06FHBGPFGH@?5new?$FL?$FN?$AA@ 10002980     LIBCMT:undname.obj
 0001:00001988       ??_C@_0CE@IIHCMGGL@?$GAlocal?5vftable?5constructor?5closu@ 10002988     LIBCMT:undname.obj
 0001:000019ac       ??_C@_0BA@KKLDJDLB@?$GAlocal?5vftable?8?$AA@ 100029ac     LIBCMT:undname.obj
 0001:000019bc       ??_C@_05KHLCHHI@?$GARTTI?$AA@ 100029bc     LIBCMT:undname.obj
 0001:000019c4       ??_C@_03KLGMFNMG@?$GAEH?$AA@ 100029c4     LIBCMT:undname.obj
 0001:000019c8       ??_C@_0BA@KBCDOMBN@?$GAudt?5returning?8?$AA@ 100029c8     LIBCMT:undname.obj
 0001:000019d8       ??_C@_0BL@LLKPOHJI@?$GAcopy?5constructor?5closure?8?$AA@ 100029d8     LIBCMT:undname.obj
 0001:000019f4       ??_C@_0CH@OOJPLCPH@?$GAeh?5vector?5vbase?5constructor?5ite@ 100029f4     LIBCMT:undname.obj
 0001:00001a1c       ??_C@_0CA@GCEOPDGL@?$GAeh?5vector?5destructor?5iterator?8?$AA@ 10002a1c     LIBCMT:undname.obj
 0001:00001a3c       ??_C@_0CB@JONCMFFK@?$GAeh?5vector?5constructor?5iterator?8@ 10002a3c     LIBCMT:undname.obj
 0001:00001a60       ??_C@_0BL@NILFHHPC@?$GAvirtual?5displacement?5map?8?$AA@ 10002a60     LIBCMT:undname.obj
 0001:00001a7c       ??_C@_0CE@IKBNEHA@?$GAvector?5vbase?5constructor?5iterat@ 10002a7c     LIBCMT:undname.obj
 0001:00001aa0       ??_C@_0BN@LFPFMEDL@?$GAvector?5destructor?5iterator?8?$AA@ 10002aa0     LIBCMT:undname.obj
 0001:00001ac0       ??_C@_0BO@PFGOCPJJ@?$GAvector?5constructor?5iterator?8?$AA@ 10002ac0     LIBCMT:undname.obj
 0001:00001ae0       ??_C@_0BN@IMDCHIKM@?$GAscalar?5deleting?5destructor?8?$AA@ 10002ae0     LIBCMT:undname.obj
 0001:00001b00       ??_C@_0BO@OBMKPJIG@?$GAdefault?5constructor?5closure?8?$AA@ 10002b00     LIBCMT:undname.obj
 0001:00001b20       ??_C@_0BN@DEGPLNFK@?$GAvector?5deleting?5destructor?8?$AA@ 10002b20     LIBCMT:undname.obj
 0001:00001b40       ??_C@_0BD@JDLKDPAB@?$GAvbase?5destructor?8?$AA@ 10002b40     LIBCMT:undname.obj
 0001:00001b54       ??_C@_08OBABFOLI@?$GAstring?8?$AA@ 10002b54     LIBCMT:undname.obj
 0001:00001b60       ??_C@_0BF@KDPPACIK@?$GAlocal?5static?5guard?8?$AA@ 10002b60     LIBCMT:undname.obj
 0001:00001b78       ??_C@_08LLFFHHDJ@?$GAtypeof?8?$AA@ 10002b78     LIBCMT:undname.obj
 0001:00001b84       ??_C@_07FEEIOKP@?$GAvcall?8?$AA@ 10002b84     LIBCMT:undname.obj
 0001:00001b8c       ??_C@_09BLBHBJP@?$GAvbtable?8?$AA@ 10002b8c     LIBCMT:undname.obj
 0001:00001b98       ??_C@_09IFPLHPGF@?$GAvftable?8?$AA@ 10002b98     LIBCMT:undname.obj
 0001:00001ba4       ??_C@_02MHEGNOJ@?$FO?$DN?$AA@ 10002ba4     LIBCMT:undname.obj
 0001:00001ba8       ??_C@_02DHLNPPGH@?$HM?$DN?$AA@ 10002ba8     LIBCMT:undname.obj
 0001:00001bac       ??_C@_02FGJGFEAB@?$CG?$DN?$AA@ 10002bac     LIBCMT:undname.obj
 0001:00001bb0       ??_C@_03CDNPDDLA@?$DM?$DM?$DN?$AA@ 10002bb0     LIBCMT:undname.obj
 0001:00001bb4       ??_C@_03IKFCCPFF@?$DO?$DO?$DN?$AA@ 10002bb4     LIBCMT:undname.obj
 0001:00001bb8       ??_C@_02FENAOKFI@?$CF?$DN?$AA@ 10002bb8     LIBCMT:undname.obj
 0001:00001bbc       ??_C@_02FJEHGPIO@?1?$DN?$AA@ 10002bbc     LIBCMT:undname.obj
 0001:00001bc0       ??_C@_02FKMDLLOA@?9?$DN?$AA@ 10002bc0     LIBCMT:undname.obj
 0001:00001bc4       ??_C@_02FOEOMHFC@?$CL?$DN?$AA@ 10002bc4     LIBCMT:undname.obj
 0001:00001bc8       ??_C@_02FPIMKNGF@?$CK?$DN?$AA@ 10002bc8     LIBCMT:undname.obj
 0001:00001bcc       ??_C@_02NONPIBCD@?$HM?$HM?$AA@ 10002bcc     LIBCMT:undname.obj
 0001:00001bd0       ??_C@_02PPKAJPJL@?$CG?$CG?$AA@ 10002bd0     LIBCMT:undname.obj
 0001:00001bd4       ??_C@_01DNKMNLPK@?$HM?$AA@ 10002bd4     LIBCMT:undname.obj
 0001:00001bd8       ??_C@_01JKBOJNNK@?$FO?$AA@ 10002bd8     LIBCMT:undname.obj
 0001:00001bdc       ??_C@_01PJKLJHI@?$HO?$AA@  10002bdc     LIBCMT:undname.obj
 0001:00001be0       ??_C@_02HCKGKOFO@?$CI?$CJ?$AA@ 10002be0     LIBCMT:undname.obj
 0001:00001be4       ??_C@_01IHBHIGKO@?0?$AA@   10002be4     LIBCMT:undname.obj
 0001:00001be8       ??_C@_02EEKDKGMJ@?$DO?$DN?$AA@ 10002be8     LIBCMT:undname.obj
 0001:00001bec       ??_C@_01PPODPGHN@?$DO?$AA@ 10002bec     LIBCMT:undname.obj
 0001:00001bf0       ??_C@_02EHCHHCKH@?$DM?$DN?$AA@ 10002bf0     LIBCMT:undname.obj
 0001:00001bf4       ??_C@_01MNNFJEPP@?$DM?$AA@ 10002bf4     LIBCMT:undname.obj
 0001:00001bf8       ??_C@_01FGNFDNOH@?$CF?$AA@ 10002bf8     LIBCMT:undname.obj
 0001:00001bfc       ??_C@_01KMDKNFGN@?1?$AA@   10002bfc     LIBCMT:undname.obj
 0001:00001c00       ??_C@_03MNHNFDLC@?9?$DO?$CK?$AA@ 10002c00     LIBCMT:undname.obj
 0001:00001c04       ??_C@_01HNPIGOCE@?$CG?$AA@ 10002c04     LIBCMT:undname.obj
 0001:00001c08       ??_C@_01MIFGBAGJ@?$CL?$AA@ 10002c08     LIBCMT:undname.obj
 0001:00001c0c       ??_C@_01JOAMLHOP@?9?$AA@   10002c0c     LIBCMT:undname.obj
 0001:00001c10       ??_C@_02BAABKJLB@?9?9?$AA@ 10002c10     LIBCMT:undname.obj
 0001:00001c14       ??_C@_02ECNGHCIF@?$CL?$CL?$AA@ 10002c14     LIBCMT:undname.obj
 0001:00001c18       ??_C@_01NBENCBCI@?$CK?$AA@ 10002c18     LIBCMT:undname.obj
 0001:00001c1c       ??_C@_02HBOOOICD@?9?$DO?$AA@ 10002c1c     LIBCMT:undname.obj
 0001:00001c20       ??_C@_08LHJFAFGD@operator?$AA@ 10002c20     LIBCMT:undname.obj
 0001:00001c2c       ??_C@_02GPECMEKF@?$FL?$FN?$AA@ 10002c2c     LIBCMT:undname.obj
 0001:00001c30       ??_C@_02FDNJECIE@?$CB?$DN?$AA@ 10002c30     LIBCMT:undname.obj
 0001:00001c34       ??_C@_02EGOFBIJA@?$DN?$DN?$AA@ 10002c34     LIBCMT:undname.obj
 0001:00001c38       ??_C@_01DCLJPIOD@?$CB?$AA@ 10002c38     LIBCMT:undname.obj
 0001:00001c3c       ??_C@_02FODMEDOG@?$DM?$DM?$AA@ 10002c3c     LIBCMT:undname.obj
 0001:00001c40       ??_C@_02GPIOPFAK@?$DO?$DO?$AA@ 10002c40     LIBCMT:undname.obj
 0001:00001c44       ??_C@_07FPCDHGMM@?5delete?$AA@ 10002c44     LIBCMT:undname.obj
 0001:00001c4c       ??_C@_04NIHEBCM@?5new?$AA@ 10002c4c     LIBCMT:undname.obj
 0001:00001c54       ??_C@_0M@GFIIJFMG@__unaligned?$AA@ 10002c54     LIBCMT:undname.obj
 0001:00001c60       ??_C@_0L@PILCLIHE@__restrict?$AA@ 10002c60     LIBCMT:undname.obj
 0001:00001c6c       ??_C@_07JOMMBBKO@__ptr64?$AA@ 10002c6c     LIBCMT:undname.obj
 0001:00001c74       ??_C@_09HIJEGCPM@__clrcall?$AA@ 10002c74     LIBCMT:undname.obj
 0001:00001c80       ??_C@_0L@JMKHOMEK@__fastcall?$AA@ 10002c80     LIBCMT:undname.obj
 0001:00001c8c       ??_C@_0L@NPHFGOKO@__thiscall?$AA@ 10002c8c     LIBCMT:undname.obj
 0001:00001c98       ??_C@_09IFJBGAPI@__stdcall?$AA@ 10002c98     LIBCMT:undname.obj
 0001:00001ca4       ??_C@_08GHMPAG@__pascal?$AA@ 10002ca4     LIBCMT:undname.obj
 0001:00001cb0       ??_C@_07KOLFKCDI@__cdecl?$AA@ 10002cb0     LIBCMT:undname.obj
 0001:00001cb8       ??_C@_08EHJDFFNH@__based?$CI?$AA@ 10002cb8     LIBCMT:undname.obj
 0001:00001e48       ??_C@_0BI@DFKBFLJE@GetProcessWindowStation?$AA@ 10002e48     LIBCMT:crtmbox.obj
 0001:00001e60       ??_C@_0BK@CIDNPOGP@GetUserObjectInformationA?$AA@ 10002e60     LIBCMT:crtmbox.obj
 0001:00001e7c       ??_C@_0BD@HHGDFDBJ@GetLastActivePopup?$AA@ 10002e7c     LIBCMT:crtmbox.obj
 0001:00001e90       ??_C@_0BA@HNOPNCHB@GetActiveWindow?$AA@ 10002e90     LIBCMT:crtmbox.obj
 0001:00001ea0       ??_C@_0M@CHKKJDAI@MessageBoxA?$AA@ 10002ea0     LIBCMT:crtmbox.obj
 0001:00001eac       ??_C@_0L@NDEGIDAG@USER32?4DLL?$AA@ 10002eac     LIBCMT:crtmbox.obj
 0001:00001eb8       ??_C@_07GPDNMNG@CONOUT$?$AA@ 10002eb8     LIBCMT:initcon.obj
 0001:00001ec0       __load_config_used         10002ec0     LIBCMT:loadcfg.obj
 0001:00001f08       ??_R4bad_alloc@std@@6B@    10002f08     LIBCMT:new.obj
 0001:00001f1c       ??_R3bad_alloc@std@@8      10002f1c     LIBCMT:new.obj
 0001:00001f2c       ??_R2bad_alloc@std@@8      10002f2c     LIBCMT:new.obj
 0001:00001f38       ??_R1A@?0A@EA@bad_alloc@std@@8 10002f38     LIBCMT:new.obj
 0001:00001f54       ??_R1A@?0A@EA@exception@std@@8 10002f54     LIBCMT:new.obj
 0001:00001f70       ??_R3exception@std@@8      10002f70     LIBCMT:new.obj
 0001:00001f80       ??_R2exception@std@@8      10002f80     LIBCMT:new.obj
 0001:00001f88       ??_R4exception@std@@6B@    10002f88     LIBCMT:stdexcpt.obj
 0001:00001f9c       ??_R4type_info@@6B@        10002f9c     LIBCMT:typinfo.obj
 0001:00001fb0       ??_R3type_info@@8          10002fb0     LIBCMT:typinfo.obj
 0001:00001fc0       ??_R2type_info@@8          10002fc0     LIBCMT:typinfo.obj
 0001:00001fc8       ??_R1A@?0A@EA@type_info@@8 10002fc8     LIBCMT:typinfo.obj
 0001:00001ff0       ___safe_se_handler_table   10002ff0     <linker-defined>
 0001:00001ffc       ___rtc_iaa                 10002ffc     LIBCMT:initsect.obj
 0001:00002000       ___rtc_izz                 10003000     LIBCMT:initsect.obj
 0001:00002004       ___rtc_taa                 10003004     LIBCMT:initsect.obj
 0001:00002008       ___rtc_tzz                 10003008     LIBCMT:initsect.obj
 0001:00002010       __chkstk                   10003010 f   chkstk.obj
 0001:00002010       __alloca_probe             10003010     chkstk.obj
 0001:0000203b       _FTPQueryInterface@4       1000303b f   All.obj
 0001:00002061       _DllMain@12                10003061 f   All.obj
 0001:0000207b       ?StrCmp@@YGHPBD0HH@Z       1000307b f   All.obj
 0001:00002083       ?StrCpy@@YGPADPADPBDH@Z    10003083 f   All.obj
 0001:0000208b       ??8Time_t@@QAE_N_J@Z       1000308b f i Main.obj
 0001:000020a6       ?SkipSpace@@YIPADPAD@Z     100030a6 f   Main.obj
 0001:000020c8       ?SkipDigit@@YIPADPAD@Z     100030c8 f   Main.obj
 0001:000020ea       ?SkipNSpace@@YIPADPAD@Z    100030ea f   Main.obj
 0001:0000210c       ?SkipNX@@YIPADPADD@Z       1000310c f   Main.obj
 0001:0000211e       ?TwoDigits@@YIHPBDAAG@Z    1000311e f   Main.obj
 0001:0000217c       ?XP_StripLine@@YIPADPAD@Z  1000317c f   Main.obj
 0001:000021c9       ?CorrectTime@@YIHAAU_SYSTEMTIME@@AAUTime_t@@PAU_FILETIME@@@Z 100031c9 f   Main.obj
 0001:000022ab       ?ConvertEntry@@YIHPAUNET_FileEntryInfo@@PAUFTPFileInfo@@@Z 100032ab f   Main.obj
 0001:000023a0       ?StartsWith@@YIHPBDPAPBD@Z 100033a0 f   Main.obj
 0001:000023da       ?is_unix_start@@YIHPADHPAH@Z 100033da f   Main.obj
 0001:000025c8       ?idPRSDetectString@@YGGQAUFTPServerInfo@@PADH@Z 100035c8 f   Main.obj
 0001:0000268a       ?idDetectDirStringType@@YGGPBUFTPServerInfo@@PBD@Z 1000368a f   Main.obj
 0001:000026af       ?idPRSTypesCount@@YGGXZ    100036af f   Main.obj
 0001:000026b4       ?idPRSTypeGet@@YGPAUFTPType@@G@Z 100036b4 f   Main.obj
 0001:000026cf       ?FTPPluginGetInterface@@YGPAUFTPPluginInterface@@XZ 100036cf f   Main.obj
 0001:00002707       ?FTP_PluginStartup@@YGHK@Z 10003707 f   Main.obj
 0001:0000270d       ?NET_MonthNo@@YIGPBD@Z     1000370d f   Main.obj
 0001:000027e5       ?idPRParceCMS@@YGHPBUFTPServerInfo@@PAUFTPFileInfo@@PADH@Z 100037e5 f   cms.obj
 0001:00002801       ?net_parse_dos_date_time@@YIHPBDAAUTime_t@@@Z 10003801 f   dos.obj
 0001:0000295f       ??$AtoI@_J@@YI_JPBD_J@Z    1000395f f i dos.obj
 0001:00002a02       ?idPRParceDos@@YGHPBUFTPServerInfo@@PAUFTPFileInfo@@PADH@Z 10003a02 f   dos.obj
 0001:00002af6       ?idPRParceEPLF@@YGHPBUFTPServerInfo@@PAUFTPFileInfo@@PADH@Z 10003af6 f   eplf.obj
 0001:00002c6f       ?idPRParceNETWARE@@YGHPBUFTPServerInfo@@PAUFTPFileInfo@@PADH@Z 10003c6f f   netware.obj
 0001:00002e24       ?net_parse_os_date_time@@YIHPBDAAUTime_t@@@Z 10003e24 f   os2.obj
 0001:00002f73       ?idPRParceOS2@@YGHPBUFTPServerInfo@@PAUFTPFileInfo@@PADH@Z 10003f73 f   os2.obj
 0001:000030b1       ?idDirParcePCTCP@@YGHPBUFTPServerInfo@@PBDPADI@Z 100040b1 f   pctcp.obj
 0001:000030e4       ??$AtoI@G@@YIGPBDG@Z       100040e4 f i pctcp.obj
 0001:0000314e       ?net_parse_pctcp_date_time@@YIHPADAAUTime_t@@@Z 1000414e f   pctcp.obj
 0001:000032ad       ?idPRParcePCTCP@@YGHPBUFTPServerInfo@@PAUFTPFileInfo@@PADH@Z 100042ad f   pctcp.obj
 0001:0000337f       ?idDirParceSkirdin@@YGHPBUFTPServerInfo@@PBDPADI@Z 1000437f f   skirdin.obj
 0001:000033d5       ?net_parse_full_date_time@@YIHPADAAUTime_t@@@Z 100043d5 f   skirdin.obj
 0001:000034dc       ?idPRParceSkirdin@@YGHPBUFTPServerInfo@@PAUFTPFileInfo@@PADH@Z 100044dc f   skirdin.obj
 0001:00003657       ?idPRParceTCPC@@YGHPBUFTPServerInfo@@PAUFTPFileInfo@@PADH@Z 10004657 f   tcpc.obj
 0001:00003692       ?net_convert_unix_date@@YIHAAPADAAUTime_t@@@Z 10004692 f   unix.obj
 0001:000039c2       ?net_parse_ls_line@@YIHPADPAUNET_FileEntryInfo@@H@Z 100049c2 f   unix.obj
 0001:00003b57       ?idPRParceUnix@@YGHPBUFTPServerInfo@@PAUFTPFileInfo@@PADH@Z 10004b57 f   unix.obj
 0001:00003d09       ?idDirPRParceVMS@@YGHPBUFTPServerInfo@@PBDPADI@Z 10004d09 f   vms.obj
 0001:00003d0e       ??$AtoI@H@@YIHPBDH@Z       10004d0e f i vms.obj
 0001:00003d6e       ?net_parse_vms_date_time@@YIHAAPADAAUTime_t@@@Z 10004d6e f   vms.obj
 0001:00003ecb       ?net_parse_vms_dir_entry@@YIHPADPAUNET_FileEntryInfo@@@Z 10004ecb f   vms.obj
 0001:000040cb       ?idPRParceVMS@@YGHPBUFTPServerInfo@@PAUFTPFileInfo@@PADH@Z 100050cb f   vms.obj
 0001:0000414d       ?parse_vxdos_date_time@@YIHAAPADAAUTime_t@@@Z 1000514d f   vx.obj
 0001:00004246       ?idPRParceVX_DOS@@YGHPBUFTPServerInfo@@PAUFTPFileInfo@@PADH@Z 10005246 f   vx.obj
 0001:00004364       ?parse_os400_date_time@@YIHAAPADAAUTime_t@@@Z 10005364 f   os400.obj
 0001:00004469       ?net_parse_ls_line@@YIHPADPAUNET_FileEntryInfo@@@Z 10005469 f   os400.obj
 0001:0000459f       ?idPRParceOS400@@YGHPBUFTPServerInfo@@PAUFTPFileInfo@@PADH@Z 1000559f f   os400.obj
 0001:000045e2       ?net_parse_mvs_date_time@@YIHPBDAAUTime_t@@H@Z 100055e2 f   mvs.obj
 0001:000046c0       ?idPRParceMVS@@YGHPBUFTPServerInfo@@PAUFTPFileInfo@@PADH@Z 100056c0 f   mvs.obj
 0001:00004ba9       ?idDirParceMVS@@YGHPBUFTPServerInfo@@PBDPADI@Z 10005ba9 f   mvs.obj
 0001:00004c30       _strchr                    10005c30 f   LIBCMT:strchr.obj
 0001:00004c36       ___from_strstr_to_strchr   10005c36     LIBCMT:strchr.obj
 0001:00004cee       ??0_LocaleUpdate@@QAE@PAUlocaleinfo_struct@@@Z 10005cee f i LIBCMT:_ctype.obj
 0001:00004d70       __isalpha_l                10005d70 f i LIBCMT:_ctype.obj
 0001:00004dc4       _isalpha                   10005dc4 f i LIBCMT:_ctype.obj
 0001:00004def       __isdigit_l                10005def f i LIBCMT:_ctype.obj
 0001:00004e3e       _isdigit                   10005e3e f i LIBCMT:_ctype.obj
 0001:00004e67       __isxdigit_l               10005e67 f i LIBCMT:_ctype.obj
 0001:00004ebb       _isxdigit                  10005ebb f i LIBCMT:_ctype.obj
 0001:00004ee6       __isspace_l                10005ee6 f i LIBCMT:_ctype.obj
 0001:00004f35       _isspace                   10005f35 f i LIBCMT:_ctype.obj
 0001:00004f60       __allshr                   10005f60 f   LIBCMT:llshr.obj
 0001:00004f81       _strncmp                   10005f81 f   LIBCMT:strncmp.obj
 0001:0000503f       __toupper_l                1000603f f   LIBCMT:toupper.obj
 0001:00005157       _toupper                   10006157 f   LIBCMT:toupper.obj
 0001:00005180       _strstr                    10006180 f   LIBCMT:strstr.obj
 0001:00005206       ??3@YAXPAX@Z               10006206 f   LIBCMT:delete.obj
 0001:0000520b       ??0bad_alloc@std@@QAE@XZ   1000620b f i LIBCMT:new.obj
 0001:00005224       ??1bad_alloc@std@@UAE@XZ   10006224 f i LIBCMT:new.obj
 0001:0000522f       ??_Ebad_alloc@std@@UAEPAXI@Z 1000622f f i LIBCMT:new.obj
 0001:0000522f       ??_Gbad_alloc@std@@UAEPAXI@Z 1000622f f i LIBCMT:new.obj
 0001:00005251       ??0bad_alloc@std@@QAE@ABV01@@Z 10006251 f i LIBCMT:new.obj
 0001:00005269       ??2@YAPAXI@Z               10006269 f   LIBCMT:new.obj
 0001:000052e0       _memset                    100062e0 f   LIBCMT:memset.obj
 0001:00005360       __allmul                   10006360 f   LIBCMT:llmul.obj
 0001:00005394       __localtime64_s            10006394 f   LIBCMT:loctim64.obj
 0001:00005659       __localtime64              10006659 f   LIBCMT:loctim64.obj
 0001:0000567d       _atol                      1000667d f   LIBCMT:atox.obj
 0001:0000568e       _atoi                      1000668e f   LIBCMT:atox.obj
 0001:00005693       __tolower_l                10006693 f   LIBCMT:tolower.obj
 0001:000057aa       _tolower                   100067aa f   LIBCMT:tolower.obj
 0001:00005839       _sscanf                    10006839 f   LIBCMT:sscanf.obj
 0001:00005858       __CRT_INIT@12              10006858 f   LIBCMT:dllcrt0.obj
 0001:00005b27       __DllMainCRTStartup@12     10006b27 f   LIBCMT:dllcrt0.obj
 0001:00005d56       ___updatetmbcinfo          10006d56 f   LIBCMT:mbctype.obj
 0001:00005e74       __setmbcp_nolock           10006e74 f   LIBCMT:mbctype.obj
 0001:0000604d       __setmbcp                  1000704d f   LIBCMT:mbctype.obj
 0001:000061e7       ___initmbctable            100071e7 f   LIBCMT:mbctype.obj
 0001:00006205       ___freetlocinfo            10007205 f   LIBCMT:setlocal.obj
 0001:00006345       ___addlocaleref            10007345 f   LIBCMT:setlocal.obj
 0001:000063cb       ___removelocaleref         100073cb f   LIBCMT:setlocal.obj
 0001:00006495       ___updatetlocinfo          10007495 f   LIBCMT:setlocal.obj
 0001:00006577       __encode_pointer           10007577 f   LIBCMT:tidtable.obj
 0001:000065e5       __encoded_null             100075e5 f   LIBCMT:tidtable.obj
 0001:000065ee       __decode_pointer           100075ee f   LIBCMT:tidtable.obj
 0001:0000665c       ___crtTlsAlloc@4           1000765c f   LIBCMT:tidtable.obj
 0001:00006665       ___set_flsgetvalue         10007665 f   LIBCMT:tidtable.obj
 0001:00006697       __mtterm                   10007697 f   LIBCMT:tidtable.obj
 0001:000066d4       __initptd                  100076d4 f   LIBCMT:tidtable.obj
 0001:00006793       __getptd_noexit            10007793 f   LIBCMT:tidtable.obj
 0001:0000680a       __getptd                   1000780a f   LIBCMT:tidtable.obj
 0001:00006822       __freefls@4                10007822 f   LIBCMT:tidtable.obj
 0001:00006943       __freeptd                  10007943 f   LIBCMT:tidtable.obj
 0001:000069ac       __mtinit                   100079ac f   LIBCMT:tidtable.obj
 0001:00006b30       __isctype_l                10007b30 f   LIBCMT:isctype.obj
 0001:00006be6       __freea                    10007be6 f i LIBCMT:a_map.obj
 0001:00006fa3       ___crtLCMapStringA         10007fa3 f   LIBCMT:a_map.obj
 0001:00006fe6       __get_errno_from_oserr     10007fe6 f   LIBCMT:dosmap.obj
 0001:00007021       __errno                    10008021 f   LIBCMT:dosmap.obj
 0001:00007034       ___doserrno                10008034 f   LIBCMT:dosmap.obj
 0001:00007047       __dosmaperr                10008047 f   LIBCMT:dosmap.obj
 0001:00007065       __isleadbyte_l             10008065 f i LIBCMT:_wctype.obj
 0001:0000709b       _isleadbyte                1000809b f i LIBCMT:_wctype.obj
 0001:000070a9       _free                      100080a9 f   LIBCMT:free.obj
 0001:00007137       ??0exception@std@@QAE@ABQBDH@Z 10008137 f   LIBCMT:stdexcpt.obj
 0001:0000714f       ??0exception@std@@QAE@ABV01@@Z 1000814f f   LIBCMT:stdexcpt.obj
 0001:000071a7       ??1exception@std@@UAE@XZ   100081a7 f   LIBCMT:stdexcpt.obj
 0001:000071bd       ?what@exception@std@@UBEPBDXZ 100081bd f   LIBCMT:stdexcpt.obj
 0001:000071ca       ??_Eexception@std@@UAEPAXI@Z 100081ca f i LIBCMT:stdexcpt.obj
 0001:000071ca       ??_Gexception@std@@UAEPAXI@Z 100081ca f i LIBCMT:stdexcpt.obj
 0001:000071e6       ??1type_info@@UAE@XZ       100081e6 f   LIBCMT:typinfo.obj
 0001:000071f4       ??_Etype_info@@UAEPAXI@Z   100081f4 f i LIBCMT:typinfo.obj
 0001:000071f4       ??_Gtype_info@@UAEPAXI@Z   100081f4 f i LIBCMT:typinfo.obj
 0001:000072c9       ___onexitinit              100082c9 f   LIBCMT:onexit.obj
 0001:000072f8       __onexit                   100082f8 f   LIBCMT:onexit.obj
 0001:00007334       _atexit                    10008334 f   LIBCMT:onexit.obj
 0001:00007346       _V6_HeapAlloc              10008346 f   LIBCMT:malloc.obj
 0001:00007395       _malloc                    10008395 f   LIBCMT:malloc.obj
 0001:00007458       __initp_heap_handler       10008458 f   LIBCMT:handler.obj
 0001:00007462       __callnewh                 10008462 f   LIBCMT:handler.obj
 0001:00007484       __CxxThrowException@8      10008484 f   LIBCMT:throw.obj
 0001:00007525       __VEC_memzero              10008525 f   LIBCMT:p4_memset.obj
 0001:000075b4       __sse2_mathfcns_init       100085b4 f   LIBCMT:mathfcns.obj
 0001:000075c8       __initp_misc_invarg        100085c8 f   LIBCMT:invarg.obj
 0001:000075d2       __invoke_watson            100085d2 f   LIBCMT:invarg.obj
 0001:000076ce       __invalid_parameter        100086ce f   LIBCMT:invarg.obj
 0001:00007dde       ___tzset                   10008dde f   LIBCMT:tzset.obj
 0001:00007e2d       __isindst                  10008e2d f   LIBCMT:tzset.obj
 0001:00007e6e       __gmtime64_s               10008e6e f   LIBCMT:gmtime64.obj
 0001:000080aa       __get_daylight             100090aa f   LIBCMT:timeset.obj
 0001:000080de       __get_dstbias              100090de f   LIBCMT:timeset.obj
 0001:00008112       __get_timezone             10009112 f   LIBCMT:timeset.obj
 0001:00008146       ___daylight                10009146 f   LIBCMT:timeset.obj
 0001:0000814c       ___dstbias                 1000914c f   LIBCMT:timeset.obj
 0001:00008152       ___timezone                10009152 f   LIBCMT:timeset.obj
 0001:00008158       ___tzname                  10009158 f   LIBCMT:timeset.obj
 0001:00008160       __alldiv                   10009160 f   LIBCMT:lldiv.obj
 0001:00008210       __allrem                   10009210 f   LIBCMT:llrem.obj
 0001:000082c2       ___getgmtimebuf            100092c2 f   LIBCMT:gmtime.obj
 0001:00008535       _strtol                    10009535 f   LIBCMT:strtol.obj
 0001:00008560       _strlen                    10009560 f   LIBCMT:strlen.obj
 0001:0000867a       __input_l                  1000967a f   LIBCMT:input.obj
 0001:000092c7       __amsg_exit                1000a2c7 f   LIBCMT:crt0dat.obj
 0001:000092eb       ___crtCorExitProcess       1000a2eb f   LIBCMT:crt0dat.obj
 0001:00009311       ___crtExitProcess          1000a311 f   LIBCMT:crt0dat.obj
 0001:00009326       __lockexit                 1000a326 f   LIBCMT:crt0dat.obj
 0001:0000932f       __unlockexit               1000a32f f   LIBCMT:crt0dat.obj
 0001:00009350       __initterm_e               1000a350 f   LIBCMT:crt0dat.obj
 0001:00009370       __get_osplatform           1000a370 f   LIBCMT:crt0dat.obj
 0001:000093a7       __get_winmajor             1000a3a7 f   LIBCMT:crt0dat.obj
 0001:000093e3       __cinit                    1000a3e3 f   LIBCMT:crt0dat.obj
 0001:00009557       __exit                     1000a557 f   LIBCMT:crt0dat.obj
 0001:00009568       __cexit                    1000a568 f   LIBCMT:crt0dat.obj
 0001:00009577       __init_pointers            1000a577 f   LIBCMT:crt0dat.obj
 0001:000095c3       __malloc_crt               1000a5c3 f   LIBCMT:crtheap.obj
 0001:00009603       __calloc_crt               1000a603 f   LIBCMT:crtheap.obj
 0001:0000964b       __realloc_crt              1000a64b f   LIBCMT:crtheap.obj
 0001:00009696       __recalloc_crt             1000a696 f   LIBCMT:crtheap.obj
 0001:000096e6       __ioinit                   1000a6e6 f   LIBCMT:ioinit.obj
 0001:00009926       __ioterm                   1000a926 f   LIBCMT:ioinit.obj
 0001:00009972       __setenvp                  1000a972 f   LIBCMT:stdenvp.obj
 0001:00009be5       __setargv                  1000abe5 f   LIBCMT:stdargv.obj
 0001:00009c9e       ___crtGetEnvironmentStringsA 1000ac9e f   LIBCMT:a_env.obj
 0001:00009dd3       __RTC_Initialize           1000add3 f   LIBCMT:initsect.obj
 0001:00009df7       __RTC_Terminate            1000adf7 f   LIBCMT:initsect.obj
 0001:00009e1b       ___heap_select             1000ae1b f   LIBCMT:heapinit.obj
 0001:00009e76       __heap_init                1000ae76 f   LIBCMT:heapinit.obj
 0001:00009ed0       __heap_term                1000aed0 f   LIBCMT:heapinit.obj
 0001:00009f44       __initp_misc_winxfltr      1000af44 f   LIBCMT:winxfltr.obj
 0001:00009f45       __XcptFilter               1000af45 f   LIBCMT:winxfltr.obj
 0001:0000a0a3       ___CppXcptFilter           1000b0a3 f   LIBCMT:winxfltr.obj
 0001:0000a0c0       __SEH_prolog4              1000b0c0 f   LIBCMT:sehprolg4.obj
 0001:0000a105       __SEH_epilog4              1000b105 f   LIBCMT:sehprolg4.obj
 0001:0000a120       __except_handler4          1000b120 f   LIBCMT:chandler4.obj
 0001:0000a2b6       ___security_init_cookie    1000b2b6 f   LIBCMT:gs_support.obj
 0001:0000a502       ___crtGetStringTypeA       1000b502 f   LIBCMT:a_str.obj
 0001:0000a542       @__security_check_cookie@4 1000b542 f   LIBCMT:secchk.obj
 0001:0000a551       __mtinitlocks              1000b551 f   LIBCMT:mlock.obj
 0001:0000a59a       __mtdeletelocks            1000b59a f   LIBCMT:mlock.obj
 0001:0000a5ef       __unlock                   1000b5ef f   LIBCMT:mlock.obj
 0001:0000a604       __mtinitlocknum            1000b604 f   LIBCMT:mlock.obj
 0001:0000a6c7       __lock                     1000b6c7 f   LIBCMT:mlock.obj
 0001:0000a6f8       ___free_lc_time            1000b6f8 f   LIBCMT:inittime.obj
 0001:0000a888       ___free_lconv_num          1000b888 f   LIBCMT:initnum.obj
 0001:0000a8c8       ___free_lconv_mon          1000b8c8 f   LIBCMT:initmon.obj
 0001:0000a951       ____lc_codepage_func       1000b951 f   LIBCMT:initctyp.obj
 0001:0000a977       _strcat_s                  1000b977 f   LIBCMT:strcat_s.obj
 0001:0000a9f0       _strcspn                   1000b9f0 f   LIBCMT:strcspn.obj
 0001:0000aa36       _strncpy_s                 1000ba36 f   LIBCMT:strncpy_s.obj
 0001:0000aae9       _strcpy_s                  1000bae9 f   LIBCMT:strcpy_s.obj
 0001:0000ab50       _strcmp                    1000bb50 f   LIBCMT:strcmp.obj
 0001:0000abe0       _memcpy                    1000bbe0 f   LIBCMT:memcpy.obj
 0001:0000af50       _strpbrk                   1000bf50 f   LIBCMT:strpbrk.obj
 0001:0000af90       ___ansicp                  1000bf90 f   LIBCMT:convrtcp.obj
 0001:0000afd7       ___convertcp               1000bfd7 f   LIBCMT:convrtcp.obj
 0001:0000b190       __alloca_probe_16          1000c190 f   LIBCMT:alloca16.obj
 0001:0000b1a6       __alloca_probe_8           1000c1a6     LIBCMT:alloca16.obj
 0001:0000b1bc       ___sbh_heap_init           1000c1bc f   LIBCMT:sbheap.obj
 0001:0000b204       ___sbh_find_block          1000c204 f   LIBCMT:sbheap.obj
 0001:0000b22f       ___sbh_free_block          1000c22f f   LIBCMT:sbheap.obj
 0001:0000b543       ___sbh_alloc_new_region    1000c543 f   LIBCMT:sbheap.obj
 0001:0000b5f3       ___sbh_alloc_new_group     1000c5f3 f   LIBCMT:sbheap.obj
 0001:0000b6f9       ___sbh_resize_block        1000c6f9 f   LIBCMT:sbheap.obj
 0001:0000b9d8       ___sbh_alloc_block         1000c9d8 f   LIBCMT:sbheap.obj
 0001:0000bcbb       ?_Type_info_dtor@type_info@@CAXPAV1@@Z 1000ccbb f   LIBCMT:typname.obj
 0001:0000bd2b       __msize                    1000cd2b f   LIBCMT:msize.obj
 0001:0000bdce       __NMSG_WRITE               1000cdce f   LIBCMT:crt0msg.obj
 0001:0000bf6e       __FF_MSGBANNER             1000cf6e f   LIBCMT:crt0msg.obj
 0001:0000bff7       __get_sse2_info            1000cff7 f   LIBCMT:cpu_disp.obj
 0001:0000c057       ___sse2_available_init     1000d057 f   LIBCMT:cpu_disp.obj
 0001:0000c064       __crt_debugger_hook        1000d064 f   LIBCMT:dbghook.obj
 0001:0000c06c       __getenv_helper_nolock     1000d06c f   LIBCMT:getenv.obj
 0001:0000c0f0       __aulldvrm                 1000d0f0 f   LIBCMT:ulldvrm.obj
 0001:0000c185       __filbuf                   1000d185 f   LIBCMT:_filbuf.obj
 0001:0000c2a5       __ungetc_nolock            1000d2a5 f   LIBCMT:ungetc.obj
 0001:0000c3c3       __mbtowc_l                 1000d3c3 f   LIBCMT:mbtowc.obj
 0001:0000c4d6       _mbtowc                    1000d4d6 f   LIBCMT:mbtowc.obj
 0001:0000c4ed       __initp_misc_cfltcvt_tab   1000d4ed f   LIBCMT:cmiscdat.obj
 0001:0000c50c       __fileno                   1000d50c f   LIBCMT:fileno.obj
 0001:0000c540       __ValidateImageBase        1000d540 f   LIBCMT:pesect.obj
 0001:0000c570       __FindPESection            1000d570 f   LIBCMT:pesect.obj
 0001:0000c5c0       __IsNonwritableInCurrentImage 1000d5c0 f   LIBCMT:pesect.obj
 0001:0000c67b       ?terminate@@YAXXZ          1000d67b f   LIBCMT:hooks.obj
 0001:0000c6b4       __initp_eh_hooks           1000d6b4 f   LIBCMT:hooks.obj
 0001:0000c6c5       __initp_misc_winsig        1000d6c5 f   LIBCMT:winsig.obj
 0001:0000c712       ___get_sigabrt             1000d712 f   LIBCMT:winsig.obj
 0001:0000c71f       _raise                     1000d71f f   LIBCMT:winsig.obj
 0001:0000c8cf       __initp_misc_rand_s        1000d8cf f   LIBCMT:rand_s.obj
 0001:0000c8d9       __initp_misc_purevirt      1000d8d9 f   LIBCMT:inithelp.obj
 0001:0000c8e3       __initp_misc_initcrit      1000d8e3 f   LIBCMT:initcrit.obj
 0001:0000c8fd       ___crtInitCritSecAndSpinCount 1000d8fd f   LIBCMT:initcrit.obj
 0001:0000c9c2       __calloc_impl              1000d9c2 f   LIBCMT:calloc.obj
 0001:0000cae0       _realloc                   1000dae0 f   LIBCMT:realloc.obj
 0001:0000ccfb       __recalloc                 1000dcfb f   LIBCMT:realloc.obj
 0001:0000cdc5       __ismbblead                1000ddc5 f   LIBCMT:ismbbyte.obj
 0001:0000cdd8       __local_unwind4            1000ddd8 f   LIBCMT:exsup4.obj
 0001:0000ceae       __seh_longjmp_unwind4@4    1000deae f   LIBCMT:exsup4.obj
 0001:0000ceca       @_EH4_CallFilterFunc@8     1000deca f   LIBCMT:exsup4.obj
 0001:0000cee1       @_EH4_TransferToHandler@8  1000dee1 f   LIBCMT:exsup4.obj
 0001:0000cefa       @_EH4_GlobalUnwind@4       1000defa f   LIBCMT:exsup4.obj
 0001:0000cf14       @_EH4_LocalUnwind@16       1000df14 f   LIBCMT:exsup4.obj
 0001:0000cf2b       ___report_gsfailure        1000df2b f   LIBCMT:gs_report.obj
 0001:0000d0b6       __VEC_memcpy               1000e0b6 f   LIBCMT:p4_memcpy.obj
 0001:0000d199       __strnicmp_l               1000e199 f   LIBCMT:strnicmp.obj
 0001:0000d290       _memmove                   1000e290 f   LIBCMT:memmove.obj
 0001:0000d5f5       ___crtMessageBoxA          1000e5f5 f   LIBCMT:crtmbox.obj
 0001:0000d7b2       __set_error_mode           1000e7b2 f   LIBCMT:errmode.obj
 0001:0000d7f8       __mbsnbicoll_l             1000e7f8 f   LIBCMT:mbsnbico.obj
 0001:0000d8e4       __mbsnbicoll               1000e8e4 f   LIBCMT:mbsnbico.obj
 0001:0000d8fb       ___wtomb_environ           1000e8fb f   LIBCMT:wtombenv.obj
 0001:0000d990       __read_nolock              1000e990 f   LIBCMT:read.obj
 0001:0000df51       __read                     1000ef51 f   LIBCMT:read.obj
 0001:0000e04e       __getbuf                   1000f04e f   LIBCMT:_getbuf.obj
 0001:0000e092       ___initstdio               1000f092 f   LIBCMT:_file.obj
 0001:0000e143       ___endstdio                1000f143 f   LIBCMT:_file.obj
 0001:0000e163       __lock_file                1000f163 f   LIBCMT:_file.obj
 0001:0000e19f       __lock_file2               1000f19f f   LIBCMT:_file.obj
 0001:0000e1cd       __unlock_file              1000f1cd f   LIBCMT:_file.obj
 0001:0000e203       __unlock_file2             1000f203 f   LIBCMT:_file.obj
 0001:0000e22d       __fptrap                   1000f22d f   LIBCMT:crt0fp.obj
 0001:0000e236       _abort                     1000f236 f   LIBCMT:abort.obj
 0001:0000e32c       __global_unwind2           1000f32c f   LIBCMT:exsup.obj
 0001:0000e391       __local_unwind2            1000f391 f   LIBCMT:exsup.obj
 0001:0000e415       __abnormal_termination     1000f415 f   LIBCMT:exsup.obj
 0001:0000e438       __NLG_Notify1              1000f438 f   LIBCMT:exsup.obj
 0001:0000e441       __NLG_Notify               1000f441 f   LIBCMT:exsup.obj
 0001:0000e458       __NLG_Dispatch2            1000f458     LIBCMT:exsup.obj
 0001:0000e458       __NLG_Dispatch             1000f458     LIBCMT:exsup.obj
 0001:0000e460       __NLG_Call                 1000f460 f   LIBCMT:exsup.obj
 0001:0000e462       __NLG_Return2              1000f462     LIBCMT:exsup.obj
 0001:0000e470       ___ascii_strnicmp          1000f470 f   LIBCMT:_strnicm.obj
 0001:0000e85a       ___crtCompareStringA       1000f85a f   LIBCMT:a_cmp.obj
 0001:0000e89a       __strnicoll_l              1000f89a f   LIBCMT:strnicol.obj
 0001:0000ea3c       ___crtsetenv               1000fa3c f   LIBCMT:setenv.obj
 0001:0000ec88       __lseeki64_nolock          1000fc88 f   LIBCMT:lseeki64.obj
 0001:0000ed0b       __free_osfhnd              1000fd0b f   LIBCMT:osfinfo.obj
 0001:0000ed8c       __get_osfhandle            1000fd8c f   LIBCMT:osfinfo.obj
 0001:0000edfd       ___lock_fhandle            1000fdfd f   LIBCMT:osfinfo.obj
 0001:0000ee9d       __unlock_fhandle           1000fe9d f   LIBCMT:osfinfo.obj
 0001:0000eebf       __fcloseall                1000febf f   LIBCMT:closeall.obj
 0001:0000ef5e       __flush                    1000ff5e f   LIBCMT:fflush.obj
 0001:0000efc0       __fflush_nolock            1000ffc0 f   LIBCMT:fflush.obj
 0001:0000f0dc       __flushall                 100100dc f   LIBCMT:fflush.obj
 0001:0000f0e5       __strdup                   100100e5 f   LIBCMT:strdup.obj
 0001:0000f135       __mbschr_l                 10010135 f   LIBCMT:mbschr.obj
 0001:0000f1ef       __mbschr                   100101ef f   LIBCMT:mbschr.obj
 0001:0000f202       __fclose_nolock            10010202 f   LIBCMT:fclose.obj
 0001:0000f274       _fclose                    10010274 f   LIBCMT:fclose.obj
 0001:0000f2f0       __write_nolock             100102f0 f   LIBCMT:write.obj
 0001:0000f8b6       __write                    100108b6 f   LIBCMT:write.obj
 0001:0000f992       __commit                   10010992 f   LIBCMT:commit.obj
 0001:0000fa73       __close_nolock             10010a73 f   LIBCMT:close.obj
 0001:0000fb07       __close                    10010b07 f   LIBCMT:close.obj
 0001:0000fbd4       __freebuf                  10010bd4 f   LIBCMT:_freebuf.obj
 0001:0000fc00       __putwch_nolock            10010c00 f   LIBCMT:putwch.obj
 0001:0000fcc2       __isatty                   10010cc2 f   LIBCMT:isatty.obj
 0001:0000fd20       ___initconout              10010d20 f   LIBCMT:initcon.obj
 0001:0000fd3f       ___termcon                 10010d3f f   LIBCMT:initcon.obj
 0001:0000fd6c       _RtlUnwind@16              10010d6c f   kernel32:KERNEL32.dll
 0001:0000fd88       __TI2?AVbad_alloc@std@@    10010d88     LIBCMT:new.obj
 0001:0000fd98       __CTA2?AVbad_alloc@std@@   10010d98     LIBCMT:new.obj
 0001:0000fda4       __CT??_R0?AVbad_alloc@std@@@8??0bad_alloc@std@@QAE@ABV01@@Z12 10010da4     LIBCMT:new.obj
 0001:0000fdc0       __CT??_R0?AVexception@std@@@8??0exception@std@@QAE@ABV01@@Z12 10010dc0     LIBCMT:new.obj
 0001:000101ec       __IMPORT_DESCRIPTOR_KERNEL32 100111ec     kernel32:KERNEL32.dll
 0001:00010200       __NULL_IMPORT_DESCRIPTOR   10011200     kernel32:KERNEL32.dll
 0002:00000114       ??_R0?AVbad_alloc@std@@@8  10012114     LIBCMT:new.obj
 0002:00000130       ??_R0?AVexception@std@@@8  10012130     LIBCMT:new.obj
 0002:00000150       ___initialmbcinfo          10012150     LIBCMT:mbctype.obj
 0002:00000370       __mbctype                  10012370     LIBCMT:mbctype.obj
 0002:00000478       __mbcasemap                10012478     LIBCMT:mbctype.obj
 0002:00000578       ___ptmbcinfo               10012578     LIBCMT:mbctype.obj
 0002:00000674       ___globallocalestatus      10012674     LIBCMT:glstatus.obj
 0002:00000678       ___clocalestr              10012678     LIBCMT:nlsdata2.obj
 0002:00000680       ___initiallocinfo          10012680     LIBCMT:nlsdata2.obj
 0002:00000758       ___ptlocinfo               10012758     LIBCMT:nlsdata2.obj
 0002:0000075c       ___lc_clike                1001275c     LIBCMT:nlsdata2.obj
 0002:00000760       ___initiallocalestructinfo 10012760     LIBCMT:nlsdata2.obj
 0002:00000768       ___flsindex                10012768     LIBCMT:tidtable.obj
 0002:0000076c       ___getvalueindex           1001276c     LIBCMT:tidtable.obj
 0002:000008e8       ??_R0?AVtype_info@@@8      100128e8     LIBCMT:typinfo.obj
 0002:00000918       __timezone                 10012918     LIBCMT:timeset.obj
 0002:0000091c       __daylight                 1001291c     LIBCMT:timeset.obj
 0002:00000920       __dstbias                  10012920     LIBCMT:timeset.obj
 0002:000009a8       __tzname                   100129a8     LIBCMT:timeset.obj
 0002:000009b0       __aexit_rtn                100129b0     LIBCMT:crt0dat.obj
 0002:000009b8       ___badioinfo               100129b8     LIBCMT:ioinit.obj
 0002:000009f0       __amblksiz                 100129f0     LIBCMT:heapinit.obj
 0002:000009f8       __XcptActTab               100129f8     LIBCMT:winxfltr.obj
 0002:00000a70       __First_FPE_Indx           10012a70     LIBCMT:winxfltr.obj
 0002:00000a74       __Num_FPE                  10012a74     LIBCMT:winxfltr.obj
 0002:00000a78       __XcptActTabSize           10012a78     LIBCMT:winxfltr.obj
 0002:00000a7c       __XcptActTabCount          10012a7c     LIBCMT:winxfltr.obj
 0002:00000a80       ___security_cookie         10012a80     LIBCMT:gs_cookie.obj
 0002:00000a84       ___security_cookie_complement 10012a84     LIBCMT:gs_cookie.obj
 0002:00000ba8       __pctype                   10012ba8     LIBCMT:ctype.obj
 0002:00000bac       __pwctype                  10012bac     LIBCMT:ctype.obj
 0002:00000bb0       ___lc_time_c               10012bb0     LIBCMT:strftime.obj
 0002:00000c68       ___lc_time_curr            10012c68     LIBCMT:strftime.obj
 0002:00000c6c       ___lconv_static_decimal    10012c6c     LIBCMT:lconv.obj
 0002:00000c70       ___lconv_c                 10012c70     LIBCMT:lconv.obj
 0002:00000ca0       ___lconv                   10012ca0     LIBCMT:lconv.obj
 0002:00000ca4       ___mb_cur_max              10012ca4     LIBCMT:nlsdata1.obj
 0002:00000ca8       ___decimal_point           10012ca8     LIBCMT:nlsdata1.obj
 0002:00000cac       ___decimal_point_length    10012cac     LIBCMT:nlsdata1.obj
 0002:00000d70       __lpdays                   10012d70     LIBCMT:days.obj
 0002:00000da4       __days                     10012da4     LIBCMT:days.obj
 0002:00000de0       __cfltcvt_tab              10012de0     LIBCMT:cmiscdat.obj
 0002:00000e10       __lookuptrailbytes         10012e10     LIBCMT:read.obj
 0002:00000f10       __iob                      10012f10     LIBCMT:_file.obj
 0002:00001190       ___abort_behavior          10013190     LIBCMT:abort.obj
 0002:00001194       __NLG_Destination          10013194     LIBCMT:exsup.obj
 0002:000011b4       __coninpfh                 100131b4     LIBCMT:initcon.obj
 0002:000011b8       __confh                    100131b8     LIBCMT:initcon.obj
 0002:000011c0       ?FTP_Info@@3PAUFTPInterface@@A 100131c0     All.obj
 0002:000011c4       ?FTP_Module@@3PAUHINSTANCE__@@A 100131c4     All.obj
 0002:000011fc       __aenvptr                  100131fc     LIBCMT:dllcrt0.obj
 0002:00001200       __wenvptr                  10013200     LIBCMT:dllcrt0.obj
 0002:00001204       ___error_mode              10013204     LIBCMT:dllcrt0.obj
 0002:00001208       ___app_type                10013208     LIBCMT:dllcrt0.obj
 0002:00001210       ___mbulinfo                10013210     LIBCMT:mbctype.obj
 0002:0000121c       ___mbcodepage              1001321c     LIBCMT:mbctype.obj
 0002:00001220       ___ismbcodepage            10013220     LIBCMT:mbctype.obj
 0002:00001224       ___mblcid                  10013224     LIBCMT:mbctype.obj
 0002:00001228       ___locale_changed          10013228     LIBCMT:setlocal.obj
 0002:0000122c       ___lc_handle               1001322c     LIBCMT:nlsdata2.obj
 0002:00001244       ___lc_codepage             10013244     LIBCMT:nlsdata2.obj
 0002:00001248       ___lc_collate_cp           10013248     LIBCMT:nlsdata2.obj
 0002:0000124c       _gpFlsAlloc                1001324c     LIBCMT:tidtable.obj
 0002:00001250       _gpFlsGetValue             10013250     LIBCMT:tidtable.obj
 0002:00001254       _gpFlsSetValue             10013254     LIBCMT:tidtable.obj
 0002:00001258       _gpFlsFree                 10013258     LIBCMT:tidtable.obj
 0002:00001260       ?_pnhHeap@@3P6AHI@ZA       10013260     LIBCMT:handler.obj
 0002:00001264       ___pInvalidArgHandler      10013264     LIBCMT:invarg.obj
 0002:00001320       __umaskval                 10013320     LIBCMT:crt0dat.obj
 0002:00001324       __osplatform               10013324     LIBCMT:crt0dat.obj
 0002:00001328       __osver                    10013328     LIBCMT:crt0dat.obj
 0002:0000132c       __winver                   1001332c     LIBCMT:crt0dat.obj
 0002:00001330       __winmajor                 10013330     LIBCMT:crt0dat.obj
 0002:00001334       __winminor                 10013334     LIBCMT:crt0dat.obj
 0002:00001338       ___argc                    10013338     LIBCMT:crt0dat.obj
 0002:0000133c       ___argv                    1001333c     LIBCMT:crt0dat.obj
 0002:00001340       ___wargv                   10013340     LIBCMT:crt0dat.obj
 0002:00001344       __environ                  10013344     LIBCMT:crt0dat.obj
 0002:00001348       ___initenv                 10013348     LIBCMT:crt0dat.obj
 0002:0000134c       __wenviron                 1001334c     LIBCMT:crt0dat.obj
 0002:00001350       ___winitenv                10013350     LIBCMT:crt0dat.obj
 0002:00001354       __pgmptr                   10013354     LIBCMT:crt0dat.obj
 0002:00001358       __wpgmptr                  10013358     LIBCMT:crt0dat.obj
 0002:0000135c       __exitflag                 1001335c     LIBCMT:crt0dat.obj
 0002:00001360       __C_Termination_Done       10013360     LIBCMT:crt0dat.obj
 0002:00001364       __C_Exit_Done              10013364     LIBCMT:crt0dat.obj
 0002:00001368       __maxwait                  10013368     LIBCMT:crtheap.obj
 0002:0000147c       __crtheap                  1001347c     LIBCMT:heapinit.obj
 0002:000015d8       ___lconv_static_null       100135d8     LIBCMT:lconv.obj
 0002:000015dc       ___sbh_pHeaderDefer        100135dc     LIBCMT:sbheap.obj
 0002:000018fc       __newmode                  100138fc     LIBCMT:_newmode.obj
 0002:00001900       ?__pInconsistency@@3P6AXXZA 10013900     LIBCMT:hooks.obj
 0002:00001924       ___pPurecall               10013924     LIBCMT:inithelp.obj
 0002:00001c68       ?pArgList@UnDecorator@@0PAVReplicator@@A 10013c68     LIBCMT:undname.obj
 0002:00001c6c       ?pZNameList@UnDecorator@@0PAVReplicator@@A 10013c6c     LIBCMT:undname.obj
 0002:00001c70       ?pTemplateArgList@UnDecorator@@0PAVReplicator@@A 10013c70     LIBCMT:undname.obj
 0002:00001c74       ?gName@UnDecorator@@0PBDB  10013c74     LIBCMT:undname.obj
 0002:00001c78       ?name@UnDecorator@@0PBDB   10013c78     LIBCMT:undname.obj
 0002:00001c7c       ?outputString@UnDecorator@@0PADA 10013c7c     LIBCMT:undname.obj
 0002:00001c80       ?maxStringLength@UnDecorator@@0HA 10013c80     LIBCMT:undname.obj
 0002:00001c84       ?disableFlags@UnDecorator@@0KA 10013c84     LIBCMT:undname.obj
 0002:00001c88       ?m_pGetParameter@UnDecorator@@0P6APADJ@ZA 10013c88     LIBCMT:undname.obj
 0002:00001c8c       ?fExplicitTemplateParams@UnDecorator@@0_NA 10013c8c     LIBCMT:undname.obj
 0002:00001c8d       ?fGetTemplateArgumentList@UnDecorator@@0_NA 10013c8d     LIBCMT:undname.obj
 0002:00001ca4       __cflush                   10013ca4     LIBCMT:_file.obj
 0002:00001cac       ___piob                    10013cac     <common>
 0002:00001cc0       __bufin                    10013cc0     <common>
 0002:00002cc0       __nstream                  10014cc0     <common>
 0002:00002cc4       __debugger_hook_dummy      10014cc4     <common>
 0002:00002cc8       ___sbh_cntHeaderList       10014cc8     <common>
 0002:00002ccc       ___sbh_pHeaderList         10014ccc     <common>
 0002:00002cd0       ___sbh_threshold           10014cd0     <common>
 0002:00002cd4       ___sbh_pHeaderScan         10014cd4     <common>
 0002:00002cd8       ___sbh_sizeHeaderList      10014cd8     <common>
 0002:00002cdc       ___sbh_indGroupDefer       10014cdc     <common>
 0002:00002ce0       __pDestructExceptionObject 10014ce0     <common>
 0002:00002ce4       ___active_heap             10014ce4     <common>
 0002:00002ce8       __nhandle                  10014ce8     <common>
 0002:00002d00       ___pioinfo                 10014d00     <common>
 0002:00002e00       ___env_initialized         10014e00     <common>
 0002:00002e04       ___onexitend               10014e04     <common>
 0002:00002e08       ___onexitbegin             10014e08     <common>
 0002:00002e0c       ___mbctype_initialized     10014e0c     <common>
 0002:00002e10       __FPinit                   10014e10     <common>
 0002:00002e14       ___dyn_tls_init_callback   10014e14     <common>
 0002:00002e18       ___use_sse2_mathfcns       10014e18     <common>
 0002:00002e1c       ___sse2_available          10014e1c     <common>
 0002:00002e20       __acmdln                   10014e20     <common>

 entry point at        0001:00005b27

 Static symbols

 0001:00002457       ?ParseSystemInfo@@YIGPBD@Z 10003457 f   Main.obj
 0001:000057d1       _vscan_fn                  100067d1 f   LIBCMT:sscanf.obj
 0001:00005a31       ___DllMainCRTStartup       10006a31 f   LIBCMT:dllcrt0.obj
 0001:00005b48       ?CPtoLCID@@YAHH@Z          10006b48 f   LIBCMT:mbctype.obj
 0001:00005b77       ?setSBCS@@YAXPAUthreadmbcinfostruct@@@Z 10006b77 f   LIBCMT:mbctype.obj
 0001:00005bcc       ?setSBUpLow@@YAXPAUthreadmbcinfostruct@@@Z 10006bcc f   LIBCMT:mbctype.obj
 0001:00005dfa       ?getSystemCP@@YAHH@Z       10006dfa f   LIBCMT:mbctype.obj
 0001:00006457       __updatetlocinfoEx_nolock  10007457 f   LIBCMT:setlocal.obj
 0001:0000650b       __use_encode_pointer       1000750b f   LIBCMT:tidtable.obj
 0001:00006c01       ?__crtLCMapStringA_stat@@YAHPAUlocaleinfo_struct@@KKPBDHPADHHH@Z 10007c01 f   LIBCMT:a_map.obj
 0001:00007210       __onexit_nolock            10008210 f   LIBCMT:onexit.obj
 0001:000074ce       _fastzero_I                100084ce f   LIBCMT:p4_memset.obj
 0001:000076f2       __tzset_nolock             100086f2 f   LIBCMT:tzset.obj
 0001:00007a3b       _cvtdate                   10008a3b f   LIBCMT:tzset.obj
 0001:00007c30       __isindst_nolock           10008c30 f   LIBCMT:tzset.obj
 0001:0000830a       ?strtoxl@@YAKPAUlocaleinfo_struct@@PBDPAPBDHH@Z 1000930a f   LIBCMT:strtol.obj
 0001:000085eb       ___check_float_string      100095eb f   LIBCMT:input.obj
 0001:0000863f       __inc                      1000963f f   LIBCMT:input.obj
 0001:00008655       __whiteout                 10009655 f   LIBCMT:input.obj
 0001:00009338       __initterm                 1000a338 f   LIBCMT:crt0dat.obj
 0001:00009475       _doexit                    1000a475 f   LIBCMT:crt0dat.obj
 0001:00009a4d       _parse_cmdline             1000aa4d f   LIBCMT:stdargv.obj
 0001:0000a34a       ?__crtGetStringTypeA_stat@@YAHPAUlocaleinfo_struct@@KPBDHPAGHHH@Z 1000b34a f   LIBCMT:a_str.obj
 0001:0000bfa7       _has_osfxsr_set            1000cfa7 f   LIBCMT:cpu_disp.obj
 0001:0000c6de       _siglookup                 1000d6de f   LIBCMT:winsig.obj
 0001:0000c8ed       ___crtInitCritSecNoSpinCount@8 1000d8ed f   LIBCMT:initcrit.obj
 0001:0000cd74       ?x_ismbbtype_l@@YAHPAUlocaleinfo_struct@@IHH@Z 1000dd74 f   LIBCMT:ismbbyte.obj
 0001:0000ce68       __unwind_handler4          1000de68 f   LIBCMT:exsup4.obj
 0001:0000d02f       _fastcopy_I                1000e02f f   LIBCMT:p4_memcpy.obj
 0001:0000e34c       __unwind_handler           1000f34c f   LIBCMT:exsup.obj
 0001:0000e4d1       ?__crtCompareStringA_stat@@YAHPAUlocaleinfo_struct@@KKPBDH1HH@Z 1000f4d1 f   LIBCMT:a_cmp.obj
 0001:0000e992       _findenv                   1000f992 f   LIBCMT:setenv.obj
 0001:0000e9df       _copy_environ              1000f9df f   LIBCMT:setenv.obj
 0001:0000f002       _flsall                    10010002 f   LIBCMT:fflush.obj
 0001:0000fd72       ??__Fnomem@?5???2@YAPAXI@Z@YAXXZ 10010d72 f   LIBCMT:new.obj
