 ftpProgress

 Timestamp is 4d49e3ed (Thu Feb 03 00:08:29 2011)

 Preferred load address is 10000000

 Start         Length     Name                   Class
 0001:00000000 0000014cH .idata$5                CODE
 0001:0000014c 00000004H .CRT$XCA                CODE
 0001:00000150 00000004H .CRT$XCZ                CODE
 0001:00000154 00000004H .CRT$XIA                CODE
 0001:00000158 00000014H .CRT$XIC                CODE
 0001:0000016c 00000004H .CRT$XIZ                CODE
 0001:00000170 00000004H .CRT$XPA                CODE
 0001:00000174 00000004H .CRT$XPX                CODE
 0001:00000178 00000004H .CRT$XPXA               CODE
 0001:0000017c 00000004H .CRT$XPZ                CODE
 0001:00000180 00000004H .CRT$XTA                CODE
 0001:00000184 00000004H .CRT$XTZ                CODE
 0001:00000188 00001e80H .rdata                  CODE
 0001:00002008 000000dcH .rdata$r                CODE
 0001:000020f0 0000000cH .rdata$sxdata           CODE
 0001:000020fc 00000004H .rtc$IAA                CODE
 0001:00002100 00000004H .rtc$IZZ                CODE
 0001:00002104 00000004H .rtc$TAA                CODE
 0001:00002108 00000004H .rtc$TZZ                CODE
 0001:00002110 0000f262H .text                   CODE
 0001:00011372 00000014H .text$yd                CODE
 0001:00011388 00000484H .xdata$x                CODE
 0001:0001180c 0000003cH .idata$2                CODE
 0001:00011848 00000014H .idata$3                CODE
 0001:0001185c 0000014cH .idata$4                CODE
 0001:000119a8 000005caH .idata$6                CODE
 0001:00011f80 00000054H .edata                  CODE
 0002:00000000 000013e0H .data                   DATA
 0002:000013e0 00001da0H .bss                    DATA
 0003:00000000 00000058H .rsrc$01                DATA
 0003:00000060 00000368H .rsrc$02                DATA

  Address         Publics by Value              Rva+Base       Lib:Object

 0000:00000000       __except_list              00000000     <absolute>
 0000:00000003       ___safe_se_handler_count   00000003     <absolute>
 0000:00000000       ___ImageBase               10000000     <linker-defined>
 0001:00000000       __imp__FindClose@4         10001000     kernel32:KERNEL32.dll
 0001:00000004       __imp__FindFirstFileA@8    10001004     kernel32:KERNEL32.dll
 0001:00000008       __imp__SetConsoleTitleA@4  10001008     kernel32:KERNEL32.dll
 0001:0000000c       __imp__CloseHandle@4       1000100c     kernel32:KERNEL32.dll
 0001:00000010       __imp__CreateFileA@28      10001010     kernel32:KERNEL32.dll
 0001:00000014       __imp__SetEnvironmentVariableA@8 10001014     kernel32:KERNEL32.dll
 0001:00000018       __imp__CompareStringW@24   10001018     kernel32:KERNEL32.dll
 0001:0000001c       __imp__GetSystemTimeAsFileTime@4 1000101c     kernel32:KERNEL32.dll
 0001:00000020       __imp__GetCurrentThreadId@0 10001020     kernel32:KERNEL32.dll
 0001:00000024       __imp__GetCommandLineA@0   10001024     kernel32:KERNEL32.dll
 0001:00000028       __imp__HeapFree@12         10001028     kernel32:KERNEL32.dll
 0001:0000002c       __imp__GetVersionExA@4     1000102c     kernel32:KERNEL32.dll
 0001:00000030       __imp__HeapAlloc@12        10001030     kernel32:KERNEL32.dll
 0001:00000034       __imp__GetProcessHeap@0    10001034     kernel32:KERNEL32.dll
 0001:00000038       __imp__RaiseException@16   10001038     kernel32:KERNEL32.dll
 0001:0000003c       __imp__GetLastError@0      1000103c     kernel32:KERNEL32.dll
 0001:00000040       __imp__TerminateProcess@8  10001040     kernel32:KERNEL32.dll
 0001:00000044       __imp__GetCurrentProcess@0 10001044     kernel32:KERNEL32.dll
 0001:00000048       __imp__UnhandledExceptionFilter@4 10001048     kernel32:KERNEL32.dll
 0001:0000004c       __imp__SetUnhandledExceptionFilter@4 1000104c     kernel32:KERNEL32.dll
 0001:00000050       __imp__IsDebuggerPresent@0 10001050     kernel32:KERNEL32.dll
 0001:00000054       __imp__WideCharToMultiByte@32 10001054     kernel32:KERNEL32.dll
 0001:00000058       __imp__GetTimeZoneInformation@4 10001058     kernel32:KERNEL32.dll
 0001:0000005c       __imp__GetProcAddress@8    1000105c     kernel32:KERNEL32.dll
 0001:00000060       __imp__GetModuleHandleA@4  10001060     kernel32:KERNEL32.dll
 0001:00000064       __imp__GetCPInfo@8         10001064     kernel32:KERNEL32.dll
 0001:00000068       __imp__InterlockedIncrement@4 10001068     kernel32:KERNEL32.dll
 0001:0000006c       __imp__InterlockedDecrement@4 1000106c     kernel32:KERNEL32.dll
 0001:00000070       __imp__GetACP@0            10001070     kernel32:KERNEL32.dll
 0001:00000074       __imp__GetOEMCP@0          10001074     kernel32:KERNEL32.dll
 0001:00000078       __imp__IsValidCodePage@4   10001078     kernel32:KERNEL32.dll
 0001:0000007c       __imp__TlsGetValue@4       1000107c     kernel32:KERNEL32.dll
 0001:00000080       __imp__TlsAlloc@0          10001080     kernel32:KERNEL32.dll
 0001:00000084       __imp__TlsSetValue@8       10001084     kernel32:KERNEL32.dll
 0001:00000088       __imp__TlsFree@4           10001088     kernel32:KERNEL32.dll
 0001:0000008c       __imp__SetLastError@4      1000108c     kernel32:KERNEL32.dll
 0001:00000090       __imp__ExitProcess@4       10001090     kernel32:KERNEL32.dll
 0001:00000094       __imp__Sleep@4             10001094     kernel32:KERNEL32.dll
 0001:00000098       __imp__SetHandleCount@4    10001098     kernel32:KERNEL32.dll
 0001:0000009c       __imp__GetStdHandle@4      1000109c     kernel32:KERNEL32.dll
 0001:000000a0       __imp__GetFileType@4       100010a0     kernel32:KERNEL32.dll
 0001:000000a4       __imp__GetStartupInfoA@4   100010a4     kernel32:KERNEL32.dll
 0001:000000a8       __imp__DeleteCriticalSection@4 100010a8     kernel32:KERNEL32.dll
 0001:000000ac       __imp__GetModuleFileNameA@12 100010ac     kernel32:KERNEL32.dll
 0001:000000b0       __imp__FreeEnvironmentStringsA@4 100010b0     kernel32:KERNEL32.dll
 0001:000000b4       __imp__GetEnvironmentStrings@0 100010b4     kernel32:KERNEL32.dll
 0001:000000b8       __imp__FreeEnvironmentStringsW@4 100010b8     kernel32:KERNEL32.dll
 0001:000000bc       __imp__GetEnvironmentStringsW@0 100010bc     kernel32:KERNEL32.dll
 0001:000000c0       __imp__HeapDestroy@4       100010c0     kernel32:KERNEL32.dll
 0001:000000c4       __imp__HeapCreate@12       100010c4     kernel32:KERNEL32.dll
 0001:000000c8       __imp__VirtualFree@12      100010c8     kernel32:KERNEL32.dll
 0001:000000cc       __imp__QueryPerformanceCounter@4 100010cc     kernel32:KERNEL32.dll
 0001:000000d0       __imp__GetTickCount@0      100010d0     kernel32:KERNEL32.dll
 0001:000000d4       __imp__GetCurrentProcessId@0 100010d4     kernel32:KERNEL32.dll
 0001:000000d8       __imp__HeapSize@12         100010d8     kernel32:KERNEL32.dll
 0001:000000dc       __imp__LeaveCriticalSection@4 100010dc     kernel32:KERNEL32.dll
 0001:000000e0       __imp__EnterCriticalSection@4 100010e0     kernel32:KERNEL32.dll
 0001:000000e4       __imp__VirtualAlloc@16     100010e4     kernel32:KERNEL32.dll
 0001:000000e8       __imp__HeapReAlloc@16      100010e8     kernel32:KERNEL32.dll
 0001:000000ec       __imp__WriteFile@20        100010ec     kernel32:KERNEL32.dll
 0001:000000f0       __imp__SetFilePointer@16   100010f0     kernel32:KERNEL32.dll
 0001:000000f4       __imp__GetConsoleCP@0      100010f4     kernel32:KERNEL32.dll
 0001:000000f8       __imp__GetConsoleMode@8    100010f8     kernel32:KERNEL32.dll
 0001:000000fc       __imp__LCMapStringA@24     100010fc     kernel32:KERNEL32.dll
 0001:00000100       __imp__MultiByteToWideChar@24 10001100     kernel32:KERNEL32.dll
 0001:00000104       __imp__LCMapStringW@24     10001104     kernel32:KERNEL32.dll
 0001:00000108       __imp__GetStringTypeA@20   10001108     kernel32:KERNEL32.dll
 0001:0000010c       __imp__GetStringTypeW@16   1000110c     kernel32:KERNEL32.dll
 0001:00000110       __imp__GetLocaleInfoA@16   10001110     kernel32:KERNEL32.dll
 0001:00000114       __imp__LoadLibraryA@4      10001114     kernel32:KERNEL32.dll
 0001:00000118       __imp__InitializeCriticalSection@4 10001118     kernel32:KERNEL32.dll
 0001:0000011c       __imp__RtlUnwind@16        1000111c     kernel32:KERNEL32.dll
 0001:00000120       __imp__SetStdHandle@8      10001120     kernel32:KERNEL32.dll
 0001:00000124       __imp__WriteConsoleA@20    10001124     kernel32:KERNEL32.dll
 0001:00000128       __imp__GetConsoleOutputCP@0 10001128     kernel32:KERNEL32.dll
 0001:0000012c       __imp__WriteConsoleW@20    1000112c     kernel32:KERNEL32.dll
 0001:00000130       __imp__CompareStringA@24   10001130     kernel32:KERNEL32.dll
 0001:00000134       __imp__FlushFileBuffers@4  10001134     kernel32:KERNEL32.dll
 0001:00000138       \177KERNEL32_NULL_THUNK_DATA 10001138     kernel32:KERNEL32.dll
 0001:0000013c       __imp__OemToCharA@8        1000113c     user32:USER32.dll
 0001:00000140       \177USER32_NULL_THUNK_DATA 10001140     user32:USER32.dll
 0001:00000144       __imp__timeGetTime@0       10001144     winmm:WINMM.dll
 0001:00000148       \177WINMM_NULL_THUNK_DATA  10001148     winmm:WINMM.dll
 0001:0000014c       ___xc_a                    1000114c     LIBCMT:crt0init.obj
 0001:00000150       ___xc_z                    10001150     LIBCMT:crt0init.obj
 0001:00000154       ___xi_a                    10001154     LIBCMT:crt0init.obj
 0001:0000016c       ___xi_z                    1000116c     LIBCMT:crt0init.obj
 0001:00000170       ___xp_a                    10001170     LIBCMT:crt0init.obj
 0001:0000017c       ___xp_z                    1000117c     LIBCMT:crt0init.obj
 0001:00000180       ___xt_a                    10001180     LIBCMT:crt0init.obj
 0001:00000184       ___xt_z                    10001184     LIBCMT:crt0init.obj
 0001:00000188       ??_C@_04PACNCDOP@IFPc?$AA@ 10001188     cbFmt.obj
 0001:00000190       ??_C@_03BKMLCBIA@IPc?$AA@  10001190     cbFmt.obj
 0001:00000194       ??_C@_07KHHCOAFE@TotCPS4?$AA@ 10001194     cbFmt.obj
 0001:0000019c       ??_C@_04DIFDEGMH@CPS4?$AA@ 1000119c     cbFmt.obj
 0001:000001a4       ??_C@_07MEPLPIPL@CurCPS4?$AA@ 100011a4     cbFmt.obj
 0001:000001ac       ??_C@_03CGMEPENC@FPg?$AA@  100011ac     cbFmt.obj
 0001:000001b0       ??_C@_02EGLOPFDN@Pg?$AA@   100011b0     cbFmt.obj
 0001:000001b4       ??_C@_03ECKIDBNG@FPc?$AA@  100011b4     cbFmt.obj
 0001:000001b8       ??_C@_02CCNCDADJ@Pc?$AA@   100011b8     cbFmt.obj
 0001:000001bc       ??_C@_06KLIAEKEC@SkipPg?$AA@ 100011bc     cbFmt.obj
 0001:000001c4       ??_C@_05HBPFPCOG@CurPg?$AA@ 100011c4     cbFmt.obj
 0001:000001cc       ??_C@_06MPOMIPEG@SkipPc?$AA@ 100011cc     cbFmt.obj
 0001:000001d4       ??_C@_05BFJJDHOC@CurPc?$AA@ 100011d4     cbFmt.obj
 0001:000001dc       ??_C@_03LDHANJJJ@CnF?$AA@  100011dc     cbFmt.obj
 0001:000001e0       ??_C@_03JNNOAOMM@CnR?$AA@  100011e0     cbFmt.obj
 0001:000001e4       ??_C@_06NOCDGNAP@CnSkip?$AA@ 100011e4     cbFmt.obj
 0001:000001ec       ??_C@_02IJBMFDFN@Cn?$AA@   100011ec     cbFmt.obj
 0001:000001f0       ??_C@_08KFEMPNOG@FPercent?$AA@ 100011f0     cbFmt.obj
 0001:000001fc       ??_C@_07ILOPEMKM@Percent?$AA@ 100011fc     cbFmt.obj
 0001:00000204       ??_C@_09KGLGHMLJ@FProgress?$AA@ 10001204     cbFmt.obj
 0001:00000210       ??_C@_08DAJBHHIG@Progress?$AA@ 10001210     cbFmt.obj
 0001:0000021c       ??_C@_06DEHCMBFB@TotCPS?$AA@ 1000121c     cbFmt.obj
 0001:00000224       ??_C@_03KKDAPHBH@CPS?$AA@  10001224     cbFmt.obj
 0001:00000228       ??_C@_06LLAGLHEM@CurCPS?$AA@ 10001228     cbFmt.obj
 0001:00000230       ??_C@_08BNKKBHFK@TotEDate?$AA@ 10001230     cbFmt.obj
 0001:0000023c       ??_C@_08KLAJDAMI@TotETime?$AA@ 1000123c     cbFmt.obj
 0001:00000248       ??_C@_08LFNKACOL@TotRTime?$AA@ 10001248     cbFmt.obj
 0001:00000254       ??_C@_08CNJNECGG@TotFTime?$AA@ 10001254     cbFmt.obj
 0001:00000260       ??_C@_07HFMELIGC@TotTime?$AA@ 10001260     cbFmt.obj
 0001:00000268       ??_C@_08BOJDGLAO@TotRSize?$AA@ 10001268     cbFmt.obj
 0001:00000274       ??_C@_08IGNECLID@TotFSize?$AA@ 10001274     cbFmt.obj
 0001:00000280       ??_C@_08EAFJCN@TotESize?$AA@ 10001280     cbFmt.obj
 0001:0000028c       ??_C@_07NOINNBIH@TotSize?$AA@ 1000128c     cbFmt.obj
 0001:00000294       ??_C@_08FLKACADL@CurEDate?$AA@ 10001294     cbFmt.obj
 0001:000002a0       ??_C@_08ONADAHKJ@CurETime?$AA@ 100012a0     cbFmt.obj
 0001:000002ac       ??_C@_08PDNADFIK@CurRTime?$AA@ 100012ac     cbFmt.obj
 0001:000002b8       ??_C@_08GLJHHFAH@CurFTime?$AA@ 100012b8     cbFmt.obj
 0001:000002c4       ??_C@_07BGENKAMN@CurTime?$AA@ 100012c4     cbFmt.obj
 0001:000002cc       ??_C@_08FIJJFMGP@CurRSize?$AA@ 100012cc     cbFmt.obj
 0001:000002d8       ??_C@_08MANOBMOC@CurFSize?$AA@ 100012d8     cbFmt.obj
 0001:000002e4       ??_C@_08EGEKGOEM@CurESize?$AA@ 100012e4     cbFmt.obj
 0001:000002f0       ??_C@_07LNAEMJCI@CurSize?$AA@ 100012f0     cbFmt.obj
 0001:000002f8       ??_C@_08HDGMCDDL@DestName?$AA@ 100012f8     cbFmt.obj
 0001:00000304       ??_C@_08KOFOMGK@DestPath?$AA@ 10001304     cbFmt.obj
 0001:00000310       ??_C@_0N@MKKCEOMP@DestPathname?$AA@ 10001310     cbFmt.obj
 0001:00000320       ??_C@_07IIDPNJJK@SrcName?$AA@ 10001320     cbFmt.obj
 0001:00000328       ??_C@_07PBLGBGML@SrcPath?$AA@ 10001328     cbFmt.obj
 0001:00000330       ??_C@_0M@DMNPODKK@SrcPathname?$AA@ 10001330     cbFmt.obj
 0001:0000033c       ??_C@_01CLKCMJKC@?5?$AA@   1000133c     cbFmt.obj
 0001:00000340       ??_C@_04FCMNJMCO@?$CFd?$CF?$CF?$AA@ 10001340     cbFmt.obj
 0001:00000348       ??_C@_04JJCPFEAC@100?$CF?$AA@ 10001348     cbFmt.obj
 0001:00000350       ??_C@_08NCCGIIAL@?$CF2?41lf?$CF?$CF?$AA@ 10001350     cbFmt.obj
 0001:00000360       __real@4008000000000000    10001360     cbFmt.obj
 0001:00000368       ??_C@_0P@PLMNPDMB@?$CF02d?3?$CF02d?3?$CF02d?$AA@ 10001368     cbFmt.obj
 0001:00000378       ??_C@_0BL@JOANJFMB@?9?$FL?$CF27CurPg?$CF?$FN?9?$FL?$CF27SkipPg?$CF?$FN?9?$AA@ 10001378     TraficCB.obj
 0001:00000394       ??_C@_0BN@GHMFMDMI@?$CF?4FPercent?$CF?9?$FL?$CF57FProgress?$CF?$FN?9?$AA@ 10001394     TraficCB.obj
 0001:000003b4       ??_C@_0DN@LFBEGOPO@?5?5?5?$CF?$CL14TotFSize?$CF?5?5?$CFTotRTime?$CF?5?5?5?5@ 100013b4     TraficCB.obj
 0001:000003f4       ??_C@_0DF@IJIJGBPF@?5?5?5?$CF?$CL14TotSize?$CF?5?5?$CFTotTime?$CF?5?5?5?5?5?5@ 100013f4     TraficCB.obj
 0001:0000042c       ??_C@_0BP@CLDJDILI@?DTotal?5?$CFCnF?$CF?1?$CFCn?$CF?1?$CFCnSkip?$CF?$CF?$DO?D?$CF?$AA@ 1000142c     TraficCB.obj
 0001:0000044c       ??_C@_0BG@GBHLFFPO@?$CF?4Pc?$CF?9?$FL?$CF57Progress?$CF?$FN?9?$AA@ 1000144c     TraficCB.obj
 0001:00000464       ??_C@_0DN@NEGGAHFO@?5?5?5?$CF?$CL14CurFSize?$CF?5?5?$CFCurRTime?$CF?5?5?5?5@ 10001464     TraficCB.obj
 0001:000004a4       ??_C@_0DC@JLFHGIOA@?5?5?5?$CF?$CL14CurSize?$CF?5?5?$CFCurTime?$CF?5?5?5?5?5?5@ 100014a4     TraficCB.obj
 0001:000004d8       ??_C@_0BL@IBFDKFDO@?DCurrent?5?$CFCn?$CF?$CI?$CFCurPc?$CF?$CJ?$CF?$DO?D?$CF?$AA@ 100014d8     TraficCB.obj
 0001:000004f4       ??_C@_0BE@MJCFNCCG@?$CF?$CK?z?961DestPathname?$CF?$AA@ 100014f4     TraficCB.obj
 0001:00000508       ??_C@_0BD@HGJIHPAJ@?$CF?$CK?z?961SrcPathname?$CF?$AA@ 10001508     TraficCB.obj
 0001:00000520       __real@408f400000000000    10001520     TraficCB.obj
 0001:00000528       __real@41f0000000000000    10001528     TraficCB.obj
 0001:00000530       ??_C@_08CFJNAAIK@?$DMbadCmd?$DO?$AA@ 10001530     TraficCB.obj
 0001:0000053c       ??_C@_06NMHEGFEM@?$DMmany?$DO?$AA@ 1000153c     TraficCB.obj
 0001:00000544       ??_C@_0N@OJIGCKBO@?$CL?90123456789?$AA@ 10001544     TraficCB.obj
 0001:00000554       ??_C@_0L@FPFMPDDA@0123456789?$AA@ 10001554     TraficCB.obj
 0001:00000560       ??_C@_08LCDAMOAL@Line?$CF02d?$AA@ 10001560     TraficCB.obj
 0001:00000569       ??_C@_00CNPNBAHC@?$AA@     10001569     TraficCB.obj
 0001:0000056c       ??_C@_05IJGIMMHE@Count?$AA@ 1000156c     TraficCB.obj
 0001:00000574       ??_C@_0O@MFADKIJM@CopyDialog?2?$CFs?$AA@ 10001574     TraficCB.obj
 0001:00000584       ??_C@_06BNEENKNB@?$CFd?3?5?$CFs?$AA@ 10001584     TraficCB.obj
 0001:0000058c       ??_C@_0BE@MBDKECPG@?$HL?$CF2?41lf?$CF?$CF?$HN?5?$CFs?5?9?5Far?$AA@ 1000158c     TraficCB.obj
 0001:000005a0       ??_C@_0BI@FNBLLALI@?$CFd?3?5?$HL?$CF2?41lf?$CF?$CF?$HN?5?$CFs?5?9?5Far?$AA@ 100015a0     TraficCB.obj
 0001:000005b8       ??_C@_0BF@ILAFCDBC@?$HL?$CF2?41lf?$CF?$CF?$HN?5?$CFs?3?5?$CF?426s?$AA@ 100015b8     TraficCB.obj
 0001:000005d0       __real@4059000000000000    100015d0     Utils.obj
 0001:000005d8       ??_C@_04PEOOHEKN@?$CFd?$CFc?$AA@ 100015d8     Utils.obj
 0001:000005e0       __real@40c3880000000000    100015e0     Utils.obj
 0001:000005e8       __real@412e848000000000    100015e8     Utils.obj
 0001:000005f0       __real@416312d000000000    100015f0     Utils.obj
 0001:000005f8       ??_C@_07MOOEEHAA@?$CF02d?9?$CFs?$AA@ 100015f8     Utils.obj
 0001:00000600       ??_C@_0P@GHFPNOJB@bad?5allocation?$AA@ 10001600     LIBCMT:new.obj
 0001:00000614       ??_7bad_alloc@std@@6B@     10001614     LIBCMT:new.obj
 0001:0000061c       __FPinit                   1000161c     LIBCMT:fpinit.obj
 0001:00000620       __FPmtinit                 10001620     LIBCMT:fpinit.obj
 0001:00000624       __FPmtterm                 10001624     LIBCMT:fpinit.obj
 0001:00000628       __pDefaultRawDllMain       10001628     LIBCMT:dllcrt0.obj
 0001:00000628       __pRawDllMain              10001628     LIBCMT:dllcrt0.obj
 0001:00000630       ??_7exception@std@@6B@     10001630     LIBCMT:stdexcpt.obj
 0001:00000638       ??_C@_0BC@EOODALEL@Unknown?5exception?$AA@ 10001638     LIBCMT:stdexcpt.obj
 0001:00000650       ??_7type_info@@6B@         10001650     LIBCMT:typinfo.obj
 0001:00000674       ??_C@_02CLFPBFFP@TZ?$AA@   10001674     LIBCMT:tzset.obj
 0001:00000678       ___dnames                  10001678     LIBCMT:timeset.obj
 0001:00000690       ___mnames                  10001690     LIBCMT:timeset.obj
 0001:000006b8       ??_C@_1O@CEDCILHN@?$AA?$CI?$AAn?$AAu?$AAl?$AAl?$AA?$CJ?$AA?$AA@ 100016b8     LIBCMT:output.obj
 0001:000006c8       ??_C@_06OJHGLDPL@?$CInull?$CJ?$AA@ 100016c8     LIBCMT:output.obj
 0001:000006d0       ___lookuptable             100016d0     LIBCMT:output.obj
 0001:0000072c       ??_C@_05KLBDPFGC@e?$CL000?$AA@ 1000172c     LIBCMT:cvt.obj
 0001:00000738       __real@4150017ec0000000    10001738     LIBCMT:testfdiv.obj
 0001:00000740       __real@4147ffff80000000    10001740     LIBCMT:testfdiv.obj
 0001:00000748       ??_C@_0BK@NHEOCAHP@IsProcessorFeaturePresent?$AA@ 10001748     LIBCMT:testfdiv.obj
 0001:00000764       ??_C@_08CPNIBGIE@KERNEL32?$AA@ 10001764     LIBCMT:testfdiv.obj
 0001:000007f0       ??_C@_01NEMOKFLO@?$DN?$AA@ 100017f0     LIBCMT:setlocal.obj
 0001:000007f4       ??_C@_07EPKMNAGK@?4mixcrt?$AA@ 100017f4     LIBCMT:tidtable.obj
 0001:000007fc       ??_C@_0O@NLDKAIKN@EncodePointer?$AA@ 100017fc     LIBCMT:tidtable.obj
 0001:0000080c       ??_C@_0N@NHGLKGEC@KERNEL32?4DLL?$AA@ 1000180c     LIBCMT:tidtable.obj
 0001:0000081c       ??_C@_0O@KBPMFGHI@DecodePointer?$AA@ 1000181c     LIBCMT:tidtable.obj
 0001:0000082c       ??_C@_07PEJMOBNF@FlsFree?$AA@ 1000182c     LIBCMT:tidtable.obj
 0001:00000834       ??_C@_0M@JCPCPOEF@FlsSetValue?$AA@ 10001834     LIBCMT:tidtable.obj
 0001:00000840       ??_C@_0M@GDNOONDI@FlsGetValue?$AA@ 10001840     LIBCMT:tidtable.obj
 0001:0000084c       ??_C@_08KNHFBNJ@FlsAlloc?$AA@ 1000184c     LIBCMT:tidtable.obj
 0001:00000858       ??_C@_0P@MIGLKIOC@CorExitProcess?$AA@ 10001858     LIBCMT:crt0dat.obj
 0001:00000868       ??_C@_0M@MBOPBNBK@mscoree?4dll?$AA@ 10001868     LIBCMT:crt0dat.obj
 0001:00000874       ??_C@_0P@GGKDKEEG@runtime?5error?5?$AA@ 10001874     LIBCMT:crt0msg.obj
 0001:00000884       ??_C@_02PCIJFNDE@?$AN?6?$AA@ 10001884     LIBCMT:crt0msg.obj
 0001:00000888       ??_C@_0O@MJNIPGOH@TLOSS?5error?$AN?6?$AA@ 10001888     LIBCMT:crt0msg.obj
 0001:00000898       ??_C@_0N@BONNPDHF@SING?5error?$AN?6?$AA@ 10001898     LIBCMT:crt0msg.obj
 0001:000008a8       ??_C@_0P@MBDAJNE@DOMAIN?5error?$AN?6?$AA@ 100018a8     LIBCMT:crt0msg.obj
 0001:000008b8       ??_C@_0JL@DFDOOABL@R6034?$AN?6An?5application?5has?5made?5a@ 100018b8     LIBCMT:crt0msg.obj
 0001:00000958       ??_C@_0PH@EPAFIJ@R6033?$AN?6?9?5Attempt?5to?5use?5MSIL?5cod@ 10001958     LIBCMT:crt0msg.obj
 0001:00000a50       ??_C@_0DD@BKEEABMM@R6032?$AN?6?9?5not?5enough?5space?5for?5lo@ 10001a50     LIBCMT:crt0msg.obj
 0001:00000a88       ??_C@_0GD@OFKILIED@R6031?$AN?6?9?5Attempt?5to?5initialize?5t@ 10001a88     LIBCMT:crt0msg.obj
 0001:00000aec       ??_C@_0BP@LPMHJOKI@R6030?$AN?6?9?5CRT?5not?5initialized?$AN?6?$AA@ 10001aec     LIBCMT:crt0msg.obj
 0001:00000b0c       ??_C@_0CF@KJDAIALP@R6028?$AN?6?9?5unable?5to?5initialize?5he@ 10001b0c     LIBCMT:crt0msg.obj
 0001:00000b34       ??_C@_0DF@GAKBPDFP@R6027?$AN?6?9?5not?5enough?5space?5for?5lo@ 10001b34     LIBCMT:crt0msg.obj
 0001:00000b6c       ??_C@_0DF@IBLNNAIG@R6026?$AN?6?9?5not?5enough?5space?5for?5st@ 10001b6c     LIBCMT:crt0msg.obj
 0001:00000ba4       ??_C@_0CG@IOHKGFNJ@R6025?$AN?6?9?5pure?5virtual?5function?5c@ 10001ba4     LIBCMT:crt0msg.obj
 0001:00000bcc       ??_C@_0DF@JIJJFJDC@R6024?$AN?6?9?5not?5enough?5space?5for?5_o@ 10001bcc     LIBCMT:crt0msg.obj
 0001:00000c04       ??_C@_0CJ@EGEJHFME@R6019?$AN?6?9?5unable?5to?5open?5console?5@ 10001c04     LIBCMT:crt0msg.obj
 0001:00000c30       ??_C@_0CB@GNHNIELH@R6018?$AN?6?9?5unexpected?5heap?5error?$AN?6@ 10001c30     LIBCMT:crt0msg.obj
 0001:00000c54       ??_C@_0CN@FOLDKNG@R6017?$AN?6?9?5unexpected?5multithread?5@ 10001c54     LIBCMT:crt0msg.obj
 0001:00000c84       ??_C@_0CM@FAHFJNHO@R6016?$AN?6?9?5not?5enough?5space?5for?5th@ 10001c84     LIBCMT:crt0msg.obj
 0001:00000cb0       ??_C@_0JG@LBKMGKLD@?$AN?6This?5application?5has?5requested@ 10001cb0     LIBCMT:crt0msg.obj
 0001:00000d48       ??_C@_0CM@FLCNIPKK@R6009?$AN?6?9?5not?5enough?5space?5for?5en@ 10001d48     LIBCMT:crt0msg.obj
 0001:00000d74       ??_C@_0CK@KMMJOAPP@R6008?$AN?6?9?5not?5enough?5space?5for?5ar@ 10001d74     LIBCMT:crt0msg.obj
 0001:00000da0       ??_C@_0CN@LEKKICBM@R6002?$AN?6?9?5floating?5point?5support?5@ 10001da0     LIBCMT:crt0msg.obj
 0001:00000dd0       ??_C@_0CF@GOGNBNAK@Microsoft?5Visual?5C?$CL?$CL?5Runtime?5Lib@ 10001dd0     LIBCMT:crt0msg.obj
 0001:00000df8       ??_C@_02PHMGELLB@?6?6?$AA@ 10001df8     LIBCMT:crt0msg.obj
 0001:00000dfc       ??_C@_03KHICJKCI@?4?4?4?$AA@ 10001dfc     LIBCMT:crt0msg.obj
 0001:00000e00       ??_C@_0BH@DNAGHKFM@?$DMprogram?5name?5unknown?$DO?$AA@ 10001e00     LIBCMT:crt0msg.obj
 0001:00000e18       ??_C@_0BK@OFGJDLJJ@Runtime?5Error?$CB?6?6Program?3?5?$AA@ 10001e18     LIBCMT:crt0msg.obj
 0001:00000e38       ___lookuptable_s           10001e38     LIBCMT:outputs.obj
 0001:00000e94       ??_C@_13NOLLCAOD@?$AA?$AA?$AA?$AA@ 10001e94     LIBCMT:a_map.obj
 0001:00000e98       ___newctype                10001e98     LIBCMT:ctype.obj
 0001:00001198       __wctype                   10002198     LIBCMT:ctype.obj
 0001:000013a0       ___newclmap                100023a0     LIBCMT:ctype.obj
 0001:00001520       ___newcumap                10002520     LIBCMT:ctype.obj
 0001:000016a0       ??_C@_08JCCMCCIL@HH?3mm?3ss?$AA@ 100026a0     LIBCMT:strftime.obj
 0001:000016ac       ??_C@_0BE@CKGJFCPC@dddd?0?5MMMM?5dd?0?5yyyy?$AA@ 100026ac     LIBCMT:strftime.obj
 0001:000016c0       ??_C@_08BPBNCDIB@MM?1dd?1yy?$AA@ 100026c0     LIBCMT:strftime.obj
 0001:000016cc       ??_C@_02CJNFDJBF@PM?$AA@   100026cc     LIBCMT:strftime.obj
 0001:000016d0       ??_C@_02DEDBPAFC@AM?$AA@   100026d0     LIBCMT:strftime.obj
 0001:000016d4       ??_C@_08EDHMEBNP@December?$AA@ 100026d4     LIBCMT:strftime.obj
 0001:000016e0       ??_C@_08HCHEGEOA@November?$AA@ 100026e0     LIBCMT:strftime.obj
 0001:000016ec       ??_C@_07JJNFCEND@October?$AA@ 100026ec     LIBCMT:strftime.obj
 0001:000016f4       ??_C@_09BHHEALKD@September?$AA@ 100026f4     LIBCMT:strftime.obj
 0001:00001700       ??_C@_06LBBHFDDG@August?$AA@ 10002700     LIBCMT:strftime.obj
 0001:00001708       ??_C@_04MIEPOIFP@July?$AA@ 10002708     LIBCMT:strftime.obj
 0001:00001710       ??_C@_04CNLMGBGM@June?$AA@ 10002710     LIBCMT:strftime.obj
 0001:00001718       ??_C@_05DMJDNLEJ@April?$AA@ 10002718     LIBCMT:strftime.obj
 0001:00001720       ??_C@_05HPCKOFNC@March?$AA@ 10002720     LIBCMT:strftime.obj
 0001:00001728       ??_C@_08GNJGEPFN@February?$AA@ 10002728     LIBCMT:strftime.obj
 0001:00001734       ??_C@_07CGJPFGJA@January?$AA@ 10002734     LIBCMT:strftime.obj
 0001:0000173c       ??_C@_03MKABNOCG@Dec?$AA@  1000273c     LIBCMT:strftime.obj
 0001:00001740       ??_C@_03JPJOFNIA@Nov?$AA@  10002740     LIBCMT:strftime.obj
 0001:00001744       ??_C@_03BMAOKBAD@Oct?$AA@  10002744     LIBCMT:strftime.obj
 0001:00001748       ??_C@_03GGCAPAJC@Sep?$AA@  10002748     LIBCMT:strftime.obj
 0001:0000174c       ??_C@_03IFJFEIGA@Aug?$AA@  1000274c     LIBCMT:strftime.obj
 0001:00001750       ??_C@_03LBGABGKK@Jul?$AA@  10002750     LIBCMT:strftime.obj
 0001:00001754       ??_C@_03IDFGHECI@Jun?$AA@  10002754     LIBCMT:strftime.obj
 0001:00001758       ??_C@_03CNMDKL@May?$AA@    10002758     LIBCMT:strftime.obj
 0001:0000175c       ??_C@_03LEOLGMJP@Apr?$AA@  1000275c     LIBCMT:strftime.obj
 0001:00001760       ??_C@_03ODNJBKGA@Mar?$AA@  10002760     LIBCMT:strftime.obj
 0001:00001764       ??_C@_03HJBDCHOM@Feb?$AA@  10002764     LIBCMT:strftime.obj
 0001:00001768       ??_C@_03JIHJHPIE@Jan?$AA@  10002768     LIBCMT:strftime.obj
 0001:0000176c       ??_C@_08INBOOONO@Saturday?$AA@ 1000276c     LIBCMT:strftime.obj
 0001:00001778       ??_C@_06JECMNKMI@Friday?$AA@ 10002778     LIBCMT:strftime.obj
 0001:00001780       ??_C@_08HACCIKIA@Thursday?$AA@ 10002780     LIBCMT:strftime.obj
 0001:0000178c       ??_C@_09DLIGFAKA@Wednesday?$AA@ 1000278c     LIBCMT:strftime.obj
 0001:00001798       ??_C@_07BAAGCFCM@Tuesday?$AA@ 10002798     LIBCMT:strftime.obj
 0001:000017a0       ??_C@_06JLEDEDGH@Monday?$AA@ 100027a0     LIBCMT:strftime.obj
 0001:000017a8       ??_C@_06OOPIFAJ@Sunday?$AA@ 100027a8     LIBCMT:strftime.obj
 0001:000017b0       ??_C@_03FEFJNEK@Sat?$AA@   100027b0     LIBCMT:strftime.obj
 0001:000017b4       ??_C@_03IDIOELNC@Fri?$AA@  100027b4     LIBCMT:strftime.obj
 0001:000017b8       ??_C@_03IOFIKPDN@Thu?$AA@  100027b8     LIBCMT:strftime.obj
 0001:000017bc       ??_C@_03MHOMLAJA@Wed?$AA@  100027bc     LIBCMT:strftime.obj
 0001:000017c0       ??_C@_03NAGEINEP@Tue?$AA@  100027c0     LIBCMT:strftime.obj
 0001:000017c4       ??_C@_03PDAGKDH@Mon?$AA@   100027c4     LIBCMT:strftime.obj
 0001:000017c8       ??_C@_03KOEHGMDN@Sun?$AA@  100027c8     LIBCMT:strftime.obj
 0001:000017cc       ??_C@_0CG@PKBDLMEO@InitializeCriticalSectionAndSpin@ 100027cc     LIBCMT:initcrit.obj
 0001:000017f4       ??_C@_0N@MDJJJHMB@kernel32?4dll?$AA@ 100027f4     LIBCMT:initcrit.obj
 0001:00001804       ??_C@_0BK@CFCOFLF@?5Complete?5Object?5Locator?8?$AA@ 10002804     LIBCMT:undname.obj
 0001:00001820       ??_C@_0BN@MECKDCOJ@?5Class?5Hierarchy?5Descriptor?8?$AA@ 10002820     LIBCMT:undname.obj
 0001:00001840       ??_C@_0BD@LGICGFMM@?5Base?5Class?5Array?8?$AA@ 10002840     LIBCMT:undname.obj
 0001:00001854       ??_C@_0BM@LDKODKLH@?5Base?5Class?5Descriptor?5at?5?$CI?$AA@ 10002854     LIBCMT:undname.obj
 0001:00001870       ??_C@_0BC@DAFEJGAK@?5Type?5Descriptor?8?$AA@ 10002870     LIBCMT:undname.obj
 0001:00001884       ??_C@_0BM@PMGGMLDN@?$GAlocal?5static?5thread?5guard?8?$AA@ 10002884     LIBCMT:undname.obj
 0001:000018a0       ??_C@_0CL@FGIJHLCE@?$GAmanaged?5vector?5copy?5constructor@ 100028a0     LIBCMT:undname.obj
 0001:000018cc       ??_C@_0CJ@GJELGAMM@?$GAvector?5vbase?5copy?5constructor?5i@ 100028cc     LIBCMT:undname.obj
 0001:000018f8       ??_C@_0CD@CGAJBKEJ@?$GAvector?5copy?5constructor?5iterato@ 100028f8     LIBCMT:undname.obj
 0001:0000191c       ??_C@_0CB@PDBIFEP@?$GAdynamic?5atexit?5destructor?5for?5?8@ 1000291c     LIBCMT:undname.obj
 0001:00001940       ??_C@_0BL@CLIPGLGB@?$GAdynamic?5initializer?5for?5?8?$AA@ 10002940     LIBCMT:undname.obj
 0001:0000195c       ??_C@_0CM@FCBBDIGB@?$GAeh?5vector?5vbase?5copy?5constructo@ 1000295c     LIBCMT:undname.obj
 0001:00001988       ??_C@_0CG@HLDDJMAG@?$GAeh?5vector?5copy?5constructor?5iter@ 10002988     LIBCMT:undname.obj
 0001:000019b0       ??_C@_0CF@IMGKMJNO@?$GAmanaged?5vector?5destructor?5itera@ 100029b0     LIBCMT:undname.obj
 0001:000019d8       ??_C@_0CG@CFDHKGGD@?$GAmanaged?5vector?5constructor?5iter@ 100029d8     LIBCMT:undname.obj
 0001:00001a00       ??_C@_0BN@CKNJLHMB@?$GAplacement?5delete?$FL?$FN?5closure?8?$AA@ 10002a00     LIBCMT:undname.obj
 0001:00001a20       ??_C@_0BL@CNOONJFP@?$GAplacement?5delete?5closure?8?$AA@ 10002a20     LIBCMT:undname.obj
 0001:00001a3c       ??_C@_0P@HJKNJFNN@?$GAomni?5callsig?8?$AA@ 10002a3c     LIBCMT:undname.obj
 0001:00001a4c       ??_C@_09LBNFPBCA@?5delete?$FL?$FN?$AA@ 10002a4c     LIBCMT:undname.obj
 0001:00001a58       ??_C@_06FHBGPFGH@?5new?$FL?$FN?$AA@ 10002a58     LIBCMT:undname.obj
 0001:00001a60       ??_C@_0CE@IIHCMGGL@?$GAlocal?5vftable?5constructor?5closu@ 10002a60     LIBCMT:undname.obj
 0001:00001a84       ??_C@_0BA@KKLDJDLB@?$GAlocal?5vftable?8?$AA@ 10002a84     LIBCMT:undname.obj
 0001:00001a94       ??_C@_05KHLCHHI@?$GARTTI?$AA@ 10002a94     LIBCMT:undname.obj
 0001:00001a9c       ??_C@_03KLGMFNMG@?$GAEH?$AA@ 10002a9c     LIBCMT:undname.obj
 0001:00001aa0       ??_C@_0BA@KBCDOMBN@?$GAudt?5returning?8?$AA@ 10002aa0     LIBCMT:undname.obj
 0001:00001ab0       ??_C@_0BL@LLKPOHJI@?$GAcopy?5constructor?5closure?8?$AA@ 10002ab0     LIBCMT:undname.obj
 0001:00001acc       ??_C@_0CH@OOJPLCPH@?$GAeh?5vector?5vbase?5constructor?5ite@ 10002acc     LIBCMT:undname.obj
 0001:00001af4       ??_C@_0CA@GCEOPDGL@?$GAeh?5vector?5destructor?5iterator?8?$AA@ 10002af4     LIBCMT:undname.obj
 0001:00001b14       ??_C@_0CB@JONCMFFK@?$GAeh?5vector?5constructor?5iterator?8@ 10002b14     LIBCMT:undname.obj
 0001:00001b38       ??_C@_0BL@NILFHHPC@?$GAvirtual?5displacement?5map?8?$AA@ 10002b38     LIBCMT:undname.obj
 0001:00001b54       ??_C@_0CE@IKBNEHA@?$GAvector?5vbase?5constructor?5iterat@ 10002b54     LIBCMT:undname.obj
 0001:00001b78       ??_C@_0BN@LFPFMEDL@?$GAvector?5destructor?5iterator?8?$AA@ 10002b78     LIBCMT:undname.obj
 0001:00001b98       ??_C@_0BO@PFGOCPJJ@?$GAvector?5constructor?5iterator?8?$AA@ 10002b98     LIBCMT:undname.obj
 0001:00001bb8       ??_C@_0BN@IMDCHIKM@?$GAscalar?5deleting?5destructor?8?$AA@ 10002bb8     LIBCMT:undname.obj
 0001:00001bd8       ??_C@_0BO@OBMKPJIG@?$GAdefault?5constructor?5closure?8?$AA@ 10002bd8     LIBCMT:undname.obj
 0001:00001bf8       ??_C@_0BN@DEGPLNFK@?$GAvector?5deleting?5destructor?8?$AA@ 10002bf8     LIBCMT:undname.obj
 0001:00001c18       ??_C@_0BD@JDLKDPAB@?$GAvbase?5destructor?8?$AA@ 10002c18     LIBCMT:undname.obj
 0001:00001c2c       ??_C@_08OBABFOLI@?$GAstring?8?$AA@ 10002c2c     LIBCMT:undname.obj
 0001:00001c38       ??_C@_0BF@KDPPACIK@?$GAlocal?5static?5guard?8?$AA@ 10002c38     LIBCMT:undname.obj
 0001:00001c50       ??_C@_08LLFFHHDJ@?$GAtypeof?8?$AA@ 10002c50     LIBCMT:undname.obj
 0001:00001c5c       ??_C@_07FEEIOKP@?$GAvcall?8?$AA@ 10002c5c     LIBCMT:undname.obj
 0001:00001c64       ??_C@_09BLBHBJP@?$GAvbtable?8?$AA@ 10002c64     LIBCMT:undname.obj
 0001:00001c70       ??_C@_09IFPLHPGF@?$GAvftable?8?$AA@ 10002c70     LIBCMT:undname.obj
 0001:00001c7c       ??_C@_02MHEGNOJ@?$FO?$DN?$AA@ 10002c7c     LIBCMT:undname.obj
 0001:00001c80       ??_C@_02DHLNPPGH@?$HM?$DN?$AA@ 10002c80     LIBCMT:undname.obj
 0001:00001c84       ??_C@_02FGJGFEAB@?$CG?$DN?$AA@ 10002c84     LIBCMT:undname.obj
 0001:00001c88       ??_C@_03CDNPDDLA@?$DM?$DM?$DN?$AA@ 10002c88     LIBCMT:undname.obj
 0001:00001c8c       ??_C@_03IKFCCPFF@?$DO?$DO?$DN?$AA@ 10002c8c     LIBCMT:undname.obj
 0001:00001c90       ??_C@_02FENAOKFI@?$CF?$DN?$AA@ 10002c90     LIBCMT:undname.obj
 0001:00001c94       ??_C@_02FJEHGPIO@?1?$DN?$AA@ 10002c94     LIBCMT:undname.obj
 0001:00001c98       ??_C@_02FKMDLLOA@?9?$DN?$AA@ 10002c98     LIBCMT:undname.obj
 0001:00001c9c       ??_C@_02FOEOMHFC@?$CL?$DN?$AA@ 10002c9c     LIBCMT:undname.obj
 0001:00001ca0       ??_C@_02FPIMKNGF@?$CK?$DN?$AA@ 10002ca0     LIBCMT:undname.obj
 0001:00001ca4       ??_C@_02NONPIBCD@?$HM?$HM?$AA@ 10002ca4     LIBCMT:undname.obj
 0001:00001ca8       ??_C@_02PPKAJPJL@?$CG?$CG?$AA@ 10002ca8     LIBCMT:undname.obj
 0001:00001cac       ??_C@_01DNKMNLPK@?$HM?$AA@ 10002cac     LIBCMT:undname.obj
 0001:00001cb0       ??_C@_01JKBOJNNK@?$FO?$AA@ 10002cb0     LIBCMT:undname.obj
 0001:00001cb4       ??_C@_01PJKLJHI@?$HO?$AA@  10002cb4     LIBCMT:undname.obj
 0001:00001cb8       ??_C@_02HCKGKOFO@?$CI?$CJ?$AA@ 10002cb8     LIBCMT:undname.obj
 0001:00001cbc       ??_C@_01IHBHIGKO@?0?$AA@   10002cbc     LIBCMT:undname.obj
 0001:00001cc0       ??_C@_02EEKDKGMJ@?$DO?$DN?$AA@ 10002cc0     LIBCMT:undname.obj
 0001:00001cc4       ??_C@_01PPODPGHN@?$DO?$AA@ 10002cc4     LIBCMT:undname.obj
 0001:00001cc8       ??_C@_02EHCHHCKH@?$DM?$DN?$AA@ 10002cc8     LIBCMT:undname.obj
 0001:00001ccc       ??_C@_01MNNFJEPP@?$DM?$AA@ 10002ccc     LIBCMT:undname.obj
 0001:00001cd0       ??_C@_01FGNFDNOH@?$CF?$AA@ 10002cd0     LIBCMT:undname.obj
 0001:00001cd4       ??_C@_01KMDKNFGN@?1?$AA@   10002cd4     LIBCMT:undname.obj
 0001:00001cd8       ??_C@_03MNHNFDLC@?9?$DO?$CK?$AA@ 10002cd8     LIBCMT:undname.obj
 0001:00001cdc       ??_C@_01HNPIGOCE@?$CG?$AA@ 10002cdc     LIBCMT:undname.obj
 0001:00001ce0       ??_C@_01MIFGBAGJ@?$CL?$AA@ 10002ce0     LIBCMT:undname.obj
 0001:00001ce4       ??_C@_01JOAMLHOP@?9?$AA@   10002ce4     LIBCMT:undname.obj
 0001:00001ce8       ??_C@_02BAABKJLB@?9?9?$AA@ 10002ce8     LIBCMT:undname.obj
 0001:00001cec       ??_C@_02ECNGHCIF@?$CL?$CL?$AA@ 10002cec     LIBCMT:undname.obj
 0001:00001cf0       ??_C@_01NBENCBCI@?$CK?$AA@ 10002cf0     LIBCMT:undname.obj
 0001:00001cf4       ??_C@_02HBOOOICD@?9?$DO?$AA@ 10002cf4     LIBCMT:undname.obj
 0001:00001cf8       ??_C@_08LHJFAFGD@operator?$AA@ 10002cf8     LIBCMT:undname.obj
 0001:00001d04       ??_C@_02GPECMEKF@?$FL?$FN?$AA@ 10002d04     LIBCMT:undname.obj
 0001:00001d08       ??_C@_02FDNJECIE@?$CB?$DN?$AA@ 10002d08     LIBCMT:undname.obj
 0001:00001d0c       ??_C@_02EGOFBIJA@?$DN?$DN?$AA@ 10002d0c     LIBCMT:undname.obj
 0001:00001d10       ??_C@_01DCLJPIOD@?$CB?$AA@ 10002d10     LIBCMT:undname.obj
 0001:00001d14       ??_C@_02FODMEDOG@?$DM?$DM?$AA@ 10002d14     LIBCMT:undname.obj
 0001:00001d18       ??_C@_02GPIOPFAK@?$DO?$DO?$AA@ 10002d18     LIBCMT:undname.obj
 0001:00001d1c       ??_C@_07FPCDHGMM@?5delete?$AA@ 10002d1c     LIBCMT:undname.obj
 0001:00001d24       ??_C@_04NIHEBCM@?5new?$AA@ 10002d24     LIBCMT:undname.obj
 0001:00001d2c       ??_C@_0M@GFIIJFMG@__unaligned?$AA@ 10002d2c     LIBCMT:undname.obj
 0001:00001d38       ??_C@_0L@PILCLIHE@__restrict?$AA@ 10002d38     LIBCMT:undname.obj
 0001:00001d44       ??_C@_07JOMMBBKO@__ptr64?$AA@ 10002d44     LIBCMT:undname.obj
 0001:00001d4c       ??_C@_09HIJEGCPM@__clrcall?$AA@ 10002d4c     LIBCMT:undname.obj
 0001:00001d58       ??_C@_0L@JMKHOMEK@__fastcall?$AA@ 10002d58     LIBCMT:undname.obj
 0001:00001d64       ??_C@_0L@NPHFGOKO@__thiscall?$AA@ 10002d64     LIBCMT:undname.obj
 0001:00001d70       ??_C@_09IFJBGAPI@__stdcall?$AA@ 10002d70     LIBCMT:undname.obj
 0001:00001d7c       ??_C@_08GHMPAG@__pascal?$AA@ 10002d7c     LIBCMT:undname.obj
 0001:00001d88       ??_C@_07KOLFKCDI@__cdecl?$AA@ 10002d88     LIBCMT:undname.obj
 0001:00001d90       ??_C@_08EHJDFFNH@__based?$CI?$AA@ 10002d90     LIBCMT:undname.obj
 0001:00001f20       ??_C@_0BI@DFKBFLJE@GetProcessWindowStation?$AA@ 10002f20     LIBCMT:crtmbox.obj
 0001:00001f38       ??_C@_0BK@CIDNPOGP@GetUserObjectInformationA?$AA@ 10002f38     LIBCMT:crtmbox.obj
 0001:00001f54       ??_C@_0BD@HHGDFDBJ@GetLastActivePopup?$AA@ 10002f54     LIBCMT:crtmbox.obj
 0001:00001f68       ??_C@_0BA@HNOPNCHB@GetActiveWindow?$AA@ 10002f68     LIBCMT:crtmbox.obj
 0001:00001f78       ??_C@_0M@CHKKJDAI@MessageBoxA?$AA@ 10002f78     LIBCMT:crtmbox.obj
 0001:00001f84       ??_C@_0L@NDEGIDAG@USER32?4DLL?$AA@ 10002f84     LIBCMT:crtmbox.obj
 0001:00001f98       ??_C@_06IMKFLFPG@1?$CDQNAN?$AA@ 10002f98     LIBCMT:x10fout.obj
 0001:00001fa0       ??_C@_05DNEBIAHO@1?$CDINF?$AA@ 10002fa0     LIBCMT:x10fout.obj
 0001:00001fa8       ??_C@_05PHHOCPM@1?$CDIND?$AA@ 10002fa8     LIBCMT:x10fout.obj
 0001:00001fb0       ??_C@_06PGGFOGJG@1?$CDSNAN?$AA@ 10002fb0     LIBCMT:x10fout.obj
 0001:00001fb8       ??_C@_07GPDNMNG@CONOUT$?$AA@ 10002fb8     LIBCMT:initcon.obj
 0001:00001fc0       __load_config_used         10002fc0     LIBCMT:loadcfg.obj
 0001:00002008       ??_R4bad_alloc@std@@6B@    10003008     LIBCMT:new.obj
 0001:0000201c       ??_R3bad_alloc@std@@8      1000301c     LIBCMT:new.obj
 0001:0000202c       ??_R2bad_alloc@std@@8      1000302c     LIBCMT:new.obj
 0001:00002038       ??_R1A@?0A@EA@bad_alloc@std@@8 10003038     LIBCMT:new.obj
 0001:00002054       ??_R1A@?0A@EA@exception@std@@8 10003054     LIBCMT:new.obj
 0001:00002070       ??_R3exception@std@@8      10003070     LIBCMT:new.obj
 0001:00002080       ??_R2exception@std@@8      10003080     LIBCMT:new.obj
 0001:00002088       ??_R4exception@std@@6B@    10003088     LIBCMT:stdexcpt.obj
 0001:0000209c       ??_R4type_info@@6B@        1000309c     LIBCMT:typinfo.obj
 0001:000020b0       ??_R3type_info@@8          100030b0     LIBCMT:typinfo.obj
 0001:000020c0       ??_R2type_info@@8          100030c0     LIBCMT:typinfo.obj
 0001:000020c8       ??_R1A@?0A@EA@type_info@@8 100030c8     LIBCMT:typinfo.obj
 0001:000020f0       ___safe_se_handler_table   100030f0     <linker-defined>
 0001:000020fc       ___rtc_iaa                 100030fc     LIBCMT:initsect.obj
 0001:00002100       ___rtc_izz                 10003100     LIBCMT:initsect.obj
 0001:00002104       ___rtc_taa                 10003104     LIBCMT:initsect.obj
 0001:00002108       ___rtc_tzz                 10003108     LIBCMT:initsect.obj
 0001:00002110       __alloca_probe             10003110     chkstk.obj
 0001:00002110       __chkstk                   10003110 f   chkstk.obj
 0001:0000213b       _FTPQueryInterface@4       1000313b f   All.obj
 0001:00002161       _DllMain@12                10003161 f   All.obj
 0001:0000217b       ?StrCmp@@YGHPBD0HH@Z       1000317b f   All.obj
 0001:00002183       ?StrCpy@@YGPADPADPBDH@Z    10003183 f   All.obj
 0001:0000218b       ?Pg_ResumeFile@@YGXPAXPBD@Z 1000318b f   Main.obj
 0001:0000219b       ?Pg_Resume@@YGXPAX_J@Z     1000319b f   Main.obj
 0001:000021af       ?Pg_Callback@@YGHPAXH@Z    100031af f   Main.obj
 0001:000021bf       ?Pg_Init@@YGXPAX0HHPAUFP_SizeItemList@@@Z 100031bf f   Main.obj
 0001:000021da       ?Pg_InitFile@@YGXPAX_JPBD2@Z 100031da f   Main.obj
 0001:000021f5       ?Pg_Skip@@YGXPAX@Z         100031f5 f   Main.obj
 0001:00002201       ?Pg_Waiting@@YGXPAX_J@Z    10003201 f   Main.obj
 0001:00002215       ?Pg_SetConn@@YGXPAX0@Z     10003215 f   Main.obj
 0001:00002223       ?Pg_CreateObject@@YGPAXXZ  10003223 f   Main.obj
 0001:0000222f       ?Pg_DestroyObject@@YGXPAX@Z 1000322f f   Main.obj
 0001:0000223c       ?FTPPluginGetInterface@@YGPAUFTPPluginInterface@@XZ 1000323c f   Main.obj
 0001:000022b0       ?FTP_PluginStartup@@YGHK@Z 100032b0 f   Main.obj
 0001:000022b6       ?CurrentRemain@TrafficInformation@@QAE_JXZ 100032b6 f i cbFmt.obj
 0001:000022db       ?TotalSz@TrafficInformation@@QAE_JXZ 100032db f i cbFmt.obj
 0001:0000230c       ?TotalRemain@TrafficInformation@@QAE_JXZ 1000330c f i cbFmt.obj
 0001:0000232a       ?Localtime@@YIPAUtm@@PB_J@Z 1000332a f   cbFmt.obj
 0001:00002353       ??$Max@_J@@YI_J_J0@Z       10003353 f i cbFmt.obj
 0001:00002372       ?DrawInfo@TrafficInformation@@QAEXPAUInfoItem@@_J@Z 10003372 f   cbFmt.obj
 0001:00002c2a       ?CMP_TIME@@YINKK@Z         10003c2a f i TraficCB.obj
 0001:00002c55       ?FormatLine@TrafficInformation@@QAEXHPBD_J@Z 10003c55 f   TraficCB.obj
 0001:00002f35       ?Init@TrafficInformation@@QAEXPAXHHPAUFP_SizeItemList@@@Z 10003f35 f   TraficCB.obj
 0001:00003028       ?Resume@TrafficInformation@@QAEXPBD@Z 10004028 f   TraficCB.obj
 0001:00003095       ?Resume@TrafficInformation@@QAEX_J@Z 10004095 f   TraficCB.obj
 0001:000030ba       ?Waiting@TrafficInformation@@QAEX_J@Z 100040ba f   TraficCB.obj
 0001:000030dd       ??$Abs@N@@YINN@Z           100040dd f i TraficCB.obj
 0001:000030f3       ?DrawInfos@TrafficInformation@@QAEX_J@Z 100040f3 f   TraficCB.obj
 0001:0000334b       ?InitFile@TrafficInformation@@QAEX_JPBD1@Z 1000434b f   TraficCB.obj
 0001:00003487       ?Skip@TrafficInformation@@QAEXXZ 10004487 f   TraficCB.obj
 0001:0000350a       ?Callback@TrafficInformation@@QAEHH@Z 1000450a f   TraficCB.obj
 0001:000038b3       ?ToPercent@@YIN_J0@Z       100048b3 f   Utils.obj
 0001:00003936       ?FCps4@@YIPBDPADN@Z        10004936 f   Utils.obj
 0001:00003997       ?StrYTime@@YIXPADPAUtm@@@Z 10004997 f   Utils.obj
 0001:000039ed       ?StrTTime@@YIXPADPAUtm@@@Z 100049ed f   Utils.obj
 0001:00003a04       ?PPercent@@YIXPADHHH@Z     10004a04 f   Utils.obj
 0001:00003a94       ??0bad_alloc@std@@QAE@XZ   10004a94 f i LIBCMT:new.obj
 0001:00003aad       ??1bad_alloc@std@@UAE@XZ   10004aad f i LIBCMT:new.obj
 0001:00003ab8       ??_Gbad_alloc@std@@UAEPAXI@Z 10004ab8 f i LIBCMT:new.obj
 0001:00003ab8       ??_Ebad_alloc@std@@UAEPAXI@Z 10004ab8 f i LIBCMT:new.obj
 0001:00003ada       ??0bad_alloc@std@@QAE@ABV01@@Z 10004ada f i LIBCMT:new.obj
 0001:00003af2       ??2@YAPAXI@Z               10004af2 f   LIBCMT:new.obj
 0001:00003b5c       ??3@YAXPAX@Z               10004b5c f   LIBCMT:delete.obj
 0001:00003b61       __localtime64_s            10004b61 f   LIBCMT:loctim64.obj
 0001:00003e26       __localtime64              10004e26 f   LIBCMT:loctim64.obj
 0001:00003e4a       __time64                   10004e4a f   LIBCMT:time64.obj
 0001:00003ea0       _memmove                   10004ea0 f   LIBCMT:memmove.obj
 0001:00004205       _sprintf                   10005205 f   LIBCMT:sprintf.obj
 0001:00004280       __snprintf                 10005280 f   LIBCMT:snprintf.obj
 0001:0000432d       __initp_misc_winxfltr      1000532d f   LIBCMT:winxfltr.obj
 0001:0000432d       __fpclear                  1000532d f   LIBCMT:fpinit.obj
 0001:0000432e       __cfltcvt_init             1000532e f   LIBCMT:fpinit.obj
 0001:0000438e       __fpmath                   1000538e f   LIBCMT:fpinit.obj
 0001:000043b0       _memset                    100053b0 f   LIBCMT:memset.obj
 0001:00004430       __ftol2_sse                10005430 f   LIBCMT:ftol2.obj
 0001:00004439       __ftol2_pentium4           10005439 f   LIBCMT:ftol2.obj
 0001:0000444c       __ftol2_sse_excpt          1000544c f   LIBCMT:ftol2.obj
 0001:00004466       __ftol2                    10005466 f   LIBCMT:ftol2.obj
 0001:000044db       ??0_LocaleUpdate@@QAE@PAUlocaleinfo_struct@@@Z 100054db f i LIBCMT:_ctype.obj
 0001:0000455d       __isdigit_l                1000555d f i LIBCMT:_ctype.obj
 0001:000045ac       _isdigit                   100055ac f i LIBCMT:_ctype.obj
 0001:000045d5       _atol                      100055d5 f   LIBCMT:atox.obj
 0001:000045e6       _atoi                      100055e6 f   LIBCMT:atox.obj
 0001:00004600       _strchr                    10005600 f   LIBCMT:strchr.obj
 0001:00004606       ___from_strstr_to_strchr   10005606     LIBCMT:strchr.obj
 0001:000046c0       __alldiv                   100056c0 f   LIBCMT:lldiv.obj
 0001:0000476a       __CRT_INIT@12              1000576a f   LIBCMT:dllcrt0.obj
 0001:00004a39       __DllMainCRTStartup@12     10005a39 f   LIBCMT:dllcrt0.obj
 0001:00004a5a       ??0exception@std@@QAE@ABQBDH@Z 10005a5a f   LIBCMT:stdexcpt.obj
 0001:00004a72       ??0exception@std@@QAE@ABV01@@Z 10005a72 f   LIBCMT:stdexcpt.obj
 0001:00004aca       ??1exception@std@@UAE@XZ   10005aca f   LIBCMT:stdexcpt.obj
 0001:00004ae0       ?what@exception@std@@UBEPBDXZ 10005ae0 f   LIBCMT:stdexcpt.obj
 0001:00004aed       ??_Gexception@std@@UAEPAXI@Z 10005aed f i LIBCMT:stdexcpt.obj
 0001:00004aed       ??_Eexception@std@@UAEPAXI@Z 10005aed f i LIBCMT:stdexcpt.obj
 0001:00004b09       ??1type_info@@UAE@XZ       10005b09 f   LIBCMT:typinfo.obj
 0001:00004b17       ??_Gtype_info@@UAEPAXI@Z   10005b17 f i LIBCMT:typinfo.obj
 0001:00004b17       ??_Etype_info@@UAEPAXI@Z   10005b17 f i LIBCMT:typinfo.obj
 0001:00004bec       ___onexitinit              10005bec f   LIBCMT:onexit.obj
 0001:00004c1b       __onexit                   10005c1b f   LIBCMT:onexit.obj
 0001:00004c57       _atexit                    10005c57 f   LIBCMT:onexit.obj
 0001:00004c69       _V6_HeapAlloc              10005c69 f   LIBCMT:malloc.obj
 0001:00004cb8       _malloc                    10005cb8 f   LIBCMT:malloc.obj
 0001:00004d7b       __initp_heap_handler       10005d7b f   LIBCMT:handler.obj
 0001:00004d85       __callnewh                 10005d85 f   LIBCMT:handler.obj
 0001:00004da7       __CxxThrowException@8      10005da7 f   LIBCMT:throw.obj
 0001:00004df1       _free                      10005df1 f   LIBCMT:free.obj
 0001:00004e7f       __initp_misc_invarg        10005e7f f   LIBCMT:invarg.obj
 0001:00004e89       __invoke_watson            10005e89 f   LIBCMT:invarg.obj
 0001:00004f85       __invalid_parameter        10005f85 f   LIBCMT:invarg.obj
 0001:00005695       ___tzset                   10006695 f   LIBCMT:tzset.obj
 0001:000056e4       __isindst                  100066e4 f   LIBCMT:tzset.obj
 0001:00005725       __gmtime64_s               10006725 f   LIBCMT:gmtime64.obj
 0001:00005961       __get_daylight             10006961 f   LIBCMT:timeset.obj
 0001:00005995       __get_dstbias              10006995 f   LIBCMT:timeset.obj
 0001:000059c9       __get_timezone             100069c9 f   LIBCMT:timeset.obj
 0001:000059fd       ___daylight                100069fd f   LIBCMT:timeset.obj
 0001:00005a03       ___dstbias                 10006a03 f   LIBCMT:timeset.obj
 0001:00005a09       ___timezone                10006a09 f   LIBCMT:timeset.obj
 0001:00005a0f       ___tzname                  10006a0f f   LIBCMT:timeset.obj
 0001:00005a15       __get_errno_from_oserr     10006a15 f   LIBCMT:dosmap.obj
 0001:00005a50       __errno                    10006a50 f   LIBCMT:dosmap.obj
 0001:00005a63       ___doserrno                10006a63 f   LIBCMT:dosmap.obj
 0001:00005a76       __dosmaperr                10006a76 f   LIBCMT:dosmap.obj
 0001:00005aa0       __allrem                   10006aa0 f   LIBCMT:llrem.obj
 0001:00005b52       ___getgmtimebuf            10006b52 f   LIBCMT:gmtime.obj
 0001:00005ba0       __aulldiv                  10006ba0 f   LIBCMT:ulldiv.obj
 0001:00005c8f       __VEC_memcpy               10006c8f f   LIBCMT:p4_memcpy.obj
 0001:00005d72       __sse2_mathfcns_init       10006d72 f   LIBCMT:mathfcns.obj
 0001:00005d86       __flsbuf                   10006d86 f   LIBCMT:_flsbuf.obj
 0001:00005f87       __output_l                 10006f87 f   LIBCMT:output.obj
 0001:0000691b       __forcdecpt_l              1000791b f   LIBCMT:cvt.obj
 0001:0000698c       __cropzeros_l              1000798c f   LIBCMT:cvt.obj
 0001:00006a0c       __positive                 10007a0c f   LIBCMT:cvt.obj
 0001:00006a22       __fassign_l                10007a22 f   LIBCMT:cvt.obj
 0001:00006a62       __fassign                  10007a62 f   LIBCMT:cvt.obj
 0001:00006a96       __forcdecpt                10007a96 f   LIBCMT:cvt.obj
 0001:00006aa4       __cropzeros                10007aa4 f   LIBCMT:cvt.obj
 0001:00006c1f       __cftoe_l                  10007c1f f   LIBCMT:cvt.obj
 0001:00006ced       __cftoe                    10007ced f   LIBCMT:cvt.obj
 0001:00006d0b       __cftoa_l                  10007d0b f   LIBCMT:cvt.obj
 0001:00007171       __cftof_l                  10008171 f   LIBCMT:cvt.obj
 0001:0000722a       __cftog_l                  1000822a f   LIBCMT:cvt.obj
 0001:00007322       __cfltcvt_l                10008322 f   LIBCMT:cvt.obj
 0001:000073a8       __cfltcvt                  100083a8 f   LIBCMT:cvt.obj
 0001:000073c9       __initp_misc_cfltcvt_tab   100083c9 f   LIBCMT:cmiscdat.obj
 0001:000073e8       __setdefaultprecision      100083e8 f   LIBCMT:fp8.obj
 0001:00007411       __ms_p5_test_fdiv          10008411 f   LIBCMT:testfdiv.obj
 0001:0000744d       __ms_p5_mp_test_fdiv       1000844d f   LIBCMT:testfdiv.obj
 0001:000074cd       __VEC_memzero              100084cd f   LIBCMT:p4_memset.obj
 0001:0000776a       ___updatetmbcinfo          1000876a f   LIBCMT:mbctype.obj
 0001:00007888       __setmbcp_nolock           10008888 f   LIBCMT:mbctype.obj
 0001:00007a61       __setmbcp                  10008a61 f   LIBCMT:mbctype.obj
 0001:00007bfb       ___initmbctable            10008bfb f   LIBCMT:mbctype.obj
 0001:00007c19       ___freetlocinfo            10008c19 f   LIBCMT:setlocal.obj
 0001:00007d59       ___addlocaleref            10008d59 f   LIBCMT:setlocal.obj
 0001:00007ddf       ___removelocaleref         10008ddf f   LIBCMT:setlocal.obj
 0001:00007ea9       ___updatetlocinfo          10008ea9 f   LIBCMT:setlocal.obj
 0001:00007f8b       __encode_pointer           10008f8b f   LIBCMT:tidtable.obj
 0001:00007ff9       __encoded_null             10008ff9 f   LIBCMT:tidtable.obj
 0001:00008002       __decode_pointer           10009002 f   LIBCMT:tidtable.obj
 0001:00008070       ___crtTlsAlloc@4           10009070 f   LIBCMT:tidtable.obj
 0001:00008079       ___set_flsgetvalue         10009079 f   LIBCMT:tidtable.obj
 0001:000080ab       __mtterm                   100090ab f   LIBCMT:tidtable.obj
 0001:000080e8       __initptd                  100090e8 f   LIBCMT:tidtable.obj
 0001:000081a7       __getptd_noexit            100091a7 f   LIBCMT:tidtable.obj
 0001:0000821e       __getptd                   1000921e f   LIBCMT:tidtable.obj
 0001:00008236       __freefls@4                10009236 f   LIBCMT:tidtable.obj
 0001:00008357       __freeptd                  10009357 f   LIBCMT:tidtable.obj
 0001:000083c0       __mtinit                   100093c0 f   LIBCMT:tidtable.obj
 0001:00008544       __isctype_l                10009544 f   LIBCMT:isctype.obj
 0001:00008825       _strtol                    10009825 f   LIBCMT:strtol.obj
 0001:0000884e       __amsg_exit                1000984e f   LIBCMT:crt0dat.obj
 0001:00008872       ___crtCorExitProcess       10009872 f   LIBCMT:crt0dat.obj
 0001:00008898       ___crtExitProcess          10009898 f   LIBCMT:crt0dat.obj
 0001:000088ad       __lockexit                 100098ad f   LIBCMT:crt0dat.obj
 0001:000088b6       __unlockexit               100098b6 f   LIBCMT:crt0dat.obj
 0001:000088d7       __initterm_e               100098d7 f   LIBCMT:crt0dat.obj
 0001:000088f7       __get_osplatform           100098f7 f   LIBCMT:crt0dat.obj
 0001:0000892e       __get_winmajor             1000992e f   LIBCMT:crt0dat.obj
 0001:0000896a       __cinit                    1000996a f   LIBCMT:crt0dat.obj
 0001:00008ade       __exit                     10009ade f   LIBCMT:crt0dat.obj
 0001:00008aef       __cexit                    10009aef f   LIBCMT:crt0dat.obj
 0001:00008afe       __init_pointers            10009afe f   LIBCMT:crt0dat.obj
 0001:00008b4a       __malloc_crt               10009b4a f   LIBCMT:crtheap.obj
 0001:00008b8a       __calloc_crt               10009b8a f   LIBCMT:crtheap.obj
 0001:00008bd2       __realloc_crt              10009bd2 f   LIBCMT:crtheap.obj
 0001:00008c1d       __recalloc_crt             10009c1d f   LIBCMT:crtheap.obj
 0001:00008c6d       __ioinit                   10009c6d f   LIBCMT:ioinit.obj
 0001:00008ead       __ioterm                   10009ead f   LIBCMT:ioinit.obj
 0001:00008ef9       __setenvp                  10009ef9 f   LIBCMT:stdenvp.obj
 0001:0000916c       __setargv                  1000a16c f   LIBCMT:stdargv.obj
 0001:00009225       ___crtGetEnvironmentStringsA 1000a225 f   LIBCMT:a_env.obj
 0001:0000935a       __RTC_Initialize           1000a35a f   LIBCMT:initsect.obj
 0001:0000937e       __RTC_Terminate            1000a37e f   LIBCMT:initsect.obj
 0001:000093a2       ___heap_select             1000a3a2 f   LIBCMT:heapinit.obj
 0001:000093fd       __heap_init                1000a3fd f   LIBCMT:heapinit.obj
 0001:00009457       __heap_term                1000a457 f   LIBCMT:heapinit.obj
 0001:000094cb       __XcptFilter               1000a4cb f   LIBCMT:winxfltr.obj
 0001:00009629       ___CppXcptFilter           1000a629 f   LIBCMT:winxfltr.obj
 0001:00009644       __SEH_prolog4              1000a644 f   LIBCMT:sehprolg4.obj
 0001:00009689       __SEH_epilog4              1000a689 f   LIBCMT:sehprolg4.obj
 0001:000096a0       __except_handler4          1000a6a0 f   LIBCMT:chandler4.obj
 0001:00009836       ___security_init_cookie    1000a836 f   LIBCMT:gs_support.obj
 0001:000098ca       _strcpy_s                  1000a8ca f   LIBCMT:strcpy_s.obj
 0001:00009930       _strlen                    1000a930 f   LIBCMT:strlen.obj
 0001:000099bb       ?_Type_info_dtor@type_info@@CAXPAV1@@Z 1000a9bb f   LIBCMT:typname.obj
 0001:00009a30       _strcmp                    1000aa30 f   LIBCMT:strcmp.obj
 0001:00009ab8       __msize                    1000aab8 f   LIBCMT:msize.obj
 0001:00009b5b       __mtinitlocks              1000ab5b f   LIBCMT:mlock.obj
 0001:00009ba4       __mtdeletelocks            1000aba4 f   LIBCMT:mlock.obj
 0001:00009bf9       __unlock                   1000abf9 f   LIBCMT:mlock.obj
 0001:00009c0e       __mtinitlocknum            1000ac0e f   LIBCMT:mlock.obj
 0001:00009cd1       __lock                     1000acd1 f   LIBCMT:mlock.obj
 0001:00009d02       ___sbh_heap_init           1000ad02 f   LIBCMT:sbheap.obj
 0001:00009d4a       ___sbh_find_block          1000ad4a f   LIBCMT:sbheap.obj
 0001:00009d75       ___sbh_free_block          1000ad75 f   LIBCMT:sbheap.obj
 0001:0000a089       ___sbh_alloc_new_region    1000b089 f   LIBCMT:sbheap.obj
 0001:0000a139       ___sbh_alloc_new_group     1000b139 f   LIBCMT:sbheap.obj
 0001:0000a23f       ___sbh_resize_block        1000b23f f   LIBCMT:sbheap.obj
 0001:0000a51e       ___sbh_alloc_block         1000b51e f   LIBCMT:sbheap.obj
 0001:0000a801       __NMSG_WRITE               1000b801 f   LIBCMT:crt0msg.obj
 0001:0000a9a1       __FF_MSGBANNER             1000b9a1 f   LIBCMT:crt0msg.obj
 0001:0000a9da       __crt_debugger_hook        1000b9da f   LIBCMT:dbghook.obj
 0001:0000a9e2       @__security_check_cookie@4 1000b9e2 f   LIBCMT:secchk.obj
 0001:0000a9f1       _strncpy_s                 1000b9f1 f   LIBCMT:strncpy_s.obj
 0001:0000aaa4       __getenv_helper_nolock     1000baa4 f   LIBCMT:getenv.obj
 0001:0000ab25       ____lc_codepage_func       1000bb25 f   LIBCMT:initctyp.obj
 0001:0000ab50       __allmul                   1000bb50 f   LIBCMT:llmul.obj
 0001:0000abd4       __get_sse2_info            1000bbd4 f   LIBCMT:cpu_disp.obj
 0001:0000ac34       ___sse2_available_init     1000bc34 f   LIBCMT:cpu_disp.obj
 0001:0000ac41       __lseeki64_nolock          1000bc41 f   LIBCMT:lseeki64.obj
 0001:0000acc4       __lseeki64                 1000bcc4 f   LIBCMT:lseeki64.obj
 0001:0000addd       __write_nolock             1000bddd f   LIBCMT:write.obj
 0001:0000b3a3       __write                    1000c3a3 f   LIBCMT:write.obj
 0001:0000b47f       __getbuf                   1000c47f f   LIBCMT:_getbuf.obj
 0001:0000b4c3       __isatty                   1000c4c3 f   LIBCMT:isatty.obj
 0001:0000b521       ___iob_func                1000c521 f   LIBCMT:_file.obj
 0001:0000b527       ___initstdio               1000c527 f   LIBCMT:_file.obj
 0001:0000b5d8       ___endstdio                1000c5d8 f   LIBCMT:_file.obj
 0001:0000b5f8       __lock_file                1000c5f8 f   LIBCMT:_file.obj
 0001:0000b634       __lock_file2               1000c634 f   LIBCMT:_file.obj
 0001:0000b662       __unlock_file              1000c662 f   LIBCMT:_file.obj
 0001:0000b698       __unlock_file2             1000c698 f   LIBCMT:_file.obj
 0001:0000b6c2       __fileno                   1000c6c2 f   LIBCMT:fileno.obj
 0001:0000b6ef       __get_printf_count_output  1000c6ef f   LIBCMT:printf.obj
 0001:0000b705       __wctomb_s_l               1000c705 f   LIBCMT:wctomb.obj
 0001:0000b864       _wctomb_s                  1000c864 f   LIBCMT:wctomb.obj
 0001:0000b87f       __isleadbyte_l             1000c87f f i LIBCMT:_wctype.obj
 0001:0000b8b5       _isleadbyte                1000c8b5 f i LIBCMT:_wctype.obj
 0001:0000b8d0       __aulldvrm                 1000c8d0 f   LIBCMT:ulldvrm.obj
 0001:0000b970       _strrchr                   1000c970 f   LIBCMT:strrchr.obj
 0001:0000b99d       __tolower_l                1000c99d f   LIBCMT:tolower.obj
 0001:0000bab4       _tolower                   1000cab4 f   LIBCMT:tolower.obj
 0001:0000badb       __atodbl_l                 1000cadb f   LIBCMT:atodbl.obj
 0001:0000bb81       __atoflt_l                 1000cb81 f   LIBCMT:atodbl.obj
 0001:0000bc27       __fptostr                  1000cc27 f   LIBCMT:_fptostr.obj
 0001:0000bce4       ___dtold                   1000cce4 f   LIBCMT:cfout.obj
 0001:0000bd9f       __fltout2                  1000cd9f f   LIBCMT:cfout.obj
 0001:0000be30       __alldvrm                  1000ce30 f   LIBCMT:lldvrm.obj
 0001:0000bf10       __aullshr                  1000cf10 f   LIBCMT:ullshr.obj
 0001:0000bf2f       __fptrap                   1000cf2f f   LIBCMT:crt0fp.obj
 0001:0000bf38       __controlfp_s              1000cf38 f   LIBCMT:contrlfp.obj
 0001:0000bfa2       __freea                    1000cfa2 f i LIBCMT:a_map.obj
 0001:0000c35f       ___crtLCMapStringA         1000d35f f   LIBCMT:a_map.obj
 0001:0000c55a       ___crtGetStringTypeA       1000d55a f   LIBCMT:a_str.obj
 0001:0000c59a       ___free_lc_time            1000d59a f   LIBCMT:inittime.obj
 0001:0000c72a       ___free_lconv_num          1000d72a f   LIBCMT:initnum.obj
 0001:0000c76a       ___free_lconv_mon          1000d76a f   LIBCMT:initmon.obj
 0001:0000c7f3       _strcat_s                  1000d7f3 f   LIBCMT:strcat_s.obj
 0001:0000c870       _strcspn                   1000d870 f   LIBCMT:strcspn.obj
 0001:0000c8c0       _memcpy                    1000d8c0 f   LIBCMT:memcpy.obj
 0001:0000cc30       _strpbrk                   1000dc30 f   LIBCMT:strpbrk.obj
 0001:0000cc70       __ValidateImageBase        1000dc70 f   LIBCMT:pesect.obj
 0001:0000cca0       __FindPESection            1000dca0 f   LIBCMT:pesect.obj
 0001:0000ccf0       __IsNonwritableInCurrentImage 1000dcf0 f   LIBCMT:pesect.obj
 0001:0000cdab       ?terminate@@YAXXZ          1000ddab f   LIBCMT:hooks.obj
 0001:0000cde4       __initp_eh_hooks           1000dde4 f   LIBCMT:hooks.obj
 0001:0000cdf5       __initp_misc_winsig        1000ddf5 f   LIBCMT:winsig.obj
 0001:0000ce42       ___get_sigabrt             1000de42 f   LIBCMT:winsig.obj
 0001:0000ce4f       _raise                     1000de4f f   LIBCMT:winsig.obj
 0001:0000cfff       __initp_misc_rand_s        1000dfff f   LIBCMT:rand_s.obj
 0001:0000d009       __initp_misc_purevirt      1000e009 f   LIBCMT:inithelp.obj
 0001:0000d013       __initp_misc_initcrit      1000e013 f   LIBCMT:initcrit.obj
 0001:0000d02d       ___crtInitCritSecAndSpinCount 1000e02d f   LIBCMT:initcrit.obj
 0001:0000d0f2       __calloc_impl              1000e0f2 f   LIBCMT:calloc.obj
 0001:0000d210       _realloc                   1000e210 f   LIBCMT:realloc.obj
 0001:0000d42b       __recalloc                 1000e42b f   LIBCMT:realloc.obj
 0001:0000d4f5       __ismbblead                1000e4f5 f   LIBCMT:ismbbyte.obj
 0001:0000d508       __local_unwind4            1000e508 f   LIBCMT:exsup4.obj
 0001:0000d5de       __seh_longjmp_unwind4@4    1000e5de f   LIBCMT:exsup4.obj
 0001:0000d5fa       @_EH4_CallFilterFunc@8     1000e5fa f   LIBCMT:exsup4.obj
 0001:0000d611       @_EH4_TransferToHandler@8  1000e611 f   LIBCMT:exsup4.obj
 0001:0000d62a       @_EH4_GlobalUnwind@4       1000e62a f   LIBCMT:exsup4.obj
 0001:0000d644       @_EH4_LocalUnwind@16       1000e644 f   LIBCMT:exsup4.obj
 0001:0000d65b       ___crtMessageBoxA          1000e65b f   LIBCMT:crtmbox.obj
 0001:0000d818       __set_error_mode           1000e818 f   LIBCMT:errmode.obj
 0001:0000d85e       ___report_gsfailure        1000e85e f   LIBCMT:gs_report.obj
 0001:0000d962       __mbsnbicoll_l             1000e962 f   LIBCMT:mbsnbico.obj
 0001:0000da4e       __mbsnbicoll               1000ea4e f   LIBCMT:mbsnbico.obj
 0001:0000da65       ___wtomb_environ           1000ea65 f   LIBCMT:wtombenv.obj
 0001:0000dafa       __free_osfhnd              1000eafa f   LIBCMT:osfinfo.obj
 0001:0000db7b       __get_osfhandle            1000eb7b f   LIBCMT:osfinfo.obj
 0001:0000dbec       ___lock_fhandle            1000ebec f   LIBCMT:osfinfo.obj
 0001:0000dc8c       __unlock_fhandle           1000ec8c f   LIBCMT:osfinfo.obj
 0001:0000dcae       __putwch_nolock            1000ecae f   LIBCMT:putwch.obj
 0001:0000dd70       __mbtowc_l                 1000ed70 f   LIBCMT:mbtowc.obj
 0001:0000de83       _mbtowc                    1000ee83 f   LIBCMT:mbtowc.obj
 0001:0000de9a       __fcloseall                1000ee9a f   LIBCMT:closeall.obj
 0001:0000df39       __flush                    1000ef39 f   LIBCMT:fflush.obj
 0001:0000df9b       __fflush_nolock            1000ef9b f   LIBCMT:fflush.obj
 0001:0000e0b7       __flushall                 1000f0b7 f   LIBCMT:fflush.obj
 0001:0000e0c0       __ld12tod                  1000f0c0 f   LIBCMT:intrncvt.obj
 0001:0000e602       __ld12tof                  1000f602 f   LIBCMT:intrncvt.obj
 0001:0000eb44       ___strgtold12_l            1000fb44 f   LIBCMT:strgtold.obj
 0001:0000f204       _$I10_OUTPUT               10010204 f   LIBCMT:x10fout.obj
 0001:0000fbf8       __control87                10010bf8 f i LIBCMT:ieee87.obj
 0001:0000fefb       ___ansicp                  10010efb f   LIBCMT:convrtcp.obj
 0001:0000ff42       ___convertcp               10010f42 f   LIBCMT:convrtcp.obj
 0001:00010100       __alloca_probe_16          10011100 f   LIBCMT:alloca16.obj
 0001:00010116       __alloca_probe_8           10011116     LIBCMT:alloca16.obj
 0001:0001012c       __strnicmp_l               1001112c f   LIBCMT:strnicmp.obj
 0001:0001021c       _abort                     1001121c f   LIBCMT:abort.obj
 0001:00010310       __global_unwind2           10011310 f   LIBCMT:exsup.obj
 0001:00010375       __local_unwind2            10011375 f   LIBCMT:exsup.obj
 0001:000103f9       __abnormal_termination     100113f9 f   LIBCMT:exsup.obj
 0001:0001041c       __NLG_Notify1              1001141c f   LIBCMT:exsup.obj
 0001:00010425       __NLG_Notify               10011425 f   LIBCMT:exsup.obj
 0001:0001043c       __NLG_Dispatch2            1001143c     LIBCMT:exsup.obj
 0001:0001043c       __NLG_Dispatch             1001143c     LIBCMT:exsup.obj
 0001:00010444       __NLG_Call                 10011444 f   LIBCMT:exsup.obj
 0001:00010446       __NLG_Return2              10011446     LIBCMT:exsup.obj
 0001:000107d0       ___crtCompareStringA       100117d0 f   LIBCMT:a_cmp.obj
 0001:00010810       __strnicoll_l              10011810 f   LIBCMT:strnicol.obj
 0001:000109b2       ___crtsetenv               100119b2 f   LIBCMT:setenv.obj
 0001:00010bfe       ___initconout              10011bfe f   LIBCMT:initcon.obj
 0001:00010c1d       ___termcon                 10011c1d f   LIBCMT:initcon.obj
 0001:00010c4a       __fclose_nolock            10011c4a f   LIBCMT:fclose.obj
 0001:00010cbc       _fclose                    10011cbc f   LIBCMT:fclose.obj
 0001:00010d38       __commit                   10011d38 f   LIBCMT:commit.obj
 0001:00010e19       ___mtold12                 10011e19 f   LIBCMT:mantold.obj
 0001:00010fe5       ___set_fpsr_sse2           10011fe5 f   LIBCMT:fpctrl.obj
 0001:00011060       ___ascii_strnicmp          10012060 f   LIBCMT:_strnicm.obj
 0001:000110c1       __strdup                   100120c1 f   LIBCMT:strdup.obj
 0001:00011111       __mbschr_l                 10012111 f   LIBCMT:mbschr.obj
 0001:000111cb       __mbschr                   100121cb f   LIBCMT:mbschr.obj
 0001:000111de       __close_nolock             100121de f   LIBCMT:close.obj
 0001:00011272       __close                    10012272 f   LIBCMT:close.obj
 0001:0001133f       __freebuf                  1001233f f   LIBCMT:_freebuf.obj
 0001:0001136c       _RtlUnwind@16              1001236c f   kernel32:KERNEL32.dll
 0001:00011388       __TI2?AVbad_alloc@std@@    10012388     LIBCMT:new.obj
 0001:00011398       __CTA2?AVbad_alloc@std@@   10012398     LIBCMT:new.obj
 0001:000113a4       __CT??_R0?AVbad_alloc@std@@@8??0bad_alloc@std@@QAE@ABV01@@Z12 100123a4     LIBCMT:new.obj
 0001:000113c0       __CT??_R0?AVexception@std@@@8??0exception@std@@QAE@ABV01@@Z12 100123c0     LIBCMT:new.obj
 0001:0001180c       __IMPORT_DESCRIPTOR_KERNEL32 1001280c     kernel32:KERNEL32.dll
 0001:00011820       __IMPORT_DESCRIPTOR_USER32 10012820     user32:USER32.dll
 0001:00011834       __IMPORT_DESCRIPTOR_WINMM  10012834     winmm:WINMM.dll
 0001:00011848       __NULL_IMPORT_DESCRIPTOR   10012848     kernel32:KERNEL32.dll
 0002:00000000       ?StdCommands@@3PAPBDA      10013000     cbFmt.obj
 0002:000000c8       ?StdDialogLines@@3PAPBDA   100130c8     TraficCB.obj
 0002:000000fc       ??_R0?AVbad_alloc@std@@@8  100130fc     LIBCMT:new.obj
 0002:00000118       ??_R0?AVexception@std@@@8  10013118     LIBCMT:new.obj
 0002:00000140       __fltused                  10013140     LIBCMT:fpinit.obj
 0002:00000144       __ldused                   10013144     LIBCMT:fpinit.obj
 0002:00000158       ??_R0?AVtype_info@@@8      10013158     LIBCMT:typinfo.obj
 0002:00000188       __timezone                 10013188     LIBCMT:timeset.obj
 0002:0000018c       __daylight                 1001318c     LIBCMT:timeset.obj
 0002:00000190       __dstbias                  10013190     LIBCMT:timeset.obj
 0002:00000218       __tzname                   10013218     LIBCMT:timeset.obj
 0002:00000390       ___nullstring              10013390     LIBCMT:output.obj
 0002:00000394       ___wnullstring             10013394     LIBCMT:output.obj
 0002:00000398       __cfltcvt_tab              10013398     LIBCMT:cmiscdat.obj
 0002:000003c0       ___initialmbcinfo          100133c0     LIBCMT:mbctype.obj
 0002:000005e0       __mbctype                  100135e0     LIBCMT:mbctype.obj
 0002:000006e8       __mbcasemap                100136e8     LIBCMT:mbctype.obj
 0002:000007e8       ___ptmbcinfo               100137e8     LIBCMT:mbctype.obj
 0002:000008e4       ___globallocalestatus      100138e4     LIBCMT:glstatus.obj
 0002:000008e8       ___clocalestr              100138e8     LIBCMT:nlsdata2.obj
 0002:000008f0       ___initiallocinfo          100138f0     LIBCMT:nlsdata2.obj
 0002:000009c8       ___ptlocinfo               100139c8     LIBCMT:nlsdata2.obj
 0002:000009cc       ___lc_clike                100139cc     LIBCMT:nlsdata2.obj
 0002:000009d0       ___initiallocalestructinfo 100139d0     LIBCMT:nlsdata2.obj
 0002:000009d8       ___flsindex                100139d8     LIBCMT:tidtable.obj
 0002:000009dc       ___getvalueindex           100139dc     LIBCMT:tidtable.obj
 0002:000009e0       __aexit_rtn                100139e0     LIBCMT:crt0dat.obj
 0002:000009e8       ___badioinfo               100139e8     LIBCMT:ioinit.obj
 0002:00000a20       __amblksiz                 10013a20     LIBCMT:heapinit.obj
 0002:00000a28       __XcptActTab               10013a28     LIBCMT:winxfltr.obj
 0002:00000aa0       __First_FPE_Indx           10013aa0     LIBCMT:winxfltr.obj
 0002:00000aa4       __Num_FPE                  10013aa4     LIBCMT:winxfltr.obj
 0002:00000aa8       __XcptActTabSize           10013aa8     LIBCMT:winxfltr.obj
 0002:00000aac       __XcptActTabCount          10013aac     LIBCMT:winxfltr.obj
 0002:00000c98       ___security_cookie         10013c98     LIBCMT:gs_cookie.obj
 0002:00000c9c       ___security_cookie_complement 10013c9c     LIBCMT:gs_cookie.obj
 0002:00000ca0       __lpdays                   10013ca0     LIBCMT:days.obj
 0002:00000cd4       __days                     10013cd4     LIBCMT:days.obj
 0002:00000d10       __iob                      10013d10     LIBCMT:_file.obj
 0002:00000f90       __pctype                   10013f90     LIBCMT:ctype.obj
 0002:00000f94       __pwctype                  10013f94     LIBCMT:ctype.obj
 0002:00000f98       ___lc_time_c               10013f98     LIBCMT:strftime.obj
 0002:00001050       ___lc_time_curr            10014050     LIBCMT:strftime.obj
 0002:00001054       ___lconv_static_decimal    10014054     LIBCMT:lconv.obj
 0002:00001058       ___lconv_c                 10014058     LIBCMT:lconv.obj
 0002:00001088       ___lconv                   10014088     LIBCMT:lconv.obj
 0002:0000108c       ___mb_cur_max              1001408c     LIBCMT:nlsdata1.obj
 0002:00001090       ___decimal_point           10014090     LIBCMT:nlsdata1.obj
 0002:00001094       ___decimal_point_length    10014094     LIBCMT:nlsdata1.obj
 0002:000010e0       ___abort_behavior          100140e0     LIBCMT:abort.obj
 0002:000010e4       __NLG_Destination          100140e4     LIBCMT:exsup.obj
 0002:000010f4       __coninpfh                 100140f4     LIBCMT:initcon.obj
 0002:000010f8       __confh                    100140f8     LIBCMT:initcon.obj
 0002:00001100       __pow10pos                 10014100     LIBCMT:constpow.obj
 0002:00001260       __pow10neg                 10014260     LIBCMT:constpow.obj
 0002:000013e0       ?FTP_Info@@3PAUFTPInterface@@A 100143e0     All.obj
 0002:000013e4       ?FTP_Module@@3PAUHINSTANCE__@@A 100143e4     All.obj
 0002:00001530       ___fastflag                10014530     LIBCMT:fpinit.obj
 0002:00001534       __adjust_fdiv              10014534     LIBCMT:fpinit.obj
 0002:0000153c       __aenvptr                  1001453c     LIBCMT:dllcrt0.obj
 0002:00001540       __wenvptr                  10014540     LIBCMT:dllcrt0.obj
 0002:00001544       ___error_mode              10014544     LIBCMT:dllcrt0.obj
 0002:00001548       ___app_type                10014548     LIBCMT:dllcrt0.obj
 0002:0000154c       ?_pnhHeap@@3P6AHI@ZA       1001454c     LIBCMT:handler.obj
 0002:00001550       ___pInvalidArgHandler      10014550     LIBCMT:invarg.obj
 0002:00001614       ___mbulinfo                10014614     LIBCMT:mbctype.obj
 0002:00001620       ___mbcodepage              10014620     LIBCMT:mbctype.obj
 0002:00001624       ___ismbcodepage            10014624     LIBCMT:mbctype.obj
 0002:00001628       ___mblcid                  10014628     LIBCMT:mbctype.obj
 0002:0000162c       ___locale_changed          1001462c     LIBCMT:setlocal.obj
 0002:00001630       ___lc_handle               10014630     LIBCMT:nlsdata2.obj
 0002:00001648       ___lc_codepage             10014648     LIBCMT:nlsdata2.obj
 0002:0000164c       ___lc_collate_cp           1001464c     LIBCMT:nlsdata2.obj
 0002:00001650       _gpFlsAlloc                10014650     LIBCMT:tidtable.obj
 0002:00001654       _gpFlsGetValue             10014654     LIBCMT:tidtable.obj
 0002:00001658       _gpFlsSetValue             10014658     LIBCMT:tidtable.obj
 0002:0000165c       _gpFlsFree                 1001465c     LIBCMT:tidtable.obj
 0002:00001660       __umaskval                 10014660     LIBCMT:crt0dat.obj
 0002:00001664       __osplatform               10014664     LIBCMT:crt0dat.obj
 0002:00001668       __osver                    10014668     LIBCMT:crt0dat.obj
 0002:0000166c       __winver                   1001466c     LIBCMT:crt0dat.obj
 0002:00001670       __winmajor                 10014670     LIBCMT:crt0dat.obj
 0002:00001674       __winminor                 10014674     LIBCMT:crt0dat.obj
 0002:00001678       ___argc                    10014678     LIBCMT:crt0dat.obj
 0002:0000167c       ___argv                    1001467c     LIBCMT:crt0dat.obj
 0002:00001680       ___wargv                   10014680     LIBCMT:crt0dat.obj
 0002:00001684       __environ                  10014684     LIBCMT:crt0dat.obj
 0002:00001688       ___initenv                 10014688     LIBCMT:crt0dat.obj
 0002:0000168c       __wenviron                 1001468c     LIBCMT:crt0dat.obj
 0002:00001690       ___winitenv                10014690     LIBCMT:crt0dat.obj
 0002:00001694       __pgmptr                   10014694     LIBCMT:crt0dat.obj
 0002:00001698       __wpgmptr                  10014698     LIBCMT:crt0dat.obj
 0002:0000169c       __exitflag                 1001469c     LIBCMT:crt0dat.obj
 0002:000016a0       __C_Termination_Done       100146a0     LIBCMT:crt0dat.obj
 0002:000016a4       __C_Exit_Done              100146a4     LIBCMT:crt0dat.obj
 0002:000016a8       __maxwait                  100146a8     LIBCMT:crtheap.obj
 0002:000017bc       __crtheap                  100147bc     LIBCMT:heapinit.obj
 0002:00001918       ___sbh_pHeaderDefer        10014918     LIBCMT:sbheap.obj
 0002:00001c34       __newmode                  10014c34     LIBCMT:_newmode.obj
 0002:00001c38       __cflush                   10014c38     LIBCMT:_file.obj
 0002:00001c40       __outputformat             10014c40     LIBCMT:outputformat.obj
 0002:00001c4c       ___lconv_static_null       10014c4c     LIBCMT:lconv.obj
 0002:00001c50       ?__pInconsistency@@3P6AXXZA 10014c50     LIBCMT:hooks.obj
 0002:00001c74       ___pPurecall               10014c74     LIBCMT:inithelp.obj
 0002:00001c90       ?pArgList@UnDecorator@@0PAVReplicator@@A 10014c90     LIBCMT:undname.obj
 0002:00001c94       ?pZNameList@UnDecorator@@0PAVReplicator@@A 10014c94     LIBCMT:undname.obj
 0002:00001c98       ?pTemplateArgList@UnDecorator@@0PAVReplicator@@A 10014c98     LIBCMT:undname.obj
 0002:00001c9c       ?gName@UnDecorator@@0PBDB  10014c9c     LIBCMT:undname.obj
 0002:00001ca0       ?name@UnDecorator@@0PBDB   10014ca0     LIBCMT:undname.obj
 0002:00001ca4       ?outputString@UnDecorator@@0PADA 10014ca4     LIBCMT:undname.obj
 0002:00001ca8       ?maxStringLength@UnDecorator@@0HA 10014ca8     LIBCMT:undname.obj
 0002:00001cac       ?disableFlags@UnDecorator@@0KA 10014cac     LIBCMT:undname.obj
 0002:00001cb0       ?m_pGetParameter@UnDecorator@@0P6APADJ@ZA 10014cb0     LIBCMT:undname.obj
 0002:00001cb4       ?fExplicitTemplateParams@UnDecorator@@0_NA 10014cb4     LIBCMT:undname.obj
 0002:00001cb5       ?fGetTemplateArgumentList@UnDecorator@@0_NA 10014cb5     LIBCMT:undname.obj
 0002:00001ff4       __stdbuf                   10014ff4     LIBCMT:_sftbuf.obj
 0002:00002000       ___piob                    10015000     <common>
 0002:00002020       __bufin                    10015020     <common>
 0002:00003020       __nstream                  10016020     <common>
 0002:00003024       __debugger_hook_dummy      10016024     <common>
 0002:00003028       ___sbh_cntHeaderList       10016028     <common>
 0002:0000302c       ___sbh_pHeaderList         1001602c     <common>
 0002:00003030       ___sbh_threshold           10016030     <common>
 0002:00003034       ___sbh_pHeaderScan         10016034     <common>
 0002:00003038       ___sbh_sizeHeaderList      10016038     <common>
 0002:0000303c       ___sbh_indGroupDefer       1001603c     <common>
 0002:00003040       __pDestructExceptionObject 10016040     <common>
 0002:00003044       ___active_heap             10016044     <common>
 0002:00003048       __nhandle                  10016048     <common>
 0002:00003060       ___pioinfo                 10016060     <common>
 0002:00003160       ___env_initialized         10016160     <common>
 0002:00003164       ___onexitend               10016164     <common>
 0002:00003168       ___onexitbegin             10016168     <common>
 0002:0000316c       ___mbctype_initialized     1001616c     <common>
 0002:00003170       ___dyn_tls_init_callback   10016170     <common>
 0002:00003174       ___use_sse2_mathfcns       10016174     <common>
 0002:00003178       ___sse2_available          10016178     <common>
 0002:0000317c       __acmdln                   1001617c     <common>

 entry point at        0001:00004a39

 Static symbols

 0001:00004943       ___DllMainCRTStartup       10005943 f   LIBCMT:dllcrt0.obj
 0001:00004b33       __onexit_nolock            10005b33 f   LIBCMT:onexit.obj
 0001:00004fa9       __tzset_nolock             10005fa9 f   LIBCMT:tzset.obj
 0001:000052f2       _cvtdate                   100062f2 f   LIBCMT:tzset.obj
 0001:000054e7       __isindst_nolock           100064e7 f   LIBCMT:tzset.obj
 0001:00005c08       _fastcopy_I                10006c08 f   LIBCMT:p4_memcpy.obj
 0001:00005ee6       _write_char                10006ee6 f   LIBCMT:output.obj
 0001:00005f19       _write_multi_char          10006f19 f   LIBCMT:output.obj
 0001:00005f3d       _write_string              10006f3d f   LIBCMT:output.obj
 0001:00006a79       __shift                    10007a79 f   LIBCMT:cvt.obj
 0001:00006ab2       __cftoe2_l                 10007ab2 f   LIBCMT:cvt.obj
 0001:0000707c       __cftof2_l                 1000807c f   LIBCMT:cvt.obj
 0001:00007476       _fastzero_I                10008476 f   LIBCMT:p4_memset.obj
 0001:0000755c       ?CPtoLCID@@YAHH@Z          1000855c f   LIBCMT:mbctype.obj
 0001:0000758b       ?setSBCS@@YAXPAUthreadmbcinfostruct@@@Z 1000858b f   LIBCMT:mbctype.obj
 0001:000075e0       ?setSBUpLow@@YAXPAUthreadmbcinfostruct@@@Z 100085e0 f   LIBCMT:mbctype.obj
 0001:0000780e       ?getSystemCP@@YAHH@Z       1000880e f   LIBCMT:mbctype.obj
 0001:00007e6b       __updatetlocinfoEx_nolock  10008e6b f   LIBCMT:setlocal.obj
 0001:00007f1f       __use_encode_pointer       10008f1f f   LIBCMT:tidtable.obj
 0001:000085fa       ?strtoxl@@YAKPAUlocaleinfo_struct@@PBDPAPBDHH@Z 100095fa f   LIBCMT:strtol.obj
 0001:000088bf       __initterm                 100098bf f   LIBCMT:crt0dat.obj
 0001:000089fc       _doexit                    100099fc f   LIBCMT:crt0dat.obj
 0001:00008fd4       _parse_cmdline             10009fd4 f   LIBCMT:stdargv.obj
 0001:0000ab84       _has_osfxsr_set            1000bb84 f   LIBCMT:cpu_disp.obj
 0001:0000bfbd       ?__crtLCMapStringA_stat@@YAHPAUlocaleinfo_struct@@KKPBDHPADHHH@Z 1000cfbd f   LIBCMT:a_map.obj
 0001:0000c3a2       ?__crtGetStringTypeA_stat@@YAHPAUlocaleinfo_struct@@KPBDHPAGHHH@Z 1000d3a2 f   LIBCMT:a_str.obj
 0001:0000ce0e       _siglookup                 1000de0e f   LIBCMT:winsig.obj
 0001:0000d01d       ___crtInitCritSecNoSpinCount@8 1000e01d f   LIBCMT:initcrit.obj
 0001:0000d4a4       ?x_ismbbtype_l@@YAHPAUlocaleinfo_struct@@IHH@Z 1000e4a4 f   LIBCMT:ismbbyte.obj
 0001:0000d598       __unwind_handler4          1000e598 f   LIBCMT:exsup4.obj
 0001:0000dfdd       _flsall                    1000efdd f   LIBCMT:fflush.obj
 0001:0000faca       __hw_cw                    10010aca f   LIBCMT:ieee87.obj
 0001:0000fb58       ___hw_cw_sse2              10010b58 f   LIBCMT:ieee87.obj
 0001:00010330       __unwind_handler           10011330 f   LIBCMT:exsup.obj
 0001:00010447       ?__crtCompareStringA_stat@@YAHPAUlocaleinfo_struct@@KKPBDH1HH@Z 10011447 f   LIBCMT:a_cmp.obj
 0001:00010908       _findenv                   10011908 f   LIBCMT:setenv.obj
 0001:00010955       _copy_environ              10011955 f   LIBCMT:setenv.obj
 0001:00011372       ??__Fnomem@?5???2@YAPAXI@Z@YAXXZ 10012372 f   LIBCMT:new.obj
