 ConEmuLn

 Timestamp is 50638732 (Thu Sep 27 02:52:34 2012)

 Preferred load address is 10000000

 Start         Length     Name                   Class
 0001:00000000 000028baH .text                   CODE
 0002:00000000 0000008cH .idata$5                DATA
 0002:00000090 000001b1H .rdata                  DATA
 0002:00000244 00000064H .idata$2                DATA
 0002:000002a8 00000014H .idata$3                DATA
 0002:000002bc 0000008cH .idata$4                DATA
 0002:00000348 0000020aH .idata$6                DATA
 0002:00000560 0000018bH .edata                  DATA
 0003:00000000 000000ccH .data                   DATA
 0003:000000d0 0000055cH .bss                    DATA
 0004:00000000 00000058H .rsrc$01                DATA
 0004:00000060 00000298H .rsrc$02                DATA

  Address         Publics by Value              Rva+Base       Lib:Object

 0000:00000000       ___safe_se_handler_table   00000000     <absolute>
 0000:00000000       ___safe_se_handler_count   00000000     <absolute>
 0001:00000000       __chkstk                   10001000 f   chkstk.obj
 0001:00000000       __alloca_probe             10001000     chkstk.obj
 0001:0000002b       _GetMinFarVersionW@0       1000102b f   ConEmuLn.obj
 0001:00000031       ?GetPluginInfoWcmn@@YGXPAX@Z 10001031 f   ConEmuLn.obj
 0001:0000017d       ?PaintConEmuBackground@@YGHPAUPaintBackgroundArg@@@Z 1000117d f   ConEmuLn.obj
 0001:000003aa       ?SettingsLoad@@YIXXZ       100013aa f   ConEmuLn.obj
 0001:000003e0       ?SettingsLoadReg@@YIXPB_W@Z 100013e0 f   ConEmuLn.obj
 0001:000004a2       ?SettingsSave@@YIXXZ       100014a2 f   ConEmuLn.obj
 0001:000004ce       ?SettingsSaveReg@@YIXPB_W@Z 100014ce f   ConEmuLn.obj
 0001:00000550       ?StartPlugin@@YIXH@Z       10001550 f   ConEmuLn.obj
 0001:00000632       ?ExitPlugin@@YIXXZ         10001632 f   ConEmuLn.obj
 0001:00000673       _ExitFARW@0                10001673 f   ConEmuLn.obj
 0001:0000068e       ?ExitFARW3@@YGXPAX@Z       1000168e f   ConEmuLn.obj
 0001:000006ae       ?GetMsgW@@YIPB_WH@Z        100016ae f   ConEmuLn.obj
 0001:000006db       _ConfigureW@4              100016db f   ConEmuLn.obj
 0001:0000070f       ?ConfigureW3@@YGHPAX@Z     1000170f f   ConEmuLn.obj
 0001:00000741       ?OpenPluginWcmn@@YIPAXHH@Z 10001741 f   ConEmuLn.obj
 0001:00000755       ?StringCchCopyW@@YGJPA_WIPB_W@Z 10001755 f i ConEmuLn.obj
 0001:000007bc       ?OnConEmuLoaded@@YGXPAUConEmuLoadedArg@@@Z 100017bc f   ConEmuLn.obj
 0001:000007e8       ?LoadFarVersion@@YIHXZ     100017e8 f   ConEmuLn.obj
 0001:000008cc       _SetStartupInfoW@4         100018cc f   ConEmuLn.obj
 0001:00000914       _DllMain@12                10001914 f   ConEmuLn.obj
 0001:00000965       __DllMainCRTStartup@12     10001965 f   ConEmuLn.obj
 0001:0000097c       ?GetPluginInfoW995@@YIXPAX@Z 1000197c f   ConEmuLn995.obj
 0001:000009c4       ?SetStartupInfoW995@@YIXPAX@Z 100019c4 f   ConEmuLn995.obj
 0001:00000b09       _OpenPluginW@8             10001b09 f   ConEmuLn995.obj
 0001:00000b27       ?ExitFARW995@@YIXXZ        10001b27 f   ConEmuLn995.obj
 0001:00000b6d       ?GetMsgW995@@YIPB_WH@Z     10001b6d f   ConEmuLn995.obj
 0001:00001127       ?ConfigureW995@@YIHH@Z     10002127 f   ConEmuLn995.obj
 0001:00001138       ?SettingsLoadW995@@YIXXZ   10002138 f   ConEmuLn995.obj
 0001:00001143       ?SettingsSaveW995@@YIXXZ   10002143 f   ConEmuLn995.obj
 0001:0000114e       _GetGlobalInfoW@4          1000214e f   ConEmuLn1900.obj
 0001:000011ce       ?GetPluginInfoW1900@@YIXPAX@Z 100021ce f   ConEmuLn1900.obj
 0001:0000121e       ?SetStartupInfoW1900@@YIXPAX@Z 1000221e f   ConEmuLn1900.obj
 0001:0000130c       _OpenW@4                   1000230c f   ConEmuLn1900.obj
 0001:0000132c       ?ExitFARW1900@@YIXXZ       1000232c f   ConEmuLn1900.obj
 0001:0000135b       ?GetMsgW1900@@YIPB_WH@Z    1000235b f   ConEmuLn1900.obj
 0001:00001980       ?ConfigureW1900@@YIHH@Z    10002980 f   ConEmuLn1900.obj
 0001:00001991       ?SettingsLoadW1900@@YIXXZ  10002991 f   ConEmuLn1900.obj
 0001:00001a82       ?SettingsSaveW1900@@YIXXZ  10002a82 f   ConEmuLn1900.obj
 0001:00001b4b       _GetMinFarVersion@0        10002b4b f   ConEmuLnA.obj
 0001:00001b7a       _SetStartupInfo@4          10002b7a f   ConEmuLnA.obj
 0001:00001cec       _GetPluginInfo@4           10002cec f   ConEmuLnA.obj
 0001:00001d4c       _ExitFAR@0                 10002d4c f   ConEmuLnA.obj
 0001:000023f1       _Configure@4               100033f1 f   ConEmuLnA.obj
 0001:00002406       _OpenPlugin@8              10003406 f   ConEmuLnA.obj
 0001:0000241c       ?SettingsLoadA@@YIXXZ      1000341c f   ConEmuLnA.obj
 0001:00002427       ?SettingsSaveA@@YIXXZ      10003427 f   ConEmuLnA.obj
 0001:00002432       ?HeapInitialize@@YI_NXZ    10003432 f   Memory.obj
 0001:00002458       ?HeapDeinitialize@@YIXXZ   10003458 f   Memory.obj
 0001:00002470       ?xf_calloc@@YAPAXII@Z      10003470 f   Memory.obj
 0001:00002489       ?xf_free@@YAXPAX@Z         10003489 f   Memory.obj
 0001:000024b0       _memmove                   100034b0 f   libCRT:memmove.obj
 0001:000026b0       _wcstoul                   100036b0 f   libCRT:strtol.obj
 0001:00002850       _strtoul                   10003850 f   libCRT:strtol.obj
 0001:00002870       _memset                    10003870 f   libCRT:memset.obj
 0001:000028a8       _VerQueryValueW@16         100038a8 f   version:VERSION.dll
 0001:000028ae       _GetFileVersionInfoW@16    100038ae f   version:VERSION.dll
 0001:000028b4       _GetFileVersionInfoSizeW@8 100038b4 f   version:VERSION.dll
 0002:00000000       __imp__RegCloseKey@4       10004000     advapi32:ADVAPI32.dll
 0002:00000004       __imp__RegOpenKeyExW@20    10004004     advapi32:ADVAPI32.dll
 0002:00000008       __imp__RegSetValueExW@24   10004008     advapi32:ADVAPI32.dll
 0002:0000000c       __imp__RegCreateKeyExW@36  1000400c     advapi32:ADVAPI32.dll
 0002:00000010       __imp__RegQueryValueExW@24 10004010     advapi32:ADVAPI32.dll
 0002:00000014       \177ADVAPI32_NULL_THUNK_DATA 10004014     advapi32:ADVAPI32.dll
 0002:00000018       __imp__DeleteObject@4      10004018     gdi32:GDI32.dll
 0002:0000001c       __imp__CreatePen@12        1000401c     gdi32:GDI32.dll
 0002:00000020       __imp__SelectObject@8      10004020     gdi32:GDI32.dll
 0002:00000024       __imp__MoveToEx@16         10004024     gdi32:GDI32.dll
 0002:00000028       __imp__LineTo@12           10004028     gdi32:GDI32.dll
 0002:0000002c       __imp__CreateSolidBrush@4  1000402c     gdi32:GDI32.dll
 0002:00000030       \177GDI32_NULL_THUNK_DATA  10004030     gdi32:GDI32.dll
 0002:00000034       __imp__HeapFree@12         10004034     kernel32:KERNEL32.dll
 0002:00000038       __imp__MultiByteToWideChar@24 10004038     kernel32:KERNEL32.dll
 0002:0000003c       __imp__VirtualProtect@16   1000403c     kernel32:KERNEL32.dll
 0002:00000040       __imp__lstrlenW@4          10004040     kernel32:KERNEL32.dll
 0002:00000044       __imp__lstrcpyW@8          10004044     kernel32:KERNEL32.dll
 0002:00000048       __imp__lstrcpynW@12        10004048     kernel32:KERNEL32.dll
 0002:0000004c       __imp__HeapAlloc@12        1000404c     kernel32:KERNEL32.dll
 0002:00000050       __imp__HeapDestroy@4       10004050     kernel32:KERNEL32.dll
 0002:00000054       __imp__HeapCreate@12       10004054     kernel32:KERNEL32.dll
 0002:00000058       __imp__lstrcpyA@8          10004058     kernel32:KERNEL32.dll
 0002:0000005c       __imp__lstrcpynA@12        1000405c     kernel32:KERNEL32.dll
 0002:00000060       __imp__lstrlenA@4          10004060     kernel32:KERNEL32.dll
 0002:00000064       __imp__GetModuleFileNameW@12 10004064     kernel32:KERNEL32.dll
 0002:00000068       \177KERNEL32_NULL_THUNK_DATA 10004068     kernel32:KERNEL32.dll
 0002:0000006c       __imp__wsprintfA           1000406c     user32:USER32.dll
 0002:00000070       __imp__wsprintfW           10004070     user32:USER32.dll
 0002:00000074       __imp__FillRect@12         10004074     user32:USER32.dll
 0002:00000078       \177USER32_NULL_THUNK_DATA 10004078     user32:USER32.dll
 0002:0000007c       __imp__GetFileVersionInfoW@16 1000407c     version:VERSION.dll
 0002:00000080       __imp__GetFileVersionInfoSizeW@8 10004080     version:VERSION.dll
 0002:00000084       __imp__VerQueryValueW@16   10004084     version:VERSION.dll
 0002:00000088       \177VERSION_NULL_THUNK_DATA 10004088     version:VERSION.dll
 0002:00000090       ??_C@_0L@DJCGGOCO@ConfigureW?$AA@ 10004090     ConEmuLn.obj
 0002:0000009c       ??_C@_08BCACMCCB@ExitFARW?$AA@ 1000409c     ConEmuLn.obj
 0002:000000a8       ??_C@_1CA@GLKFLGCI@?$AAH?$AAi?$AAl?$AAi?$AAg?$AAh?$AAt?$AAP?$AAl?$AAu?$AAg?$AAB?$AAa?$AAc?$AAk?$AA?$AA@ 100040a8     ConEmuLn.obj
 0002:000000c8       ??_C@_1BO@FGCOGFB@?$AAH?$AAi?$AAl?$AAi?$AAg?$AAh?$AAt?$AAP?$AAl?$AAu?$AAg?$AAi?$AAn?$AAs?$AA?$AA@ 100040c8     ConEmuLn.obj
 0002:000000e8       ??_C@_1BI@PPOFOFEE@?$AAH?$AAi?$AAl?$AAi?$AAg?$AAh?$AAt?$AAT?$AAy?$AAp?$AAe?$AA?$AA@ 100040e8     ConEmuLn.obj
 0002:00000100       ??_C@_1BG@FMPDIDHG@?$AAL?$AAi?$AAn?$AAe?$AAs?$AAC?$AAo?$AAl?$AAo?$AAr?$AA?$AA@ 10004100     ConEmuLn.obj
 0002:00000118       ??_C@_1BM@GCLEPEKO@?$AAP?$AAl?$AAu?$AAg?$AAi?$AAn?$AAE?$AAn?$AAa?$AAb?$AAl?$AAe?$AAd?$AA?$AA@ 10004118     ConEmuLn.obj
 0002:00000134       ??_C@_11LOCGONAA@?$AA?$AA@ 10004134     ConEmuLn.obj
 0002:00000138       ??_C@_13FPGAJAPJ@?$AA?2?$AA?$AA@ 10004138     ConEmuLn.obj
 0002:0000013c       ??_C@_1BE@MMJMCNIO@?$AAC?$AAo?$AAn?$AAE?$AAm?$AAu?$AAL?$AAn?$AA?2?$AA?$AA@ 1000413c     ConEmuLn995.obj
 0002:00000150       ??_C@_19OMFGMPJN@?$AA?$CF?$AA0?$AA6?$AAX?$AA?$AA@ 10004150     ConEmuLn995.obj
 0002:0000015c       ??_C@_1BC@KLDFICIN@?$AA0?$AAx?$AAX?$AAX?$AAX?$AAX?$AAX?$AAX?$AA?$AA@ 1000415c     ConEmuLn995.obj
 0002:00000170       ??_C@_1DE@DJEAMLPH@?$AAC?$AAo?$AAn?$AAE?$AAm?$AAu?$AA?4?$AAM?$AAa?$AAx?$AAi?$AAm?$AAu?$AAs?$AA5?$AA?$EA?$AAg?$AAm?$AAa?$AAi?$AAl?$AA?4?$AAc?$AAo?$AAm?$AA?$AA@ 10004170     ConEmuLn1900.obj
 0002:000001a8       ??_C@_1GC@KMIACAL@?$AAP?$AAa?$AAi?$AAn?$AAt?$AA?5?$AAu?$AAn?$AAd?$AAe?$AAr?$AAl?$AAi?$AAn?$AAe?$AAd?$AA?5?$AAb?$AAa?$AAc?$AAk?$AAg?$AAr?$AAo?$AAu?$AAn?$AAd?$AA?5?$AAi?$AAn?$AA?5?$AAt@ 100041a8     ConEmuLn1900.obj
 0002:0000020c       ??_C@_1CE@PCHJHFGJ@?$AAC?$AAo?$AAn?$AAE?$AAm?$AAu?$AA?5?$AAU?$AAn?$AAd?$AAe?$AAr?$AAl?$AAi?$AAn?$AAe?$AAs?$AA?$AA@ 1000420c     ConEmuLn1900.obj
 0002:00000230       ??_C@_04JCFDBOEJ@?$CF06X?$AA@ 10004230     ConEmuLnA.obj
 0002:00000238       ??_C@_08KOICIHPP@0xXXXXXX?$AA@ 10004238     ConEmuLnA.obj
 0002:00000244       __IMPORT_DESCRIPTOR_KERNEL32 10004244     kernel32:KERNEL32.dll
 0002:00000258       __IMPORT_DESCRIPTOR_USER32 10004258     user32:USER32.dll
 0002:0000026c       __IMPORT_DESCRIPTOR_GDI32  1000426c     gdi32:GDI32.dll
 0002:00000280       __IMPORT_DESCRIPTOR_ADVAPI32 10004280     advapi32:ADVAPI32.dll
 0002:00000294       __IMPORT_DESCRIPTOR_VERSION 10004294     version:VERSION.dll
 0002:000002a8       __NULL_IMPORT_DESCRIPTOR   100042a8     kernel32:KERNEL32.dll
 0003:00000000       ?gcrLinesColor@@3KA        10005000     ConEmuLn.obj
 0003:00000004       ?gcrHilightPlugBack@@3KA   10005004     ConEmuLn.obj
 0003:00000008       ?gSettings@@3PAUConEmuLnSettings@@A 10005008     ConEmuLn.obj
 0003:00000068       ?Far3Func@@3PAUExportFunc@@A 10005068     ConEmuLn.obj
 0003:0000008c       ?guid_ConEmuLn@@3U_GUID@@A 1000508c     ConEmuLn1900.obj
 0003:0000009c       ?guid_ConEmuLnCfgDlg@@3U_GUID@@A 1000509c     ConEmuLn1900.obj
 0003:000000ac       ?guid_ConEmuLnPluginMenu@@3U_GUID@@A 100050ac     ConEmuLn1900.obj
 0003:000000bc       ?guid_ConEmuLnPluginConfig@@3U_GUID@@A 100050bc     ConEmuLn1900.obj
 0003:000000d0       ?ghPluginModule@@3PAUHINSTANCE__@@A 100050d0     ConEmuLn.obj
 0003:000000d4       ?gFarVersion@@3UFarVersion@@A 100050d4     ConEmuLn.obj
 0003:000000e0       ?gbInStartPlugin@@3_NA     100050e0     ConEmuLn.obj
 0003:000000e1       ?gbSetStartupInfoOk@@3_NA  100050e1     ConEmuLn.obj
 0003:000000e4       ?gbBackgroundEnabled@@3HA  100050e4     ConEmuLn.obj
 0003:000000e8       ?giHilightType@@3HA        100050e8     ConEmuLn.obj
 0003:000000ec       ?gbHilightPlugins@@3HA     100050ec     ConEmuLn.obj
 0003:000000f0       ?gbInfoW_OK@@3HA           100050f0     ConEmuLn.obj
 0003:000000f8       ?InfoW995@@3PAUPluginStartupInfo@@A 100050f8     ConEmuLn995.obj
 0003:000000fc       ?FSFW995@@3PAUFarStandardFunctions@@A 100050fc     ConEmuLn995.obj
 0003:00000308       ?InfoW1900@@3PAUPluginStartupInfo@@A 10005308     ConEmuLn1900.obj
 0003:0000030c       ?FSFW1900@@3PAUFarStandardFunctions@@A 1000530c     ConEmuLn1900.obj
 0003:00000518       ?InfoA@@3PAUPluginStartupInfo@@A 10005518     ConEmuLnA.obj
 0003:0000051c       ?FSFA@@3PAUFarStandardFunctions@@A 1000551c     ConEmuLnA.obj
 0003:00000628       ?ghHeap@@3PAXA             10005628     Memory.obj

 entry point at        0001:00000965

 Static symbols

 0001:00000050       ?ChangeExports@@YI_NPBUExportFunc@@PAUHINSTANCE__@@@Z 10001050 f   ConEmuLn.obj
 0001:00000b8a       ?ConfigDlgProc@@YGJPAXHHJ@Z 10001b8a f   ConEmuLn995.obj
 0001:00000c3b       ?ConfigureProc@@YIHH@Z     10001c3b f   ConEmuLn995.obj
 0001:0000137a       ?ConfigDlgProc@@YGHPAXHH0@Z 1000237a f   ConEmuLn1900.obj
 0001:0000142b       ?ConfigureProc@@YIHH@Z     1000242b f   ConEmuLn1900.obj
 0001:00001d97       ?GetMsg@@YIPADH@Z          10002d97 f   ConEmuLnA.obj
 0001:00001daf       ?ConfigDlgProc@@YGJPAXHHJ@Z 10002daf f   ConEmuLnA.obj
 0001:00001e64       ?ConfigureProc@@YIHH@Z     10002e64 f   ConEmuLnA.obj
 0001:00002510       ?strtoxl@@YAKPB_WPAPA_WHH@Z 10003510 f   libCRT:strtol.obj
 0001:000026d0       ?strtoxl@@YAKPBDPAPADHH@Z  100036d0 f   libCRT:strtol.obj
