 ConEmuTh.x64

 Timestamp is 50638956 (Thu Sep 27 03:01:42 2012)

 Preferred load address is 0000000180000000

 Start         Length     Name                   Class
 0001:00000000 00015184H .text                   CODE
 0001:00015190 0000005eH .text$00                CODE
 0001:000151f0 0000013cH .text$x                 CODE
 0002:00000000 000005d0H .idata$5                DATA
 0002:000005d0 00000008H .CRT$XCA                DATA
 0002:000005d8 00000008H .CRT$XCZ                DATA
 0002:000005e0 00000008H .CRT$XIA                DATA
 0002:000005e8 00000010H .CRT$XIC                DATA
 0002:000005f8 00000008H .CRT$XIZ                DATA
 0002:00000600 00000008H .CRT$XPA                DATA
 0002:00000608 00000008H .CRT$XPZ                DATA
 0002:00000610 00000008H .CRT$XTA                DATA
 0002:00000618 00000008H .CRT$XTZ                DATA
 0002:00000620 00001fe8H .rdata                  DATA
 0002:00002608 00000008H .rtc$IAA                DATA
 0002:00002610 00000008H .rtc$IZZ                DATA
 0002:00002618 00000008H .rtc$TAA                DATA
 0002:00002620 00000008H .rtc$TZZ                DATA
 0002:00002628 00000c68H .xdata                  DATA
 0002:00003290 0000008cH .idata$2                DATA
 0002:0000331c 00000014H .idata$3                DATA
 0002:00003330 000005d0H .idata$4                DATA
 0002:00003900 00000c92H .idata$6                DATA
 0002:000045a0 0000016cH .edata                  DATA
 0003:00000000 0000109cH .data                   DATA
 0003:000010a0 000026c0H .bss                    DATA
 0004:00000000 00000e4cH .pdata                  DATA
 0005:00000000 000000e8H .rsrc$01                DATA
 0005:000000f0 00001358H .rsrc$02                DATA

  Address         Publics by Value              Rva+Base               Lib:Object

 0000:00000000       ___safe_se_handler_table   0000000000000000     <absolute>
 0000:00000000       ___safe_se_handler_count   0000000000000000     <absolute>
 0000:00000000       __ImageBase                0000000180000000     <linker-defined>
 0001:00000000       GetMinFarVersionW          0000000180001000 f   ConEmuTh.obj
 0001:00000008       ?GetPluginInfoWcmn@@YAXPEAX@Z 0000000180001008 f   ConEmuTh.obj
 0001:0000002c       ?GetMainThreadId@@YAKXZ    000000018000102c f   ConEmuTh.obj
 0001:00000228       ?ShowMessage@@YAHHH@Z      0000000180001228 f   ConEmuTh.obj
 0001:00000264       ?GetMsgW@@YAPEB_WH@Z       0000000180001264 f   ConEmuTh.obj
 0001:000002a0       ?PostMacro@@YAXPEA_W@Z     00000001800012a0 f   ConEmuTh.obj
 0001:00000420       ?ShowPluginMenu@@YAHXZ     0000000180001420 f   ConEmuTh.obj
 0001:0000045c       ?CheckPanelSettings@@YAHH@Z 000000018000145c f   ConEmuTh.obj
 0001:00000498       ?LoadPanelItemInfo@@YAXPEAUCeFullPanelInfo@@_J@Z 0000000180001498 f   ConEmuTh.obj
 0001:000004d4       ?GetActivePanel@@YAPEAUCeFullPanelInfo@@XZ 00000001800014d4 f   ConEmuTh.obj
 0001:00000518       ?ResetUngetBuffer@@YAXXZ   0000000180001518 f   ConEmuTh.obj
 0001:00000528       ?OnPreReadConsole@@YAHPEAXPEAU_INPUT_RECORD@@KPEAKPEAH@Z 0000000180001528 f   ConEmuTh.obj
 0001:00000544       ?ShowLastError@@YAHXZ      0000000180001544 f   ConEmuTh.obj
 0001:000005ac       ?CheckWindows@@YA_NXZ      00000001800015ac f   ConEmuTh.obj
 0001:0000063c       ?CheckVarsInitialized@@YAXXZ 000000018000163c f   ConEmuTh.obj
 0001:00000760       ?ExecuteInMainThread@@YAXPEAUConEmuThSynchroArg@@@Z 0000000180001760 f   ConEmuTh.obj
 0001:000007d4       ?GetFarRect@@YAHPEAU_SMALL_RECT@@@Z 00000001800017d4 f   ConEmuTh.obj
 0001:00000844       ?SettingsLoad@@YAHPEB_WPEAK@Z 0000000180001844 f   ConEmuTh.obj
 0001:00000880       ?SettingsLoadReg@@YAHPEB_W0PEAK@Z 0000000180001880 f   ConEmuTh.obj
 0001:00000920       ?SettingsSave@@YAXPEB_WPEAK@Z 0000000180001920 f   ConEmuTh.obj
 0001:0000095c       ?SettingsSaveReg@@YAXPEB_W0PEAK@Z 000000018000195c f   ConEmuTh.obj
 0001:000009e4       ?SavePanelViewState@@YAXHK@Z 00000001800019e4 f   ConEmuTh.obj
 0001:00000a24       ?isPreloadByDefault@@YA_NXZ 0000000180001a24 f   ConEmuTh.obj
 0001:00000a4c       ?StringCchCopyW@@YAJPEA_W_KPEB_W@Z 0000000180001a4c f i ConEmuTh.obj
 0001:00000ab8       ?ReloadResourcesW@@YAXXZ   0000000180001ab8 f   ConEmuTh.obj
 0001:00000b54       ?ReloadPanelsInfo@@YAXXZ   0000000180001b54 f   ConEmuTh.obj
 0001:00000d08       ?OnPreWriteConsoleOutput@@YAHPEAXPEBU_CHAR_INFO@@U_COORD@@2PEAU_SMALL_RECT@@@Z 0000000180001d08 f   ConEmuTh.obj
 0001:00000e84       ?IsThumbnailsActive@@YAPEAUCeFullPanelInfo@@H@Z 0000000180001e84 f   ConEmuTh.obj
 0001:000010b4       ?SettingsLoadOther@@YAXPEB_W@Z 00000001800020b4 f   ConEmuTh.obj
 0001:00001214       ??$wcscpy_c@$02@@YAHAEAY02_WPEB_W@Z 0000000180002214 f i ConEmuTh.obj
 0001:00001260       ??$wcscpy_c@$0CAI@@@YAHAEAY0CAI@_WPEB_W@Z 0000000180002260 f i ConEmuTh.obj
 0001:000012ac       ?LoadFarVersion@@YAHXZ     00000001800022ac f   ConEmuTh.obj
 0001:000013c8       ?ProcessConsoleInput@@YAHHPEAU_INPUT_RECORD@@KPEAK@Z 00000001800023c8 f   ConEmuTh.obj
 0001:000016f0       ?UpdateEnvVar@@YAXH@Z      00000001800026f0 f   ConEmuTh.obj
 0001:00001720       ?InitName@?$MFileMapping@UPanelViewSetMapping@@@@QEAAPEB_WPEB_WKK@Z 0000000180002720 f i ConEmuTh.obj
 0001:00001720       ?InitName@?$MFileMapping@Utag_DetectedDialog@@@@QEAAPEB_WPEB_WKK@Z 0000000180002720 f i ConEmuTh.obj
 0001:000017b8       ?InternalOpenCreate@?$MFileMapping@Utag_DetectedDialog@@@@IEAAPEAUtag_DetectedDialog@@HHH@Z 00000001800027b8 f i ConEmuTh.obj
 0001:0000196c       ?InternalOpenCreate@?$MFileMapping@UPanelViewSetMapping@@@@IEAAPEAUPanelViewSetMapping@@HHH@Z 000000018000296c f i ConEmuTh.obj
 0001:00001b20       DllMain                    0000000180002b20 f   ConEmuTh.obj
 0001:00001bb8       ?OnPostPeekConsole@@YAHPEAXPEAU_INPUT_RECORD@@KPEAKPEAH@Z 0000000180002bb8 f   ConEmuTh.obj
 0001:00001bf8       ?OnPostReadConsole@@YAHPEAXPEAU_INPUT_RECORD@@KPEAKPEAH@Z 0000000180002bf8 f   ConEmuTh.obj
 0001:00001c3c       ?ExitPlugin@@YAXXZ         0000000180002c3c f   ConEmuTh.obj
 0001:00001d9c       ?ExitFARW3@@YAXPEAX@Z      0000000180002d9c f   ConEmuTh.obj
 0001:00001d9c       ExitFARW                   0000000180002d9c f   ConEmuTh.obj
 0001:00001dc4       ?OnReadyForPanelsReload@@YAXXZ 0000000180002dc4 f   ConEmuTh.obj
 0001:00001f34       ProcessSynchroEventW       0000000180002f34 f   ConEmuTh.obj
 0001:0000208c       ?LoadThSet@@YAHK@Z         000000018000308c f   ConEmuTh.obj
 0001:000021ec       ?CheckConEmu@@YAHH@Z       00000001800031ec f   ConEmuTh.obj
 0001:000022f4       ?StartPlugin@@YAXH@Z       00000001800032f4 f   ConEmuTh.obj
 0001:00002458       ?OnPrePeekConsole@@YAHPEAXPEAU_INPUT_RECORD@@KPEAKPEAH@Z 0000000180003458 f   ConEmuTh.obj
 0001:0000251c       ?EntryPoint@@YAXH_J_N@Z    000000018000351c f   ConEmuTh.obj
 0001:000026c0       SetStartupInfoW            00000001800036c0 f   ConEmuTh.obj
 0001:00002710       ?OpenPluginWcmn@@YAPEAXH_J_N@Z 0000000180003710 f   ConEmuTh.obj
 0001:00002758       ?GetPluginInfoW995@@YAXPEAX@Z 0000000180003758 f   ConEmuTh995.obj
 0001:000027d0       ?SetStartupInfoW995@@YAXPEAX@Z 00000001800037d0 f   ConEmuTh995.obj
 0001:00002970       OpenPluginW                0000000180003970 f   ConEmuTh995.obj
 0001:00002998       ?ExitFARW995@@YAXXZ        0000000180003998 f   ConEmuTh995.obj
 0001:000029ec       ?ShowMessageW995@@YAHPEB_WH@Z 00000001800039ec f   ConEmuTh995.obj
 0001:00002a28       ?ShowMessageW995@@YAHHH@Z  0000000180003a28 f   ConEmuTh995.obj
 0001:00002a68       ?GetMsgW995@@YAPEB_WH@Z    0000000180003a68 f   ConEmuTh995.obj
 0001:00002a98       ?PostMacroW995@@YAXPEA_W@Z 0000000180003a98 f   ConEmuTh995.obj
 0001:00002b00       ?ShowPluginMenuW995@@YAHXZ 0000000180003b00 f   ConEmuTh995.obj
 0001:00002c84       ?LoadPanelItemInfoW995@@YAXPEAUCeFullPanelInfo@@_J@Z 0000000180003c84 f   ConEmuTh995.obj
 0001:00002e5c       ?LoadPanelInfo995@@YAHH@Z  0000000180003e5c f   ConEmuTh995.obj
 0001:0000317c       ?ReloadPanelsInfoW995@@YAXXZ 000000018000417c f   ConEmuTh995.obj
 0001:000031a0       ?SetCurrentPanelItemW995@@YAXH_J0@Z 00000001800041a0 f   ConEmuTh995.obj
 0001:000032ac       ?CheckPanelSettingsW995@@YAHH@Z 00000001800042ac f   ConEmuTh995.obj
 0001:00003328       ?ExecuteInMainThreadW995@@YAXPEAUConEmuThSynchroArg@@@Z 0000000180004328 f   ConEmuTh995.obj
 0001:00003350       ?GetFarRectW995@@YAXPEAU_SMALL_RECT@@@Z 0000000180004350 f   ConEmuTh995.obj
 0001:0000339c       ?CheckFarPanelsW995@@YA_NXZ 000000018000439c f   ConEmuTh995.obj
 0001:000033fc       ?SettingsLoadW995@@YAHPEB_WPEAK@Z 00000001800043fc f   ConEmuTh995.obj
 0001:00003410       ?SettingsSaveW995@@YAXPEB_WPEAK@Z 0000000180004410 f   ConEmuTh995.obj
 0001:00003424       ?SettingsLoadOtherW995@@YAXXZ 0000000180004424 f   ConEmuTh995.obj
 0001:00003430       ?GetStdIndex@Far3Color@@SAHK@Z 0000000180004430 f i ConEmuTh1900.obj
 0001:000034c8       ?Color2FgIndex@Far3Color@@SAXKAEAG@Z 00000001800044c8 f i ConEmuTh1900.obj
 0001:000035ac       ?Color2BgIndex@Far3Color@@SAXKHAEAG@Z 00000001800045ac f i ConEmuTh1900.obj
 0001:000036b0       ?FarColor_3_2@@YAEAEBUFarColor@@@Z 00000001800046b0 f i ConEmuTh1900.obj
 0001:00003754       GetGlobalInfoW             0000000180004754 f   ConEmuTh1900.obj
 0001:000037fc       ?GetPluginInfoW1900@@YAXPEAX@Z 00000001800047fc f   ConEmuTh1900.obj
 0001:0000386c       ?SetStartupInfoW1900@@YAXPEAX@Z 000000018000486c f   ConEmuTh1900.obj
 0001:000039a8       OpenW                      00000001800049a8 f   ConEmuTh1900.obj
 0001:00003a0c       ?ProcessSynchroEventW3@@YAHPEAX@Z 0000000180004a0c f   ConEmuTh1900.obj
 0001:00003a18       ?ExitFARW1900@@YAXXZ       0000000180004a18 f   ConEmuTh1900.obj
 0001:00003a54       ?ShowMessageW1900@@YAHPEB_WH@Z 0000000180004a54 f   ConEmuTh1900.obj
 0001:00003ae4       ?ShowMessageW1900@@YAHHH@Z 0000000180004ae4 f   ConEmuTh1900.obj
 0001:00003b28       ?GetMsgW1900@@YAPEB_WH@Z   0000000180004b28 f   ConEmuTh1900.obj
 0001:00003b5c       ?PostMacroW1900@@YAXPEA_W@Z 0000000180004b5c f   ConEmuTh1900.obj
 0001:00003be8       ?ShowPluginMenuW1900@@YAHXZ 0000000180004be8 f   ConEmuTh1900.obj
 0001:00003e1c       ?LoadPanelItemInfoW1900@@YAXPEAUCeFullPanelInfo@@_J@Z 0000000180004e1c f   ConEmuTh1900.obj
 0001:000041c4       ?LoadPanelInfoW1900@@YAHH@Z 00000001800051c4 f   ConEmuTh1900.obj
 0001:00004628       ?ReloadPanelsInfoW1900@@YAXXZ 0000000180005628 f   ConEmuTh1900.obj
 0001:0000464c       ?SetCurrentPanelItemW1900@@YAXH_J0@Z 000000018000564c f   ConEmuTh1900.obj
 0001:00004780       ?CheckPanelSettingsW1900@@YAHH@Z 0000000180005780 f   ConEmuTh1900.obj
 0001:00004850       ?ExecuteInMainThreadW1900@@YAXPEAUConEmuThSynchroArg@@@Z 0000000180005850 f   ConEmuTh1900.obj
 0001:0000487c       ?GetFarRectW1900@@YAXPEAU_SMALL_RECT@@@Z 000000018000587c f   ConEmuTh1900.obj
 0001:000048cc       ?CheckFarPanelsW1900@@YA_NXZ 00000001800058cc f   ConEmuTh1900.obj
 0001:00004928       ?SettingsLoadW1900@@YAHPEB_WPEAK@Z 0000000180005928 f   ConEmuTh1900.obj
 0001:000049f4       ?SettingsSaveW1900@@YAXPEB_WPEAK@Z 00000001800059f4 f   ConEmuTh1900.obj
 0001:00004ad4       GetMinFarVersion           0000000180005ad4 f   ConEmuThA.obj
 0001:00004b0c       GetPluginInfo              0000000180005b0c f   ConEmuThA.obj
 0001:00004b8c       ExitFAR                    0000000180005b8c f   ConEmuThA.obj
 0001:00004be8       ?ShowMessageA@@YAHPEBDH@Z  0000000180005be8 f   ConEmuThA.obj
 0001:00004c30       ?ShowMessageA@@YAHHH@Z     0000000180005c30 f   ConEmuThA.obj
 0001:00004c7c       ?PostMacroA@@YAXPEAD@Z     0000000180005c7c f   ConEmuThA.obj
 0001:00004ce4       ?ShowPluginMenuA@@YAHXZ    0000000180005ce4 f   ConEmuThA.obj
 0001:00004e8c       ?GetMsgA@@YAPEB_WHPEA_W@Z  0000000180005e8c f   ConEmuThA.obj
 0001:00004f88       ?LoadPanelInfoA@@YAHH@Z    0000000180005f88 f   ConEmuThA.obj
 0001:0000538c       ?ReloadPanelsInfoA@@YAXXZ  000000018000638c f   ConEmuThA.obj
 0001:000053b0       ?SetCurrentPanelItemA@@YAXH_J0@Z 00000001800063b0 f   ConEmuThA.obj
 0001:000054d0       ?CheckPanelSettingsA@@YAHH@Z 00000001800064d0 f   ConEmuThA.obj
 0001:00005558       ?CheckFarPanelsA@@YA_NXZ   0000000180006558 f   ConEmuThA.obj
 0001:000055c0       ?SettingsLoadA@@YAHPEB_WPEAK@Z 00000001800065c0 f   ConEmuThA.obj
 0001:000055d4       ?SettingsSaveA@@YAXPEB_WPEAK@Z 00000001800065d4 f   ConEmuThA.obj
 0001:000055e8       ?SettingsLoadOtherA@@YAXXZ 00000001800065e8 f   ConEmuThA.obj
 0001:000055f4       ?ReloadResourcesA@@YAXXZ   00000001800065f4 f   ConEmuThA.obj
 0001:000056b0       SetStartupInfo             00000001800066b0 f   ConEmuThA.obj
 0001:00005878       OpenPlugin                 0000000180006878 f   ConEmuThA.obj
 0001:000058b4       ?GetIndexFromWndCoord@CeFullPanelInfo@@QEAAHHHAEA_J@Z 00000001800068b4 f   Display.obj
 0001:0000594c       ?GetConCoordFromIndex@CeFullPanelInfo@@QEAAH_JAEAU_COORD@@@Z 000000018000694c f   Display.obj
 0001:00005a08       ?LoadItemColors@CeFullPanelInfo@@QEAAX_JPEAUCePluginPanelItem@@PEAUCePluginPanelItemColor@@HH@Z 0000000180006a08 f   Display.obj
 0001:00005c74       ?GetItemColors@CeFullPanelInfo@@QEAAPEAUHBRUSH__@@_JPEAUCePluginPanelItem@@PEAUCePluginPanelItemColor@@HAEAK3@Z 0000000180006c74 f   Display.obj
 0001:00005ce4       ?CalcTopPanelItem@CeFullPanelInfo@@QEAA_J_J0@Z 0000000180006ce4 f   Display.obj
 0001:00005db8       ?DisplayReloadPanel@CeFullPanelInfo@@QEAAXXZ 0000000180006db8 f   Display.obj
 0001:00005df4       ?UnregisterPanelView@CeFullPanelInfo@@QEAAH_N@Z 0000000180006df4 f   Display.obj
 0001:00005f10       ?RequestSetPos@CeFullPanelInfo@@QEAAX_J0H@Z 0000000180006f10 f   Display.obj
 0001:00005fc8       ?ReallocItems@CeFullPanelInfo@@QEAAH_J@Z 0000000180006fc8 f   Display.obj
 0001:00006130       ?FarItem2CeItem@CeFullPanelInfo@@QEAAH_JPEB_W1KU_FILETIME@@_KH33K@Z 0000000180007130 f   Display.obj
 0001:00006424       ?BisItem2CeItem@CeFullPanelInfo@@QEAAH_JH_KKKHH@Z 0000000180007424 f   Display.obj
 0001:000064c4       ?DrawItemText@CeFullPanelInfo@@QEAAHPEAUHDC__@@PEAUtagRECT@@1PEAUCePluginPanelItem@@PEB_WPEAUHBRUSH__@@H@Z 00000001800074c4 f   Display.obj
 0001:00006af4       ?Close@CeFullPanelInfo@@QEAAXXZ 0000000180007af4 f   Display.obj
 0001:00006b3c       ?FinalRelease@CeFullPanelInfo@@QEAAXXZ 0000000180007b3c f   Display.obj
 0001:00006c50       ?PaintItem@CeFullPanelInfo@@QEAAHPEAUHDC__@@_JHHPEAUCePluginPanelItem@@PEAUCePluginPanelItemColor@@HHPEAUHBRUSH__@@4K@Z 0000000180007c50 f   Display.obj
 0001:000071c0       ?Invalidate@CeFullPanelInfo@@QEAAXXZ 00000001800081c0 f   Display.obj
 0001:00007214       ?Paint@CeFullPanelInfo@@QEAAXPEAUHWND__@@AEAUtagPAINTSTRUCT@@AEAUtagRECT@@@Z 0000000180008214 f   Display.obj
 0001:00007c5c       ?OnSettingsChanged@CeFullPanelInfo@@QEAAHH@Z 0000000180008c5c f   Display.obj
 0001:00007d20       ?DisplayWndProc@CeFullPanelInfo@@SA_JPEAUHWND__@@I_K_J@Z 0000000180008d20 f   Display.obj
 0001:000082cc       ?InvalidateAll@CeFullPanelInfo@@SAXXZ 00000001800092cc f   Display.obj
 0001:0000831c       ?RegisterPanelView@CeFullPanelInfo@@QEAAHXZ 000000018000931c f   Display.obj
 0001:000085ec       ?CreateView@CeFullPanelInfo@@QEAAPEAUHWND__@@XZ 00000001800095ec f   Display.obj
 0001:00008994       ?DisplayThread@CeFullPanelInfo@@SAKPEAX@Z 0000000180009994 f   Display.obj
 0001:00008ab4       ?LoadModules@CImgCache@@IEAAXXZ 0000000180009ab4 f   ImgCache.obj
 0001:00008d78       ?FreeModules@CImgCache@@IEAAXXZ 0000000180009d78 f   ImgCache.obj
 0001:00008e4c       ?SetCacheLocation@CImgCache@@QEAAXPEB_W@Z 0000000180009e4c f   ImgCache.obj
 0001:00008ec4       ?CheckLoadDibCreated@CImgCache@@IEAAHXZ 0000000180009ec4 f   ImgCache.obj
 0001:00009024       ?CheckDrawDibCreated@CImgCache@@IEAAHXZ 000000018000a024 f   ImgCache.obj
 0001:00009184       ?FindInCache@CImgCache@@IEAAHPEAUCePluginPanelItem@@PEAHI@Z 000000018000a184 f   ImgCache.obj
 0001:00009388       ?CopyBits@CImgCache@@IEAAXU_COORD@@PEAEK01@Z 000000018000a388 f   ImgCache.obj
 0001:00009410       ?LoadShellIcon@CImgCache@@QEAAHPEAUIMAGE_CACHE_INFO@@H@Z 000000018000a410 f   ImgCache.obj
 0001:0000975c       ?LoadThumbnail@CImgCache@@QEAAHPEAUIMAGE_CACHE_INFO@@@Z 000000018000a75c f   ImgCache.obj
 0001:00009e74       ?IsStopRequested@?$CQueueProcessor@PEAUIMAGE_CACHE_INFO@@@@UEAA_NAEBQEAUIMAGE_CACHE_INFO@@@Z 000000018000ae74 f i ImgCache.obj
 0001:00009e84       ?ProcessItem@?$CQueueProcessor@PEAUIMAGE_CACHE_INFO@@@@MEAAJAEAPEAUIMAGE_CACHE_INFO@@_J@Z 000000018000ae84 f i ImgCache.obj
 0001:00009e8c       ?IsTerminationRequested@CImgLoader@@UEAA_NXZ 000000018000ae8c f i ImgCache.obj
 0001:00009e8c       ?IsTerminationRequested@?$CQueueProcessor@PEAUIMAGE_CACHE_INFO@@@@MEAA_NXZ 000000018000ae8c f i ImgCache.obj
 0001:00009e94       ?OnThreadStarted@?$CQueueProcessor@PEAUIMAGE_CACHE_INFO@@@@MEAAJXZ 000000018000ae94 f i ImgCache.obj
 0001:00009e94       __set_flsgetvalue          000000018000ae94 f i libcmt:tidtable.obj
 0001:00009e98       ?CopyItem@?$CQueueProcessor@PEAUIMAGE_CACHE_INFO@@@@MEAAXPEBQEAUIMAGE_CACHE_INFO@@PEAPEAU2@@Z 000000018000ae98 f i ImgCache.obj
 0001:00009eb8       ?IsEqual@?$CQueueProcessor@PEAUIMAGE_CACHE_INFO@@@@MEAA_NAEBQEAUIMAGE_CACHE_INFO@@_J01@Z 000000018000aeb8 f i ImgCache.obj
 0001:00009ed8       ?CheckHighPriority@?$CQueueProcessor@PEAUIMAGE_CACHE_INFO@@@@MEAA_NAEBQEAUIMAGE_CACHE_INFO@@@Z 000000018000aed8 f i ImgCache.obj
 0001:00009ed8       ?CheckHighPriority@CImgLoader@@UEAA_NAEAPEBUIMAGE_CACHE_INFO@@@Z 000000018000aed8 f i ImgCache.obj
 0001:00009edc       ?ClearQueue@?$CQueueProcessor@PEAUIMAGE_CACHE_INFO@@@@AEAAXXZ 000000018000aedc f i ImgCache.obj
 0001:00009f64       ?InitializeQueue@?$CQueueProcessor@PEAUIMAGE_CACHE_INFO@@@@AEAAXH@Z 000000018000af64 f i ImgCache.obj
 0001:0000a008       ?ProcessingStep@?$CQueueProcessor@PEAUIMAGE_CACHE_INFO@@@@IEAA_NXZ 000000018000b008 f i ImgCache.obj
 0001:0000a268       ??0CImgCache@@QEAA@PEAUHINSTANCE__@@@Z 000000018000b268 f   ImgCache.obj
 0001:0000a3a4       ?PaintItem@CImgCache@@QEAAHPEAUHDC__@@HHHPEAUCePluginPanelItem@@PEAPEB_WPEAH@Z 000000018000b3a4 f   ImgCache.obj
 0001:0000a908       ?FindOrCreate@?$CQueueProcessor@PEAUIMAGE_CACHE_INFO@@@@AEAAPEAUProcessingItem@1@AEBQEAUIMAGE_CACHE_INFO@@_J_NW4ProcessingPriority@@@Z 000000018000b908 f i ImgCache.obj
 0001:0000ab38       ?ProcessingThread@?$CQueueProcessor@PEAUIMAGE_CACHE_INFO@@@@KAKPEAX@Z 000000018000bb38 f i ImgCache.obj
 0001:0000ab68       ?Reset@CImgCache@@QEAAXXZ  000000018000bb68 f   ImgCache.obj
 0001:0000ad34       ?Init@CImgCache@@QEAAXK@Z  000000018000bd34 f   ImgCache.obj
 0001:0000ad94       ??1?$CQueueProcessor@PEAUIMAGE_CACHE_INFO@@@@QEAA@XZ 000000018000bd94 f i ImgCache.obj
 0001:0000ae40       ?CheckThread@?$CQueueProcessor@PEAUIMAGE_CACHE_INFO@@@@IEAAJXZ 000000018000be40 f i ImgCache.obj
 0001:0000af04       ?OnThreadStarted@CImgLoader@@UEAAJXZ 000000018000bf04 f i ImgCache.obj
 0001:0000af18       ?OnThreadStopped@CImgLoader@@UEAAXXZ 000000018000bf18 f i ImgCache.obj
 0001:0000af20       ?IsEqual@CImgLoader@@UEAA_NAEAPEBUIMAGE_CACHE_INFO@@_JAEAPEAU2@1@Z 000000018000bf20 f i ImgCache.obj
 0001:0000af38       ?ProcessItem@CImgLoader@@UEAAJAEAPEAUIMAGE_CACHE_INFO@@_J@Z 000000018000bf38 f i ImgCache.obj
 0001:0000af90       ?RequestItem@CImgCache@@QEAAHPEAUCePluginPanelItem@@I@Z 000000018000bf90 f   ImgCache.obj
 0001:0000b0c8       ??1CImgCache@@QEAA@XZ      000000018000c0c8 f   ImgCache.obj
 0001:0000b190       ??0CRgnDetect@@QEAA@XZ     000000018000c190 f   RgnDetect.obj
 0001:0000b264       ??1CRgnDetect@@QEAA@XZ     000000018000c264 f   RgnDetect.obj
 0001:0000b2c0       ?GetDetectedDialogsPtr@CRgnDetect@@QEBAPEBUtag_DetectedDialog@@XZ 000000018000c2c0 f   RgnDetect.obj
 0001:0000b2c8       ?GetFlags@CRgnDetect@@QEBAKXZ 000000018000c2c8 f   RgnDetect.obj
 0001:0000b2d0       ?FindFrameRight_ByBottom@CRgnDetect@@IEAA_NPEA_WPEAUtag_CharAttr@@HHAEAH22@Z 000000018000c2d0 f   RgnDetect.obj
 0001:0000b3a8       ?FindFrameLeft_ByBottom@CRgnDetect@@IEAA_NPEA_WPEAUtag_CharAttr@@HHAEAH22@Z 000000018000c3a8 f   RgnDetect.obj
 0001:0000b474       ?FindFrameTop_ByLeft@CRgnDetect@@IEAA_NPEA_WPEAUtag_CharAttr@@HHAEAH22@Z 000000018000c474 f   RgnDetect.obj
 0001:0000b524       ?FindFrameTop_ByRight@CRgnDetect@@IEAA_NPEA_WPEAUtag_CharAttr@@HHAEAH22@Z 000000018000c524 f   RgnDetect.obj
 0001:0000b60c       ?FindFrameBottom_ByRight@CRgnDetect@@IEAA_NPEA_WPEAUtag_CharAttr@@HHAEAH22@Z 000000018000c60c f   RgnDetect.obj
 0001:0000b6e8       ?FindFrameBottom_ByLeft@CRgnDetect@@IEAA_NPEA_WPEAUtag_CharAttr@@HHAEAH22@Z 000000018000c6e8 f   RgnDetect.obj
 0001:0000b79c       ?FindDialog_Inner@CRgnDetect@@IEAA_NPEA_WPEAUtag_CharAttr@@HHAEAH2@Z 000000018000c79c f   RgnDetect.obj
 0001:0000b908       ?FindFrame_TopLeft@CRgnDetect@@IEAA_NPEA_WPEAUtag_CharAttr@@HHAEAH222@Z 000000018000c908 f   RgnDetect.obj
 0001:0000ba08       ?ExpandDialogFrame@CRgnDetect@@IEAA_NPEA_WPEAUtag_CharAttr@@HHAEAH2HH22@Z 000000018000ca08 f   RgnDetect.obj
 0001:0000bca4       ?FindByBackground@CRgnDetect@@IEAA_NPEA_WPEAUtag_CharAttr@@HHAEAH222AEA_N@Z 000000018000cca4 f   RgnDetect.obj
 0001:0000bda4       ?MarkDialog@CRgnDetect@@IEAAHPEA_WPEAUtag_CharAttr@@HHHHHH_N2K@Z 000000018000cda4 f   RgnDetect.obj
 0001:0000c778       ?OnWindowSizeChanged@CRgnDetect@@QEAAXXZ 000000018000d778 f   RgnDetect.obj
 0001:0000c780       ?OnWriteConsoleOutput@CRgnDetect@@QEAAXPEBU_CHAR_INFO@@U_COORD@@1PEAU_SMALL_RECT@@PEBK@Z 000000018000d780 f   RgnDetect.obj
 0001:0000c9cc       ?SetFarRect@CRgnDetect@@QEAAXPEAU_SMALL_RECT@@@Z 000000018000d9cc f   RgnDetect.obj
 0001:0000ca50       ?TextWidth@CRgnDetect@@QEAAHXZ 000000018000da50 f   RgnDetect.obj
 0001:0000ca7c       ?TextHeight@CRgnDetect@@QEAAHXZ 000000018000da7c f   RgnDetect.obj
 0001:0000caa8       ?GetCharAttr@CRgnDetect@@QEAAHHHAEA_WAEAUtag_CharAttr@@@Z 000000018000daa8 f   RgnDetect.obj
 0001:0000cb38       ?FindFrameRight_ByTop@CRgnDetect@@IEAA_NPEA_WPEAUtag_CharAttr@@HHAEAH22@Z 000000018000db38 f   RgnDetect.obj
 0001:0000cc74       ?FindFrameLeft_ByTop@CRgnDetect@@IEAA_NPEA_WPEAUtag_CharAttr@@HHAEAH22@Z 000000018000dc74 f   RgnDetect.obj
 0001:0000cddc       ?FindDialog_TopLeft@CRgnDetect@@IEAA_NPEA_WPEAUtag_CharAttr@@HHAEAH222AEA_N@Z 000000018000dddc f   RgnDetect.obj
 0001:0000ceec       ?FindDialog_TopRight@CRgnDetect@@IEAA_NPEA_WPEAUtag_CharAttr@@HHAEAH222AEA_N@Z 000000018000deec f   RgnDetect.obj
 0001:0000d004       ?FindDialog_Left@CRgnDetect@@IEAA_NPEA_WPEAUtag_CharAttr@@HHAEAH222AEA_N@Z 000000018000e004 f   RgnDetect.obj
 0001:0000d214       ?FindDialog_Right@CRgnDetect@@IEAA_NPEA_WPEAUtag_CharAttr@@HHAEAH222AEA_N@Z 000000018000e214 f   RgnDetect.obj
 0001:0000d37c       ?FindDialog_Any@CRgnDetect@@IEAA_NPEA_WPEAUtag_CharAttr@@HHAEAH222AEA_N@Z 000000018000e37c f   RgnDetect.obj
 0001:0000d610       ?DetectDialog@CRgnDetect@@IEAA_NPEA_WPEAUtag_CharAttr@@HHHHPEAH2@Z 000000018000e610 f   RgnDetect.obj
 0001:0000da78       ?InitializeSBI@CRgnDetect@@QEAAHPEBK@Z 000000018000ea78 f   RgnDetect.obj
 0001:0000debc       ?PrepareTransparent@CRgnDetect@@QEAAXPEBUCEFAR_INFO_MAPPING@@PEBKPEBU_CONSOLE_SCREEN_BUFFER_INFO@@PEA_WPEAUtag_CharAttr@@HH@Z 000000018000eebc f   RgnDetect.obj
 0001:0000e738       ?PrepareTransparent@CRgnDetect@@QEAAXPEBUCEFAR_INFO_MAPPING@@PEBK@Z 000000018000f738 f   RgnDetect.obj
 0001:0000e80c       ?CommonShutdown@@YAXXZ     000000018000f80c f   Common.obj
 0001:0000e834       ?HeapInitialize@@YA_NXZ    000000018000f834 f   Memory.obj
 0001:0000e86c       ?HeapDeinitialize@@YAXXZ   000000018000f86c f   Memory.obj
 0001:0000e890       ?xf_calloc@@YAPEAX_K0@Z    000000018000f890 f   Memory.obj
 0001:0000e8ac       ?xf_free@@YAXPEAX@Z        000000018000f8ac f   Memory.obj
 0001:0000e8d4       ?xf_malloc@@YAPEAX_K@Z     000000018000f8d4 f   Memory.obj
 0001:0000e8d4       ??2@YAPEAX_K@Z             000000018000f8d4 f   Memory.obj
 0001:0000e8e8       ??3@YAXPEAX@Z              000000018000f8e8 f   Memory.obj
 0001:0000e8f0       ?lstrdup@@YAPEA_WPEB_W@Z   000000018000f8f0 f   Memory.obj
 0001:0000e968       ?LoadAdvApi@MNullDesc@@IEAAHXZ 000000018000f968 f i MSecurity.obj
 0001:0000ead4       ?LocalSecurity@MNullDesc@@QEAAPEAU_SECURITY_ATTRIBUTES@@XZ 000000018000fad4 f i MSecurity.obj
 0001:0000ec88       ?LocalSecurity@@YAPEAU_SECURITY_ATTRIBUTES@@XZ 000000018000fc88 f   MSecurity.obj
 0001:0000ece8       ?ShutdownSecurity@@YAXXZ   000000018000fce8 f   MSecurity.obj
 0001:0000ed4c       ?msprintf@@YAPEB_WPEA_W_KPEB_WZZ 000000018000fd4c f   MStrSafe.obj
 0001:0000f078       ?apiShowWindow@@YAHPEAUHWND__@@H@Z 0000000180010078 f   WinObjects.obj
 0001:0000f080       ?isTerminalMode@@YA_NXZ    0000000180010080 f   WinObjects.obj
 0001:0000f2b8       ?PointToName@@YAPEB_WPEB_W@Z 00000001800102b8 f   WinObjects.obj
 0001:0000f2e8       ??0MSection@@QEAA@XZ       00000001800102e8 f   WinObjects.obj
 0001:0000f364       ??1MSection@@QEAA@XZ       0000000180010364 f   WinObjects.obj
 0001:0000f3b8       ?AddRef@MSection@@IEAAXK@Z 00000001800103b8 f   WinObjects.obj
 0001:0000f454       ?ReleaseRef@MSection@@IEAAHK@Z 0000000180010454 f   WinObjects.obj
 0001:0000f4f4       ?WaitUnlocked@MSection@@IEAAXKK@Z 00000001800104f4 f   WinObjects.obj
 0001:0000f588       ?MyEnterCriticalSection@MSection@@IEAA_NK@Z 0000000180010588 f   WinObjects.obj
 0001:0000f6fc       ?Lock@MSection@@IEAAHHK@Z  00000001800106fc f   WinObjects.obj
 0001:0000f7fc       ?Unlock@MSection@@IEAAXH@Z 00000001800107fc f   WinObjects.obj
 0001:0000f854       ??0MSectionLock@@QEAA@XZ   0000000180010854 f   WinObjects.obj
 0001:0000f864       ?Lock@MSectionLock@@QEAAHPEAVMSection@@HK@Z 0000000180010864 f   WinObjects.obj
 0001:0000f8b8       ?Unlock@MSectionLock@@QEAAXXZ 00000001800108b8 f   WinObjects.obj
 0001:0000f8e4       ??1MSectionLock@@QEAA@XZ   00000001800108e4 f   WinObjects.obj
 0001:0000f908       VerQueryValueW             0000000180010908 f   version:VERSION.dll
 0001:0000f90e       GetFileVersionInfoW        000000018001090e f   version:VERSION.dll
 0001:0000f914       GetFileVersionInfoSizeW    0000000180010914 f   version:VERSION.dll
 0001:0000f91c       wcsrchr                    000000018001091c f   libcmt:wcsrchr.obj
 0001:0000f960       memset                     0000000180010960 f   libcmt:memset.obj
 0001:0000fa60       memmove                    0000000180010a60     libcmt:memcpy.obj
 0001:0000fa60       memcpy                     0000000180010a60 f   libcmt:memcpy.obj
 0001:0000fdb0       memcmp                     0000000180010db0 f   libcmt:memcmp.obj
 0001:0000fe78       wcschr                     0000000180010e78 f   libcmt:wcschr.obj
 0001:0000fe98       __C_specific_handler       0000000180010e98 f   libcmt:chandler.obj
 0001:0001003c       wcspbrk                    000000018001103c f   libcmt:wcspbrk.obj
 0001:00010074       _CRT_INIT                  0000000180011074 f   libcmt:dllcrt0.obj
 0001:000102c8       _DllMainCRTStartup         00000001800112c8 f   libcmt:dllcrt0.obj
 0001:00010320       _local_unwind              0000000180011320 f   libcmt:jmpuwind.obj
 0001:00010350       _NLG_Notify                0000000180011350 f   libcmt:jmpuwind.obj
 0001:00010370       __NLG_Dispatch2            0000000180011370 f   libcmt:jmpuwind.obj
 0001:00010380       __NLG_Return2              0000000180011380 f   libcmt:jmpuwind.obj
 0001:00010390       _ValidateImageBase         0000000180011390 f   libcmt:pesect.obj
 0001:000103c0       _FindPESection             00000001800113c0 f   libcmt:pesect.obj
 0001:00010410       _IsNonwritableInCurrentImage 0000000180011410 f   libcmt:pesect.obj
 0001:00010454       _encode_pointer            0000000180011454 f   libcmt:tidtable.obj
 0001:0001045c       _encoded_null              000000018001145c f   libcmt:tidtable.obj
 0001:00010468       _decode_pointer            0000000180011468 f   libcmt:tidtable.obj
 0001:00010470       _mtterm                    0000000180011470 f   libcmt:tidtable.obj
 0001:00010498       _initptd                   0000000180011498 f   libcmt:tidtable.obj
 0001:0001054c       _getptd_noexit             000000018001154c f   libcmt:tidtable.obj
 0001:000105d0       _getptd                    00000001800115d0 f   libcmt:tidtable.obj
 0001:000105f4       _freefls                   00000001800115f4 f   libcmt:tidtable.obj
 0001:0001072c       _freeptd                   000000018001172c f   libcmt:tidtable.obj
 0001:0001076c       _mtinit                    000000018001176c f   libcmt:tidtable.obj
 0001:000107f0       free                       00000001800117f0 f   libcmt:free.obj
 0001:00010830       _malloc_crt                0000000180011830 f   libcmt:crtheap.obj
 0001:0001089c       _calloc_crt                000000018001189c f   libcmt:crtheap.obj
 0001:00010920       _realloc_crt               0000000180011920 f   libcmt:crtheap.obj
 0001:000109a8       _amsg_exit                 00000001800119a8 f   libcmt:crt0dat.obj
 0001:000109d8       __crtCorExitProcess        00000001800119d8 f   libcmt:crt0dat.obj
 0001:00010a14       __crtExitProcess           0000000180011a14 f   libcmt:crt0dat.obj
 0001:00010a2c       _lockexit                  0000000180011a2c f   libcmt:crt0dat.obj
 0001:00010a38       _unlockexit                0000000180011a38 f   libcmt:crt0dat.obj
 0001:00010a78       _initterm_e                0000000180011a78 f   libcmt:crt0dat.obj
 0001:00010ab4       _cinit                     0000000180011ab4 f   libcmt:crt0dat.obj
 0001:00010cf0       _exit                      0000000180011cf0 f   libcmt:crt0dat.obj
 0001:00010cfc       _cexit                     0000000180011cfc f   libcmt:crt0dat.obj
 0001:00010d0c       _init_pointers             0000000180011d0c f   libcmt:crt0dat.obj
 0001:00010d74       _ioinit                    0000000180011d74 f   libcmt:ioinit.obj
 0001:00011064       _ioterm                    0000000180012064 f   libcmt:ioinit.obj
 0001:000110d0       _setenvp                   00000001800120d0 f   libcmt:stdenvp.obj
 0001:000113d0       _setargv                   00000001800123d0 f   libcmt:stdargv.obj
 0001:000114c8       __crtGetEnvironmentStringsA 00000001800124c8 f   libcmt:a_env.obj
 0001:0001167c       _RTC_Initialize            000000018001267c f   libcmt:_initsect_.obj
 0001:000116b4       _RTC_Terminate             00000001800126b4 f   libcmt:_initsect_.obj
 0001:000116ec       _heap_init                 00000001800126ec f   libcmt:heapinit.obj
 0001:00011738       _heap_term                 0000000180012738 f   libcmt:heapinit.obj
 0001:00011758       ?FreeItem@?$CQueueProcessor@PEAUIMAGE_CACHE_INFO@@@@MEAAXAEBQEAUIMAGE_CACHE_INFO@@@Z 0000000180012758 f   ImgCache.obj
 0001:00011758       ?SettingsLoadOtherW1900@@YAXXZ 0000000180012758 f   ConEmuTh1900.obj
 0001:00011758       ?LoadPanelItemInfoA@@YAXPEAUCeFullPanelInfo@@_J@Z 0000000180012758 f   ConEmuThA.obj
 0001:00011758       ?OnItemFailed@?$CQueueProcessor@PEAUIMAGE_CACHE_INFO@@@@MEAAXAEAPEAUIMAGE_CACHE_INFO@@_J@Z 0000000180012758 f   ImgCache.obj
 0001:00011758       ?ApplyChanges@?$CQueueProcessor@PEAUIMAGE_CACHE_INFO@@@@MEAAXAEAPEAUIMAGE_CACHE_INFO@@AEBQEAU2@@Z 0000000180012758 f   ImgCache.obj
 0001:00011758       ?OnThreadStopped@?$CQueueProcessor@PEAUIMAGE_CACHE_INFO@@@@MEAAXXZ 0000000180012758 f   ImgCache.obj
 0001:00011758       _initp_misc_winxfltr       0000000180012758 f   libcmt:winxfltr.obj
 0001:00011758       ?OnItemReady@?$CQueueProcessor@PEAUIMAGE_CACHE_INFO@@@@MEAAXAEAPEAUIMAGE_CACHE_INFO@@_J@Z 0000000180012758 f   ImgCache.obj
 0001:0001175c       _XcptFilter                000000018001275c f   libcmt:winxfltr.obj
 0001:0001192c       __CppXcptFilter            000000018001292c f   libcmt:winxfltr.obj
 0001:0001194c       __security_init_cookie     000000018001294c f   libcmt:gs_support.obj
 0001:00011a00       _mtinitlocks               0000000180012a00 f   libcmt:mlock.obj
 0001:00011a8c       _mtdeletelocks             0000000180012a8c f   libcmt:mlock.obj
 0001:00011b10       _unlock                    0000000180012b10 f   libcmt:mlock.obj
 0001:00011b28       _mtinitlocknum             0000000180012b28 f   libcmt:mlock.obj
 0001:00011c10       _lock                      0000000180012c10 f   libcmt:mlock.obj
 0001:00011c54       __freetlocinfo             0000000180012c54 f   libcmt:setlocal.obj
 0001:00011dd0       __addlocaleref             0000000180012dd0 f   libcmt:setlocal.obj
 0001:00011e68       __removelocaleref          0000000180012e68 f   libcmt:setlocal.obj
 0001:00011f68       __updatetlocinfo           0000000180012f68 f   libcmt:setlocal.obj
 0001:00012258       __updatetmbcinfo           0000000180013258 f   libcmt:mbctype.obj
 0001:00012314       ??0_LocaleUpdate@@QEAA@PEAUlocaleinfo_struct@@@Z 0000000180013314 f i libcmt:mbctype.obj
 0001:00012450       _setmbcp_nolock            0000000180013450 f   libcmt:mbctype.obj
 0001:000126c8       _setmbcp                   00000001800136c8 f   libcmt:mbctype.obj
 0001:000128c0       __initmbctable             00000001800138c0 f   libcmt:mbctype.obj
 0001:000128e8       _get_errno_from_oserr      00000001800138e8 f   libcmt:dosmap.obj
 0001:00012930       _errno                     0000000180013930 f   libcmt:dosmap.obj
 0001:00012950       malloc                     0000000180013950 f   libcmt:malloc.obj
 0001:00012a08       _calloc_impl               0000000180013a08 f   libcmt:calloc_impl.obj
 0001:00012ab8       realloc                    0000000180013ab8 f   libcmt:realloc.obj
 0001:00012b8c       _NMSG_WRITE                0000000180013b8c f   libcmt:crt0msg.obj
 0001:00012db4       _FF_MSGBANNER              0000000180013db4 f   libcmt:crt0msg.obj
 0001:00012df8       _initp_misc_invarg         0000000180013df8 f   libcmt:invarg.obj
 0001:00012e00       _invoke_watson             0000000180013e00 f   libcmt:invarg.obj
 0001:00012f28       _invalid_parameter         0000000180013f28 f   libcmt:invarg.obj
 0001:00012fb0       __onexitinit               0000000180013fb0 f   libcmt:onexit.obj
 0001:00012ff4       _onexit                    0000000180013ff4 f   libcmt:onexit.obj
 0001:000130fc       atexit                     00000001800140fc f   libcmt:onexit.obj
 0001:00013114       _initp_misc_cfltcvt_tab    0000000180014114 f   libcmt:cmiscdat.obj
 0001:0001314c       ?terminate@@YAXXZ          000000018001414c f   libcmt:hooks.obj
 0001:00013170       _initp_eh_hooks            0000000180014170 f   libcmt:hooks.obj
 0001:0001318c       _initp_misc_winsig         000000018001418c f   libcmt:winsig.obj
 0001:000131ac       __get_sigabrt              00000001800141ac f   libcmt:winsig.obj
 0001:000131b8       raise                      00000001800141b8 f   libcmt:winsig.obj
 0001:0001342c       _initp_misc_rand_s         000000018001442c f   libcmt:rand_s.obj
 0001:00013434       _initp_misc_purevirt       0000000180014434 f   libcmt:inithelp.obj
 0001:0001343c       _initp_misc_initcrit       000000018001443c f   libcmt:initcrit.obj
 0001:00013444       __crtInitCritSecAndSpinCount 0000000180014444 f   libcmt:initcrit.obj
 0001:0001347c       _initp_heap_handler        000000018001447c f   libcmt:handler.obj
 0001:00013484       _callnewh                  0000000180014484 f   libcmt:handler.obj
 0001:000134b8       strcpy_s                   00000001800144b8 f   libcmt:strcpy_s.obj
 0001:00013540       strlen                     0000000180014540 f   libcmt:strlen.obj
 0001:00013664       _ismbblead                 0000000180014664 f   libcmt:ismbbyte.obj
 0001:00013678       __free_lc_time             0000000180014678 f   libcmt:inittime.obj
 0001:00013864       __free_lconv_num           0000000180014864 f   libcmt:initnum.obj
 0001:000138ac       __free_lconv_mon           00000001800148ac f   libcmt:initmon.obj
 0001:00013944       strcat_s                   0000000180014944 f   libcmt:strcat_s.obj
 0001:000139d0       strncpy_s                  00000001800149d0 f   libcmt:strncpy_s.obj
 0001:00013ac0       strcmp                     0000000180014ac0 f   libcmt:strcmp.obj
 0001:00013b70       __GSHandlerCheckCommon     0000000180014b70 f   libcmt:gshandler.obj
 0001:00013bd4       __GSHandlerCheck           0000000180014bd4 f   libcmt:gshandler.obj
 0001:00013c10       __security_check_cookie    0000000180014c10 f   libcmt:amdsecgs.obj
 0001:00013e9c       __crtGetStringTypeA        0000000180014e9c f   libcmt:a_str.obj
 0001:00013f40       strncmp                    0000000180014f40 f   libcmt:strncmp.obj
 0001:00014538       __crtLCMapStringA          0000000180015538 f   libcmt:a_map.obj
 0001:000145d0       _msize                     00000001800155d0 f   libcmt:msize.obj
 0001:00014618       __crtMessageBoxA           0000000180015618 f   libcmt:crtmbox.obj
 0001:0001480c       _set_error_mode            000000018001580c f   libcmt:errmode.obj
 0001:0001485c       __crt_debugger_hook        000000018001585c f   libcmt:dbghook.obj
 0001:00014864       _fptrap                    0000000180015864 f   libcmt:crt0fp.obj
 0001:00014870       abort                      0000000180015870 f   libcmt:abort.obj
 0001:00014914       _isleadbyte_l              0000000180015914 f i libcmt:_wctype.obj
 0001:00014960       atol                       0000000180015960 f   libcmt:atox.obj
 0001:0001496c       __report_gsfailure         000000018001596c f   libcmt:gs_report.obj
 0001:00014ab8       __ansicp                   0000000180015ab8 f   libcmt:convrtcp.obj
 0001:00014b0c       __convertcp                0000000180015b0c f   libcmt:convrtcp.obj
 0001:00014d94       _isctype_l                 0000000180015d94 f   libcmt:isctype.obj
 0001:00015124       strtol                     0000000180016124 f   libcmt:strtol.obj
 0001:00015154       Thread32Next               0000000180016154 f   kernel32:KERNEL32.dll
 0001:0001515a       Thread32First              000000018001615a f   kernel32:KERNEL32.dll
 0001:00015160       CreateToolhelp32Snapshot   0000000180016160 f   kernel32:KERNEL32.dll
 0001:00015166       Process32NextW             0000000180016166 f   kernel32:KERNEL32.dll
 0001:0001516c       Process32FirstW            000000018001616c f   kernel32:KERNEL32.dll
 0001:00015172       RtlUnwindEx                0000000180016172 f   kernel32:KERNEL32.dll
 0001:00015178       RtlVirtualUnwind           0000000180016178 f   kernel32:KERNEL32.dll
 0001:0001517e       RtlLookupFunctionEntry     000000018001617e f   kernel32:KERNEL32.dll
 0001:000151a0       __chkstk                   00000001800161a0 f   libcmt:chkstk.obj
 0001:000151a0       _alloca_probe              00000001800161a0     libcmt:chkstk.obj
 0002:00000000       __imp_RegCreateKeyExW      0000000180017000     advapi32:ADVAPI32.dll
 0002:00000008       __imp_RegSetValueExW       0000000180017008     advapi32:ADVAPI32.dll
 0002:00000010       __imp_RegOpenKeyExW        0000000180017010     advapi32:ADVAPI32.dll
 0002:00000018       __imp_RegQueryValueExW     0000000180017018     advapi32:ADVAPI32.dll
 0002:00000020       __imp_RegCloseKey          0000000180017020     advapi32:ADVAPI32.dll
 0002:00000028       \177ADVAPI32_NULL_THUNK_DATA 0000000180017028     advapi32:ADVAPI32.dll
 0002:00000030       __imp_CreateCompatibleBitmap 0000000180017030     gdi32:GDI32.dll
 0002:00000038       __imp_CreateCompatibleDC   0000000180017038     gdi32:GDI32.dll
 0002:00000040       __imp_CreateFontW          0000000180017040     gdi32:GDI32.dll
 0002:00000048       __imp_GetStockObject       0000000180017048     gdi32:GDI32.dll
 0002:00000050       __imp_BitBlt               0000000180017050     gdi32:GDI32.dll
 0002:00000058       __imp_GdiFlush             0000000180017058     gdi32:GDI32.dll
 0002:00000060       __imp_GetObjectW           0000000180017060     gdi32:GDI32.dll
 0002:00000068       __imp_StretchBlt           0000000180017068     gdi32:GDI32.dll
 0002:00000070       __imp_GdiAlphaBlend        0000000180017070     gdi32:GDI32.dll
 0002:00000078       __imp_SetStretchBltMode    0000000180017078     gdi32:GDI32.dll
 0002:00000080       __imp_DeleteDC             0000000180017080     gdi32:GDI32.dll
 0002:00000088       __imp_SelectObject         0000000180017088     gdi32:GDI32.dll
 0002:00000090       __imp_Rectangle            0000000180017090     gdi32:GDI32.dll
 0002:00000098       __imp_SetTextColor         0000000180017098     gdi32:GDI32.dll
 0002:000000a0       __imp_SetBkColor           00000001800170a0     gdi32:GDI32.dll
 0002:000000a8       __imp_CreatePen            00000001800170a8     gdi32:GDI32.dll
 0002:000000b0       __imp_MoveToEx             00000001800170b0     gdi32:GDI32.dll
 0002:000000b8       __imp_LineTo               00000001800170b8     gdi32:GDI32.dll
 0002:000000c0       __imp_CreateDIBSection     00000001800170c0     gdi32:GDI32.dll
 0002:000000c8       __imp_CreateSolidBrush     00000001800170c8     gdi32:GDI32.dll
 0002:000000d0       __imp_DeleteObject         00000001800170d0     gdi32:GDI32.dll
 0002:000000d8       \177GDI32_NULL_THUNK_DATA  00000001800170d8     gdi32:GDI32.dll
 0002:000000e0       __imp_GetExitCodeThread    00000001800170e0     kernel32:KERNEL32.dll
 0002:000000e8       __imp_Sleep                00000001800170e8     kernel32:KERNEL32.dll
 0002:000000f0       __imp_WaitForMultipleObjects 00000001800170f0     kernel32:KERNEL32.dll
 0002:000000f8       __imp_CreateThread         00000001800170f8     kernel32:KERNEL32.dll
 0002:00000100       __imp_CreateEventW         0000000180017100     kernel32:KERNEL32.dll
 0002:00000108       __imp_SetEvent             0000000180017108     kernel32:KERNEL32.dll
 0002:00000110       __imp_FindClose            0000000180017110     kernel32:KERNEL32.dll
 0002:00000118       __imp_FindNextFileW        0000000180017118     kernel32:KERNEL32.dll
 0002:00000120       __imp_FreeLibrary          0000000180017120     kernel32:KERNEL32.dll
 0002:00000128       __imp_LoadLibraryW         0000000180017128     kernel32:KERNEL32.dll
 0002:00000130       __imp_FindFirstFileW       0000000180017130     kernel32:KERNEL32.dll
 0002:00000138       __imp_GetTempPathW         0000000180017138     kernel32:KERNEL32.dll
 0002:00000140       __imp_GetTickCount         0000000180017140     kernel32:KERNEL32.dll
 0002:00000148       __imp_IsBadReadPtr         0000000180017148     kernel32:KERNEL32.dll
 0002:00000150       __imp_CreateFileW          0000000180017150     kernel32:KERNEL32.dll
 0002:00000158       __imp_InitializeCriticalSection 0000000180017158     kernel32:KERNEL32.dll
 0002:00000160       __imp_ResetEvent           0000000180017160     kernel32:KERNEL32.dll
 0002:00000168       __imp_LeaveCriticalSection 0000000180017168     kernel32:KERNEL32.dll
 0002:00000170       __imp_EnterCriticalSection 0000000180017170     kernel32:KERNEL32.dll
 0002:00000178       __imp_DeleteCriticalSection 0000000180017178     kernel32:KERNEL32.dll
 0002:00000180       __imp_ReadConsoleOutputW   0000000180017180     kernel32:KERNEL32.dll
 0002:00000188       __imp_GetConsoleScreenBufferInfo 0000000180017188     kernel32:KERNEL32.dll
 0002:00000190       __imp_HeapCreate           0000000180017190     kernel32:KERNEL32.dll
 0002:00000198       __imp_HeapDestroy          0000000180017198     kernel32:KERNEL32.dll
 0002:000001a0       __imp_HeapAlloc            00000001800171a0     kernel32:KERNEL32.dll
 0002:000001a8       __imp_HeapReAlloc          00000001800171a8     kernel32:KERNEL32.dll
 0002:000001b0       __imp_HeapFree             00000001800171b0     kernel32:KERNEL32.dll
 0002:000001b8       __imp_GetVersionExW        00000001800171b8     kernel32:KERNEL32.dll
 0002:000001c0       __imp_GetCurrentProcess    00000001800171c0     kernel32:KERNEL32.dll
 0002:000001c8       __imp_Process32NextW       00000001800171c8     kernel32:KERNEL32.dll
 0002:000001d0       __imp_Process32FirstW      00000001800171d0     kernel32:KERNEL32.dll
 0002:000001d8       __imp_TryEnterCriticalSection 00000001800171d8     kernel32:KERNEL32.dll
 0002:000001e0       __imp_OpenThread           00000001800171e0     kernel32:KERNEL32.dll
 0002:000001e8       __imp_FileTimeToSystemTime 00000001800171e8     kernel32:KERNEL32.dll
 0002:000001f0       __imp_GetModuleFileNameA   00000001800171f0     kernel32:KERNEL32.dll
 0002:000001f8       __imp_RtlUnwindEx          00000001800171f8     kernel32:KERNEL32.dll
 0002:00000200       __imp_FlsSetValue          0000000180017200     kernel32:KERNEL32.dll
 0002:00000208       __imp_GetCommandLineA      0000000180017208     kernel32:KERNEL32.dll
 0002:00000210       __imp_EncodePointer        0000000180017210     kernel32:KERNEL32.dll
 0002:00000218       __imp_DecodePointer        0000000180017218     kernel32:KERNEL32.dll
 0002:00000220       __imp_FlsGetValue          0000000180017220     kernel32:KERNEL32.dll
 0002:00000228       __imp_FlsFree              0000000180017228     kernel32:KERNEL32.dll
 0002:00000230       __imp_SetLastError         0000000180017230     kernel32:KERNEL32.dll
 0002:00000238       __imp_FlsAlloc             0000000180017238     kernel32:KERNEL32.dll
 0002:00000240       __imp_ExitProcess          0000000180017240     kernel32:KERNEL32.dll
 0002:00000248       __imp_SetHandleCount       0000000180017248     kernel32:KERNEL32.dll
 0002:00000250       __imp_GetFileType          0000000180017250     kernel32:KERNEL32.dll
 0002:00000258       __imp_GetStartupInfoA      0000000180017258     kernel32:KERNEL32.dll
 0002:00000260       __imp_FreeEnvironmentStringsA 0000000180017260     kernel32:KERNEL32.dll
 0002:00000268       __imp_GetEnvironmentStrings 0000000180017268     kernel32:KERNEL32.dll
 0002:00000270       __imp_FreeEnvironmentStringsW 0000000180017270     kernel32:KERNEL32.dll
 0002:00000278       __imp_GetEnvironmentStringsW 0000000180017278     kernel32:KERNEL32.dll
 0002:00000280       __imp_HeapSetInformation   0000000180017280     kernel32:KERNEL32.dll
 0002:00000288       __imp_QueryPerformanceCounter 0000000180017288     kernel32:KERNEL32.dll
 0002:00000290       __imp_GetSystemTimeAsFileTime 0000000180017290     kernel32:KERNEL32.dll
 0002:00000298       __imp_GetCPInfo            0000000180017298     kernel32:KERNEL32.dll
 0002:000002a0       __imp_GetACP               00000001800172a0     kernel32:KERNEL32.dll
 0002:000002a8       __imp_GetOEMCP             00000001800172a8     kernel32:KERNEL32.dll
 0002:000002b0       __imp_IsValidCodePage      00000001800172b0     kernel32:KERNEL32.dll
 0002:000002b8       __imp_TerminateProcess     00000001800172b8     kernel32:KERNEL32.dll
 0002:000002c0       __imp_UnhandledExceptionFilter 00000001800172c0     kernel32:KERNEL32.dll
 0002:000002c8       __imp_lstrcmpW             00000001800172c8     kernel32:KERNEL32.dll
 0002:000002d0       __imp_IsDebuggerPresent    00000001800172d0     kernel32:KERNEL32.dll
 0002:000002d8       __imp_RtlVirtualUnwind     00000001800172d8     kernel32:KERNEL32.dll
 0002:000002e0       __imp_RtlLookupFunctionEntry 00000001800172e0     kernel32:KERNEL32.dll
 0002:000002e8       __imp_RtlCaptureContext    00000001800172e8     kernel32:KERNEL32.dll
 0002:000002f0       __imp_LoadLibraryA         00000001800172f0     kernel32:KERNEL32.dll
 0002:000002f8       __imp_InitializeCriticalSectionAndSpinCount 00000001800172f8     kernel32:KERNEL32.dll
 0002:00000300       __imp_GetLocaleInfoA       0000000180017300     kernel32:KERNEL32.dll
 0002:00000308       __imp_GetStringTypeA       0000000180017308     kernel32:KERNEL32.dll
 0002:00000310       __imp_GetStringTypeW       0000000180017310     kernel32:KERNEL32.dll
 0002:00000318       __imp_LCMapStringA         0000000180017318     kernel32:KERNEL32.dll
 0002:00000320       __imp_LCMapStringW         0000000180017320     kernel32:KERNEL32.dll
 0002:00000328       __imp_HeapSize             0000000180017328     kernel32:KERNEL32.dll
 0002:00000330       __imp_LocalAlloc           0000000180017330     kernel32:KERNEL32.dll
 0002:00000338       __imp_lstrlenA             0000000180017338     kernel32:KERNEL32.dll
 0002:00000340       __imp_MultiByteToWideChar  0000000180017340     kernel32:KERNEL32.dll
 0002:00000348       __imp_lstrcpynA            0000000180017348     kernel32:KERNEL32.dll
 0002:00000350       __imp_lstrcpyW             0000000180017350     kernel32:KERNEL32.dll
 0002:00000358       __imp_GetModuleHandleW     0000000180017358     kernel32:KERNEL32.dll
 0002:00000360       __imp_GetProcAddress       0000000180017360     kernel32:KERNEL32.dll
 0002:00000368       __imp_WaitForSingleObject  0000000180017368     kernel32:KERNEL32.dll
 0002:00000370       __imp_TerminateThread      0000000180017370     kernel32:KERNEL32.dll
 0002:00000378       __imp_CreateFileMappingW   0000000180017378     kernel32:KERNEL32.dll
 0002:00000380       __imp_OpenFileMappingW     0000000180017380     kernel32:KERNEL32.dll
 0002:00000388       __imp_GetLastError         0000000180017388     kernel32:KERNEL32.dll
 0002:00000390       __imp_MapViewOfFile        0000000180017390     kernel32:KERNEL32.dll
 0002:00000398       __imp_SetEnvironmentVariableW 0000000180017398     kernel32:KERNEL32.dll
 0002:000003a0       __imp_ReadConsoleInputW    00000001800173a0     kernel32:KERNEL32.dll
 0002:000003a8       __imp_GetModuleFileNameW   00000001800173a8     kernel32:KERNEL32.dll
 0002:000003b0       __imp_lstrcmpiW            00000001800173b0     kernel32:KERNEL32.dll
 0002:000003b8       __imp_lstrcpynW            00000001800173b8     kernel32:KERNEL32.dll
 0002:000003c0       __imp_UnmapViewOfFile      00000001800173c0     kernel32:KERNEL32.dll
 0002:000003c8       __imp_LocalFree            00000001800173c8     kernel32:KERNEL32.dll
 0002:000003d0       __imp_lstrlenW             00000001800173d0     kernel32:KERNEL32.dll
 0002:000003d8       __imp_WideCharToMultiByte  00000001800173d8     kernel32:KERNEL32.dll
 0002:000003e0       __imp_GetStdHandle         00000001800173e0     kernel32:KERNEL32.dll
 0002:000003e8       __imp_WriteConsoleInputW   00000001800173e8     kernel32:KERNEL32.dll
 0002:000003f0       __imp_VirtualProtect       00000001800173f0     kernel32:KERNEL32.dll
 0002:000003f8       __imp_GetCurrentProcessId  00000001800173f8     kernel32:KERNEL32.dll
 0002:00000400       __imp_CreateToolhelp32Snapshot 0000000180017400     kernel32:KERNEL32.dll
 0002:00000408       __imp_Thread32First        0000000180017408     kernel32:KERNEL32.dll
 0002:00000410       __imp_Thread32Next         0000000180017410     kernel32:KERNEL32.dll
 0002:00000418       __imp_CloseHandle          0000000180017418     kernel32:KERNEL32.dll
 0002:00000420       __imp_GetCurrentThreadId   0000000180017420     kernel32:KERNEL32.dll
 0002:00000428       __imp_WriteFile            0000000180017428     kernel32:KERNEL32.dll
 0002:00000430       __imp_SetUnhandledExceptionFilter 0000000180017430     kernel32:KERNEL32.dll
 0002:00000438       \177KERNEL32_NULL_THUNK_DATA 0000000180017438     kernel32:KERNEL32.dll
 0002:00000440       __imp_SHGetFileInfoW       0000000180017440     shell32:SHELL32.dll
 0002:00000448       \177SHELL32_NULL_THUNK_DATA 0000000180017448     shell32:SHELL32.dll
 0002:00000450       __imp_DestroyIcon          0000000180017450     user32:USER32.dll
 0002:00000458       __imp_DrawIconEx           0000000180017458     user32:USER32.dll
 0002:00000460       __imp_GetIconInfo          0000000180017460     user32:USER32.dll
 0002:00000468       __imp_LoadIconW            0000000180017468     user32:USER32.dll
 0002:00000470       __imp_ShowWindow           0000000180017470     user32:USER32.dll
 0002:00000478       __imp_RegisterWindowMessageW 0000000180017478     user32:USER32.dll
 0002:00000480       __imp_DispatchMessageW     0000000180017480     user32:USER32.dll
 0002:00000488       __imp_GetMessageW          0000000180017488     user32:USER32.dll
 0002:00000490       __imp_UnregisterClassW     0000000180017490     user32:USER32.dll
 0002:00000498       __imp_LoadCursorW          0000000180017498     user32:USER32.dll
 0002:000004a0       __imp_GetDC                00000001800174a0     user32:USER32.dll
 0002:000004a8       __imp_CreateWindowExW      00000001800174a8     user32:USER32.dll
 0002:000004b0       __imp_GetWindowLongPtrW    00000001800174b0     user32:USER32.dll
 0002:000004b8       __imp_SetWindowLongW       00000001800174b8     user32:USER32.dll
 0002:000004c0       __imp_DefWindowProcW       00000001800174c0     user32:USER32.dll
 0002:000004c8       __imp_DestroyWindow        00000001800174c8     user32:USER32.dll
 0002:000004d0       __imp_PostThreadMessageW   00000001800174d0     user32:USER32.dll
 0002:000004d8       __imp_BeginPaint           00000001800174d8     user32:USER32.dll
 0002:000004e0       __imp_EndPaint             00000001800174e0     user32:USER32.dll
 0002:000004e8       __imp_SetWindowLongPtrW    00000001800174e8     user32:USER32.dll
 0002:000004f0       __imp_InvalidateRect       00000001800174f0     user32:USER32.dll
 0002:000004f8       __imp_IsWindow             00000001800174f8     user32:USER32.dll
 0002:00000500       __imp_DrawTextW            0000000180017500     user32:USER32.dll
 0002:00000508       __imp_FillRect             0000000180017508     user32:USER32.dll
 0002:00000510       __imp_ShowWindowAsync      0000000180017510     user32:USER32.dll
 0002:00000518       __imp_PostMessageW         0000000180017518     user32:USER32.dll
 0002:00000520       __imp_GetWindowThreadProcessId 0000000180017520     user32:USER32.dll
 0002:00000528       __imp_MessageBoxW          0000000180017528     user32:USER32.dll
 0002:00000530       __imp_MapVirtualKeyW       0000000180017530     user32:USER32.dll
 0002:00000538       __imp_IsWindowVisible      0000000180017538     user32:USER32.dll
 0002:00000540       __imp_GetClientRect        0000000180017540     user32:USER32.dll
 0002:00000548       __imp_MapWindowPoints      0000000180017548     user32:USER32.dll
 0002:00000550       __imp_ChildWindowFromPointEx 0000000180017550     user32:USER32.dll
 0002:00000558       __imp_WindowFromPoint      0000000180017558     user32:USER32.dll
 0002:00000560       __imp_GetClassNameW        0000000180017560     user32:USER32.dll
 0002:00000568       __imp_IntersectRect        0000000180017568     user32:USER32.dll
 0002:00000570       __imp_wsprintfW            0000000180017570     user32:USER32.dll
 0002:00000578       __imp_GetKeyState          0000000180017578     user32:USER32.dll
 0002:00000580       __imp_RegisterClassW       0000000180017580     user32:USER32.dll
 0002:00000588       __imp_ReleaseDC            0000000180017588     user32:USER32.dll
 0002:00000590       \177USER32_NULL_THUNK_DATA 0000000180017590     user32:USER32.dll
 0002:00000598       __imp_GetFileVersionInfoW  0000000180017598     version:VERSION.dll
 0002:000005a0       __imp_VerQueryValueW       00000001800175a0     version:VERSION.dll
 0002:000005a8       __imp_GetFileVersionInfoSizeW 00000001800175a8     version:VERSION.dll
 0002:000005b0       \177VERSION_NULL_THUNK_DATA 00000001800175b0     version:VERSION.dll
 0002:000005b8       __imp_CoInitialize         00000001800175b8     ole32:ole32.dll
 0002:000005c0       __imp_CoUninitialize       00000001800175c0     ole32:ole32.dll
 0002:000005c8       \177ole32_NULL_THUNK_DATA  00000001800175c8     ole32:ole32.dll
 0002:000005d0       __xc_a                     00000001800175d0     libcmt:crt0init.obj
 0002:000005d8       __xc_z                     00000001800175d8     libcmt:crt0init.obj
 0002:000005e0       __xi_a                     00000001800175e0     libcmt:crt0init.obj
 0002:000005f8       __xi_z                     00000001800175f8     libcmt:crt0init.obj
 0002:00000600       __xp_a                     0000000180017600     libcmt:crt0init.obj
 0002:00000608       __xp_z                     0000000180017608     libcmt:crt0init.obj
 0002:00000610       __xt_a                     0000000180017610     libcmt:crt0init.obj
 0002:00000618       __xt_z                     0000000180017618     libcmt:crt0init.obj
 0002:00000620       ??_C@_0BF@NLPJFAHE@ProcessSynchroEventW?$AA@ 0000000180017620     ConEmuTh.obj
 0002:00000638       ??_C@_08BCACMCCB@ExitFARW?$AA@ 0000000180017638     ConEmuTh.obj
 0002:00000644       ??_C@_11LOCGONAA@?$AA?$AA@ 0000000180017644     ConEmuTh.obj
 0002:00000648       ??_C@_1BO@KCLMEFLE@?$AAR?$AAi?$AAg?$AAh?$AAt?$AAP?$AAa?$AAn?$AAe?$AAl?$AAV?$AAi?$AAe?$AAw?$AA?$AA@ 0000000180017648     ConEmuTh.obj
 0002:00000668       ??_C@_1BM@HEIDIPPL@?$AAL?$AAe?$AAf?$AAt?$AAP?$AAa?$AAn?$AAe?$AAl?$AAV?$AAi?$AAe?$AAw?$AA?$AA@ 0000000180017668     ConEmuTh.obj
 0002:00000688       ??_C@_1DC@FOGHAECG@?$AAF?$AAa?$AAr?$AAM?$AAu?$AAl?$AAt?$AAi?$AAV?$AAi?$AAe?$AAw?$AAC?$AAo?$AAn?$AAt?$AAr?$AAo?$AAl?$AAC?$AAl?$AAa?$AAs?$AAs?$AA?$AA@ 0000000180017688     ConEmuTh.obj
 0002:000006c0       ??_C@_1DG@DBEAEOKG@?$AAF?$AAa?$AAr?$AAP?$AAi?$AAc?$AAt?$AAu?$AAr?$AAe?$AAV?$AAi?$AAe?$AAw?$AAC?$AAo?$AAn?$AAt?$AAr?$AAo?$AAl?$AAC?$AAl?$AAa?$AAs?$AAs?$AA?$AA@ 00000001800176c0     ConEmuTh.obj
 0002:000006f8       ??_C@_1BI@GILFJGEK@?$AAB?$AAu?$AAt?$AAt?$AAo?$AAn?$AAC?$AAo?$AAl?$AAo?$AAr?$AA?$AA@ 00000001800176f8     ConEmuTh.obj
 0002:00000710       ??_C@_1BK@NFAPLMGI@?$AAS?$AAe?$AAp?$AAa?$AAr?$AAa?$AAt?$AAe?$AAT?$AAa?$AAb?$AAs?$AA?$AA@ 0000000180017710     ConEmuTh.obj
 0002:00000730       ??_C@_1CG@HOMCPCN@?$AA?2?$AAP?$AAl?$AAu?$AAg?$AAi?$AAn?$AAs?$AA?2?$AAP?$AAa?$AAn?$AAe?$AAl?$AAT?$AAa?$AAb?$AAs?$AA?$AA@ 0000000180017730     ConEmuTh.obj
 0002:00000758       ??_C@_13FPGAJAPJ@?$AA?2?$AA?$AA@ 0000000180017758     ConEmuTh.obj
 0002:00000760       ??_C@_1O@EMLLFJNI@?$AAA?$AAc?$AAt?$AAi?$AAv?$AAe?$AA?$AA@ 0000000180017760     ConEmuTh.obj
 0002:00000770       ??_C@_1BM@OLHABKH@?$AAF?$AAa?$AAr?$AAT?$AAh?$AAu?$AAm?$AAb?$AAn?$AAa?$AAi?$AAl?$AAs?$AA?$AA@ 0000000180017770     ConEmuTh.obj
 0002:00000790       ??_C@_1FO@BGAPBIGG@?$AAC?$AAa?$AAn?$AA?8?$AAt?$AA?5?$AAm?$AAa?$AAp?$AA?5?$AAc?$AAo?$AAn?$AAs?$AAo?$AAl?$AAe?$AA?5?$AAi?$AAn?$AAf?$AAo?$AA?5?$AA?$CI?$AA?$CF?$AAs?$AA?$CJ?$AA?4?$AA?5?$AAE?$AAr?$AAr@ 0000000180017790     ConEmuTh.obj
 0002:000007f0       ??_C@_19EOHDNDII@?$AAR?$AAe?$AAa?$AAd?$AA?$AA@ 00000001800177f0     ConEmuTh.obj
 0002:00000800       ??_C@_1BE@HADLJAO@?$AAR?$AAe?$AAa?$AAd?$AAW?$AAr?$AAi?$AAt?$AAe?$AA?$AA@ 0000000180017800     ConEmuTh.obj
 0002:00000820       ??_C@_1GM@LGOLGABE@?$AAC?$AAa?$AAn?$AA?8?$AAt?$AA?5?$AA?$CF?$AAs?$AA?5?$AAc?$AAo?$AAn?$AAs?$AAo?$AAl?$AAe?$AA?5?$AAd?$AAa?$AAt?$AAa?$AA?5?$AAf?$AAi?$AAl?$AAe?$AA?5?$AAm?$AAa?$AAp?$AAp?$AAi@ 0000000180017820     ConEmuTh.obj
 0002:00000890       ??_C@_19BDAJEHDN@?$AAo?$AAp?$AAe?$AAn?$AA?$AA@ 0000000180017890     ConEmuTh.obj
 0002:000008a0       ??_C@_1O@KBENBEFG@?$AAc?$AAr?$AAe?$AAa?$AAt?$AAe?$AA?$AA@ 00000001800178a0     ConEmuTh.obj
 0002:000008b0       ??_C@_1GK@OGACKIKJ@?$AAI?$AAn?$AAt?$AAe?$AAr?$AAn?$AAa?$AAl?$AA?5?$AAe?$AAr?$AAr?$AAo?$AAr?$AA?4?$AA?5?$AAM?$AAa?$AAp?$AAp?$AAi?$AAn?$AAg?$AA?5?$AAf?$AAi?$AAl?$AAe?$AA?5?$AAn?$AAa?$AAm@ 00000001800178b0     ConEmuTh.obj
 0002:00000920       ??_C@_1DM@JLCDNDHD@?$AAC?$AAo?$AAn?$AAE?$AAm?$AAu?$AAP?$AAa?$AAn?$AAe?$AAl?$AAV?$AAi?$AAe?$AAw?$AAD?$AAl?$AAg?$AAs?$AAM?$AAa?$AAp?$AAp?$AAi?$AAn?$AAg?$AA?4?$AA?$CF?$AAu?$AA?$AA@ 0000000180017920     ConEmuTh.obj
 0002:00000960       ??_C@_1BC@DJOGOIHN@?$AAC?$AAo?$AAn?$AAE?$AAm?$AAu?$AAT?$AAh?$AA?$AA@ 0000000180017960     ConEmuTh.obj
 0002:00000978       ??_C@_1DA@BMIFHIMF@?$AAC?$AAo?$AAn?$AAE?$AAm?$AAu?$AAV?$AAi?$AAe?$AAw?$AAS?$AAe?$AAt?$AAM?$AAa?$AAp?$AAp?$AAi?$AAn?$AAg?$AA?4?$AA?$CF?$AAu?$AA?$AA@ 0000000180017978     ConEmuTh.obj
 0002:000009a8       ??_C@_0M@FMNOKGGE@GetFarHWND2?$AA@ 00000001800179a8     ConEmuTh.obj
 0002:000009b8       ??_C@_0BC@MKJHPCEO@RegisterPanelView?$AA@ 00000001800179b8     ConEmuTh.obj
 0002:000009d0       ??_C@_1BO@ONHPLONP@?$AAC?$AAo?$AAn?$AAE?$AAm?$AAu?$AA?4?$AAx?$AA6?$AA4?$AA?4?$AAd?$AAl?$AAl?$AA?$AA@ 00000001800179d0     ConEmuTh.obj
 0002:000009f0       ??_C@_1BE@LFJLOEAN@?$AAC?$AAo?$AAn?$AAE?$AAm?$AAu?$AAT?$AAh?$AA?2?$AA?$AA@ 00000001800179f0     ConEmuTh995.obj
 0002:00000a08       ??_C@_17JLFEDMMI@?$AA?$DP?$AA?$DP?$AA?$DP?$AA?$AA@ 0000000180017a08     ConEmuTh995.obj
 0002:00000a10       ??_C@_1DE@DJEAMLPH@?$AAC?$AAo?$AAn?$AAE?$AAm?$AAu?$AA?4?$AAM?$AAa?$AAx?$AAi?$AAm?$AAu?$AAs?$AA5?$AA?$EA?$AAg?$AAm?$AAa?$AAi?$AAl?$AA?4?$AAc?$AAo?$AAm?$AA?$AA@ 0000000180017a10     ConEmuTh1900.obj
 0002:00000a50       ??_C@_1EM@OOFEGLCO@?$AAT?$AAh?$AAu?$AAm?$AAb?$AAn?$AAa?$AAi?$AAl?$AAs?$AA?5?$AAa?$AAn?$AAd?$AA?5?$AAT?$AAi?$AAl?$AAe?$AAs?$AA?5?$AAi?$AAn?$AA?5?$AAC?$AAo?$AAn?$AAE?$AAm?$AAu?$AA?5?$AAw@ 0000000180017a50     ConEmuTh1900.obj
 0002:00000aa0       ??_C@_1CG@DMGPLFKD@?$AAC?$AAo?$AAn?$AAE?$AAm?$AAu?$AA?5?$AAP?$AAa?$AAn?$AAe?$AAl?$AA?5?$AAV?$AAi?$AAe?$AAw?$AAs?$AA?$AA@ 0000000180017aa0     ConEmuTh1900.obj
 0002:00000ac8       ??_C@_1BC@IALIJCAM@?$AAS?$AAo?$AAr?$AAt?$AAM?$AAo?$AAd?$AAe?$AA?$AA@ 0000000180017ac8     ConEmuTh1900.obj
 0002:00000ae0       ??_C@_1BG@MHMKAABO@?$AAS?$AAt?$AAa?$AAt?$AAu?$AAs?$AAL?$AAi?$AAn?$AAe?$AA?$AA@ 0000000180017ae0     ConEmuTh1900.obj
 0002:00000af8       ??_C@_1BK@MBFACEDG@?$AAC?$AAo?$AAl?$AAu?$AAm?$AAn?$AAT?$AAi?$AAt?$AAl?$AAe?$AAs?$AA?$AA@ 0000000180017af8     ConEmuTh1900.obj
 0002:00000b18       ??_C@_1O@PDEOIOBG@?$AAK?$AAe?$AAy?$AAB?$AAa?$AAr?$AA?$AA@ 0000000180017b18     ConEmuTh1900.obj
 0002:00000b28       ??_C@_1BI@EKLHEFDO@?$AAS?$AAh?$AAo?$AAw?$AAM?$AAe?$AAn?$AAu?$AAB?$AAa?$AAr?$AA?$AA@ 0000000180017b28     ConEmuTh1900.obj
 0002:00000b60       ??_C@_1DI@DLGGKEIH@?$AA$?$AAI?$AAf?$AA?5?$AA?$CI?$AA?$CF?$AAc?$AAP?$AAa?$AAn?$AAe?$AAl?$AA?4?$AAL?$AAe?$AAf?$AAt?$AA?$CJ?$AA?5?$AAT?$AAa?$AAb?$AA?5?$AA$?$AAE?$AAn?$AAd?$AA?$AA@ 0000000180017b60     Display.obj
 0002:00000b98       ??_C@_1M@KOMOBEPM@?$AA?$CF?$AAi?$AA?5?$AA?$CF?$AAc?$AA?$AA@ 0000000180017b98     Display.obj
 0002:00000ba8       ??_C@_1BC@IBHKOKF@?$AA?$CF?$AAi?$AA?0?$AA?$CF?$AAi?$AA?5?$AA?$CF?$AAc?$AA?$AA@ 0000000180017ba8     Display.obj
 0002:00000bc0       ??_C@_1O@NLGMKEDN@?$AAB?$AAK?$AAM?$AAG?$AAT?$AAP?$AA?$AA@ 0000000180017bc0     Display.obj
 0002:00000bd0       ??_C@_1CO@LEOKLKOD@?$AA?$CF?$AA0?$AA2?$AAi?$AA?4?$AA?$CF?$AA0?$AA2?$AAi?$AA?4?$AA?$CF?$AA0?$AA2?$AAi?$AA?5?$AA?$CF?$AAi?$AA?3?$AA?$CF?$AA0?$AA2?$AAi?$AA?$AA@ 0000000180017bd0     Display.obj
 0002:00000c00       ??_C@_1CM@MJKKOLFD@?$AAC?$AAo?$AAn?$AAE?$AAm?$AAu?$AA?4?$AA?$CF?$AAs?$AAP?$AAa?$AAn?$AAe?$AAl?$AAV?$AAi?$AAe?$AAw?$AA?4?$AA?$CF?$AAi?$AA?$AA@ 0000000180017c00     Display.obj
 0002:00000c30       ??_C@_1M@KDEMMBOH@?$AAR?$AAi?$AAg?$AAh?$AAt?$AA?$AA@ 0000000180017c30     Display.obj
 0002:00000c40       ??_C@_19DKAIAFPE@?$AAL?$AAe?$AAf?$AAt?$AA?$AA@ 0000000180017c40     Display.obj
 0002:00000c50       ??_C@_1CI@GNBJKMME@?$AAC?$AAo?$AAn?$AAE?$AAm?$AAu?$AAT?$AAh?$AA?3?$AA?3?$AAM?$AAa?$AAp?$AAC?$AAo?$AAo?$AAr?$AAd?$AAs?$AA?$AA@ 0000000180017c50     Display.obj
 0002:00000c78       ??_C@_1CG@OILEFJJN@?$AAC?$AAo?$AAn?$AAE?$AAm?$AAu?$AAT?$AAh?$AA?3?$AA?3?$AAS?$AAe?$AAt?$AAt?$AAi?$AAn?$AAg?$AAs?$AA?$AA@ 0000000180017c78     Display.obj
 0002:00000ca0       ??_C@_1BO@IPKBELC@?$AAC?$AAo?$AAn?$AAE?$AAm?$AAu?$AAT?$AAh?$AA?3?$AA?3?$AAF?$AAa?$AAd?$AAe?$AA?$AA@ 0000000180017ca0     Display.obj
 0002:00000cc0       ??_C@_0L@DOHHADLD@CET_Cancel?$AA@ 0000000180017cc0     ImgCache.obj
 0002:00000cd0       ??_C@_08PFMFDMEL@CET_Free?$AA@ 0000000180017cd0     ImgCache.obj
 0002:00000ce0       ??_C@_08DBEDCDF@CET_Load?$AA@ 0000000180017ce0     ImgCache.obj
 0002:00000cf0       ??_C@_08CBCDAPII@CET_Done?$AA@ 0000000180017cf0     ImgCache.obj
 0002:00000d00       ??_C@_08DHJJJJMJ@CET_Init?$AA@ 0000000180017d00     ImgCache.obj
 0002:00000d10       ??_C@_1M@KCMICNEG@?$AA?$CK?$AA?4?$AAt?$AA6?$AA4?$AA?$AA@ 0000000180017d10     ImgCache.obj
 0002:00000d20       ??_C@_1BO@EOFABIPH@?$AAC?$AAo?$AAn?$AAE?$AAm?$AAu?$AAT?$AAh?$AA?4?$AAc?$AAa?$AAc?$AAh?$AAe?$AA?$AA@ 0000000180017d20     ImgCache.obj
 0002:00000d40       ??_C@_15DDHGOCBH@?$AA?4?$AA?4?$AA?$AA@ 0000000180017d40     ImgCache.obj
 0002:00000d48       ??_C@_19DDLLJDOO@?$AAF?$AAi?$AAl?$AAe?$AA?$AA@ 0000000180017d48     ImgCache.obj
 0002:00000d58       ??_C@_0N@DDFPJHDO@_GetFileData?$AA@ 0000000180017d58     ImgCache.obj
 0002:00000d68       ??_C@_1BE@DFPCIADA@?$AAP?$AAB?$AAF?$AAa?$AAr?$AA?4?$AAd?$AAl?$AAl?$AA?$AA@ 0000000180017d68     ImgCache.obj
 0002:00000d80       ??_C@_19EBFDIIDI@?$AA?4?$AAw?$AAm?$AAf?$AA?$AA@ 0000000180017d80     ImgCache.obj
 0002:00000d90       ??_C@_19HFLOJEOK@?$AA?4?$AAp?$AAn?$AAg?$AA?$AA@ 0000000180017d90     ImgCache.obj
 0002:00000da0       ??_C@_19GPGAIFNL@?$AA?4?$AAi?$AAc?$AAo?$AA?$AA@ 0000000180017da0     ImgCache.obj
 0002:00000db0       ??_C@_19KGHJPLAF@?$AA?4?$AAg?$AAi?$AAf?$AA?$AA@ 0000000180017db0     ImgCache.obj
 0002:00000dc0       ??_C@_19HKLPDE@?$AA?4?$AAb?$AAm?$AAp?$AA?$AA@ 0000000180017dc0     ImgCache.obj
 0002:00000dd0       ??_7?$CQueueProcessor@PEAUIMAGE_CACHE_INFO@@@@6B@ 0000000180017dd0     ImgCache.obj
 0002:00000e30       ??_7CImgLoader@@6B@        0000000180017e30     ImgCache.obj
 0002:00000ea0       ??_C@_1CA@DHOHMJCG@?$AAU?$AAn?$AAi?$AAc?$AAo?$AAd?$AAe?$AA?5?$AAC?$AAh?$AAa?$AAr?$AAM?$AAa?$AAp?$AA?$AA@ 0000000180017ea0     RgnDetect.obj
 0002:00000ec0       ??_C@_0BK@DNNLOFO@SetSecurityDescriptorDacl?$AA@ 0000000180017ec0     MSecurity.obj
 0002:00000ee0       ??_C@_0BN@FNLANPJJ@InitializeSecurityDescriptor?$AA@ 0000000180017ee0     MSecurity.obj
 0002:00000f00       ??_C@_0O@GKCEJBAA@InitializeAcl?$AA@ 0000000180017f00     MSecurity.obj
 0002:00000f10       ??_C@_0N@HBKDHKNL@GetLengthSid?$AA@ 0000000180017f10     MSecurity.obj
 0002:00000f20       ??_C@_0BJ@ECIKFEOL@AllocateAndInitializeSid?$AA@ 0000000180017f20     MSecurity.obj
 0002:00000f40       ??_C@_0BD@EIGAJLOG@AddAccessDeniedAce?$AA@ 0000000180017f40     MSecurity.obj
 0002:00000f58       ??_C@_0BE@IPKPLIM@AddAccessAllowedAce?$AA@ 0000000180017f58     MSecurity.obj
 0002:00000f70       ??_C@_1BK@BIGILECK@?$AAA?$AAd?$AAv?$AAa?$AAp?$AAi?$AA3?$AA2?$AA?4?$AAd?$AAl?$AAl?$AA?$AA@ 0000000180017f70     MSecurity.obj
 0002:00000f90       ??_C@_1BO@HJHEFHMO@?$AAK?$AAe?$AAr?$AAn?$AAe?$AAl?$AAB?$AAa?$AAs?$AAe?$AA?4?$AAd?$AAl?$AAl?$AA?$AA@ 0000000180017f90     MSecurity.obj
 0002:00000fb0       ??_C@_15LKGMKBFA@?$AA0?$AA0?$AA?$AA@ 0000000180017fb0     MStrSafe.obj
 0002:00000fb8       ??_C@_1BC@LMIJMNIA@?$AA0?$AA0?$AA0?$AA0?$AA0?$AA0?$AA0?$AA0?$AA?$AA@ 0000000180017fb8     MStrSafe.obj
 0002:00000fd0       ??_C@_1EHK@JMHPNAMN@?$AAA?$AAC?$AAT?$AAI?$AAV?$AAA?$AAT?$AAE?$AA?$AA?$AAA?$AAL?$AAI?$AAA?$AAS?$AA?$AA?$AAA?$AAS?$AAS?$AAO?$AAC?$AA?$AA?$AAA?$AAT?$AAT?$AAR?$AAI?$AAB?$AA?$AA?$AAB?$AAE?$AAE?$AAP@ 0000000180017fd0     WinObjects.obj
 0002:00001450       ??_C@_1BI@MPDCNJBA@?$AAt?$AAl?$AAn?$AAt?$AAs?$AAv?$AAr?$AA?4?$AAe?$AAx?$AAe?$AA?$AA@ 0000000180018450     WinObjects.obj
 0002:00001468       ??_C@_1BK@HHKNEJDC@?$AAt?$AAl?$AAn?$AAt?$AAs?$AAe?$AAs?$AAs?$AA?4?$AAe?$AAx?$AAe?$AA?$AA@ 0000000180018468     WinObjects.obj
 0002:00001488       _pDefaultRawDllMain        0000000180018488     libcmt:dllcrt0.obj
 0002:00001488       _pRawDllMain               0000000180018488     libcmt:dllcrt0.obj
 0002:00001490       ??_C@_0P@MIGLKIOC@CorExitProcess?$AA@ 0000000180018490     libcmt:crt0dat.obj
 0002:000014a0       ??_C@_1BI@BGOHAHKC@?$AAm?$AAs?$AAc?$AAo?$AAr?$AAe?$AAe?$AA?4?$AAd?$AAl?$AAl?$AA?$AA@ 00000001800184a0     libcmt:crt0dat.obj
 0002:000014c0       _XcptActTab                00000001800184c0     libcmt:winxfltr.obj
 0002:000015e0       ??_C@_0P@GGKDKEEG@runtime?5error?5?$AA@ 00000001800185e0     libcmt:crt0msg.obj
 0002:000015f0       ??_C@_02PCIJFNDE@?$AN?6?$AA@ 00000001800185f0     libcmt:crt0msg.obj
 0002:000015f8       ??_C@_0O@MJNIPGOH@TLOSS?5error?$AN?6?$AA@ 00000001800185f8     libcmt:crt0msg.obj
 0002:00001608       ??_C@_0N@BONNPDHF@SING?5error?$AN?6?$AA@ 0000000180018608     libcmt:crt0msg.obj
 0002:00001618       ??_C@_0P@MBDAJNE@DOMAIN?5error?$AN?6?$AA@ 0000000180018618     libcmt:crt0msg.obj
 0002:00001630       ??_C@_0JL@DFDOOABL@R6034?$AN?6An?5application?5has?5made?5a@ 0000000180018630     libcmt:crt0msg.obj
 0002:000016d0       ??_C@_0PH@EPAFIJ@R6033?$AN?6?9?5Attempt?5to?5use?5MSIL?5cod@ 00000001800186d0     libcmt:crt0msg.obj
 0002:000017c8       ??_C@_0DD@BKEEABMM@R6032?$AN?6?9?5not?5enough?5space?5for?5lo@ 00000001800187c8     libcmt:crt0msg.obj
 0002:00001800       ??_C@_0GD@OFKILIED@R6031?$AN?6?9?5Attempt?5to?5initialize?5t@ 0000000180018800     libcmt:crt0msg.obj
 0002:00001868       ??_C@_0BP@LPMHJOKI@R6030?$AN?6?9?5CRT?5not?5initialized?$AN?6?$AA@ 0000000180018868     libcmt:crt0msg.obj
 0002:00001888       ??_C@_0CF@KJDAIALP@R6028?$AN?6?9?5unable?5to?5initialize?5he@ 0000000180018888     libcmt:crt0msg.obj
 0002:000018b0       ??_C@_0DF@GAKBPDFP@R6027?$AN?6?9?5not?5enough?5space?5for?5lo@ 00000001800188b0     libcmt:crt0msg.obj
 0002:000018e8       ??_C@_0DF@IBLNNAIG@R6026?$AN?6?9?5not?5enough?5space?5for?5st@ 00000001800188e8     libcmt:crt0msg.obj
 0002:00001920       ??_C@_0CG@IOHKGFNJ@R6025?$AN?6?9?5pure?5virtual?5function?5c@ 0000000180018920     libcmt:crt0msg.obj
 0002:00001948       ??_C@_0DF@JIJJFJDC@R6024?$AN?6?9?5not?5enough?5space?5for?5_o@ 0000000180018948     libcmt:crt0msg.obj
 0002:00001980       ??_C@_0CJ@EGEJHFME@R6019?$AN?6?9?5unable?5to?5open?5console?5@ 0000000180018980     libcmt:crt0msg.obj
 0002:000019b0       ??_C@_0CB@GNHNIELH@R6018?$AN?6?9?5unexpected?5heap?5error?$AN?6@ 00000001800189b0     libcmt:crt0msg.obj
 0002:000019d8       ??_C@_0CN@FOLDKNG@R6017?$AN?6?9?5unexpected?5multithread?5@ 00000001800189d8     libcmt:crt0msg.obj
 0002:00001a08       ??_C@_0CM@FAHFJNHO@R6016?$AN?6?9?5not?5enough?5space?5for?5th@ 0000000180018a08     libcmt:crt0msg.obj
 0002:00001a40       ??_C@_0JG@LBKMGKLD@?$AN?6This?5application?5has?5requested@ 0000000180018a40     libcmt:crt0msg.obj
 0002:00001ad8       ??_C@_0CM@FLCNIPKK@R6009?$AN?6?9?5not?5enough?5space?5for?5en@ 0000000180018ad8     libcmt:crt0msg.obj
 0002:00001b08       ??_C@_0CK@KMMJOAPP@R6008?$AN?6?9?5not?5enough?5space?5for?5ar@ 0000000180018b08     libcmt:crt0msg.obj
 0002:00001b38       ??_C@_0CN@LEKKICBM@R6002?$AN?6?9?5floating?5point?5support?5@ 0000000180018b38     libcmt:crt0msg.obj
 0002:00001b68       ??_C@_0CF@GOGNBNAK@Microsoft?5Visual?5C?$CL?$CL?5Runtime?5Lib@ 0000000180018b68     libcmt:crt0msg.obj
 0002:00001b90       ??_C@_02PHMGELLB@?6?6?$AA@ 0000000180018b90     libcmt:crt0msg.obj
 0002:00001b94       ??_C@_03KHICJKCI@?4?4?4?$AA@ 0000000180018b94     libcmt:crt0msg.obj
 0002:00001b98       ??_C@_0BH@DNAGHKFM@?$DMprogram?5name?5unknown?$DO?$AA@ 0000000180018b98     libcmt:crt0msg.obj
 0002:00001bb0       ??_C@_0BK@OFGJDLJJ@Runtime?5Error?$CB?6?6Program?3?5?$AA@ 0000000180018bb0     libcmt:crt0msg.obj
 0002:00001bd0       __newctype                 0000000180018bd0     libcmt:ctype.obj
 0002:00001ed0       _wctype                    0000000180018ed0     libcmt:ctype.obj
 0002:000020e0       __newclmap                 00000001800190e0     libcmt:ctype.obj
 0002:00002260       __newcumap                 0000000180019260     libcmt:ctype.obj
 0002:000023e0       ??_C@_08JCCMCCIL@HH?3mm?3ss?$AA@ 00000001800193e0     libcmt:strftime.obj
 0002:000023f0       ??_C@_0BE@CKGJFCPC@dddd?0?5MMMM?5dd?0?5yyyy?$AA@ 00000001800193f0     libcmt:strftime.obj
 0002:00002408       ??_C@_08BPBNCDIB@MM?1dd?1yy?$AA@ 0000000180019408     libcmt:strftime.obj
 0002:00002414       ??_C@_02CJNFDJBF@PM?$AA@   0000000180019414     libcmt:strftime.obj
 0002:00002418       ??_C@_02DEDBPAFC@AM?$AA@   0000000180019418     libcmt:strftime.obj
 0002:00002420       ??_C@_08EDHMEBNP@December?$AA@ 0000000180019420     libcmt:strftime.obj
 0002:00002430       ??_C@_08HCHEGEOA@November?$AA@ 0000000180019430     libcmt:strftime.obj
 0002:00002440       ??_C@_07JJNFCEND@October?$AA@ 0000000180019440     libcmt:strftime.obj
 0002:00002448       ??_C@_09BHHEALKD@September?$AA@ 0000000180019448     libcmt:strftime.obj
 0002:00002454       ??_C@_06LBBHFDDG@August?$AA@ 0000000180019454     libcmt:strftime.obj
 0002:0000245c       ??_C@_04MIEPOIFP@July?$AA@ 000000018001945c     libcmt:strftime.obj
 0002:00002464       ??_C@_04CNLMGBGM@June?$AA@ 0000000180019464     libcmt:strftime.obj
 0002:0000246c       ??_C@_05DMJDNLEJ@April?$AA@ 000000018001946c     libcmt:strftime.obj
 0002:00002474       ??_C@_05HPCKOFNC@March?$AA@ 0000000180019474     libcmt:strftime.obj
 0002:00002480       ??_C@_08GNJGEPFN@February?$AA@ 0000000180019480     libcmt:strftime.obj
 0002:00002490       ??_C@_07CGJPFGJA@January?$AA@ 0000000180019490     libcmt:strftime.obj
 0002:00002498       ??_C@_03MKABNOCG@Dec?$AA@  0000000180019498     libcmt:strftime.obj
 0002:0000249c       ??_C@_03JPJOFNIA@Nov?$AA@  000000018001949c     libcmt:strftime.obj
 0002:000024a0       ??_C@_03BMAOKBAD@Oct?$AA@  00000001800194a0     libcmt:strftime.obj
 0002:000024a4       ??_C@_03GGCAPAJC@Sep?$AA@  00000001800194a4     libcmt:strftime.obj
 0002:000024a8       ??_C@_03IFJFEIGA@Aug?$AA@  00000001800194a8     libcmt:strftime.obj
 0002:000024ac       ??_C@_03LBGABGKK@Jul?$AA@  00000001800194ac     libcmt:strftime.obj
 0002:000024b0       ??_C@_03IDFGHECI@Jun?$AA@  00000001800194b0     libcmt:strftime.obj
 0002:000024b4       ??_C@_03CNMDKL@May?$AA@    00000001800194b4     libcmt:strftime.obj
 0002:000024b8       ??_C@_03LEOLGMJP@Apr?$AA@  00000001800194b8     libcmt:strftime.obj
 0002:000024bc       ??_C@_03ODNJBKGA@Mar?$AA@  00000001800194bc     libcmt:strftime.obj
 0002:000024c0       ??_C@_03HJBDCHOM@Feb?$AA@  00000001800194c0     libcmt:strftime.obj
 0002:000024c4       ??_C@_03JIHJHPIE@Jan?$AA@  00000001800194c4     libcmt:strftime.obj
 0002:000024c8       ??_C@_08INBOOONO@Saturday?$AA@ 00000001800194c8     libcmt:strftime.obj
 0002:000024d4       ??_C@_06JECMNKMI@Friday?$AA@ 00000001800194d4     libcmt:strftime.obj
 0002:000024e0       ??_C@_08HACCIKIA@Thursday?$AA@ 00000001800194e0     libcmt:strftime.obj
 0002:000024f0       ??_C@_09DLIGFAKA@Wednesday?$AA@ 00000001800194f0     libcmt:strftime.obj
 0002:00002500       ??_C@_07BAAGCFCM@Tuesday?$AA@ 0000000180019500     libcmt:strftime.obj
 0002:00002508       ??_C@_06JLEDEDGH@Monday?$AA@ 0000000180019508     libcmt:strftime.obj
 0002:00002510       ??_C@_06OOPIFAJ@Sunday?$AA@ 0000000180019510     libcmt:strftime.obj
 0002:00002518       ??_C@_03FEFJNEK@Sat?$AA@   0000000180019518     libcmt:strftime.obj
 0002:0000251c       ??_C@_03IDIOELNC@Fri?$AA@  000000018001951c     libcmt:strftime.obj
 0002:00002520       ??_C@_03IOFIKPDN@Thu?$AA@  0000000180019520     libcmt:strftime.obj
 0002:00002524       ??_C@_03MHOMLAJA@Wed?$AA@  0000000180019524     libcmt:strftime.obj
 0002:00002528       ??_C@_03NAGEINEP@Tue?$AA@  0000000180019528     libcmt:strftime.obj
 0002:0000252c       ??_C@_03PDAGKDH@Mon?$AA@   000000018001952c     libcmt:strftime.obj
 0002:00002530       ??_C@_03KOEHGMDN@Sun?$AA@  0000000180019530     libcmt:strftime.obj
 0002:00002534       ??_C@_13NOLLCAOD@?$AA?$AA?$AA?$AA@ 0000000180019534     libcmt:a_str.obj
 0002:00002538       ??_C@_0BI@DFKBFLJE@GetProcessWindowStation?$AA@ 0000000180019538     libcmt:crtmbox.obj
 0002:00002550       ??_C@_0BK@CIDNPOGP@GetUserObjectInformationA?$AA@ 0000000180019550     libcmt:crtmbox.obj
 0002:00002570       ??_C@_0BD@HHGDFDBJ@GetLastActivePopup?$AA@ 0000000180019570     libcmt:crtmbox.obj
 0002:00002588       ??_C@_0BA@HNOPNCHB@GetActiveWindow?$AA@ 0000000180019588     libcmt:crtmbox.obj
 0002:00002598       ??_C@_0M@CHKKJDAI@MessageBoxA?$AA@ 0000000180019598     libcmt:crtmbox.obj
 0002:000025a8       ??_C@_0L@NDEGIDAG@USER32?4DLL?$AA@ 00000001800195a8     libcmt:crtmbox.obj
 0002:000025b8       __dnames                   00000001800195b8     libcmt:timeset.obj
 0002:000025d0       __mnames                   00000001800195d0     libcmt:timeset.obj
 0002:00002608       __rtc_iaa                  0000000180019608     libcmt:_initsect_.obj
 0002:00002610       __rtc_izz                  0000000180019610     libcmt:_initsect_.obj
 0002:00002618       __rtc_taa                  0000000180019618     libcmt:_initsect_.obj
 0002:00002620       __rtc_tzz                  0000000180019620     libcmt:_initsect_.obj
 0002:00003290       __IMPORT_DESCRIPTOR_VERSION 000000018001a290     version:VERSION.dll
 0002:000032a4       __IMPORT_DESCRIPTOR_KERNEL32 000000018001a2a4     kernel32:KERNEL32.dll
 0002:000032b8       __IMPORT_DESCRIPTOR_USER32 000000018001a2b8     user32:USER32.dll
 0002:000032cc       __IMPORT_DESCRIPTOR_GDI32  000000018001a2cc     gdi32:GDI32.dll
 0002:000032e0       __IMPORT_DESCRIPTOR_ADVAPI32 000000018001a2e0     advapi32:ADVAPI32.dll
 0002:000032f4       __IMPORT_DESCRIPTOR_SHELL32 000000018001a2f4     shell32:SHELL32.dll
 0002:00003308       __IMPORT_DESCRIPTOR_ole32  000000018001a308     ole32:ole32.dll
 0002:0000331c       __NULL_IMPORT_DESCRIPTOR   000000018001a31c     version:VERSION.dll
 0003:00000000       ?gbPreloadByDefault@@3HA   000000018001c000     ConEmuTh.obj
 0003:00000008       ?gcrCurColors@@3PEAKEA     000000018001c008     ConEmuTh.obj
 0003:00000010       ?Far3Func@@3PAUExportFunc@@A 000000018001c010     ConEmuTh.obj
 0003:00000058       ?guid_ConEmuTh@@3U_GUID@@A 000000018001c058     ConEmuTh1900.obj
 0003:00000068       ?guid_ConEmuThPluginMenu@@3U_GUID@@A 000000018001c068     ConEmuTh1900.obj
 0003:00000078       ?gsInternalCommands@@3PEB_WEB 000000018001c078     WinObjects.obj
 0003:00000080       __flsindex                 000000018001c080     libcmt:tidtable.obj
 0003:00000088       _aexit_rtn                 000000018001c088     libcmt:crt0dat.obj
 0003:00000090       __badioinfo                000000018001c090     libcmt:ioinit.obj
 0003:000000e8       _amblksiz                  000000018001c0e8     libcmt:heapinit.obj
 0003:000000ec       _First_FPE_Indx            000000018001c0ec     libcmt:winxfltr.obj
 0003:000000f0       _Num_FPE                   000000018001c0f0     libcmt:winxfltr.obj
 0003:000000f4       _XcptActTabSize            000000018001c0f4     libcmt:winxfltr.obj
 0003:000000f8       _XcptActTabCount           000000018001c0f8     libcmt:winxfltr.obj
 0003:00000350       __clocalestr               000000018001c350     libcmt:nlsdata2.obj
 0003:00000360       __initiallocinfo           000000018001c360     libcmt:nlsdata2.obj
 0003:000004c0       __ptlocinfo                000000018001c4c0     libcmt:nlsdata2.obj
 0003:000004c8       __lc_clike                 000000018001c4c8     libcmt:nlsdata2.obj
 0003:000004d0       __initiallocalestructinfo  000000018001c4d0     libcmt:nlsdata2.obj
 0003:000004e0       __initialmbcinfo           000000018001c4e0     libcmt:mbctype.obj
 0003:00000700       _mbctype                   000000018001c700     libcmt:mbctype.obj
 0003:00000810       _mbcasemap                 000000018001c810     libcmt:mbctype.obj
 0003:00000910       __ptmbcinfo                000000018001c910     libcmt:mbctype.obj
 0003:00000cf0       _cfltcvt_tab               000000018001ccf0     libcmt:cmiscdat.obj
 0003:00000d40       __security_cookie          000000018001cd40     libcmt:gs_cookie.obj
 0003:00000d48       __security_cookie_complement 000000018001cd48     libcmt:gs_cookie.obj
 0003:00000d50       _pctype                    000000018001cd50     libcmt:ctype.obj
 0003:00000d58       _pwctype                   000000018001cd58     libcmt:ctype.obj
 0003:00000d60       __lc_time_c                000000018001cd60     libcmt:strftime.obj
 0003:00000ec8       __lc_time_curr             000000018001cec8     libcmt:strftime.obj
 0003:00000ed0       __lconv_static_decimal     000000018001ced0     libcmt:lconv.obj
 0003:00000ee0       __lconv_c                  000000018001cee0     libcmt:lconv.obj
 0003:00000f38       __lconv                    000000018001cf38     libcmt:lconv.obj
 0003:00000f40       __globallocalestatus       000000018001cf40     libcmt:glstatus.obj
 0003:00000f48       __mb_cur_max               000000018001cf48     libcmt:nlsdata1.obj
 0003:00000f4c       __decimal_point            000000018001cf4c     libcmt:nlsdata1.obj
 0003:00000f50       __decimal_point_length     000000018001cf50     libcmt:nlsdata1.obj
 0003:00000f60       __abort_behavior           000000018001cf60     libcmt:abort.obj
 0003:00000f70       _timezone                  000000018001cf70     libcmt:timeset.obj
 0003:00000f74       _daylight                  000000018001cf74     libcmt:timeset.obj
 0003:00000f78       _dstbias                   000000018001cf78     libcmt:timeset.obj
 0003:00001000       _tzname                    000000018001d000     libcmt:timeset.obj
 0003:00001030       _lpdays                    000000018001d030     libcmt:days.obj
 0003:00001068       _days                      000000018001d068     libcmt:days.obj
 0003:000010a0       ?gsHardLink@@3PA_WA        000000018001d0a0     ConEmuTh.obj
 0003:00001120       ?gsJunction@@3PA_WA        000000018001d120     ConEmuTh.obj
 0003:000011a0       ?gsSymLink@@3PA_WA         000000018001d1a0     ConEmuTh.obj
 0003:00001220       ?gsTitleThumbs@@3PA_WA     000000018001d220     ConEmuTh.obj
 0003:000012a0       ?gsTitleTiles@@3PA_WA      000000018001d2a0     ConEmuTh.obj
 0003:00001320       ?gsFolder@@3PA_WA          000000018001d320     ConEmuTh.obj
 0003:000013a0       ?gdwModes@@3PAKA           000000018001d3a0     ConEmuTh.obj
 0003:000013a8       ?ghConEmuRoot@@3PEAUHWND__@@EA 000000018001d3a8     ConEmuTh.obj
 0003:000013b0       ?gThSet@@3UPanelViewSetMapping@@A 000000018001d3b0     ConEmuTh.obj
 0003:000015c8       ?ghConEmuWnd@@3PEAUHWND__@@EA 000000018001d5c8     ConEmuTh.obj
 0003:000015d0       ?ghPluginModule@@3PEAUHINSTANCE__@@EA 000000018001d5d0     ConEmuTh.obj
 0003:000015d8       ?TerminalMode@@3HA         000000018001d5d8     ConEmuTh.obj
 0003:000015dc       ?gnSelfPID@@3KA            000000018001d5dc     ConEmuTh.obj
 0003:000015e0       ?gnMainThreadId@@3KA       000000018001d5e0     ConEmuTh.obj
 0003:000015e4       ?gnMainThreadIdInitial@@3KA 000000018001d5e4     ConEmuTh.obj
 0003:000015e8       ?ghDisplayThread@@3PEAXEA  000000018001d5e8     ConEmuTh.obj
 0003:000015f0       ?gnDisplayThreadId@@3KA    000000018001d5f0     ConEmuTh.obj
 0003:000015f4       ?gbFadeColors@@3_NA        000000018001d5f4     ConEmuTh.obj
 0003:000015f5       ?gbFarPanelsReady@@3_NA    000000018001d5f5     ConEmuTh.obj
 0003:000015f6       ?gbConsoleChangesSyncho@@3_NA 000000018001d5f6     ConEmuTh.obj
 0003:000015f7       ?gbSynchoRedrawPanelRequested@@3_NA 000000018001d5f7     ConEmuTh.obj
 0003:000015f8       ?gFarVersion@@3UFarVersion@@A 000000018001d5f8     ConEmuTh.obj
 0003:00001600       ?gfRegisterPanelView@@3P6AHPEAUPanelViewInit@@@ZEA 000000018001d600     ConEmuTh.obj
 0003:00001608       ?gfGetFarHWND2@@3P6APEAUHWND__@@H@ZEA 000000018001d608     ConEmuTh.obj
 0003:00001610       ?pviLeft@@3UCeFullPanelInfo@@A 000000018001d610     ConEmuTh.obj
 0003:000018d0       ?pviRight@@3UCeFullPanelInfo@@A 000000018001d8d0     ConEmuTh.obj
 0003:00001b90       ?gpRgnDetect@@3PEAVCRgnDetect@@EA 000000018001db90     ConEmuTh.obj
 0003:00001b98       ?gpImgCache@@3PEAVCImgCache@@EA 000000018001db98     ConEmuTh.obj
 0003:00001ba0       ?gFarInfo@@3UCEFAR_INFO_MAPPING@@A 000000018001dba0     ConEmuTh.obj
 0003:000020d8       ?gnRgnDetectFlags@@3KA     000000018001e0d8     ConEmuTh.obj
 0003:000020dc       ?gFarPanelSettings@@3UCEFarPanelSettings@@A 000000018001e0dc     ConEmuTh.obj
 0003:000020e0       ?gpLocalSecurity@@3PEAU_SECURITY_ATTRIBUTES@@EA 000000018001e0e0     ConEmuTh.obj
 0003:000020e8       ?gFarInterfaceSettings@@3UCEFarInterfaceSettings@@A 000000018001e0e8     ConEmuTh.obj
 0003:000020ec       ?gnWaitForKeySeqTick@@3KA  000000018001e0ec     ConEmuTh.obj
 0003:000020f0       ?wScanCodeUp@@3GA          000000018001e0f0     ConEmuTh.obj
 0003:000020f4       ?wScanCodeDown@@3GA        000000018001e0f4     ConEmuTh.obj
 0003:000020f8       ?gnConsoleChanges@@3KA     000000018001e0f8     ConEmuTh.obj
 0003:000020fc       ?gbInfoW_OK@@3HA           000000018001e0fc     ConEmuTh.obj
 0003:00002100       ?gpLastSynchroArg@@3PEAUConEmuThSynchroArg@@EA 000000018001e100     ConEmuTh.obj
 0003:00002108       ?gpDbgDlg@@3PEAV?$MFileMapping@Utag_DetectedDialog@@@@EA 000000018001e108     ConEmuTh.obj
 0003:00002118       ?InfoW995@@3PEAUPluginStartupInfo@@EA 000000018001e118     ConEmuTh995.obj
 0003:00002120       ?FSFW995@@3PEAUFarStandardFunctions@@EA 000000018001e120     ConEmuTh995.obj
 0003:00002340       ?InfoW1900@@3PEAUPluginStartupInfo@@EA 000000018001e340     ConEmuTh1900.obj
 0003:00002348       ?FSFW1900@@3PEAUFarStandardFunctions@@EA 000000018001e348     ConEmuTh1900.obj
 0003:00002350       ?LastIndex@?1??Color2FgIndex@Far3Color@@SAXKAEAG@Z@4HA 000000018001e350     ConEmuTh1900.obj
 0003:00002354       ?LastColor@?1??Color2FgIndex@Far3Color@@SAXKAEAG@Z@4KA 000000018001e354     ConEmuTh1900.obj
 0003:00002358       ?LastIndex@?1??Color2BgIndex@Far3Color@@SAXKHAEAG@Z@4HA 000000018001e358     ConEmuTh1900.obj
 0003:0000235c       ?LastColor@?1??Color2BgIndex@Far3Color@@SAXKHAEAG@Z@4KA 000000018001e35c     ConEmuTh1900.obj
 0003:00002570       ?InfoA@@3PEAUPluginStartupInfo@@EA 000000018001e570     ConEmuThA.obj
 0003:00002578       ?FSFA@@3PEAUFarStandardFunctions@@EA 000000018001e578     ConEmuThA.obj
 0003:00002698       ?ghCreateEvent@@3PEAXEA    000000018001e698     Display.obj
 0003:000026a0       ?gnCreateViewError@@3HA    000000018001e6a0     Display.obj
 0003:000026a4       ?gnWin32Error@@3KA         000000018001e6a4     Display.obj
 0003:000026a8       ?gbCancelAll@@3HA          000000018001e6a8     Display.obj
 0003:000026ac       ?gnConEmuFadeMsg@@3IA      000000018001e6ac     Display.obj
 0003:000026b0       ?gnConEmuSettingsMsg@@3IA  000000018001e6b0     Display.obj
 0003:000026b4       ?gnMapCoordMsg@@3IA        000000018001e6b4     Display.obj
 0003:000026b8       ?ghUpIcon@@3PEAUHICON__@@EA 000000018001e6b8     ImgCache.obj
 0003:000026c8       ?gbInCommonShutdown@@3HA   000000018001e6c8     Common.obj
 0003:000026d0       ?OnShutdownConsole@@3P6AXXZEA 000000018001e6d0     Common.obj
 0003:000026d8       ?ghHeap@@3PEAXEA           000000018001e6d8     Memory.obj
 0003:000026e0       ?gNullDesc@@3PEAVMNullDesc@@EA 000000018001e6e0     MSecurity.obj
 0003:000026e8       ?Is_Window@@3P6AHPEAUHWND__@@@ZEA 000000018001e6e8     WinObjects.obj
 0003:000026f0       ?gpConsoleInfoStr@@3PEAU_CONSOLE_INFO@@EA 000000018001e6f0     WinObjects.obj
 0003:000026f8       ?ghConsoleSection@@3PEAXEA 000000018001e6f8     WinObjects.obj
 0003:0000270c       __error_mode               000000018001e70c     libcmt:dllcrt0.obj
 0003:00002710       _aenvptr                   000000018001e710     libcmt:dllcrt0.obj
 0003:00002718       _wenvptr                   000000018001e718     libcmt:dllcrt0.obj
 0003:00002720       __app_type                 000000018001e720     libcmt:dllcrt0.obj
 0003:00002724       _maxwait                   000000018001e724     libcmt:crtheap.obj
 0003:00002728       _umaskval                  000000018001e728     libcmt:crt0dat.obj
 0003:0000272c       __argc                     000000018001e72c     libcmt:crt0dat.obj
 0003:00002730       __argv                     000000018001e730     libcmt:crt0dat.obj
 0003:00002738       __wargv                    000000018001e738     libcmt:crt0dat.obj
 0003:00002740       _environ                   000000018001e740     libcmt:crt0dat.obj
 0003:00002748       __initenv                  000000018001e748     libcmt:crt0dat.obj
 0003:00002750       _wenviron                  000000018001e750     libcmt:crt0dat.obj
 0003:00002758       __winitenv                 000000018001e758     libcmt:crt0dat.obj
 0003:00002760       _pgmptr                    000000018001e760     libcmt:crt0dat.obj
 0003:00002768       _wpgmptr                   000000018001e768     libcmt:crt0dat.obj
 0003:00002770       _exitflag                  000000018001e770     libcmt:crt0dat.obj
 0003:00002774       _C_Termination_Done        000000018001e774     libcmt:crt0dat.obj
 0003:00002778       _C_Exit_Done               000000018001e778     libcmt:crt0dat.obj
 0003:00002890       _crtheap                   000000018001e890     libcmt:heapinit.obj
 0003:00002ad0       __locale_changed           000000018001ead0     libcmt:setlocal.obj
 0003:00002ad8       __lc_handle                000000018001ead8     libcmt:nlsdata2.obj
 0003:00002af0       __lc_codepage              000000018001eaf0     libcmt:nlsdata2.obj
 0003:00002af4       __lc_collate_cp            000000018001eaf4     libcmt:nlsdata2.obj
 0003:00002b00       __mbulinfo                 000000018001eb00     libcmt:mbctype.obj
 0003:00002b0c       __mbcodepage               000000018001eb0c     libcmt:mbctype.obj
 0003:00002b10       __ismbcodepage             000000018001eb10     libcmt:mbctype.obj
 0003:00002b14       __mblcid                   000000018001eb14     libcmt:mbctype.obj
 0003:00002e38       __pInvalidArgHandler       000000018001ee38     libcmt:invarg.obj
 0003:00002e40       ?__pInconsistency@@3P6AXXZEA 000000018001ee40     libcmt:hooks.obj
 0003:00002e80       __pPurecall                000000018001ee80     libcmt:inithelp.obj
 0003:00002e90       ?_pnhHeap@@3P6AH_K@ZEA     000000018001ee90     libcmt:handler.obj
 0003:00002e98       __lconv_static_null        000000018001ee98     libcmt:lconv.obj
 0003:00002ea4       _newmode                   000000018001eea4     libcmt:_newmode.obj
 0003:00003500       _debugger_hook_dummy       000000018001f500     <common>
 0003:00003504       _nhandle                   000000018001f504     <common>
 0003:00003520       __pioinfo                  000000018001f520     <common>
 0003:00003720       __env_initialized          000000018001f720     <common>
 0003:00003728       __onexitend                000000018001f728     <common>
 0003:00003730       __onexitbegin              000000018001f730     <common>
 0003:00003738       __mbctype_initialized      000000018001f738     <common>
 0003:00003740       _FPinit                    000000018001f740     <common>
 0003:00003748       __dyn_tls_init_callback    000000018001f748     <common>
 0003:00003750       _acmdln                    000000018001f750     <common>
 0003:00003758       _pDestructExceptionObject  000000018001f758     <common>

 entry point at        0001:000102c8

 Static symbols

 0001:000000c4       ?ChangeExports@@YA_NPEBUExportFunc@@PEAUHINSTANCE__@@@Z 00000001800010c4 f   ConEmuTh.obj
 0001:00002e00       ?LoadFarSettingsW995@@YAXPEAUCEFarInterfaceSettings@@PEAUCEFarPanelSettings@@@Z 0000000180003e00 f   ConEmuTh995.obj
 0001:0000403c       ?GetFarSetting@@YAHPEAX_KPEB_W@Z 000000018000503c f   ConEmuTh1900.obj
 0001:0000408c       ?LoadFarSettingsW1900@@YAXPEAUCEFarInterfaceSettings@@PEAUCEFarPanelSettings@@@Z 000000018000508c f   ConEmuTh1900.obj
 0001:00004f28       ?LoadFarSettingsA@@YAXPEAUCEFarInterfaceSettings@@PEAUCEFarPanelSettings@@@Z 0000000180005f28 f   ConEmuThA.obj
 0001:000101b0       __DllMainCRTStartup        00000001800111b0 f   libcmt:dllcrt0.obj
 0001:00010a44       _initterm                  0000000180011a44 f   libcmt:crt0dat.obj
 0001:00010b64       doexit                     0000000180011b64 f   libcmt:crt0dat.obj
 0001:00011200       parse_cmdline              0000000180012200 f   libcmt:stdargv.obj
 0001:00011f10       _updatetlocinfoEx_nolock   0000000180012f10 f   libcmt:setlocal.obj
 0001:00011fe0       ?setSBCS@@YAXPEAUthreadmbcinfostruct@@@Z 0000000180012fe0 f   libcmt:mbctype.obj
 0001:00012074       ?setSBUpLow@@YAXPEAUthreadmbcinfostruct@@@Z 0000000180013074 f   libcmt:mbctype.obj
 0001:000123c0       ?getSystemCP@@YAHH@Z       00000001800133c0 f   libcmt:mbctype.obj
 0001:000135e8       ?x_ismbbtype_l@@YAHPEAUlocaleinfo_struct@@IHH@Z 00000001800145e8 f   libcmt:ismbbyte.obj
 0001:00013c30       ?__crtGetStringTypeA_stat@@YAHPEAUlocaleinfo_struct@@KPEBDHPEAGHHH@Z 0000000180014c30 f   libcmt:a_str.obj
 0001:00013ff8       ?__crtLCMapStringA_stat@@YAHPEAUlocaleinfo_struct@@KKPEBDHPEADHHH@Z 0000000180014ff8 f   libcmt:a_map.obj
 0001:00014ea0       ?strtoxl@@YAKPEAUlocaleinfo_struct@@PEBDPEAPEBDHH@Z 0000000180015ea0 f   libcmt:strtol.obj
 0001:000151f0       __DllMainCRTStartup$filt$0 00000001800161f0 f   libcmt:dllcrt0.obj
 0001:00015210       _IsNonwritableInCurrentImage$filt$0 0000000180016210 f   libcmt:pesect.obj
 0001:00015231       _initptd$fin$1             0000000180016231 f   libcmt:tidtable.obj
 0001:00015231       _freefls$fin$1             0000000180016231 f   libcmt:tidtable.obj
 0001:00015251       _initptd$fin$0             0000000180016251 f   libcmt:tidtable.obj
 0001:00015251       _freefls$fin$0             0000000180016251 f   libcmt:tidtable.obj
 0001:0001526a       doexit$fin$0               000000018001626a f   libcmt:crt0dat.obj
 0001:0001528c       _mtinitlocknum$fin$0       000000018001628c f   libcmt:mlock.obj
 0001:000152a8       __updatetlocinfo$fin$0     00000001800162a8 f   libcmt:setlocal.obj
 0001:000152c1       __updatetmbcinfo$fin$0     00000001800162c1 f   libcmt:mbctype.obj
 0001:000152c1       _setmbcp$fin$0             00000001800162c1 f   libcmt:mbctype.obj
 0001:000152da       _onexit$fin$0              00000001800162da f   libcmt:onexit.obj
 0001:000152ee       raise$fin$0                00000001800162ee f   libcmt:winsig.obj
 0001:0001530a       __crtInitCritSecAndSpinCount$filt$0 000000018001630a f   libcmt:initcrit.obj
