 gdi+

 Timestamp is 50638965 (Thu Sep 27 03:01:57 2012)

 Preferred load address is 0000000180000000

 Start         Length     Name                   Class
 0001:00000000 00000150H .idata$5                CODE
 0001:00000150 000008a0H .rdata                  CODE
 0001:000009f0 0000006cH .rdata$debug            CODE
 0001:00000a60 00002132H .text                   CODE
 0001:00002ba0 0000005eH .text$00                CODE
 0001:00002c00 00000208H .xdata                  CODE
 0001:00002e08 00000050H .idata$2                CODE
 0001:00002e58 00000014H .idata$3                CODE
 0001:00002e70 00000150H .idata$4                CODE
 0001:00002fc0 0000027eH .idata$6                CODE
 0001:00003240 00000092H .edata                  CODE
 0002:00000000 00000000H .data                   DATA
 0002:00000000 00000080H .bss                    DATA
 0003:00000000 000001bcH .pdata                  DATA
 0004:00000000 00000058H .rsrc$01                DATA
 0004:00000060 00000270H .rsrc$02                DATA

  Address         Publics by Value              Rva+Base               Lib:Object

 0000:00000000       ___safe_se_handler_count   0000000000000000     <absolute>
 0000:00000000       ___safe_se_handler_table   0000000000000000     <absolute>
 0000:00000000       __ImageBase                0000000180000000     <linker-defined>
 0001:00000000       __imp_SelectObject         0000000180001000     gdi32:GDI32.dll
 0001:00000008       __imp_DeleteDC             0000000180001008     gdi32:GDI32.dll
 0001:00000010       __imp_CreateSolidBrush     0000000180001010     gdi32:GDI32.dll
 0001:00000018       __imp_CreateDIBSection     0000000180001018     gdi32:GDI32.dll
 0001:00000020       __imp_CreateCompatibleDC   0000000180001020     gdi32:GDI32.dll
 0001:00000028       __imp_DeleteObject         0000000180001028     gdi32:GDI32.dll
 0001:00000030       \177GDI32_NULL_THUNK_DATA  0000000180001030     gdi32:GDI32.dll
 0001:00000038       __imp_GetLastError         0000000180001038     kernel32:KERNEL32.dll
 0001:00000040       __imp_GetProcAddress       0000000180001040     kernel32:KERNEL32.dll
 0001:00000048       __imp_LoadLibraryW         0000000180001048     kernel32:KERNEL32.dll
 0001:00000050       __imp_CloseHandle          0000000180001050     kernel32:KERNEL32.dll
 0001:00000058       __imp_TerminateThread      0000000180001058     kernel32:KERNEL32.dll
 0001:00000060       __imp_WaitForSingleObject  0000000180001060     kernel32:KERNEL32.dll
 0001:00000068       __imp_CreateThread         0000000180001068     kernel32:KERNEL32.dll
 0001:00000070       __imp_DeleteFileW          0000000180001070     kernel32:KERNEL32.dll
 0001:00000078       __imp_lstrcatW             0000000180001078     kernel32:KERNEL32.dll
 0001:00000080       __imp_lstrlenW             0000000180001080     kernel32:KERNEL32.dll
 0001:00000088       __imp_FreeLibrary          0000000180001088     kernel32:KERNEL32.dll
 0001:00000090       __imp_WriteFile            0000000180001090     kernel32:KERNEL32.dll
 0001:00000098       __imp_CreateFileW          0000000180001098     kernel32:KERNEL32.dll
 0001:000000a0       __imp_GetTempFileNameW     00000001800010a0     kernel32:KERNEL32.dll
 0001:000000a8       __imp_GetTempPathW         00000001800010a8     kernel32:KERNEL32.dll
 0001:000000b0       __imp_lstrcpynW            00000001800010b0     kernel32:KERNEL32.dll
 0001:000000b8       __imp_HeapCreate           00000001800010b8     kernel32:KERNEL32.dll
 0001:000000c0       __imp_HeapDestroy          00000001800010c0     kernel32:KERNEL32.dll
 0001:000000c8       __imp_HeapValidate         00000001800010c8     kernel32:KERNEL32.dll
 0001:000000d0       __imp_lstrlenA             00000001800010d0     kernel32:KERNEL32.dll
 0001:000000d8       __imp_GetLocalTime         00000001800010d8     kernel32:KERNEL32.dll
 0001:000000e0       __imp_SystemTimeToFileTime 00000001800010e0     kernel32:KERNEL32.dll
 0001:000000e8       __imp_HeapReAlloc          00000001800010e8     kernel32:KERNEL32.dll
 0001:000000f0       __imp_HeapAlloc            00000001800010f0     kernel32:KERNEL32.dll
 0001:000000f8       __imp_GetProcessHeap       00000001800010f8     kernel32:KERNEL32.dll
 0001:00000100       __imp_lstrcpyW             0000000180001100     kernel32:KERNEL32.dll
 0001:00000108       __imp_HeapFree             0000000180001108     kernel32:KERNEL32.dll
 0001:00000110       \177KERNEL32_NULL_THUNK_DATA 0000000180001110     kernel32:KERNEL32.dll
 0001:00000118       __imp_CharLowerBuffW       0000000180001118     user32:USER32.dll
 0001:00000120       __imp_wsprintfW            0000000180001120     user32:USER32.dll
 0001:00000128       __imp_FillRect             0000000180001128     user32:USER32.dll
 0001:00000130       \177USER32_NULL_THUNK_DATA 0000000180001130     user32:USER32.dll
 0001:00000138       __imp_CoUninitialize       0000000180001138     ole32:ole32.dll
 0001:00000140       __imp_CoInitialize         0000000180001140     ole32:ole32.dll
 0001:00000148       \177ole32_NULL_THUNK_DATA  0000000180001148     ole32:ole32.dll
 0001:00000170       FrameDimensionTime         0000000180001170     gdip.obj
 0001:00000180       FrameDimensionPage         0000000180001180     gdip.obj
 0001:00000190       ??_7MStream@@6B@           0000000180001190     gdip.obj
 0001:00000200       ??_C@_0BH@MHAPNLKM@GdipDrawImageRectRectI?$AA@ 0000000180001200     gdip.obj
 0001:00000218       ??_C@_0BD@MFGJCODH@GdipDeleteGraphics?$AA@ 0000000180001218     gdip.obj
 0001:00000230       ??_C@_0BC@PACDIGJN@GdipCreateFromHDC?$AA@ 0000000180001230     gdip.obj
 0001:00000248       ??_C@_0BG@BONHLFMI@GdipGetImageRawFormat?$AA@ 0000000180001248     gdip.obj
 0001:00000260       ??_C@_0BE@HNMMICFD@GdipImageRotateFlip?$AA@ 0000000180001260     gdip.obj
 0001:00000278       ??_C@_0BE@JLBHAGMH@GdipGetPropertyItem?$AA@ 0000000180001278     gdip.obj
 0001:00000290       ??_C@_0BI@PFDIBLKB@GdipGetPropertyItemSize?$AA@ 0000000180001290     gdip.obj
 0001:000002a8       ??_C@_0BL@FLMDGKNM@GdipImageSelectActiveFrame?$AA@ 00000001800012a8     gdip.obj
 0001:000002c8       ??_C@_0BH@PCHOHMFI@GdipImageGetFrameCount?$AA@ 00000001800012c8     gdip.obj
 0001:000002e0       ??_C@_0BB@MGCHKKMH@GdipDisposeImage?$AA@ 00000001800012e0     gdip.obj
 0001:000002f8       ??_C@_0BI@DDNLFBKI@GdipGetImagePixelFormat?$AA@ 00000001800012f8     gdip.obj
 0001:00000310       ??_C@_0BD@JIGBIPOH@GdipGetImageHeight?$AA@ 0000000180001310     gdip.obj
 0001:00000328       ??_C@_0BC@DPLNHGNM@GdipGetImageWidth?$AA@ 0000000180001328     gdip.obj
 0001:00000340       ??_C@_0BG@OPKFAGML@GdipGetImageThumbnail?$AA@ 0000000180001340     gdip.obj
 0001:00000358       ??_C@_0BJ@IPKMAACN@GdipCreateBitmapFromFile?$AA@ 0000000180001358     gdip.obj
 0001:00000378       ??_C@_0BA@OMKIAPCJ@GdiplusShutdown?$AA@ 0000000180001378     gdip.obj
 0001:00000388       ??_C@_0P@NIGHOHPH@GdiplusStartup?$AA@ 0000000180001388     gdip.obj
 0001:00000398       ??_C@_1BI@LOJECBFD@?$AAG?$AAd?$AAi?$AAP?$AAl?$AAu?$AAs?$AA?4?$AAd?$AAl?$AAl?$AA?$AA@ 0000000180001398     gdip.obj
 0001:000003b0       ??_C@_13HOIJIPNN@?$AA?5?$AA?$AA@ 00000001800013b0     gdip.obj
 0001:000003b8       ??_C@_1M@HKOFHKAI@?$AA?5?$AA?$FL?$AA?$CF?$AAi?$AA?$FN?$AA?$AA@ 00000001800013b8     gdip.obj
 0001:000003c8       ??_C@_1CA@KKEPPKFF@?$AA?$CF?$AAi?$AA?5?$AAx?$AA?5?$AA?$CF?$AAi?$AA?5?$AAx?$AA?5?$AA?$CF?$AAi?$AAb?$AAp?$AAp?$AA?$AA@ 00000001800013c8     gdip.obj
 0001:000003e8       ??_C@_19HEANOPFL@?$AAE?$AAX?$AAI?$AAF?$AA?$AA@ 00000001800013e8     gdip.obj
 0001:000003f8       ??_C@_19PNCGIGON@?$AAT?$AAI?$AAF?$AAF?$AA?$AA@ 00000001800013f8     gdip.obj
 0001:00000408       ??_C@_19JJJNAIHN@?$AAJ?$AAP?$AAE?$AAG?$AA?$AA@ 0000000180001408     gdip.obj
 0001:00000418       ??_C@_17CGDFOGLC@?$AAC?$AAE?$AAT?$AA?$AA@ 0000000180001418     gdip.obj
 0001:00000420       IID_IUnknown               0000000180001420     uuid:unknwn_i.obj
 0001:00000430       IID_AsyncIUnknown          0000000180001430     uuid:unknwn_i.obj
 0001:00000440       IID_IClassFactory          0000000180001440     uuid:unknwn_i.obj
 0001:00000450       IID_IMarshal               0000000180001450     uuid:objidl_i.obj
 0001:00000460       IID_IMarshal2              0000000180001460     uuid:objidl_i.obj
 0001:00000470       IID_IMalloc                0000000180001470     uuid:objidl_i.obj
 0001:00000480       IID_IMallocSpy             0000000180001480     uuid:objidl_i.obj
 0001:00000490       IID_IStdMarshalInfo        0000000180001490     uuid:objidl_i.obj
 0001:000004a0       IID_IExternalConnection    00000001800014a0     uuid:objidl_i.obj
 0001:000004b0       IID_IMultiQI               00000001800014b0     uuid:objidl_i.obj
 0001:000004c0       IID_AsyncIMultiQI          00000001800014c0     uuid:objidl_i.obj
 0001:000004d0       IID_IInternalUnknown       00000001800014d0     uuid:objidl_i.obj
 0001:000004e0       IID_IEnumUnknown           00000001800014e0     uuid:objidl_i.obj
 0001:000004f0       IID_IBindCtx               00000001800014f0     uuid:objidl_i.obj
 0001:00000500       IID_IEnumMoniker           0000000180001500     uuid:objidl_i.obj
 0001:00000510       IID_IRunnableObject        0000000180001510     uuid:objidl_i.obj
 0001:00000520       IID_IRunningObjectTable    0000000180001520     uuid:objidl_i.obj
 0001:00000530       IID_IPersist               0000000180001530     uuid:objidl_i.obj
 0001:00000540       IID_IPersistStream         0000000180001540     uuid:objidl_i.obj
 0001:00000550       IID_IMoniker               0000000180001550     uuid:objidl_i.obj
 0001:00000560       IID_IROTData               0000000180001560     uuid:objidl_i.obj
 0001:00000570       IID_IEnumString            0000000180001570     uuid:objidl_i.obj
 0001:00000580       IID_ISequentialStream      0000000180001580     uuid:objidl_i.obj
 0001:00000590       IID_IStream                0000000180001590     uuid:objidl_i.obj
 0001:000005a0       IID_IEnumSTATSTG           00000001800015a0     uuid:objidl_i.obj
 0001:000005b0       IID_IStorage               00000001800015b0     uuid:objidl_i.obj
 0001:000005c0       IID_IPersistFile           00000001800015c0     uuid:objidl_i.obj
 0001:000005d0       IID_IPersistStorage        00000001800015d0     uuid:objidl_i.obj
 0001:000005e0       IID_ILockBytes             00000001800015e0     uuid:objidl_i.obj
 0001:000005f0       IID_IEnumFORMATETC         00000001800015f0     uuid:objidl_i.obj
 0001:00000600       IID_IEnumSTATDATA          0000000180001600     uuid:objidl_i.obj
 0001:00000610       IID_IRootStorage           0000000180001610     uuid:objidl_i.obj
 0001:00000620       IID_IAdviseSink            0000000180001620     uuid:objidl_i.obj
 0001:00000630       IID_AsyncIAdviseSink       0000000180001630     uuid:objidl_i.obj
 0001:00000640       IID_IAdviseSink2           0000000180001640     uuid:objidl_i.obj
 0001:00000650       IID_AsyncIAdviseSink2      0000000180001650     uuid:objidl_i.obj
 0001:00000660       IID_IDataObject            0000000180001660     uuid:objidl_i.obj
 0001:00000670       IID_IDataAdviseHolder      0000000180001670     uuid:objidl_i.obj
 0001:00000680       IID_IMessageFilter         0000000180001680     uuid:objidl_i.obj
 0001:00000690       IID_IRpcChannelBuffer      0000000180001690     uuid:objidl_i.obj
 0001:000006a0       IID_IRpcChannelBuffer2     00000001800016a0     uuid:objidl_i.obj
 0001:000006b0       IID_IAsyncRpcChannelBuffer 00000001800016b0     uuid:objidl_i.obj
 0001:000006c0       IID_IRpcChannelBuffer3     00000001800016c0     uuid:objidl_i.obj
 0001:000006d0       IID_IRpcSyntaxNegotiate    00000001800016d0     uuid:objidl_i.obj
 0001:000006e0       IID_IRpcProxyBuffer        00000001800016e0     uuid:objidl_i.obj
 0001:000006f0       IID_IRpcStubBuffer         00000001800016f0     uuid:objidl_i.obj
 0001:00000700       IID_IPSFactoryBuffer       0000000180001700     uuid:objidl_i.obj
 0001:00000710       IID_IChannelHook           0000000180001710     uuid:objidl_i.obj
 0001:00000720       IID_IClientSecurity        0000000180001720     uuid:objidl_i.obj
 0001:00000730       IID_IServerSecurity        0000000180001730     uuid:objidl_i.obj
 0001:00000740       IID_IClassActivator        0000000180001740     uuid:objidl_i.obj
 0001:00000750       IID_IRpcOptions            0000000180001750     uuid:objidl_i.obj
 0001:00000760       IID_IGlobalOptions         0000000180001760     uuid:objidl_i.obj
 0001:00000770       IID_IFillLockBytes         0000000180001770     uuid:objidl_i.obj
 0001:00000780       IID_IProgressNotify        0000000180001780     uuid:objidl_i.obj
 0001:00000790       IID_ILayoutStorage         0000000180001790     uuid:objidl_i.obj
 0001:000007a0       IID_IBlockingLock          00000001800017a0     uuid:objidl_i.obj
 0001:000007b0       IID_ITimeAndNoticeControl  00000001800017b0     uuid:objidl_i.obj
 0001:000007c0       IID_IOplockStorage         00000001800017c0     uuid:objidl_i.obj
 0001:000007d0       IID_ISurrogate             00000001800017d0     uuid:objidl_i.obj
 0001:000007e0       IID_IGlobalInterfaceTable  00000001800017e0     uuid:objidl_i.obj
 0001:000007f0       IID_IDirectWriterLock      00000001800017f0     uuid:objidl_i.obj
 0001:00000800       IID_ISynchronize           0000000180001800     uuid:objidl_i.obj
 0001:00000810       IID_ISynchronizeHandle     0000000180001810     uuid:objidl_i.obj
 0001:00000820       IID_ISynchronizeEvent      0000000180001820     uuid:objidl_i.obj
 0001:00000830       IID_ISynchronizeContainer  0000000180001830     uuid:objidl_i.obj
 0001:00000840       IID_ISynchronizeMutex      0000000180001840     uuid:objidl_i.obj
 0001:00000850       IID_ICancelMethodCalls     0000000180001850     uuid:objidl_i.obj
 0001:00000860       IID_IAsyncManager          0000000180001860     uuid:objidl_i.obj
 0001:00000870       IID_ICallFactory           0000000180001870     uuid:objidl_i.obj
 0001:00000880       IID_IRpcHelper             0000000180001880     uuid:objidl_i.obj
 0001:00000890       IID_IReleaseMarshalBuffers 0000000180001890     uuid:objidl_i.obj
 0001:000008a0       IID_IWaitMultiple          00000001800018a0     uuid:objidl_i.obj
 0001:000008b0       IID_IUrlMon                00000001800018b0     uuid:objidl_i.obj
 0001:000008c0       IID_IForegroundTransfer    00000001800018c0     uuid:objidl_i.obj
 0001:000008d0       IID_IAddrTrackingControl   00000001800018d0     uuid:objidl_i.obj
 0001:000008e0       IID_IAddrExclusionControl  00000001800018e0     uuid:objidl_i.obj
 0001:000008f0       IID_IPipeByte              00000001800018f0     uuid:objidl_i.obj
 0001:00000900       IID_AsyncIPipeByte         0000000180001900     uuid:objidl_i.obj
 0001:00000910       IID_IPipeLong              0000000180001910     uuid:objidl_i.obj
 0001:00000920       IID_AsyncIPipeLong         0000000180001920     uuid:objidl_i.obj
 0001:00000930       IID_IPipeDouble            0000000180001930     uuid:objidl_i.obj
 0001:00000940       IID_AsyncIPipeDouble       0000000180001940     uuid:objidl_i.obj
 0001:00000950       IID_IThumbnailExtractor    0000000180001950     uuid:objidl_i.obj
 0001:00000960       IID_IDummyHICONIncluder    0000000180001960     uuid:objidl_i.obj
 0001:00000970       IID_IEnumContextProps      0000000180001970     uuid:objidl_i.obj
 0001:00000980       IID_IContext               0000000180001980     uuid:objidl_i.obj
 0001:00000990       IID_IObjContext            0000000180001990     uuid:objidl_i.obj
 0001:000009a0       IID_IProcessLock           00000001800019a0     uuid:objidl_i.obj
 0001:000009b0       IID_ISurrogateService      00000001800019b0     uuid:objidl_i.obj
 0001:000009c0       IID_IComThreadingInfo      00000001800019c0     uuid:objidl_i.obj
 0001:000009d0       IID_IProcessInitControl    00000001800019d0     uuid:objidl_i.obj
 0001:000009e0       IID_IInitializeSpy         00000001800019e0     uuid:objidl_i.obj
 0001:00000a60       ??0GdiplusStartupInput@Gdiplus@@QEAA@P6AXW4DebugEventLevel@1@PEAD@ZHH@Z 0000000180001a60 f i gdip.obj
 0001:00000a78       ??_H@YAXPEAX_KHP6APEAX0@Z@Z 0000000180001a78 f i gdip.obj
 0001:00000abc       ??1MStream@@QEAA@XZ        0000000180001abc f i gdip.obj
 0001:00000b14       IsEqualGUID                0000000180001b14 f i gdip.obj
 0001:00000b40       ==                         0000000180001b40 f i gdip.obj
 0001:00000b6c       ?QueryInterface@MStream@@UEAAJAEBU_GUID@@PEAPEAX@Z 0000000180001b6c f i gdip.obj
 0001:00000c0c       ?AddRef@MStream@@UEAAKXZ   0000000180001c0c f i gdip.obj
 0001:00000c1c       ?Read@MStream@@UEAAJPEAXKPEAK@Z 0000000180001c1c f i gdip.obj
 0001:00000ca4       ?Write@MStream@@UEAAJPEBXKPEAK@Z 0000000180001ca4 f i gdip.obj
 0001:00000d6c       ?Seek@MStream@@UEAAJT_LARGE_INTEGER@@KPEAT_ULARGE_INTEGER@@@Z 0000000180001d6c f i gdip.obj
 0001:00000ddc       ?SetSize@MStream@@UEAAJT_ULARGE_INTEGER@@@Z 0000000180001ddc f i gdip.obj
 0001:00000e90       ?CopyTo@MStream@@UEAAJPEAUIStream@@T_ULARGE_INTEGER@@PEAT3@2@Z 0000000180001e90 f i gdip.obj
 0001:00000e98       ?Commit@MStream@@UEAAJK@Z  0000000180001e98 f i gdip.obj
 0001:00000ea4       ?Revert@MStream@@UEAAJXZ   0000000180001ea4 f i gdip.obj
 0001:00000eac       ?LockRegion@MStream@@UEAAJT_ULARGE_INTEGER@@0K@Z 0000000180001eac f i gdip.obj
 0001:00000eb4       ?UnlockRegion@MStream@@UEAAJT_ULARGE_INTEGER@@0K@Z 0000000180001eb4 f i gdip.obj
 0001:00000ebc       ?Stat@MStream@@UEAAJPEAUtagSTATSTG@@K@Z 0000000180001ebc f i gdip.obj
 0001:00000f1c       ?Clone@MStream@@UEAAJPEAPEAUIStream@@@Z 0000000180001f1c f i gdip.obj
 0001:00000f24       ??_GMStream@@QEAAPEAXI@Z   0000000180001f24 f i gdip.obj
 0001:00000f98       ?Init@GDIPlusDecoder@@QEAA_NPEAUCET_Init@@@Z 0000000180001f98 f i gdip.obj
 0001:000012b8       ?FreeThreadProc@GDIPlusDecoder@@SAKPEAX@Z 00000001800022b8 f i gdip.obj
 0001:000012d8       ?Close@GDIPlusDecoder@@QEAAXXZ 00000001800022d8 f i gdip.obj
 0001:0000139c       ?Close@GDIPlusData@@QEAAXXZ 000000018000239c f i gdip.obj
 0001:000013ec       ?OpenBitmapFromFile@GDIPlusImage@@QEAAPEAVGpImage@Gdiplus@@PEB_WU_COORD@@@Z 00000001800023ec f i gdip.obj
 0001:00001448       ?SelectPage@GDIPlusImage@@QEAA_NI@Z 0000000180002448 f i gdip.obj
 0001:00001514       ?Close@GDIPlusImage@@QEAAXXZ 0000000180002514 f i gdip.obj
 0001:00001590       ?DrawImageAbortCallback@GDIPlusImage@@SAHPEAUGDIPlusDecoder@@@Z 0000000180002590 f i gdip.obj
 0001:0000159c       ?GetExifTagValueAsInt@GDIPlusImage@@QEAA_NKAEAH@Z 000000018000259c f i gdip.obj
 0001:0000167c       ?CalculateShowSize@GDIPlusImage@@QEAAXAEAH0000@Z 000000018000267c f i gdip.obj
 0001:00001820       ?GetPageBits@GDIPlusImage@@QEAA_NPEAUCET_LoadInfo@@@Z 0000000180002820 f i gdip.obj
 0001:00001da8       ?CET_Init@@YAHPEAU0@@Z     0000000180002da8 f   gdip.obj
 0001:00001e38       ?CET_Done@@YAXPEAUCET_Init@@@Z 0000000180002e38 f   gdip.obj
 0001:00001e60       ?CET_Free@@YAXPEAUCET_LoadInfo@@@Z 0000000180002e60 f   gdip.obj
 0001:00001f00       ?CET_Cancel@@YAXPEAX@Z     0000000180002f00 f   gdip.obj
 0001:00001f18       ?Release@MStream@@UEAAKXZ  0000000180002f18 f i gdip.obj
 0001:00001f44       ?Open@GDIPlusImage@@QEAA_N_NPEB_WPEBE_JU_COORD@@@Z 0000000180002f44 f i gdip.obj
 0001:00002344       ?CET_Load@@YAHPEAUCET_LoadInfo@@@Z 0000000180003344 f   gdip.obj
 0001:000026d4       ?HeapInitialize@@YA_NXZ    00000001800036d4 f   Memory.obj
 0001:0000270c       ?HeapDeinitialize@@YAXXZ   000000018000370c f   Memory.obj
 0001:00002730       ?xf_malloc@@YAPEAX_K@Z     0000000180003730 f   Memory.obj
 0001:00002744       ?xf_calloc@@YAPEAX_K0@Z    0000000180003744 f   Memory.obj
 0001:00002760       ?xf_realloc@@YAPEAXPEAX_K@Z 0000000180003760 f   Memory.obj
 0001:0000277c       ?xf_free@@YAXPEAX@Z        000000018000377c f   Memory.obj
 0001:000027a4       ?xf_validate@@YA_NPEAX@Z   00000001800037a4 f   Memory.obj
 0001:000027c8       ??2@YAPEAX_K@Z             00000001800037c8 f   Memory.obj
 0001:000027dc       ??_U@YAPEAX_K@Z            00000001800037dc f   Memory.obj
 0001:000027f0       ??3@YAXPEAX@Z              00000001800037f0 f   Memory.obj
 0001:000027f8       ??_V@YAXPEAX@Z             00000001800037f8 f   Memory.obj
 0001:00002800       ?StringCchCopyA@@YAJPEAD_KPEBD@Z 0000000180003800 f i Memory.obj
 0001:00002864       ?StringCchCopyW@@YAJPEA_W_KPEB_W@Z 0000000180003864 f i Memory.obj
 0001:000028d0       ?lstrdup@@YAPEADPEBD@Z     00000001800038d0 f   Memory.obj
 0001:0000296c       ?lstrdup@@YAPEA_WPEB_W@Z   000000018000396c f   Memory.obj
 0001:000029f0       memmove                    00000001800039f0 f   libCRT64:memmove.obj
 0001:00002a50       memset                     0000000180003a50 f   libCRT64:memset.obj
 0001:00002a80       wcsrchr                    0000000180003a80 f   libCRT64:strrchr.obj
 0001:00002aae       HeapFree                   0000000180003aae f   kernel32:KERNEL32.dll
 0001:00002ab4       GetProcessHeap             0000000180003ab4 f   kernel32:KERNEL32.dll
 0001:00002aba       HeapAlloc                  0000000180003aba f   kernel32:KERNEL32.dll
 0001:00002ac0       HeapReAlloc                0000000180003ac0 f   kernel32:KERNEL32.dll
 0001:00002ac6       SystemTimeToFileTime       0000000180003ac6 f   kernel32:KERNEL32.dll
 0001:00002acc       GetLocalTime               0000000180003acc f   kernel32:KERNEL32.dll
 0001:00002ad2       FreeLibrary                0000000180003ad2 f   kernel32:KERNEL32.dll
 0001:00002ad8       GetLastError               0000000180003ad8 f   kernel32:KERNEL32.dll
 0001:00002ade       GetProcAddress             0000000180003ade f   kernel32:KERNEL32.dll
 0001:00002ae4       LoadLibraryW               0000000180003ae4 f   kernel32:KERNEL32.dll
 0001:00002aea       CloseHandle                0000000180003aea f   kernel32:KERNEL32.dll
 0001:00002af0       TerminateThread            0000000180003af0 f   kernel32:KERNEL32.dll
 0001:00002af6       WaitForSingleObject        0000000180003af6 f   kernel32:KERNEL32.dll
 0001:00002afc       CreateThread               0000000180003afc f   kernel32:KERNEL32.dll
 0001:00002b02       DeleteFileW                0000000180003b02 f   kernel32:KERNEL32.dll
 0001:00002b08       lstrcatW                   0000000180003b08 f   kernel32:KERNEL32.dll
 0001:00002b0e       lstrlenW                   0000000180003b0e f   kernel32:KERNEL32.dll
 0001:00002b14       lstrcpyW                   0000000180003b14 f   kernel32:KERNEL32.dll
 0001:00002b1a       WriteFile                  0000000180003b1a f   kernel32:KERNEL32.dll
 0001:00002b20       CreateFileW                0000000180003b20 f   kernel32:KERNEL32.dll
 0001:00002b26       GetTempFileNameW           0000000180003b26 f   kernel32:KERNEL32.dll
 0001:00002b2c       GetTempPathW               0000000180003b2c f   kernel32:KERNEL32.dll
 0001:00002b32       lstrcpynW                  0000000180003b32 f   kernel32:KERNEL32.dll
 0001:00002b38       HeapCreate                 0000000180003b38 f   kernel32:KERNEL32.dll
 0001:00002b3e       HeapDestroy                0000000180003b3e f   kernel32:KERNEL32.dll
 0001:00002b44       HeapValidate               0000000180003b44 f   kernel32:KERNEL32.dll
 0001:00002b4a       lstrlenA                   0000000180003b4a f   kernel32:KERNEL32.dll
 0001:00002b50       FillRect                   0000000180003b50 f   user32:USER32.dll
 0001:00002b56       wsprintfW                  0000000180003b56 f   user32:USER32.dll
 0001:00002b5c       CharLowerBuffW             0000000180003b5c f   user32:USER32.dll
 0001:00002b62       DeleteDC                   0000000180003b62 f   gdi32:GDI32.dll
 0001:00002b68       DeleteObject               0000000180003b68 f   gdi32:GDI32.dll
 0001:00002b6e       SelectObject               0000000180003b6e f   gdi32:GDI32.dll
 0001:00002b74       CreateSolidBrush           0000000180003b74 f   gdi32:GDI32.dll
 0001:00002b7a       CreateDIBSection           0000000180003b7a f   gdi32:GDI32.dll
 0001:00002b80       CreateCompatibleDC         0000000180003b80 f   gdi32:GDI32.dll
 0001:00002b86       CoInitialize               0000000180003b86 f   ole32:ole32.dll
 0001:00002b8c       CoUninitialize             0000000180003b8c f   ole32:ole32.dll
 0001:00002bb0       __chkstk                   0000000180003bb0 f   chkstk.obj
 0001:00002bb0       _alloca_probe              0000000180003bb0     chkstk.obj
 0001:00002e08       __IMPORT_DESCRIPTOR_KERNEL32 0000000180003e08     kernel32:KERNEL32.dll
 0001:00002e1c       __IMPORT_DESCRIPTOR_USER32 0000000180003e1c     user32:USER32.dll
 0001:00002e30       __IMPORT_DESCRIPTOR_GDI32  0000000180003e30     gdi32:GDI32.dll
 0001:00002e44       __IMPORT_DESCRIPTOR_ole32  0000000180003e44     ole32:ole32.dll
 0001:00002e58       __NULL_IMPORT_DESCRIPTOR   0000000180003e58     kernel32:KERNEL32.dll
 0002:00000000       ?ghModule@@3PEAUHINSTANCE__@@EA 0000000180005000     gdip.obj
 0002:00000070       ?gnLastWin32Error@@3KA     0000000180005070     gdip.obj
 0002:00000078       ?ghHeap@@3PEAXEA           0000000180005078     Memory.obj

 entry point at        0000:00000000

 Static symbols

 0001:000025e0       ?StringValidateDestA@@YAJPEBD_K_K@Z 00000001800035e0 f   Memory.obj
 0001:000025f4       ?StringValidateDestW@@YAJPEB_W_K_K@Z 00000001800035f4 f   Memory.obj
 0001:00002608       ?StringCopyWorkerA@@YAJPEAD_KPEA_KPEBD1@Z 0000000180003608 f   Memory.obj
 0001:00002664       ?StringCopyWorkerW@@YAJPEA_W_KPEA_KPEB_W1@Z 0000000180003664 f   Memory.obj
