Archive member included because of file (symbol)

c:/mingw/bin/../lib/gcc/mingw32/4.5.2/../../../libkernel32.a(dchds00082.o)
                              ../oW/CEditorOptions.o (CloseHandle@4)
c:/mingw/bin/../lib/gcc/mingw32/4.5.2/../../../libkernel32.a(dchds00656.o)
                              ../oW/CIndicator.o (GetTickCount@0)
c:/mingw/bin/../lib/gcc/mingw32/4.5.2/../../../libkernel32.a(dchds00142.o)
                              ../oW/e_options.o (CreateFileW@28)
c:/mingw/bin/../lib/gcc/mingw32/4.5.2/../../../libkernel32.a(dchds00713.o)
                              ../oW/esc.o (HeapCreate@12)
c:/mingw/bin/../lib/gcc/mingw32/4.5.2/../../../libkernel32.a(dchds00714.o)
                              ../oW/esc.o (HeapDestroy@4)
c:/mingw/bin/../lib/gcc/mingw32/4.5.2/../../../libkernel32.a(dchds00486.o)
                              ../oW/mix.o (GetFileAttributesW@4)
c:/mingw/bin/../lib/gcc/mingw32/4.5.2/../../../libkernel32.a(dchds00510.o)
                              ../oW/mix.o (GetLastError@0)
c:/mingw/bin/../lib/gcc/mingw32/4.5.2/../../../libkernel32.a(dchds00608.o)
                              ../oW/mix.o (GetStdHandle@4)
c:/mingw/bin/../lib/gcc/mingw32/4.5.2/../../../libkernel32.a(dchds00895.o)
                              ../oW/mix.o (PeekConsoleInputW@16)
c:/mingw/bin/../lib/gcc/mingw32/4.5.2/../../../libkernel32.a(dchds00939.o)
                              ../oW/mix.o (ReadConsoleInputW@16)
c:/mingw/bin/../lib/gcc/mingw32/4.5.2/../../../libkernel32.a(dchds00311.o)
                              ../oW/mix.o (FindFirstFileW@8)
c:/mingw/bin/../lib/gcc/mingw32/4.5.2/../../../libkernel32.a(dchds00300.o)
                              ../oW/mix.o (FindClose@4)
c:/mingw/bin/../lib/gcc/mingw32/4.5.2/../../../libkernel32.a(dchds00096.o)
                              ../oW/mix.o (CompareFileTime@8)
c:/mingw/bin/../lib/gcc/mingw32/4.5.2/../../../libkernel32.a(dchds00283.o)
                              ../oW/mix.o (ExpandEnvironmentStringsW@12)
c:/mingw/bin/../lib/gcc/mingw32/4.5.2/../../../libkernel32.a(dchds00711.o)
                              ../oW/myrtl.o (HeapAlloc@12)
c:/mingw/bin/../lib/gcc/mingw32/4.5.2/../../../libkernel32.a(dchds00715.o)
                              ../oW/myrtl.o (HeapFree@12)
c:/mingw/bin/../lib/gcc/mingw32/4.5.2/../../../libkernel32.a(dchds00718.o)
                              ../oW/myrtl.o (HeapReAlloc@16)
c:/mingw/bin/../lib/gcc/mingw32/4.5.2/../../../libkernel32.a(dchds00582.o)
                              ../oW/myrtl.o (GetProcessHeap@0)
c:/mingw/bin/../lib/gcc/mingw32/4.5.2/../../../libkernel32.a(dchds01078.o)
                              ../oW/myrtl.o (SetFilePointer@16)
c:/mingw/bin/../lib/gcc/mingw32/4.5.2/../../../libkernel32.a(dchds00947.o)
                              ../oW/myrtl.o (ReadFile@20)
c:/mingw/bin/../lib/gcc/mingw32/4.5.2/../../../libkernel32.a(dchds01267.o)
                              ../oW/myrtl.o (WriteFile@20)
c:/mingw/bin/../lib/gcc/mingw32/4.5.2/../../../libkernel32.a(dchdh.o)
                              c:/mingw/bin/../lib/gcc/mingw32/4.5.2/../../../libkernel32.a(dchds00082.o) (_head_libkernel32_a)
c:/mingw/bin/../lib/gcc/mingw32/4.5.2/../../../libkernel32.a(dchdt.o)
                              c:/mingw/bin/../lib/gcc/mingw32/4.5.2/../../../libkernel32.a(dchdh.o) (_libkernel32_a_iname)
c:/mingw/bin/../lib/gcc/mingw32/4.5.2/../../../libadvapi32.a(dgxgs00391.o)
                              ../oW/SaveAndLoadConfig.o (RegCreateKeyExW@36)
c:/mingw/bin/../lib/gcc/mingw32/4.5.2/../../../libadvapi32.a(dgxgs00435.o)
                              ../oW/SaveAndLoadConfig.o (RegSetValueExW@24)
c:/mingw/bin/../lib/gcc/mingw32/4.5.2/../../../libadvapi32.a(dgxgs00386.o)
                              ../oW/SaveAndLoadConfig.o (RegCloseKey@4)
c:/mingw/bin/../lib/gcc/mingw32/4.5.2/../../../libadvapi32.a(dgxgs00414.o)
                              ../oW/SaveAndLoadConfig.o (RegOpenKeyExW@20)
c:/mingw/bin/../lib/gcc/mingw32/4.5.2/../../../libadvapi32.a(dgxgs00424.o)
                              ../oW/SaveAndLoadConfig.o (RegQueryValueExW@24)
c:/mingw/bin/../lib/gcc/mingw32/4.5.2/../../../libadvapi32.a(dgxgs00396.o)
                              ../oW/SaveAndLoadConfig.o (RegDeleteKeyW@8)
c:/mingw/bin/../lib/gcc/mingw32/4.5.2/../../../libadvapi32.a(dgxgh.o)
                              c:/mingw/bin/../lib/gcc/mingw32/4.5.2/../../../libadvapi32.a(dgxgs00391.o) (_head_libadvapi32_a)
c:/mingw/bin/../lib/gcc/mingw32/4.5.2/../../../libadvapi32.a(dgxgt.o)
                              c:/mingw/bin/../lib/gcc/mingw32/4.5.2/../../../libadvapi32.a(dgxgh.o) (_libadvapi32_a_iname)

Discarded input sections

 .text$_ZN13CRedBlackTreeI12OneUserMacroE10DeleteTreeEP5Node_IS0_E
                0x00000000       0x58 ../oW/CUserMacros.o
 .text$_ZN13CRedBlackTreeI12OneUserMacroE5EmptyEv
                0x00000000       0x2c ../oW/CUserMacros.o
 .text$_ZN5TListI18KeySequenceStorageE11removeToEndEv
                0x00000000       0x80 ../oW/e_options.o
 .text$_ZN5TListI18KeySequenceStorageE5clearEv
                0x00000000       0x28 ../oW/e_options.o
 .text$_ZN9CLockFileD1Ev
                0x00000000       0x20 ../oW/esc.o
 .text$_ZN9CLockFile2OnEPKw
                0x00000000       0x74 ../oW/esc.o
 .text$_ZN13CRedBlackTreeI12OneUserMacroE10DeleteTreeEP5Node_IS0_E
                0x00000000       0x58 ../oW/esc.o
 .text$_ZN13CRedBlackTreeI12OneUserMacroE5EmptyEv
                0x00000000       0x2c ../oW/esc.o
 .text$_ZN13CRedBlackTreeI12OneUserMacroED1Ev
                0x00000000       0x20 ../oW/esc.o
 .text$_ZN11CUserMacrosD1Ev
                0x00000000       0x28 ../oW/esc.o
 .text$_ZN5TListI18KeySequenceStorageE11removeToEndEv
                0x00000000       0x80 ../oW/esc.o
 .text$_ZN5TListI18KeySequenceStorageE5clearEv
                0x00000000       0x28 ../oW/esc.o
 .text$_ZN8NODEDATAD1Ev
                0x00000000       0xb0 ../oW/esc.o
 .text$_ZN9CLockFileD1Ev
                0x00000000       0x20 ../oW/mix.o
 .text$_ZN9CLockFile2OnEPKw
                0x00000000       0x74 ../oW/mix.o
 .text$IsCSpaceOrTab
                0x00000000       0x20 ../oW/mix.o
 .text$_ZN11ESCFileInfoC1Ev
                0x00000000       0x34 ../oW/mix.o
 .text$_ZN5TListI18KeySequenceStorageE7OneItemC1Ev
                0x00000000       0x34 ../oW/mix.o
 .text$_ZNK6TArrayI8NODEDATAE7getItemEj
                0x00000000       0x18 ../oW/mix.o
 .text$_ZN13CRedBlackTreeI12OneUserMacroE10DeleteTreeEP5Node_IS0_E
                0x00000000       0x58 ../oW/mix.o
 .text$_ZN13CRedBlackTreeI12OneUserMacroE5EmptyEv
                0x00000000       0x2c ../oW/mix.o
 .text$_ZN13CRedBlackTreeI12OneUserMacroED1Ev
                0x00000000       0x20 ../oW/mix.o
 .text$_ZN11CUserMacrosD1Ev
                0x00000000       0x28 ../oW/mix.o
 .text$_ZN5TListI18KeySequenceStorageE9push_backERKS0_
                0x00000000       0x6c ../oW/mix.o
 .text$_ZN13CRedBlackTreeI11ESCFileInfoE10DeleteTreeEP5Node_IS0_E
                0x00000000       0x58 ../oW/mix.o
 .text$_ZN13CRedBlackTreeI11ESCFileInfoE5EmptyEv
                0x00000000       0x2c ../oW/mix.o
 .text$_ZN13CRedBlackTreeI11ESCFileInfoED1Ev
                0x00000000       0x20 ../oW/mix.o
 .text$_ZN5TListI18KeySequenceStorageE11removeToEndEv
                0x00000000       0x80 ../oW/mix.o
 .text$_ZN5TListI18KeySequenceStorageE5clearEv
                0x00000000       0x28 ../oW/mix.o
 .text$_ZN8NODEDATAD1Ev
                0x00000000       0xb0 ../oW/mix.o
 .text$_ZN6TArrayI8NODEDATAE4FreeEv
                0x00000000       0x58 ../oW/mix.o
 .text$_ZN8CXMLNode4FreeEv
                0x00000000       0x48 ../oW/XMLite2.o
 .text$_ZN8CXMLNodeaSERKS_
                0x00000000       0x4c ../oW/XMLite2.o

Memory Configuration

Name             Origin             Length             Attributes
*default*        0x00000000         0xffffffff

Linker script and memory map

                0x6cf40000                __image_base__ = 0x6cf40000
                0x00000001                __dll__ = 0x1
                0x6cf40000                ___ImageBase = 0x6cf40000
                0x00001000                __section_alignment__ = 0x1000
                0x00000200                __file_alignment__ = 0x200
                0x00000004                __major_os_version__ = 0x4
                0x00000000                __minor_os_version__ = 0x0
                0x00000001                __major_image_version__ = 0x1
                0x00000000                __minor_image_version__ = 0x0
                0x00000004                __major_subsystem_version__ = 0x4
                0x00000000                __minor_subsystem_version__ = 0x0
                0x00000003                __subsystem__ = 0x3
                0x00200000                __size_of_stack_reserve__ = 0x200000
                0x00001000                __size_of_stack_commit__ = 0x1000
                0x00100000                __size_of_heap_reserve__ = 0x100000
                0x00001000                __size_of_heap_commit__ = 0x1000
                0x00000000                __loader_flags__ = 0x0
                0x00000000                __dll_characteristics__ = 0x0
LOAD ../oW/CEditorOptions.o
LOAD ../oW/CIndicator.o
LOAD ../oW/CUserMacros.o
LOAD ../oW/e_options.o
LOAD ../oW/esc.o
LOAD ../oW/KeySequenceStorage.o
LOAD ../oW/mix.o
LOAD ../oW/myrtl.o
LOAD ../oW/rbtree.o
LOAD ../oW/SaveAndLoadConfig.o
LOAD ../oW/strcon.o
LOAD ../oW/syslog.o
LOAD ../oW/TArray.o
LOAD ../oW/XMLite2.o
LOAD ../oW/hash.o
LOAD ../oW/table.o
LOAD ../oW/xmem.o
LOAD ../oW/xmlite.o
LOAD ../oW/esc.res.o
LOAD esc.dll.exp
LOAD c:/mingw/bin/../lib/gcc/mingw32/4.5.2/../../../libmingw32.a
LOAD c:/mingw/bin/../lib/gcc/mingw32/4.5.2/libgcc_eh.a
LOAD c:/mingw/bin/../lib/gcc/mingw32/4.5.2/libgcc.a
LOAD c:/mingw/bin/../lib/gcc/mingw32/4.5.2/../../../libmoldname.a
LOAD c:/mingw/bin/../lib/gcc/mingw32/4.5.2/../../../libmingwex.a
LOAD c:/mingw/bin/../lib/gcc/mingw32/4.5.2/../../../libmsvcrt.a
LOAD c:/mingw/bin/../lib/gcc/mingw32/4.5.2/../../../libuser32.a
LOAD c:/mingw/bin/../lib/gcc/mingw32/4.5.2/../../../libkernel32.a
LOAD c:/mingw/bin/../lib/gcc/mingw32/4.5.2/../../../libadvapi32.a
LOAD c:/mingw/bin/../lib/gcc/mingw32/4.5.2/../../../libshell32.a
LOAD c:/mingw/bin/../lib/gcc/mingw32/4.5.2/../../../libmingw32.a
LOAD c:/mingw/bin/../lib/gcc/mingw32/4.5.2/libgcc_eh.a
LOAD c:/mingw/bin/../lib/gcc/mingw32/4.5.2/libgcc.a
LOAD c:/mingw/bin/../lib/gcc/mingw32/4.5.2/../../../libmoldname.a
LOAD c:/mingw/bin/../lib/gcc/mingw32/4.5.2/../../../libmingwex.a
LOAD c:/mingw/bin/../lib/gcc/mingw32/4.5.2/../../../libmsvcrt.a
                0x000002b8                . = SIZEOF_HEADERS
                0x00001000                . = ALIGN (__section_alignment__)

.text           0x6cf41000     0xd200
 *(.init)
 .init          0x6cf41000        0x0 esc.dll.exp
 *(.text)
 .text          0x6cf41000      0x384 ../oW/CEditorOptions.o
                0x6cf41000                CEditorOptions::CEditorOptions(NODEDATA const&)
                0x6cf41000                CEditorOptions::CEditorOptions(NODEDATA const&)
                0x6cf41038                CEditorOptions::MakeWordDiv(bool, wchar_t const*, wchar_t*)
                0x6cf410a6                CEditorOptions::ApplyOption(EDITOR_SETPARAMETER_TYPES)
                0x6cf412da                CEditorOptions::ApplyAllOptions()
                0x6cf41378                CEditorOptions::~CEditorOptions()
                0x6cf41378                CEditorOptions::~CEditorOptions()
 .text          0x6cf41384      0x25c ../oW/CIndicator.o
                0x6cf41384                CIndicator::~CIndicator()
                0x6cf41384                CIndicator::~CIndicator()
                0x6cf41386                CIndicator::SetParams(wchar_t const*, int)
                0x6cf413a8                CIndicator::StartTimer(unsigned long)
                0x6cf41406                CIndicator::CIndicator(wchar_t const*)
                0x6cf41406                CIndicator::CIndicator(wchar_t const*)
                0x6cf41460                CIndicator::CheckTimer()
                0x6cf4148c                CIndicator::ShowProgress(int)
                0x6cf41558                CIndicator::ShowFinal()
 .text          0x6cf415e0      0x314 ../oW/CUserMacros.o
                0x6cf415e0                CUserMacros::CompEQ(OneUserMacro const&, OneUserMacro const&)@8
                0x6cf41600                CUserMacros::CompLT(OneUserMacro const&, OneUserMacro const&)@8
                0x6cf41620                CUserMacros::CUserMacros()
                0x6cf41620                CUserMacros::CUserMacros()
                0x6cf4167a                CUserMacros::Find(OneUserMacro const&)
                0x6cf416be                CUserMacros::GetMacro(UserMacroID const&, int&)
                0x6cf4170c                CUserMacros::DeleteMacro(UserMacroID const&)
                0x6cf41760                CUserMacros::InsertMacro(UserMacroID const&, wchar_t const*, bool, bool, int&, strcon&)
                0x6cf4185e                CUserMacros::operator=(CUserMacros const&)
                0x6cf41886                CUserMacros::CUserMacros(CUserMacros const&)
                0x6cf41886                CUserMacros::CUserMacros(CUserMacros const&)
 .text          0x6cf418f4      0x54c ../oW/e_options.o
                0x6cf418f4                NODEDATA::NODEDATA()
                0x6cf418f4                NODEDATA::NODEDATA()
                0x6cf41a98                NODEDATA::operator==(NODEDATA const&) const
                0x6cf41aa4                NODEDATA::operator<(NODEDATA const&) const
                0x6cf41ac6                NODEDATA::Inherit(NODEDATA&)
                0x6cf41bdc                NODEDATA::operator=(NODEDATA const&)
                0x6cf41d38                NODEDATA::NODEDATA(NODEDATA const&)
                0x6cf41d38                NODEDATA::NODEDATA(NODEDATA const&)
 .text          0x6cf41e40     0x395c ../oW/esc.o
                0x6cf41e40                CompLT(EditorSettingsStorage const&, EditorSettingsStorage const&)@8
                0x6cf41e54                CompEQ(EditorSettingsStorage const&, EditorSettingsStorage const&)@8
                0x6cf41e68                ConfigDlgProc(void*, int, int, long)@16
                0x6cf42036                ESCFICompEQ(ESCFileInfo const&, ESCFileInfo const&)@8
                0x6cf42056                ESCFICompLT(ESCFileInfo const&, ESCFileInfo const&)@8
                0x6cf420a5                DllMainCRTStartup@12
                0x6cf420ad                operator new(unsigned int)
                0x6cf420c6                operator new[](unsigned int)
                0x6cf420ce                operator new(unsigned int, void*)
                0x6cf420d3                operator delete(void*)
                0x6cf420de                operator delete[](void*)
                0x6cf420e9                SetStartupInfoW@4
                0x6cf4236d                GetPluginInfoW@4
                0x6cf423c4                CreateMultiMacroW@12
                0x6cf42474                CreateMacroW@8
                0x6cf4249c                CloneMacroW@8
                0x6cf42515                IsMacroOKW@4
                0x6cf4252b                DeleteMacroW@4
                0x6cf4255c                PostMacroW@8
                0x6cf4259e                SetEditorOptionW@12
                0x6cf42d2d                GetEditorSettingsW@12
                0x6cf43254                InitSetsTree(EditorInfo const&, wchar_t const*)
                0x6cf43376                ProcessEditorInputW@4
                0x6cf448bb                ProcessEditorEventW@8
                0x6cf44f0b                OpenPluginW@8
                0x6cf4547e                FreeMem
                0x6cf454c6                ConfigureW@4
                0x6cf4570f                ExitFARW@0
 .text          0x6cf4579c      0x27c ../oW/KeySequenceStorage.o
                0x6cf4579c                KeySequenceStorage::Free()
                0x6cf457cc                KeySequenceStorage::Init()
                0x6cf457e6                KeySequenceStorage::Copy(KeySequenceStorage const&)
                0x6cf45832                KeySequenceStorage::operator=(KeySequenceStorage const&)
                0x6cf45860                KeySequenceStorage::KeySequenceStorage(KeySequenceStorage const&)
                0x6cf45860                KeySequenceStorage::KeySequenceStorage(KeySequenceStorage const&)
                0x6cf45896                KeySequenceStorage::compile(wchar_t const*, bool, unsigned long, int, int&, strcon&)
                0x6cf4599c                KeySequenceStorage::KeySequenceStorage(wchar_t const*, bool, unsigned long, int)
                0x6cf4599c                KeySequenceStorage::KeySequenceStorage(wchar_t const*, bool, unsigned long, int)
 .text          0x6cf45a18     0x366c ../oW/mix.o
                0x6cf45a89                InitNLS
                0x6cf45ad7                FARPostMacro
                0x6cf45b2c                EditorPostMacro
                0x6cf45bc8                IsQuote
                0x6cf45c24                IsSameQuote(wchar_t const*, unsigned int, wchar_t const*, unsigned int)
                0x6cf45c81                FileExists
                0x6cf45ca8                CheckForEsc
                0x6cf45d4a                PackEOL(wchar_t const*)
                0x6cf45d7f                UnpackEOL
                0x6cf45dbb                GetMsg
                0x6cf45dda                InitDialogItems
                0x6cf45e54                FarAllInOneMessage
                0x6cf45e97                MessageFileError(wchar_t const*, wchar_t const*)
                0x6cf45f44                SetMarginOpt(CXMLNode&, NODEDATA&, int const&)
                0x6cf46098                SetOption(wchar_t const*, unsigned long&, unsigned long, int const&, int)
                0x6cf460e7                SetOption(wchar_t const*, unsigned long&, E_OPTIONS, E_OPTIONS, int const&)
                0x6cf46153                SetNumOpt(wchar_t const*, unsigned long&, unsigned long, int const&)
                0x6cf4618f                SetStrOpt(wchar_t const*, strcon&, strcon const&, int const&)
                0x6cf461d5                SetAddSymbolOpt(wchar_t const*, CXMLNode&, NODEDATA&, int const&, bool)
                0x6cf462f4                SetTabOpt(CXMLNode&, NODEDATA&, int const&)
                0x6cf463ac                InsertMacro(CXMLNode&, CUserMacros&, unsigned long, unsigned long, unsigned long, unsigned long&, bool, int, int&, strcon&)
                0x6cf464b3                SetCharCodeBaseOpt(wchar_t const*, unsigned long&, int const&)
                0x6cf46530                SetEOLOpt(wchar_t const*, unsigned long&)
                0x6cf4654f                ShowCfgError(wchar_t const*, wchar_t const*, wchar_t const*, wchar_t const*, wchar_t const*)
                0x6cf466b7                InitESPandEGS
                0x6cf466e4                KillSpaces
                0x6cf467b5                KillSpacesAndChangeEOL
                0x6cf468d5                ChangeEOL
                0x6cf46968                TruncFromRigth
                0x6cf469d1                CalcWrapPos
                0x6cf469fb                RestorePosition
                0x6cf46a4a                GetNextCoordX
                0x6cf46c32                GetPrevCoordX
                0x6cf46d30                CmpWithFileMask
                0x6cf46d6c                ApplyEditorOptions
                0x6cf46dce                ProcessKeyEnter
                0x6cf46f17                ProcessKeyDelete
                0x6cf47047                InsertAdditionalSymbol
                0x6cf4725d                FindCodeTable
                0x6cf47261                EditorUnmarkBlock
                0x6cf4728e                ChangeCoordX
                0x6cf4734d                GotoHome
                0x6cf4740f                IsFilesChanged()
                0x6cf474cf                AddMacro(CXMLNode&, NODEDATA&, int&, strcon&)
                0x6cf478cd                ParseFile(wchar_t const*, CRedBlackTree<ESCFileInfo>&, TArray<NODEDATA>&, bool)
                0x6cf48ee4                ReloadSettings
                0x6cf48f9b                TestCfgFiles
 .text          0x6cf49084      0x854 ../oW/myrtl.o
                0x6cf49084                malloc
                0x6cf490b2                realloc
                0x6cf4912b                free
                0x6cf4915a                qsort
                0x6cf49189                memcpy
                0x6cf491aa                memmove
                0x6cf4922d                memset
                0x6cf49248                wwmemset
                0x6cf49266                memcmp
                0x6cf49290                wstrchr
                0x6cf492ad                wstrncpy
                0x6cf492dd                wstrcmp
                0x6cf49303                wstrncmp
                0x6cf49338                wstrlen
                0x6cf4934f                wstrdup
                0x6cf49392                wstrrchr
                0x6cf493c4                wstrcat
                0x6cf493f0                wstrcpy
                0x6cf4940d                wstricmp
                0x6cf4942b                wstrpbrk
                0x6cf4945b                fseek
                0x6cf49490                wfopen
                0x6cf49604                ftell
                0x6cf49632                fclose
                0x6cf49653                fread
                0x6cf496b7                fwrite
                0x6cf49717                __isHex(wchar_t)
                0x6cf4973a                __CharToHex(wchar_t)
                0x6cf49772                wstrtol
                0x6cf498c1                div
 .text          0x6cf498d8        0x0 ../oW/rbtree.o
 .text          0x6cf498d8      0x528 ../oW/SaveAndLoadConfig.o
                0x6cf498d8                CreateRegKey(HKEY__*, wchar_t const*, wchar_t const*)
                0x6cf4996e                SetRegKey(HKEY__*, wchar_t const*, wchar_t const*, wchar_t const*, unsigned char const*, unsigned long)
                0x6cf499d1                SetRegKey(HKEY__*, wchar_t const*, wchar_t const*, wchar_t const*, wchar_t const*)
                0x6cf49a3e                SetRegKey(HKEY__*, wchar_t const*, wchar_t const*, wchar_t const*, unsigned long)
                0x6cf49aa1                OpenRegKey(HKEY__*, wchar_t const*, wchar_t const*)
                0x6cf49b1f                GetRegKey(HKEY__*, wchar_t const*, wchar_t const*, wchar_t const*, int&, unsigned long)
                0x6cf49ba5                GetRegKey(HKEY__*, wchar_t const*, wchar_t const*, wchar_t const*, unsigned long)
                0x6cf49be4                GetRegKey(HKEY__*, wchar_t const*, wchar_t const*, wchar_t const*, unsigned char*, unsigned char const*, unsigned long)
                0x6cf49cf8                DeleteRegKey(HKEY__*, wchar_t const*, wchar_t const*)
                0x6cf49d51                LoadGlobalConfig
                0x6cf49daa                SaveGlobalConfig
 .text          0x6cf49e00      0x388 ../oW/strcon.o
                0x6cf49e00                strcon::operator==(strcon const&) const
                0x6cf49e2e                strcon::operator==(wchar_t const*) const
                0x6cf49e5c                strcon::setLength(unsigned int)
                0x6cf49e7a                strcon::Free()
                0x6cf49ea2                strcon::setStr(wchar_t const*, int)
                0x6cf49f18                strcon::operator=(strcon const&)
                0x6cf49f46                strcon::operator=(wchar_t const*)
                0x6cf49f7e                strcon::strcon()
                0x6cf49f7e                strcon::strcon()
                0x6cf49fa8                strcon::strcon(strcon const&)
                0x6cf49fa8                strcon::strcon(strcon const&)
                0x6cf49fd4                strcon::strcon(wchar_t const*, int)
                0x6cf49fd4                strcon::strcon(wchar_t const*, int)
                0x6cf49fea                strcon::~strcon()
                0x6cf49fea                strcon::~strcon()
                0x6cf49ff6                strcon::AddStr(wchar_t const*, int)
                0x6cf4a0e8                strcon::AddChar(wchar_t)
                0x6cf4a114                strcon::AddStrings(wchar_t const*, ...)
                0x6cf4a162                strcon::AddStr(strcon const&)
 .text          0x6cf4a188        0x0 ../oW/syslog.o
 .text          0x6cf4a188        0x0 ../oW/TArray.o
 .text          0x6cf4a188       0x44 ../oW/XMLite2.o
                0x6cf4a188                CXMLQuery::Next(CXMLNode&)
 .text          0x6cf4a1cc      0x5d0 ../oW/hash.o
                0x6cf4a38b                hashNewEx
                0x6cf4a3d2                hashNew
                0x6cf4a3ed                hashFree
                0x6cf4a3ee                hashExists
                0x6cf4a411                hashDelete
                0x6cf4a4ab                hashGet
                0x6cf4a4d0                hashGetEx
                0x6cf4a500                hashGetN
                0x6cf4a557                hashEnumKey
                0x6cf4a5bb                hashKeyCount
                0x6cf4a60b                hashSet
                0x6cf4a6a2                hashAdd
                0x6cf4a71d                hashFirst
                0x6cf4a730                hashNext
 .text          0x6cf4a79c      0x414 ../oW/table.o
                0x6cf4a7e2                tableNew
                0x6cf4a81c                tableFree
                0x6cf4a81d                tableAdd
                0x6cf4a91b                tableGet
                0x6cf4a956                tableDel
                0x6cf4a9fc                tableSet
                0x6cf4ab4f                tableFirst
                0x6cf4ab61                tableNext
 .text          0x6cf4abb0      0x2a4 ../oW/xmem.o
                0x6cf4abb0                xmemNewPool
                0x6cf4abe9                xmemFreePool
                0x6cf4ac0d                xmemUsage
                0x6cf4ac22                xalloc
                0x6cf4ac81                xcalloc
                0x6cf4acac                xfree
                0x6cf4acad                xstrlen
                0x6cf4acc6                xstrdup
                0x6cf4ad07                xstrndup
                0x6cf4ad59                xstrcmp
                0x6cf4ad88                xstrncmp
                0x6cf4adc7                xstrncpy
                0x6cf4ae05                xstrcpy
                0x6cf4ae2f                xstrchr
 .text          0x6cf4ae54     0x1578 ../oW/xmlite.o
                0x6cf4b832                xmlNew
                0x6cf4b854                xmlFree
                0x6cf4b855                xmlParse
                0x6cf4bddc                xmlGetItem
                0x6cf4be59                xmlEnumNode
                0x6cf4be7c                xmlGetItemAttr
                0x6cf4bea0                xmlGetItemValue
                0x6cf4bede                xmlSetItemAttr
                0x6cf4bf41                xmlSetItemContent
                0x6cf4bfa4                xmlSaveToStream
                0x6cf4bfd6                xmlClone
                0x6cf4bffe                xmlAddItem
                0x6cf4c061                xmlCreateItem
                0x6cf4c0e3                xmlDeleteItem
                0x6cf4c186                xmlNewQuery
                0x6cf4c272                xmlResetQuery
                0x6cf4c28f                xmlFreeQuery
                0x6cf4c2db                xmlQueryNext
 .text          0x6cf4c3cc        0x0 esc.dll.exp
 .text          0x6cf4c3cc        0x8 c:/mingw/bin/../lib/gcc/mingw32/4.5.2/../../../libkernel32.a(dchds00082.o)
                0x6cf4c3cc                CloseHandle@4
 .text          0x6cf4c3d4        0x8 c:/mingw/bin/../lib/gcc/mingw32/4.5.2/../../../libkernel32.a(dchds00656.o)
                0x6cf4c3d4                GetTickCount@0
 .text          0x6cf4c3dc        0x8 c:/mingw/bin/../lib/gcc/mingw32/4.5.2/../../../libkernel32.a(dchds00142.o)
                0x6cf4c3dc                CreateFileW@28
 .text          0x6cf4c3e4        0x8 c:/mingw/bin/../lib/gcc/mingw32/4.5.2/../../../libkernel32.a(dchds00713.o)
                0x6cf4c3e4                HeapCreate@12
 .text          0x6cf4c3ec        0x8 c:/mingw/bin/../lib/gcc/mingw32/4.5.2/../../../libkernel32.a(dchds00714.o)
                0x6cf4c3ec                HeapDestroy@4
 .text          0x6cf4c3f4        0x8 c:/mingw/bin/../lib/gcc/mingw32/4.5.2/../../../libkernel32.a(dchds00486.o)
                0x6cf4c3f4                GetFileAttributesW@4
 .text          0x6cf4c3fc        0x8 c:/mingw/bin/../lib/gcc/mingw32/4.5.2/../../../libkernel32.a(dchds00510.o)
                0x6cf4c3fc                GetLastError@0
 .text          0x6cf4c404        0x8 c:/mingw/bin/../lib/gcc/mingw32/4.5.2/../../../libkernel32.a(dchds00608.o)
                0x6cf4c404                GetStdHandle@4
 .text          0x6cf4c40c        0x8 c:/mingw/bin/../lib/gcc/mingw32/4.5.2/../../../libkernel32.a(dchds00895.o)
                0x6cf4c40c                PeekConsoleInputW@16
 .text          0x6cf4c414        0x8 c:/mingw/bin/../lib/gcc/mingw32/4.5.2/../../../libkernel32.a(dchds00939.o)
                0x6cf4c414                ReadConsoleInputW@16
 .text          0x6cf4c41c        0x8 c:/mingw/bin/../lib/gcc/mingw32/4.5.2/../../../libkernel32.a(dchds00311.o)
                0x6cf4c41c                FindFirstFileW@8
 .text          0x6cf4c424        0x8 c:/mingw/bin/../lib/gcc/mingw32/4.5.2/../../../libkernel32.a(dchds00300.o)
                0x6cf4c424                FindClose@4
 .text          0x6cf4c42c        0x8 c:/mingw/bin/../lib/gcc/mingw32/4.5.2/../../../libkernel32.a(dchds00096.o)
                0x6cf4c42c                CompareFileTime@8
 .text          0x6cf4c434        0x8 c:/mingw/bin/../lib/gcc/mingw32/4.5.2/../../../libkernel32.a(dchds00283.o)
                0x6cf4c434                ExpandEnvironmentStringsW@12
 .text          0x6cf4c43c        0x8 c:/mingw/bin/../lib/gcc/mingw32/4.5.2/../../../libkernel32.a(dchds00711.o)
                0x6cf4c43c                HeapAlloc@12
 .text          0x6cf4c444        0x8 c:/mingw/bin/../lib/gcc/mingw32/4.5.2/../../../libkernel32.a(dchds00715.o)
                0x6cf4c444                HeapFree@12
 .text          0x6cf4c44c        0x8 c:/mingw/bin/../lib/gcc/mingw32/4.5.2/../../../libkernel32.a(dchds00718.o)
                0x6cf4c44c                HeapReAlloc@16
 .text          0x6cf4c454        0x8 c:/mingw/bin/../lib/gcc/mingw32/4.5.2/../../../libkernel32.a(dchds00582.o)
                0x6cf4c454                GetProcessHeap@0
 .text          0x6cf4c45c        0x8 c:/mingw/bin/../lib/gcc/mingw32/4.5.2/../../../libkernel32.a(dchds01078.o)
                0x6cf4c45c                SetFilePointer@16
 .text          0x6cf4c464        0x8 c:/mingw/bin/../lib/gcc/mingw32/4.5.2/../../../libkernel32.a(dchds00947.o)
                0x6cf4c464                ReadFile@20
 .text          0x6cf4c46c        0x8 c:/mingw/bin/../lib/gcc/mingw32/4.5.2/../../../libkernel32.a(dchds01267.o)
                0x6cf4c46c                WriteFile@20
 .text          0x6cf4c474        0x0 c:/mingw/bin/../lib/gcc/mingw32/4.5.2/../../../libkernel32.a(dchdh.o)
 .text          0x6cf4c474        0x0 c:/mingw/bin/../lib/gcc/mingw32/4.5.2/../../../libkernel32.a(dchdt.o)
 .text          0x6cf4c474        0x8 c:/mingw/bin/../lib/gcc/mingw32/4.5.2/../../../libadvapi32.a(dgxgs00391.o)
                0x6cf4c474                RegCreateKeyExW@36
 .text          0x6cf4c47c        0x8 c:/mingw/bin/../lib/gcc/mingw32/4.5.2/../../../libadvapi32.a(dgxgs00435.o)
                0x6cf4c47c                RegSetValueExW@24
 .text          0x6cf4c484        0x8 c:/mingw/bin/../lib/gcc/mingw32/4.5.2/../../../libadvapi32.a(dgxgs00386.o)
                0x6cf4c484                RegCloseKey@4
 .text          0x6cf4c48c        0x8 c:/mingw/bin/../lib/gcc/mingw32/4.5.2/../../../libadvapi32.a(dgxgs00414.o)
                0x6cf4c48c                RegOpenKeyExW@20
 .text          0x6cf4c494        0x8 c:/mingw/bin/../lib/gcc/mingw32/4.5.2/../../../libadvapi32.a(dgxgs00424.o)
                0x6cf4c494                RegQueryValueExW@24
 .text          0x6cf4c49c        0x8 c:/mingw/bin/../lib/gcc/mingw32/4.5.2/../../../libadvapi32.a(dgxgs00396.o)
                0x6cf4c49c                RegDeleteKeyW@8
 .text          0x6cf4c4a4        0x0 c:/mingw/bin/../lib/gcc/mingw32/4.5.2/../../../libadvapi32.a(dgxgh.o)
 .text          0x6cf4c4a4        0x0 c:/mingw/bin/../lib/gcc/mingw32/4.5.2/../../../libadvapi32.a(dgxgt.o)
 *(SORT(.text$*))
 .text$IsCSpaceOrTab
                0x6cf4c4a4       0x20 ../oW/esc.o
                0x6cf4c4a4                IsCSpaceOrTab
 .text$_Z17IsMinusMinusSpaceRK15EditorGetString
                0x6cf4c4c4       0x30 ../oW/mix.o
                0x6cf4c4c4                IsMinusMinusSpace(EditorGetString const&)
 .text$_ZN11CUserMacrosD1Ev
                0x6cf4c4f4       0x28 ../oW/CEditorOptions.o
                0x6cf4c4f4                CUserMacros::~CUserMacros()
 .text$_ZN11ESCFileInfoC1EPKw
                0x6cf4c51c       0x44 ../oW/mix.o
                0x6cf4c51c                ESCFileInfo::ESCFileInfo(wchar_t const*)
 .text$_ZN11ESCFileInfoC1Ev
                0x6cf4c560       0x34 ../oW/esc.o
                0x6cf4c560                ESCFileInfo::ESCFileInfo()
 .text$_ZN12OneUserMacroC1ERK11UserMacroID
                0x6cf4c594       0x48 ../oW/CUserMacros.o
                0x6cf4c594                OneUserMacro::OneUserMacro(UserMacroID const&)
 .text$_ZN12OneUserMacroC1ERKS_
                0x6cf4c5dc       0x84 ../oW/CUserMacros.o
                0x6cf4c5dc                OneUserMacro::OneUserMacro(OneUserMacro const&)
 .text$_ZN12OneUserMacroC1Ev
                0x6cf4c660       0x54 ../oW/CUserMacros.o
                0x6cf4c660                OneUserMacro::OneUserMacro()
 .text$_ZN13CRedBlackTreeI11ESCFileInfoE10DeleteTreeEP5Node_IS0_E
                0x6cf4c6b4       0x58 ../oW/esc.o
                0x6cf4c6b4                CRedBlackTree<ESCFileInfo>::DeleteTree(Node_<ESCFileInfo>*)
 .text$_ZN13CRedBlackTreeI11ESCFileInfoE10insertNodeERKS0_
                0x6cf4c70c      0x104 ../oW/mix.o
                0x6cf4c70c                CRedBlackTree<ESCFileInfo>::insertNode(ESCFileInfo const&)
 .text$_ZN13CRedBlackTreeI11ESCFileInfoE10rotateLeftEP5Node_IS0_E
                0x6cf4c810       0x4c ../oW/mix.o
                0x6cf4c810                CRedBlackTree<ESCFileInfo>::rotateLeft(Node_<ESCFileInfo>*)
 .text$_ZN13CRedBlackTreeI11ESCFileInfoE11insertFixupEP5Node_IS0_E
                0x6cf4c85c       0xd0 ../oW/mix.o
                0x6cf4c85c                CRedBlackTree<ESCFileInfo>::insertFixup(Node_<ESCFileInfo>*)
 .text$_ZN13CRedBlackTreeI11ESCFileInfoE11rotateRightEP5Node_IS0_E
                0x6cf4c92c       0x4c ../oW/mix.o
                0x6cf4c92c                CRedBlackTree<ESCFileInfo>::rotateRight(Node_<ESCFileInfo>*)
 .text$_ZN13CRedBlackTreeI11ESCFileInfoE15internalGetNextEPK5Node_IS0_E
                0x6cf4c978       0x68 ../oW/mix.o
                0x6cf4c978                CRedBlackTree<ESCFileInfo>::internalGetNext(Node_<ESCFileInfo> const*)
 .text$_ZN13CRedBlackTreeI11ESCFileInfoE5EmptyEv
                0x6cf4c9e0       0x2c ../oW/esc.o
                0x6cf4c9e0                CRedBlackTree<ESCFileInfo>::Empty()
 .text$_ZN13CRedBlackTreeI11ESCFileInfoE5FirstEv
                0x6cf4ca0c       0x20 ../oW/mix.o
                0x6cf4ca0c                CRedBlackTree<ESCFileInfo>::First()
 .text$_ZN13CRedBlackTreeI11ESCFileInfoE7GetNextEv
                0x6cf4ca2c       0x1c ../oW/mix.o
                0x6cf4ca2c                CRedBlackTree<ESCFileInfo>::GetNext()
 .text$_ZN13CRedBlackTreeI11ESCFileInfoE8findNodeERKS0_
                0x6cf4ca48       0x5c ../oW/mix.o
                0x6cf4ca48                CRedBlackTree<ESCFileInfo>::findNode(ESCFileInfo const&)
 .text$_ZN13CRedBlackTreeI11ESCFileInfoED1Ev
                0x6cf4caa4       0x20 ../oW/esc.o
                0x6cf4caa4                CRedBlackTree<ESCFileInfo>::~CRedBlackTree()
 .text$_ZN13CRedBlackTreeI12OneUserMacroE10DeleteTreeEP5Node_IS0_E
                0x6cf4cac4       0x58 ../oW/CEditorOptions.o
                0x6cf4cac4                CRedBlackTree<OneUserMacro>::DeleteTree(Node_<OneUserMacro>*)
 .text$_ZN13CRedBlackTreeI12OneUserMacroE10deleteNodeEP5Node_IS0_E
                0x6cf4cb1c       0xbc ../oW/CUserMacros.o
                0x6cf4cb1c                CRedBlackTree<OneUserMacro>::deleteNode(Node_<OneUserMacro>*)
 .text$_ZN13CRedBlackTreeI12OneUserMacroE10insertNodeERKS0_
                0x6cf4cbd8      0x10c ../oW/CUserMacros.o
                0x6cf4cbd8                CRedBlackTree<OneUserMacro>::insertNode(OneUserMacro const&)
 .text$_ZN13CRedBlackTreeI12OneUserMacroE10rotateLeftEP5Node_IS0_E
                0x6cf4cce4       0x4c ../oW/CUserMacros.o
                0x6cf4cce4                CRedBlackTree<OneUserMacro>::rotateLeft(Node_<OneUserMacro>*)
 .text$_ZN13CRedBlackTreeI12OneUserMacroE11deleteFixupEP5Node_IS0_E
                0x6cf4cd30      0x164 ../oW/CUserMacros.o
                0x6cf4cd30                CRedBlackTree<OneUserMacro>::deleteFixup(Node_<OneUserMacro>*)
 .text$_ZN13CRedBlackTreeI12OneUserMacroE11insertFixupEP5Node_IS0_E
                0x6cf4ce94       0xd0 ../oW/CUserMacros.o
                0x6cf4ce94                CRedBlackTree<OneUserMacro>::insertFixup(Node_<OneUserMacro>*)
 .text$_ZN13CRedBlackTreeI12OneUserMacroE11rotateRightEP5Node_IS0_E
                0x6cf4cf64       0x4c ../oW/CUserMacros.o
                0x6cf4cf64                CRedBlackTree<OneUserMacro>::rotateRight(Node_<OneUserMacro>*)
 .text$_ZN13CRedBlackTreeI12OneUserMacroE15internalGetNextEPK5Node_IS0_E
                0x6cf4cfb0       0x68 ../oW/CUserMacros.o
                0x6cf4cfb0                CRedBlackTree<OneUserMacro>::internalGetNext(Node_<OneUserMacro> const*)
 .text$_ZN13CRedBlackTreeI12OneUserMacroE5EmptyEv
                0x6cf4d018       0x2c ../oW/CEditorOptions.o
                0x6cf4d018                CRedBlackTree<OneUserMacro>::Empty()
 .text$_ZN13CRedBlackTreeI12OneUserMacroE8findNodeERKS0_
                0x6cf4d044       0x5c ../oW/CUserMacros.o
                0x6cf4d044                CRedBlackTree<OneUserMacro>::findNode(OneUserMacro const&)
 .text$_ZN13CRedBlackTreeI12OneUserMacroED1Ev
                0x6cf4d0a0       0x20 ../oW/CEditorOptions.o
                0x6cf4d0a0                CRedBlackTree<OneUserMacro>::~CRedBlackTree()
 .text$_ZN13CRedBlackTreeI12OneUserMacroEaSERKS1_
                0x6cf4d0c0       0x74 ../oW/CUserMacros.o
                0x6cf4d0c0                CRedBlackTree<OneUserMacro>::operator=(CRedBlackTree<OneUserMacro> const&)
 .text$_ZN13CRedBlackTreeI21EditorSettingsStorageE10DeleteTreeEP5Node_IS0_E
                0x6cf4d134       0x58 ../oW/esc.o
                0x6cf4d134                CRedBlackTree<EditorSettingsStorage>::DeleteTree(Node_<EditorSettingsStorage>*)
 .text$_ZN13CRedBlackTreeI21EditorSettingsStorageE10deleteNodeEP5Node_IS0_E
                0x6cf4d18c       0xa4 ../oW/esc.o
                0x6cf4d18c                CRedBlackTree<EditorSettingsStorage>::deleteNode(Node_<EditorSettingsStorage>*)
 .text$_ZN13CRedBlackTreeI21EditorSettingsStorageE10insertNodeERKS0_
                0x6cf4d230       0xf0 ../oW/esc.o
                0x6cf4d230                CRedBlackTree<EditorSettingsStorage>::insertNode(EditorSettingsStorage const&)
 .text$_ZN13CRedBlackTreeI21EditorSettingsStorageE10rotateLeftEP5Node_IS0_E
                0x6cf4d320       0x4c ../oW/esc.o
                0x6cf4d320                CRedBlackTree<EditorSettingsStorage>::rotateLeft(Node_<EditorSettingsStorage>*)
 .text$_ZN13CRedBlackTreeI21EditorSettingsStorageE11deleteFixupEP5Node_IS0_E
                0x6cf4d36c      0x168 ../oW/esc.o
                0x6cf4d36c                CRedBlackTree<EditorSettingsStorage>::deleteFixup(Node_<EditorSettingsStorage>*)
 .text$_ZN13CRedBlackTreeI21EditorSettingsStorageE11insertFixupEP5Node_IS0_E
                0x6cf4d4d4       0xd4 ../oW/esc.o
                0x6cf4d4d4                CRedBlackTree<EditorSettingsStorage>::insertFixup(Node_<EditorSettingsStorage>*)
 .text$_ZN13CRedBlackTreeI21EditorSettingsStorageE11rotateRightEP5Node_IS0_E
                0x6cf4d5a8       0x50 ../oW/esc.o
                0x6cf4d5a8                CRedBlackTree<EditorSettingsStorage>::rotateRight(Node_<EditorSettingsStorage>*)
 .text$_ZN13CRedBlackTreeI21EditorSettingsStorageE5EmptyEv
                0x6cf4d5f8       0x34 ../oW/esc.o
                0x6cf4d5f8                CRedBlackTree<EditorSettingsStorage>::Empty()
 .text$_ZN13CRedBlackTreeI21EditorSettingsStorageE8findNodeERKS0_
                0x6cf4d62c       0x64 ../oW/esc.o
                0x6cf4d62c                CRedBlackTree<EditorSettingsStorage>::findNode(EditorSettingsStorage const&)
 .text$_ZN13CRedBlackTreeI21EditorSettingsStorageED1Ev
                0x6cf4d690       0x20 ../oW/esc.o
                0x6cf4d690                CRedBlackTree<EditorSettingsStorage>::~CRedBlackTree()
 .text$_ZN21EditorSettingsStorageaSERKS_
                0x6cf4d6b0       0x34 ../oW/esc.o
                0x6cf4d6b0                EditorSettingsStorage::operator=(EditorSettingsStorage const&)
 .text$_ZN5TListI18KeySequenceStorageE11removeToEndEv
                0x6cf4d6e4       0x80 ../oW/CEditorOptions.o
                0x6cf4d6e4                TList<KeySequenceStorage>::removeToEnd()
 .text$_ZN5TListI18KeySequenceStorageE5clearEv
                0x6cf4d764       0x28 ../oW/CEditorOptions.o
                0x6cf4d764                TList<KeySequenceStorage>::clear()
 .text$_ZN5TListI18KeySequenceStorageE6insertERKS0_
                0x6cf4d78c       0x80 ../oW/mix.o
                0x6cf4d78c                TList<KeySequenceStorage>::insert(KeySequenceStorage const&)
 .text$_ZN5TListI18KeySequenceStorageE7OneItemC1Ev
                0x6cf4d80c       0x34 ../oW/e_options.o
                0x6cf4d80c                TList<KeySequenceStorage>::OneItem::OneItem()
 .text$_ZN5TListI18KeySequenceStorageE9push_backERKS0_
                0x6cf4d840       0x6c ../oW/e_options.o
                0x6cf4d840                TList<KeySequenceStorage>::push_back(KeySequenceStorage const&)
 .text$_ZN5TListI18KeySequenceStorageEaSERKS1_
                0x6cf4d8ac       0x64 ../oW/e_options.o
                0x6cf4d8ac                TList<KeySequenceStorage>::operator=(TList<KeySequenceStorage> const&)
 .text$_ZN6TArrayI8NODEDATAE10deleteItemEj
                0x6cf4d910       0x44 ../oW/mix.o
                0x6cf4d910                TArray<NODEDATA>::deleteItem(unsigned int)
 .text$_ZN6TArrayI8NODEDATAE4FreeEv
                0x6cf4d954       0x58 ../oW/esc.o
                0x6cf4d954                TArray<NODEDATA>::Free()
 .text$_ZN6TArrayI8NODEDATAE7addItemERKS0_
                0x6cf4d9ac       0x24 ../oW/mix.o
                0x6cf4d9ac                TArray<NODEDATA>::addItem(NODEDATA const&)
 .text$_ZN6TArrayI8NODEDATAE7setItemEjRKS0_
                0x6cf4d9d0       0x7c ../oW/mix.o
                0x6cf4d9d0                TArray<NODEDATA>::setItem(unsigned int, NODEDATA const&)
 .text$_ZN6TArrayI8NODEDATAE7setSizeEj
                0x6cf4da4c      0x108 ../oW/mix.o
                0x6cf4da4c                TArray<NODEDATA>::setSize(unsigned int)
 .text$_ZN6TArrayI8NODEDATAE8getIndexERKS0_i
                0x6cf4db54       0x5c ../oW/mix.o
                0x6cf4db54                TArray<NODEDATA>::getIndex(NODEDATA const&, int)
 .text$_ZN8CXMLNode4FreeEv
                0x6cf4dbb0       0x48 ../oW/mix.o
                0x6cf4dbb0                CXMLNode::Free()
 .text$_ZN8CXMLNode7GetItemEPKw
                0x6cf4dbf8       0x50 ../oW/mix.o
                0x6cf4dbf8                CXMLNode::GetItem(wchar_t const*)
 .text$_ZN8CXMLNode9ParseFileEPKw
                0x6cf4dc48      0x110 ../oW/mix.o
                0x6cf4dc48                CXMLNode::ParseFile(wchar_t const*)
 .text$_ZN8CXMLNodeD0Ev
                0x6cf4dd58       0x24 ../oW/mix.o
                0x6cf4dd58                CXMLNode::~CXMLNode()
 .text$_ZN8CXMLNodeD1Ev
                0x6cf4dd7c       0x18 ../oW/mix.o
                0x6cf4dd7c                CXMLNode::~CXMLNode()
 .text$_ZN8CXMLNodeaSERKS_
                0x6cf4dd94       0x34 ../oW/mix.o
                0x6cf4dd94                CXMLNode::operator=(CXMLNode const&)
 .text$_ZN8NODEDATAD1Ev
                0x6cf4ddc8       0xb0 ../oW/CEditorOptions.o
                0x6cf4ddc8                NODEDATA::~NODEDATA()
 .text$_ZN9CLockFile2OnEPKw
                0x6cf4de78       0x84 ../oW/e_options.o
                0x6cf4de78                CLockFile::On(wchar_t const*)
 .text$_ZN9CLockFile2OnEv
                0x6cf4defc       0x20 ../oW/esc.o
                0x6cf4defc                CLockFile::On()
 .text$_ZN9CLockFileC1EPKw
                0x6cf4df1c       0x30 ../oW/e_options.o
                0x6cf4df1c                CLockFile::CLockFile(wchar_t const*)
 .text$_ZN9CLockFileD1Ev
                0x6cf4df4c       0x30 ../oW/CEditorOptions.o
                0x6cf4df4c                CLockFile::~CLockFile()
 .text$_ZN9CLockFileaSERKS_
                0x6cf4df7c       0x40 ../oW/e_options.o
                0x6cf4df7c                CLockFile::operator=(CLockFile const&)
 .text$_ZNK11UserMacroIDeqERKS_
                0x6cf4dfbc       0x2c ../oW/CUserMacros.o
                0x6cf4dfbc                UserMacroID::operator==(UserMacroID const&) const
 .text$_ZNK11UserMacroIDltERKS_
                0x6cf4dfe8       0x2c ../oW/CUserMacros.o
                0x6cf4dfe8                UserMacroID::operator<(UserMacroID const&) const
 .text$_ZNK6TArrayI8NODEDATAE7getItemEj
                0x6cf4e014       0x18 ../oW/esc.o
                0x6cf4e014                TArray<NODEDATA>::getItem(unsigned int) const
 *(.text.*)
 *(.glue_7t)
 *(.glue_7)
                0x6cf4e02c                ___CTOR_LIST__ = .
                0x6cf4e02c                __CTOR_LIST__ = .
                0x6cf4e02c        0x4 LONG 0xffffffff
 *(.ctors)
 *(.ctor)
 *(SORT(.ctors.*))
                0x6cf4e030        0x4 LONG 0x0
                0x6cf4e034                ___DTOR_LIST__ = .
                0x6cf4e034                __DTOR_LIST__ = .
                0x6cf4e034        0x4 LONG 0xffffffff
 *(.dtors)
 *(.dtor)
 *(SORT(.dtors.*))
                0x6cf4e038        0x4 LONG 0x0
 *(.fini)
 *(.gcc_exc)
                0x6cf4e03c                PROVIDE (etext, .)
 *(.gcc_except_table)

.data           0x6cf4f000      0x200
                0x6cf4f000                __data_start__ = .
 *(.data)
 .data          0x6cf4f000        0x0 ../oW/CEditorOptions.o
 .data          0x6cf4f000        0x0 ../oW/CIndicator.o
 .data          0x6cf4f000        0x0 ../oW/CUserMacros.o
 .data          0x6cf4f000        0x0 ../oW/e_options.o
 .data          0x6cf4f000      0x154 ../oW/esc.o
                0x6cf4f000                IsOldFar
                0x6cf4f004                XMLStr
 .data          0x6cf4f154        0x0 ../oW/KeySequenceStorage.o
 .data          0x6cf4f154        0x0 ../oW/mix.o
 .data          0x6cf4f154        0x0 ../oW/myrtl.o
 .data          0x6cf4f154        0x0 ../oW/rbtree.o
 .data          0x6cf4f154        0x8 ../oW/SaveAndLoadConfig.o
                0x6cf4f154                REGStrSSS
                0x6cf4f158                REGStrOptions
 .data          0x6cf4f15c        0x0 ../oW/strcon.o
 .data          0x6cf4f15c        0x0 ../oW/syslog.o
 .data          0x6cf4f15c        0x0 ../oW/TArray.o
 .data          0x6cf4f15c        0x0 ../oW/XMLite2.o
 .data          0x6cf4f15c        0x0 ../oW/hash.o
 .data          0x6cf4f15c        0x0 ../oW/table.o
 .data          0x6cf4f15c        0x0 ../oW/xmem.o
 .data          0x6cf4f15c        0x0 ../oW/xmlite.o
 .data          0x6cf4f15c        0x0 esc.dll.exp
 .data          0x6cf4f15c        0x0 c:/mingw/bin/../lib/gcc/mingw32/4.5.2/../../../libkernel32.a(dchds00082.o)
 .data          0x6cf4f15c        0x0 c:/mingw/bin/../lib/gcc/mingw32/4.5.2/../../../libkernel32.a(dchds00656.o)
 .data          0x6cf4f15c        0x0 c:/mingw/bin/../lib/gcc/mingw32/4.5.2/../../../libkernel32.a(dchds00142.o)
 .data          0x6cf4f15c        0x0 c:/mingw/bin/../lib/gcc/mingw32/4.5.2/../../../libkernel32.a(dchds00713.o)
 .data          0x6cf4f15c        0x0 c:/mingw/bin/../lib/gcc/mingw32/4.5.2/../../../libkernel32.a(dchds00714.o)
 .data          0x6cf4f15c        0x0 c:/mingw/bin/../lib/gcc/mingw32/4.5.2/../../../libkernel32.a(dchds00486.o)
 .data          0x6cf4f15c        0x0 c:/mingw/bin/../lib/gcc/mingw32/4.5.2/../../../libkernel32.a(dchds00510.o)
 .data          0x6cf4f15c        0x0 c:/mingw/bin/../lib/gcc/mingw32/4.5.2/../../../libkernel32.a(dchds00608.o)
 .data          0x6cf4f15c        0x0 c:/mingw/bin/../lib/gcc/mingw32/4.5.2/../../../libkernel32.a(dchds00895.o)
 .data          0x6cf4f15c        0x0 c:/mingw/bin/../lib/gcc/mingw32/4.5.2/../../../libkernel32.a(dchds00939.o)
 .data          0x6cf4f15c        0x0 c:/mingw/bin/../lib/gcc/mingw32/4.5.2/../../../libkernel32.a(dchds00311.o)
 .data          0x6cf4f15c        0x0 c:/mingw/bin/../lib/gcc/mingw32/4.5.2/../../../libkernel32.a(dchds00300.o)
 .data          0x6cf4f15c        0x0 c:/mingw/bin/../lib/gcc/mingw32/4.5.2/../../../libkernel32.a(dchds00096.o)
 .data          0x6cf4f15c        0x0 c:/mingw/bin/../lib/gcc/mingw32/4.5.2/../../../libkernel32.a(dchds00283.o)
 .data          0x6cf4f15c        0x0 c:/mingw/bin/../lib/gcc/mingw32/4.5.2/../../../libkernel32.a(dchds00711.o)
 .data          0x6cf4f15c        0x0 c:/mingw/bin/../lib/gcc/mingw32/4.5.2/../../../libkernel32.a(dchds00715.o)
 .data          0x6cf4f15c        0x0 c:/mingw/bin/../lib/gcc/mingw32/4.5.2/../../../libkernel32.a(dchds00718.o)
 .data          0x6cf4f15c        0x0 c:/mingw/bin/../lib/gcc/mingw32/4.5.2/../../../libkernel32.a(dchds00582.o)
 .data          0x6cf4f15c        0x0 c:/mingw/bin/../lib/gcc/mingw32/4.5.2/../../../libkernel32.a(dchds01078.o)
 .data          0x6cf4f15c        0x0 c:/mingw/bin/../lib/gcc/mingw32/4.5.2/../../../libkernel32.a(dchds00947.o)
 .data          0x6cf4f15c        0x0 c:/mingw/bin/../lib/gcc/mingw32/4.5.2/../../../libkernel32.a(dchds01267.o)
 .data          0x6cf4f15c        0x0 c:/mingw/bin/../lib/gcc/mingw32/4.5.2/../../../libkernel32.a(dchdh.o)
 .data          0x6cf4f15c        0x0 c:/mingw/bin/../lib/gcc/mingw32/4.5.2/../../../libkernel32.a(dchdt.o)
 .data          0x6cf4f15c        0x0 c:/mingw/bin/../lib/gcc/mingw32/4.5.2/../../../libadvapi32.a(dgxgs00391.o)
 .data          0x6cf4f15c        0x0 c:/mingw/bin/../lib/gcc/mingw32/4.5.2/../../../libadvapi32.a(dgxgs00435.o)
 .data          0x6cf4f15c        0x0 c:/mingw/bin/../lib/gcc/mingw32/4.5.2/../../../libadvapi32.a(dgxgs00386.o)
 .data          0x6cf4f15c        0x0 c:/mingw/bin/../lib/gcc/mingw32/4.5.2/../../../libadvapi32.a(dgxgs00414.o)
 .data          0x6cf4f15c        0x0 c:/mingw/bin/../lib/gcc/mingw32/4.5.2/../../../libadvapi32.a(dgxgs00424.o)
 .data          0x6cf4f15c        0x0 c:/mingw/bin/../lib/gcc/mingw32/4.5.2/../../../libadvapi32.a(dgxgs00396.o)
 .data          0x6cf4f15c        0x0 c:/mingw/bin/../lib/gcc/mingw32/4.5.2/../../../libadvapi32.a(dgxgh.o)
 .data          0x6cf4f15c        0x0 c:/mingw/bin/../lib/gcc/mingw32/4.5.2/../../../libadvapi32.a(dgxgt.o)
 *(.data2)
 *(SORT(.data$*))
 .data$_ZZN8CXMLNode4AttrEPKwE5empty
                0x6cf4f15c        0x4 ../oW/mix.o
                0x6cf4f15c                CXMLNode::Attr(wchar_t const*)::empty
 *(.jcr)
                0x6cf4f160                __data_end__ = .
 *(.data_cygwin_nocopy)

.rdata          0x6cf50000      0xe00
 *(.rdata)
 .rdata         0x6cf50000       0x30 ../oW/CEditorOptions.o
 .rdata         0x6cf50030        0x4 ../oW/CIndicator.o
 .rdata         0x6cf50034        0x4 ../oW/e_options.o
 .rdata         0x6cf50038      0x70c ../oW/esc.o
 .rdata         0x6cf50744        0x4 ../oW/KeySequenceStorage.o
 .rdata         0x6cf50748       0x28 ../oW/mix.o
                0x6cf5076c                maxTabSize
 .rdata         0x6cf50770        0x8 ../oW/myrtl.o
 .rdata         0x6cf50778       0x24 ../oW/SaveAndLoadConfig.o
 .rdata         0x6cf5079c        0x4 ../oW/strcon.o
 .rdata         0x6cf507a0      0x4dc ../oW/xmlite.o
 *(SORT(.rdata$*))
 *fill*         0x6cf50c7c        0x4 00
 .rdata$_ZTV8CXMLNode
                0x6cf50c80       0x10 ../oW/mix.o
                0x6cf50c80                vtable for CXMLNode
                0x6cf50c90                __rt_psrelocs_start = .
 *(.rdata_runtime_pseudo_reloc)
                0x6cf50c90                __rt_psrelocs_end = .
                0x00000000                __rt_psrelocs_size = (__rt_psrelocs_end - __rt_psrelocs_start)
                0x6cf50c90                ___RUNTIME_PSEUDO_RELOC_LIST_END__ = .
                0x6cf50c90                __RUNTIME_PSEUDO_RELOC_LIST_END__ = .
                0x6cf50c90                ___RUNTIME_PSEUDO_RELOC_LIST__ = (. - __rt_psrelocs_size)
                0x6cf50c90                __RUNTIME_PSEUDO_RELOC_LIST__ = (. - __rt_psrelocs_size)

.eh_frame
 *(.eh_frame)

.pdata
 *(.pdata)

.bss            0x6cf51000      0xd2c
                0x6cf51000                __bss_start__ = .
 *(.bss)
 .bss           0x6cf51000      0x200 ../oW/CEditorOptions.o
 .bss           0x6cf51200        0x0 ../oW/CIndicator.o
 .bss           0x6cf51200        0x0 ../oW/CUserMacros.o
 .bss           0x6cf51200        0x0 ../oW/e_options.o
 .bss           0x6cf51200      0x6e0 ../oW/esc.o
                0x6cf51200                Info
                0x6cf51284                FSF
                0x6cf51368                PluginRootKey
                0x6cf51570                XMLFilePath
                0x6cf51778                XMLLoadedOK
                0x6cf5177c                Opt
                0x6cf51788                NodeData
                0x6cf5178c                ESETStorage
                0x6cf51790                FileInfoTree
                0x6cf51794                ei
                0x6cf517ec                egs
                0x6cf51804                esp
                0x6cf5181c                ess
                0x6cf5182c                nlsSpace
                0x6cf5182e                nlsTab
                0x6cf51830                nlsQuoteSym
                0x6cf51832                nlsMinus
                0x6cf51834                nlsStopChars
                0x6cf51838                nlsStop
                0x6cf518b8                EditorControl
                0x6cf518bc                FarMessage
                0x6cf518c0                TruncPathStr
                0x6cf518c4                ModuleNumber
 .bss           0x6cf518e0        0x0 ../oW/KeySequenceStorage.o
 .bss           0x6cf518e0       0x48 ../oW/mix.o
                0x6cf518e0                Size
                0x6cf518e4                prc_Minuses
                0x6cf518e8                GLOBAL_EOL
 .bss           0x6cf51928        0x4 ../oW/myrtl.o
                0x6cf51928                heapNew_ESC
 .bss           0x6cf5192c        0x0 ../oW/rbtree.o
 .bss           0x6cf5192c      0x400 ../oW/SaveAndLoadConfig.o
                0x6cf5192c                REGFullKeyName
 .bss           0x6cf51d2c        0x0 ../oW/strcon.o
 .bss           0x6cf51d2c        0x0 ../oW/syslog.o
 .bss           0x6cf51d2c        0x0 ../oW/TArray.o
 .bss           0x6cf51d2c        0x0 ../oW/XMLite2.o
 .bss           0x6cf51d2c        0x0 ../oW/hash.o
 .bss           0x6cf51d2c        0x0 ../oW/table.o
 .bss           0x6cf51d2c        0x0 ../oW/xmem.o
 .bss           0x6cf51d2c        0x0 ../oW/xmlite.o
 .bss           0x6cf51d2c        0x0 esc.dll.exp
 .bss           0x6cf51d2c        0x0 c:/mingw/bin/../lib/gcc/mingw32/4.5.2/../../../libkernel32.a(dchds00082.o)
 .bss           0x6cf51d2c        0x0 c:/mingw/bin/../lib/gcc/mingw32/4.5.2/../../../libkernel32.a(dchds00656.o)
 .bss           0x6cf51d2c        0x0 c:/mingw/bin/../lib/gcc/mingw32/4.5.2/../../../libkernel32.a(dchds00142.o)
 .bss           0x6cf51d2c        0x0 c:/mingw/bin/../lib/gcc/mingw32/4.5.2/../../../libkernel32.a(dchds00713.o)
 .bss           0x6cf51d2c        0x0 c:/mingw/bin/../lib/gcc/mingw32/4.5.2/../../../libkernel32.a(dchds00714.o)
 .bss           0x6cf51d2c        0x0 c:/mingw/bin/../lib/gcc/mingw32/4.5.2/../../../libkernel32.a(dchds00486.o)
 .bss           0x6cf51d2c        0x0 c:/mingw/bin/../lib/gcc/mingw32/4.5.2/../../../libkernel32.a(dchds00510.o)
 .bss           0x6cf51d2c        0x0 c:/mingw/bin/../lib/gcc/mingw32/4.5.2/../../../libkernel32.a(dchds00608.o)
 .bss           0x6cf51d2c        0x0 c:/mingw/bin/../lib/gcc/mingw32/4.5.2/../../../libkernel32.a(dchds00895.o)
 .bss           0x6cf51d2c        0x0 c:/mingw/bin/../lib/gcc/mingw32/4.5.2/../../../libkernel32.a(dchds00939.o)
 .bss           0x6cf51d2c        0x0 c:/mingw/bin/../lib/gcc/mingw32/4.5.2/../../../libkernel32.a(dchds00311.o)
 .bss           0x6cf51d2c        0x0 c:/mingw/bin/../lib/gcc/mingw32/4.5.2/../../../libkernel32.a(dchds00300.o)
 .bss           0x6cf51d2c        0x0 c:/mingw/bin/../lib/gcc/mingw32/4.5.2/../../../libkernel32.a(dchds00096.o)
 .bss           0x6cf51d2c        0x0 c:/mingw/bin/../lib/gcc/mingw32/4.5.2/../../../libkernel32.a(dchds00283.o)
 .bss           0x6cf51d2c        0x0 c:/mingw/bin/../lib/gcc/mingw32/4.5.2/../../../libkernel32.a(dchds00711.o)
 .bss           0x6cf51d2c        0x0 c:/mingw/bin/../lib/gcc/mingw32/4.5.2/../../../libkernel32.a(dchds00715.o)
 .bss           0x6cf51d2c        0x0 c:/mingw/bin/../lib/gcc/mingw32/4.5.2/../../../libkernel32.a(dchds00718.o)
 .bss           0x6cf51d2c        0x0 c:/mingw/bin/../lib/gcc/mingw32/4.5.2/../../../libkernel32.a(dchds00582.o)
 .bss           0x6cf51d2c        0x0 c:/mingw/bin/../lib/gcc/mingw32/4.5.2/../../../libkernel32.a(dchds01078.o)
 .bss           0x6cf51d2c        0x0 c:/mingw/bin/../lib/gcc/mingw32/4.5.2/../../../libkernel32.a(dchds00947.o)
 .bss           0x6cf51d2c        0x0 c:/mingw/bin/../lib/gcc/mingw32/4.5.2/../../../libkernel32.a(dchds01267.o)
 .bss           0x6cf51d2c        0x0 c:/mingw/bin/../lib/gcc/mingw32/4.5.2/../../../libkernel32.a(dchdh.o)
 .bss           0x6cf51d2c        0x0 c:/mingw/bin/../lib/gcc/mingw32/4.5.2/../../../libkernel32.a(dchdt.o)
 .bss           0x6cf51d2c        0x0 c:/mingw/bin/../lib/gcc/mingw32/4.5.2/../../../libadvapi32.a(dgxgs00391.o)
 .bss           0x6cf51d2c        0x0 c:/mingw/bin/../lib/gcc/mingw32/4.5.2/../../../libadvapi32.a(dgxgs00435.o)
 .bss           0x6cf51d2c        0x0 c:/mingw/bin/../lib/gcc/mingw32/4.5.2/../../../libadvapi32.a(dgxgs00386.o)
 .bss           0x6cf51d2c        0x0 c:/mingw/bin/../lib/gcc/mingw32/4.5.2/../../../libadvapi32.a(dgxgs00414.o)
 .bss           0x6cf51d2c        0x0 c:/mingw/bin/../lib/gcc/mingw32/4.5.2/../../../libadvapi32.a(dgxgs00424.o)
 .bss           0x6cf51d2c        0x0 c:/mingw/bin/../lib/gcc/mingw32/4.5.2/../../../libadvapi32.a(dgxgs00396.o)
 .bss           0x6cf51d2c        0x0 c:/mingw/bin/../lib/gcc/mingw32/4.5.2/../../../libadvapi32.a(dgxgh.o)
 .bss           0x6cf51d2c        0x0 c:/mingw/bin/../lib/gcc/mingw32/4.5.2/../../../libadvapi32.a(dgxgt.o)
 *(COMMON)
                0x6cf51d2c                __bss_end__ = .

.edata          0x6cf52000      0x200
 *(.edata)
 .edata         0x6cf52000      0x184 esc.dll.exp

/DISCARD/
 *(.debug$S)
 *(.debug$T)
 *(.debug$F)
 *(.drectve)
 *(.note.GNU-stack)
 *(.gnu.lto_*)

.idata          0x6cf53000      0x400
 SORT(*)(.idata$2)
 .idata$2       0x6cf53000       0x14 c:/mingw/bin/../lib/gcc/mingw32/4.5.2/../../../libadvapi32.a(dgxgh.o)
                0x6cf53000                _head_libadvapi32_a
 .idata$2       0x6cf53014       0x14 c:/mingw/bin/../lib/gcc/mingw32/4.5.2/../../../libkernel32.a(dchdh.o)
                0x6cf53014                _head_libkernel32_a
 SORT(*)(.idata$3)
                0x6cf53028        0x4 LONG 0x0
                0x6cf5302c        0x4 LONG 0x0
                0x6cf53030        0x4 LONG 0x0
                0x6cf53034        0x4 LONG 0x0
                0x6cf53038        0x4 LONG 0x0
 SORT(*)(.idata$4)
 .idata$4       0x6cf5303c        0x0 c:/mingw/bin/../lib/gcc/mingw32/4.5.2/../../../libadvapi32.a(dgxgh.o)
 .idata$4       0x6cf5303c        0x4 c:/mingw/bin/../lib/gcc/mingw32/4.5.2/../../../libadvapi32.a(dgxgs00386.o)
 .idata$4       0x6cf53040        0x4 c:/mingw/bin/../lib/gcc/mingw32/4.5.2/../../../libadvapi32.a(dgxgs00391.o)
 .idata$4       0x6cf53044        0x4 c:/mingw/bin/../lib/gcc/mingw32/4.5.2/../../../libadvapi32.a(dgxgs00396.o)
 .idata$4       0x6cf53048        0x4 c:/mingw/bin/../lib/gcc/mingw32/4.5.2/../../../libadvapi32.a(dgxgs00414.o)
 .idata$4       0x6cf5304c        0x4 c:/mingw/bin/../lib/gcc/mingw32/4.5.2/../../../libadvapi32.a(dgxgs00424.o)
 .idata$4       0x6cf53050        0x4 c:/mingw/bin/../lib/gcc/mingw32/4.5.2/../../../libadvapi32.a(dgxgs00435.o)
 .idata$4       0x6cf53054        0x4 c:/mingw/bin/../lib/gcc/mingw32/4.5.2/../../../libadvapi32.a(dgxgt.o)
 .idata$4       0x6cf53058        0x0 c:/mingw/bin/../lib/gcc/mingw32/4.5.2/../../../libkernel32.a(dchdh.o)
 .idata$4       0x6cf53058        0x4 c:/mingw/bin/../lib/gcc/mingw32/4.5.2/../../../libkernel32.a(dchds00082.o)
 .idata$4       0x6cf5305c        0x4 c:/mingw/bin/../lib/gcc/mingw32/4.5.2/../../../libkernel32.a(dchds00096.o)
 .idata$4       0x6cf53060        0x4 c:/mingw/bin/../lib/gcc/mingw32/4.5.2/../../../libkernel32.a(dchds00142.o)
 .idata$4       0x6cf53064        0x4 c:/mingw/bin/../lib/gcc/mingw32/4.5.2/../../../libkernel32.a(dchds00283.o)
 .idata$4       0x6cf53068        0x4 c:/mingw/bin/../lib/gcc/mingw32/4.5.2/../../../libkernel32.a(dchds00300.o)
 .idata$4       0x6cf5306c        0x4 c:/mingw/bin/../lib/gcc/mingw32/4.5.2/../../../libkernel32.a(dchds00311.o)
 .idata$4       0x6cf53070        0x4 c:/mingw/bin/../lib/gcc/mingw32/4.5.2/../../../libkernel32.a(dchds00486.o)
 .idata$4       0x6cf53074        0x4 c:/mingw/bin/../lib/gcc/mingw32/4.5.2/../../../libkernel32.a(dchds00510.o)
 .idata$4       0x6cf53078        0x4 c:/mingw/bin/../lib/gcc/mingw32/4.5.2/../../../libkernel32.a(dchds00582.o)
 .idata$4       0x6cf5307c        0x4 c:/mingw/bin/../lib/gcc/mingw32/4.5.2/../../../libkernel32.a(dchds00608.o)
 .idata$4       0x6cf53080        0x4 c:/mingw/bin/../lib/gcc/mingw32/4.5.2/../../../libkernel32.a(dchds00656.o)
 .idata$4       0x6cf53084        0x4 c:/mingw/bin/../lib/gcc/mingw32/4.5.2/../../../libkernel32.a(dchds00711.o)
 .idata$4       0x6cf53088        0x4 c:/mingw/bin/../lib/gcc/mingw32/4.5.2/../../../libkernel32.a(dchds00713.o)
 .idata$4       0x6cf5308c        0x4 c:/mingw/bin/../lib/gcc/mingw32/4.5.2/../../../libkernel32.a(dchds00714.o)
 .idata$4       0x6cf53090        0x4 c:/mingw/bin/../lib/gcc/mingw32/4.5.2/../../../libkernel32.a(dchds00715.o)
 .idata$4       0x6cf53094        0x4 c:/mingw/bin/../lib/gcc/mingw32/4.5.2/../../../libkernel32.a(dchds00718.o)
 .idata$4       0x6cf53098        0x4 c:/mingw/bin/../lib/gcc/mingw32/4.5.2/../../../libkernel32.a(dchds00895.o)
 .idata$4       0x6cf5309c        0x4 c:/mingw/bin/../lib/gcc/mingw32/4.5.2/../../../libkernel32.a(dchds00939.o)
 .idata$4       0x6cf530a0        0x4 c:/mingw/bin/../lib/gcc/mingw32/4.5.2/../../../libkernel32.a(dchds00947.o)
 .idata$4       0x6cf530a4        0x4 c:/mingw/bin/../lib/gcc/mingw32/4.5.2/../../../libkernel32.a(dchds01078.o)
 .idata$4       0x6cf530a8        0x4 c:/mingw/bin/../lib/gcc/mingw32/4.5.2/../../../libkernel32.a(dchds01267.o)
 .idata$4       0x6cf530ac        0x4 c:/mingw/bin/../lib/gcc/mingw32/4.5.2/../../../libkernel32.a(dchdt.o)
                0x6cf530b0                __IAT_start__ = .
 SORT(*)(.idata$5)
 .idata$5       0x6cf530b0        0x0 c:/mingw/bin/../lib/gcc/mingw32/4.5.2/../../../libadvapi32.a(dgxgh.o)
 .idata$5       0x6cf530b0        0x4 c:/mingw/bin/../lib/gcc/mingw32/4.5.2/../../../libadvapi32.a(dgxgs00386.o)
                0x6cf530b0                _imp__RegCloseKey@4
 .idata$5       0x6cf530b4        0x4 c:/mingw/bin/../lib/gcc/mingw32/4.5.2/../../../libadvapi32.a(dgxgs00391.o)
                0x6cf530b4                _imp__RegCreateKeyExW@36
 .idata$5       0x6cf530b8        0x4 c:/mingw/bin/../lib/gcc/mingw32/4.5.2/../../../libadvapi32.a(dgxgs00396.o)
                0x6cf530b8                _imp__RegDeleteKeyW@8
 .idata$5       0x6cf530bc        0x4 c:/mingw/bin/../lib/gcc/mingw32/4.5.2/../../../libadvapi32.a(dgxgs00414.o)
                0x6cf530bc                _imp__RegOpenKeyExW@20
 .idata$5       0x6cf530c0        0x4 c:/mingw/bin/../lib/gcc/mingw32/4.5.2/../../../libadvapi32.a(dgxgs00424.o)
                0x6cf530c0                _imp__RegQueryValueExW@24
 .idata$5       0x6cf530c4        0x4 c:/mingw/bin/../lib/gcc/mingw32/4.5.2/../../../libadvapi32.a(dgxgs00435.o)
                0x6cf530c4                _imp__RegSetValueExW@24
 .idata$5       0x6cf530c8        0x4 c:/mingw/bin/../lib/gcc/mingw32/4.5.2/../../../libadvapi32.a(dgxgt.o)
 .idata$5       0x6cf530cc        0x0 c:/mingw/bin/../lib/gcc/mingw32/4.5.2/../../../libkernel32.a(dchdh.o)
 .idata$5       0x6cf530cc        0x4 c:/mingw/bin/../lib/gcc/mingw32/4.5.2/../../../libkernel32.a(dchds00082.o)
                0x6cf530cc                _imp__CloseHandle@4
 .idata$5       0x6cf530d0        0x4 c:/mingw/bin/../lib/gcc/mingw32/4.5.2/../../../libkernel32.a(dchds00096.o)
                0x6cf530d0                _imp__CompareFileTime@8
 .idata$5       0x6cf530d4        0x4 c:/mingw/bin/../lib/gcc/mingw32/4.5.2/../../../libkernel32.a(dchds00142.o)
                0x6cf530d4                _imp__CreateFileW@28
 .idata$5       0x6cf530d8        0x4 c:/mingw/bin/../lib/gcc/mingw32/4.5.2/../../../libkernel32.a(dchds00283.o)
                0x6cf530d8                _imp__ExpandEnvironmentStringsW@12
 .idata$5       0x6cf530dc        0x4 c:/mingw/bin/../lib/gcc/mingw32/4.5.2/../../../libkernel32.a(dchds00300.o)
                0x6cf530dc                _imp__FindClose@4
 .idata$5       0x6cf530e0        0x4 c:/mingw/bin/../lib/gcc/mingw32/4.5.2/../../../libkernel32.a(dchds00311.o)
                0x6cf530e0                _imp__FindFirstFileW@8
 .idata$5       0x6cf530e4        0x4 c:/mingw/bin/../lib/gcc/mingw32/4.5.2/../../../libkernel32.a(dchds00486.o)
                0x6cf530e4                _imp__GetFileAttributesW@4
 .idata$5       0x6cf530e8        0x4 c:/mingw/bin/../lib/gcc/mingw32/4.5.2/../../../libkernel32.a(dchds00510.o)
                0x6cf530e8                _imp__GetLastError@0
 .idata$5       0x6cf530ec        0x4 c:/mingw/bin/../lib/gcc/mingw32/4.5.2/../../../libkernel32.a(dchds00582.o)
                0x6cf530ec                _imp__GetProcessHeap@0
 .idata$5       0x6cf530f0        0x4 c:/mingw/bin/../lib/gcc/mingw32/4.5.2/../../../libkernel32.a(dchds00608.o)
                0x6cf530f0                _imp__GetStdHandle@4
 .idata$5       0x6cf530f4        0x4 c:/mingw/bin/../lib/gcc/mingw32/4.5.2/../../../libkernel32.a(dchds00656.o)
                0x6cf530f4                _imp__GetTickCount@0
 .idata$5       0x6cf530f8        0x4 c:/mingw/bin/../lib/gcc/mingw32/4.5.2/../../../libkernel32.a(dchds00711.o)
                0x6cf530f8                _imp__HeapAlloc@12
 .idata$5       0x6cf530fc        0x4 c:/mingw/bin/../lib/gcc/mingw32/4.5.2/../../../libkernel32.a(dchds00713.o)
                0x6cf530fc                _imp__HeapCreate@12
 .idata$5       0x6cf53100        0x4 c:/mingw/bin/../lib/gcc/mingw32/4.5.2/../../../libkernel32.a(dchds00714.o)
                0x6cf53100                _imp__HeapDestroy@4
 .idata$5       0x6cf53104        0x4 c:/mingw/bin/../lib/gcc/mingw32/4.5.2/../../../libkernel32.a(dchds00715.o)
                0x6cf53104                _imp__HeapFree@12
 .idata$5       0x6cf53108        0x4 c:/mingw/bin/../lib/gcc/mingw32/4.5.2/../../../libkernel32.a(dchds00718.o)
                0x6cf53108                _imp__HeapReAlloc@16
 .idata$5       0x6cf5310c        0x4 c:/mingw/bin/../lib/gcc/mingw32/4.5.2/../../../libkernel32.a(dchds00895.o)
                0x6cf5310c                _imp__PeekConsoleInputW@16
 .idata$5       0x6cf53110        0x4 c:/mingw/bin/../lib/gcc/mingw32/4.5.2/../../../libkernel32.a(dchds00939.o)
                0x6cf53110                _imp__ReadConsoleInputW@16
 .idata$5       0x6cf53114        0x4 c:/mingw/bin/../lib/gcc/mingw32/4.5.2/../../../libkernel32.a(dchds00947.o)
                0x6cf53114                _imp__ReadFile@20
 .idata$5       0x6cf53118        0x4 c:/mingw/bin/../lib/gcc/mingw32/4.5.2/../../../libkernel32.a(dchds01078.o)
                0x6cf53118                _imp__SetFilePointer@16
 .idata$5       0x6cf5311c        0x4 c:/mingw/bin/../lib/gcc/mingw32/4.5.2/../../../libkernel32.a(dchds01267.o)
                0x6cf5311c                _imp__WriteFile@20
 .idata$5       0x6cf53120        0x4 c:/mingw/bin/../lib/gcc/mingw32/4.5.2/../../../libkernel32.a(dchdt.o)
                0x6cf53124                __IAT_end__ = .
 SORT(*)(.idata$6)
 .idata$6       0x6cf53124        0xe c:/mingw/bin/../lib/gcc/mingw32/4.5.2/../../../libadvapi32.a(dgxgs00386.o)
 .idata$6       0x6cf53132       0x12 c:/mingw/bin/../lib/gcc/mingw32/4.5.2/../../../libadvapi32.a(dgxgs00391.o)
 .idata$6       0x6cf53144       0x10 c:/mingw/bin/../lib/gcc/mingw32/4.5.2/../../../libadvapi32.a(dgxgs00396.o)
 .idata$6       0x6cf53154       0x10 c:/mingw/bin/../lib/gcc/mingw32/4.5.2/../../../libadvapi32.a(dgxgs00414.o)
 .idata$6       0x6cf53164       0x14 c:/mingw/bin/../lib/gcc/mingw32/4.5.2/../../../libadvapi32.a(dgxgs00424.o)
 .idata$6       0x6cf53178       0x12 c:/mingw/bin/../lib/gcc/mingw32/4.5.2/../../../libadvapi32.a(dgxgs00435.o)
 .idata$6       0x6cf5318a        0xe c:/mingw/bin/../lib/gcc/mingw32/4.5.2/../../../libkernel32.a(dchds00082.o)
 .idata$6       0x6cf53198       0x12 c:/mingw/bin/../lib/gcc/mingw32/4.5.2/../../../libkernel32.a(dchds00096.o)
 .idata$6       0x6cf531aa        0xe c:/mingw/bin/../lib/gcc/mingw32/4.5.2/../../../libkernel32.a(dchds00142.o)
 .idata$6       0x6cf531b8       0x1c c:/mingw/bin/../lib/gcc/mingw32/4.5.2/../../../libkernel32.a(dchds00283.o)
 .idata$6       0x6cf531d4        0xc c:/mingw/bin/../lib/gcc/mingw32/4.5.2/../../../libkernel32.a(dchds00300.o)
 .idata$6       0x6cf531e0       0x12 c:/mingw/bin/../lib/gcc/mingw32/4.5.2/../../../libkernel32.a(dchds00311.o)
 .idata$6       0x6cf531f2       0x16 c:/mingw/bin/../lib/gcc/mingw32/4.5.2/../../../libkernel32.a(dchds00486.o)
 .idata$6       0x6cf53208       0x10 c:/mingw/bin/../lib/gcc/mingw32/4.5.2/../../../libkernel32.a(dchds00510.o)
 .idata$6       0x6cf53218       0x12 c:/mingw/bin/../lib/gcc/mingw32/4.5.2/../../../libkernel32.a(dchds00582.o)
 .idata$6       0x6cf5322a       0x10 c:/mingw/bin/../lib/gcc/mingw32/4.5.2/../../../libkernel32.a(dchds00608.o)
 .idata$6       0x6cf5323a       0x10 c:/mingw/bin/../lib/gcc/mingw32/4.5.2/../../../libkernel32.a(dchds00656.o)
 .idata$6       0x6cf5324a        0xc c:/mingw/bin/../lib/gcc/mingw32/4.5.2/../../../libkernel32.a(dchds00711.o)
 .idata$6       0x6cf53256        0xe c:/mingw/bin/../lib/gcc/mingw32/4.5.2/../../../libkernel32.a(dchds00713.o)
 .idata$6       0x6cf53264        0xe c:/mingw/bin/../lib/gcc/mingw32/4.5.2/../../../libkernel32.a(dchds00714.o)
 .idata$6       0x6cf53272        0xc c:/mingw/bin/../lib/gcc/mingw32/4.5.2/../../../libkernel32.a(dchds00715.o)
 .idata$6       0x6cf5327e        0xe c:/mingw/bin/../lib/gcc/mingw32/4.5.2/../../../libkernel32.a(dchds00718.o)
 .idata$6       0x6cf5328c       0x14 c:/mingw/bin/../lib/gcc/mingw32/4.5.2/../../../libkernel32.a(dchds00895.o)
 .idata$6       0x6cf532a0       0x14 c:/mingw/bin/../lib/gcc/mingw32/4.5.2/../../../libkernel32.a(dchds00939.o)
 .idata$6       0x6cf532b4        0xc c:/mingw/bin/../lib/gcc/mingw32/4.5.2/../../../libkernel32.a(dchds00947.o)
 .idata$6       0x6cf532c0       0x12 c:/mingw/bin/../lib/gcc/mingw32/4.5.2/../../../libkernel32.a(dchds01078.o)
 .idata$6       0x6cf532d2        0xc c:/mingw/bin/../lib/gcc/mingw32/4.5.2/../../../libkernel32.a(dchds01267.o)
 SORT(*)(.idata$7)
 *fill*         0x6cf532de        0x2 00
 .idata$7       0x6cf532e0        0x4 c:/mingw/bin/../lib/gcc/mingw32/4.5.2/../../../libadvapi32.a(dgxgs00386.o)
 .idata$7       0x6cf532e4        0x4 c:/mingw/bin/../lib/gcc/mingw32/4.5.2/../../../libadvapi32.a(dgxgs00391.o)
 .idata$7       0x6cf532e8        0x4 c:/mingw/bin/../lib/gcc/mingw32/4.5.2/../../../libadvapi32.a(dgxgs00396.o)
 .idata$7       0x6cf532ec        0x4 c:/mingw/bin/../lib/gcc/mingw32/4.5.2/../../../libadvapi32.a(dgxgs00414.o)
 .idata$7       0x6cf532f0        0x4 c:/mingw/bin/../lib/gcc/mingw32/4.5.2/../../../libadvapi32.a(dgxgs00424.o)
 .idata$7       0x6cf532f4        0x4 c:/mingw/bin/../lib/gcc/mingw32/4.5.2/../../../libadvapi32.a(dgxgs00435.o)
 .idata$7       0x6cf532f8       0x10 c:/mingw/bin/../lib/gcc/mingw32/4.5.2/../../../libadvapi32.a(dgxgt.o)
                0x6cf532f8                _libadvapi32_a_iname
 .idata$7       0x6cf53308        0x4 c:/mingw/bin/../lib/gcc/mingw32/4.5.2/../../../libkernel32.a(dchds00082.o)
 .idata$7       0x6cf5330c        0x4 c:/mingw/bin/../lib/gcc/mingw32/4.5.2/../../../libkernel32.a(dchds00096.o)
 .idata$7       0x6cf53310        0x4 c:/mingw/bin/../lib/gcc/mingw32/4.5.2/../../../libkernel32.a(dchds00142.o)
 .idata$7       0x6cf53314        0x4 c:/mingw/bin/../lib/gcc/mingw32/4.5.2/../../../libkernel32.a(dchds00283.o)
 .idata$7       0x6cf53318        0x4 c:/mingw/bin/../lib/gcc/mingw32/4.5.2/../../../libkernel32.a(dchds00300.o)
 .idata$7       0x6cf5331c        0x4 c:/mingw/bin/../lib/gcc/mingw32/4.5.2/../../../libkernel32.a(dchds00311.o)
 .idata$7       0x6cf53320        0x4 c:/mingw/bin/../lib/gcc/mingw32/4.5.2/../../../libkernel32.a(dchds00486.o)
 .idata$7       0x6cf53324        0x4 c:/mingw/bin/../lib/gcc/mingw32/4.5.2/../../../libkernel32.a(dchds00510.o)
 .idata$7       0x6cf53328        0x4 c:/mingw/bin/../lib/gcc/mingw32/4.5.2/../../../libkernel32.a(dchds00582.o)
 .idata$7       0x6cf5332c        0x4 c:/mingw/bin/../lib/gcc/mingw32/4.5.2/../../../libkernel32.a(dchds00608.o)
 .idata$7       0x6cf53330        0x4 c:/mingw/bin/../lib/gcc/mingw32/4.5.2/../../../libkernel32.a(dchds00656.o)
 .idata$7       0x6cf53334        0x4 c:/mingw/bin/../lib/gcc/mingw32/4.5.2/../../../libkernel32.a(dchds00711.o)
 .idata$7       0x6cf53338        0x4 c:/mingw/bin/../lib/gcc/mingw32/4.5.2/../../../libkernel32.a(dchds00713.o)
 .idata$7       0x6cf5333c        0x4 c:/mingw/bin/../lib/gcc/mingw32/4.5.2/../../../libkernel32.a(dchds00714.o)
 .idata$7       0x6cf53340        0x4 c:/mingw/bin/../lib/gcc/mingw32/4.5.2/../../../libkernel32.a(dchds00715.o)
 .idata$7       0x6cf53344        0x4 c:/mingw/bin/../lib/gcc/mingw32/4.5.2/../../../libkernel32.a(dchds00718.o)
 .idata$7       0x6cf53348        0x4 c:/mingw/bin/../lib/gcc/mingw32/4.5.2/../../../libkernel32.a(dchds00895.o)
 .idata$7       0x6cf5334c        0x4 c:/mingw/bin/../lib/gcc/mingw32/4.5.2/../../../libkernel32.a(dchds00939.o)
 .idata$7       0x6cf53350        0x4 c:/mingw/bin/../lib/gcc/mingw32/4.5.2/../../../libkernel32.a(dchds00947.o)
 .idata$7       0x6cf53354        0x4 c:/mingw/bin/../lib/gcc/mingw32/4.5.2/../../../libkernel32.a(dchds01078.o)
 .idata$7       0x6cf53358        0x4 c:/mingw/bin/../lib/gcc/mingw32/4.5.2/../../../libkernel32.a(dchds01267.o)
 .idata$7       0x6cf5335c       0x10 c:/mingw/bin/../lib/gcc/mingw32/4.5.2/../../../libkernel32.a(dchdt.o)
                0x6cf5335c                _libkernel32_a_iname

.CRT            0x6cf54000        0x0
                0x6cf54000                ___crt_xc_start__ = .
 *(SORT(.CRT$XC*))
                0x6cf54000                ___crt_xc_end__ = .
                0x6cf54000                ___crt_xi_start__ = .
 *(SORT(.CRT$XI*))
                0x6cf54000                ___crt_xi_end__ = .
                0x6cf54000                ___crt_xl_start__ = .
 *(SORT(.CRT$XL*))
                0x6cf54000                ___crt_xp_start__ = .
 *(SORT(.CRT$XP*))
                0x6cf54000                ___crt_xp_end__ = .
                0x6cf54000                ___crt_xt_start__ = .
 *(SORT(.CRT$XT*))
                0x6cf54000                ___crt_xt_end__ = .

.tls            0x6cf54000        0x0
                0x6cf54000                ___tls_start__ = .
 *(.tls)
 *(.tls$)
 *(SORT(.tls$*))
                0x6cf54000                ___tls_end__ = .

.endjunk        0x6cf54000        0x0
                0x6cf54000                PROVIDE (end, .)
                0x6cf54000                PROVIDE (_end, .)
                0x6cf54000                __end__ = .

.rsrc           0x6cf54000      0x600
 *(.rsrc)
 .rsrc          0x6cf54000      0x424 ../oW/esc.res.o
 *(SORT(.rsrc$*))

.reloc          0x6cf55000      0xa00
 *(.reloc)
 .reloc         0x6cf55000      0x8f8 esc.dll.exp

.stab
 *(.stab)

.stabstr
 *(.stabstr)

.debug_aranges
 *(.debug_aranges)

.debug_pubnames
 *(.debug_pubnames)

.debug_pubtypes
 *(.debug_pubtypes)

.debug_info
 *(.debug_info)
 *(.gnu.linkonce.wi.*)

.debug_abbrev
 *(.debug_abbrev)

.debug_line
 *(.debug_line)

.debug_frame
 *(.debug_frame)

.debug_str
 *(.debug_str)

.debug_loc
 *(.debug_loc)

.debug_macinfo
 *(.debug_macinfo)

.debug_weaknames
 *(.debug_weaknames)

.debug_funcnames
 *(.debug_funcnames)

.debug_typenames
 *(.debug_typenames)

.debug_varnames
 *(.debug_varnames)

.debug_ranges
 *(.debug_ranges)

.debug_types
 *(.debug_types)
 *(.gnu.linkonce.wt.*)
OUTPUT(esc.dll pei-i386)
