 MacroView

 Timestamp is 4d49e340 (Thu Feb 03 00:05:36 2011)

 Preferred load address is 10000000

 Start         Length     Name                   Class
 0001:00000000 000000ccH .idata$5                CODE
 0001:000000d0 000008d1H .rdata                  CODE
 0001:000009b0 00009325H .text                   CODE
 0001:00009cd8 0000003cH .idata$2                CODE
 0001:00009d14 00000014H .idata$3                CODE
 0001:00009d28 000000ccH .idata$4                CODE
 0001:00009df4 00000364H .idata$6                CODE
 0001:0000a160 000000daH .edata                  CODE
 0002:00000000 000000a4H .data                   DATA
 0002:000000a8 00000ec4H .bss                    DATA
 0003:00000000 00000058H .rsrc$01                DATA
 0003:00000060 00000380H .rsrc$02                DATA

  Address         Publics by Value              Rva+Base       Lib:Object

 0000:00000000       ___safe_se_handler_table   00000000     <absolute>
 0000:00000000       ___safe_se_handler_count   00000000     <absolute>
 0001:00000000       __imp__RegEnumValueW@32    10001000     advapi32:ADVAPI32.dll
 0001:00000004       __imp__RegEnumKeyExW@32    10001004     advapi32:ADVAPI32.dll
 0001:00000008       __imp__RegQueryInfoKeyW@48 10001008     advapi32:ADVAPI32.dll
 0001:0000000c       __imp__RegDeleteValueW@8   1000100c     advapi32:ADVAPI32.dll
 0001:00000010       __imp__RegOpenKeyExW@20    10001010     advapi32:ADVAPI32.dll
 0001:00000014       __imp__RegCreateKeyExW@36  10001014     advapi32:ADVAPI32.dll
 0001:00000018       __imp__RegCloseKey@4       10001018     advapi32:ADVAPI32.dll
 0001:0000001c       __imp__RegSetValueExW@24   1000101c     advapi32:ADVAPI32.dll
 0001:00000020       __imp__RegDeleteKeyW@8     10001020     advapi32:ADVAPI32.dll
 0001:00000024       __imp__RegQueryValueExW@24 10001024     advapi32:ADVAPI32.dll
 0001:00000028       \177ADVAPI32_NULL_THUNK_DATA 10001028     advapi32:ADVAPI32.dll
 0001:0000002c       __imp__ReadConsoleOutputW@20 1000102c     kernel32:KERNEL32.dll
 0001:00000030       __imp__GetLastError@0      10001030     kernel32:KERNEL32.dll
 0001:00000034       __imp__CreateDirectoryW@8  10001034     kernel32:KERNEL32.dll
 0001:00000038       __imp__DeleteFileW@4       10001038     kernel32:KERNEL32.dll
 0001:0000003c       __imp__ReadFile@20         1000103c     kernel32:KERNEL32.dll
 0001:00000040       __imp__SetFilePointer@16   10001040     kernel32:KERNEL32.dll
 0001:00000044       __imp__MultiByteToWideChar@24 10001044     kernel32:KERNEL32.dll
 0001:00000048       __imp__lstrcpyA@8          10001048     kernel32:KERNEL32.dll
 0001:0000004c       __imp__CreateFileW@28      1000104c     kernel32:KERNEL32.dll
 0001:00000050       __imp__CloseHandle@4       10001050     kernel32:KERNEL32.dll
 0001:00000054       __imp__GetExitCodeProcess@8 10001054     kernel32:KERNEL32.dll
 0001:00000058       __imp__WaitForSingleObject@8 10001058     kernel32:KERNEL32.dll
 0001:0000005c       __imp__CreateProcessW@40   1000105c     kernel32:KERNEL32.dll
 0001:00000060       __imp__WriteConsoleOutputW@20 10001060     kernel32:KERNEL32.dll
 0001:00000064       __imp__FileTimeToSystemTime@8 10001064     kernel32:KERNEL32.dll
 0001:00000068       __imp__FileTimeToLocalFileTime@8 10001068     kernel32:KERNEL32.dll
 0001:0000006c       __imp__FindFirstFileW@8    1000106c     kernel32:KERNEL32.dll
 0001:00000070       __imp__GetVersionExW@4     10001070     kernel32:KERNEL32.dll
 0001:00000074       __imp__GetModuleHandleW@4  10001074     kernel32:KERNEL32.dll
 0001:00000078       __imp__SetConsoleCursorInfo@8 10001078     kernel32:KERNEL32.dll
 0001:0000007c       __imp__GetConsoleCursorInfo@8 1000107c     kernel32:KERNEL32.dll
 0001:00000080       __imp__GetStdHandle@4      10001080     kernel32:KERNEL32.dll
 0001:00000084       __imp__GetConsoleTitleW@8  10001084     kernel32:KERNEL32.dll
 0001:00000088       __imp__HeapFree@12         10001088     kernel32:KERNEL32.dll
 0001:0000008c       __imp__GetProcessHeap@0    1000108c     kernel32:KERNEL32.dll
 0001:00000090       __imp__HeapAlloc@12        10001090     kernel32:KERNEL32.dll
 0001:00000094       __imp__FlushConsoleInputBuffer@4 10001094     kernel32:KERNEL32.dll
 0001:00000098       __imp__lstrcatW@8          10001098     kernel32:KERNEL32.dll
 0001:0000009c       __imp__lstrcpyW@8          1000109c     kernel32:KERNEL32.dll
 0001:000000a0       __imp__lstrlenW@4          100010a0     kernel32:KERNEL32.dll
 0001:000000a4       __imp__lstrcpynW@12        100010a4     kernel32:KERNEL32.dll
 0001:000000a8       __imp__CompareStringW@24   100010a8     kernel32:KERNEL32.dll
 0001:000000ac       __imp__IsBadReadPtr@8      100010ac     kernel32:KERNEL32.dll
 0001:000000b0       __imp__lstrcmpA@8          100010b0     kernel32:KERNEL32.dll
 0001:000000b4       __imp__IsBadWritePtr@8     100010b4     kernel32:KERNEL32.dll
 0001:000000b8       __imp__FindClose@4         100010b8     kernel32:KERNEL32.dll
 0001:000000bc       __imp__VirtualProtect@16   100010bc     kernel32:KERNEL32.dll
 0001:000000c0       \177KERNEL32_NULL_THUNK_DATA 100010c0     kernel32:KERNEL32.dll
 0001:000000c4       __imp__wsprintfW           100010c4     user32:USER32.dll
 0001:000000c8       \177USER32_NULL_THUNK_DATA 100010c8     user32:USER32.dll
 0001:000000d0       ??_C@_1BO@DFOOBKI@?$AAA?$AAu?$AAt?$AAo?$AAC?$AAo?$AAm?$AAp?$AAl?$AAe?$AAt?$AAi?$AAo?$AAn?$AA?$AA@ 100010d0     MacroView.obj
 0001:000000f0       ??_C@_1BC@EDMBJIKC@?$AAU?$AAs?$AAe?$AAr?$AAM?$AAe?$AAn?$AAu?$AA?$AA@ 100010f0     MacroView.obj
 0001:00000104       ??_C@_1BG@MOIPMCBH@?$AAF?$AAi?$AAn?$AAd?$AAF?$AAo?$AAl?$AAd?$AAe?$AAr?$AA?$AA@ 10001104     MacroView.obj
 0001:0000011c       ??_C@_1O@EPGKAHO@?$AAC?$AAo?$AAm?$AAm?$AAo?$AAn?$AA?$AA@ 1000111c     MacroView.obj
 0001:0000012c       ??_C@_1M@KDHOHJAD@?$AAO?$AAt?$AAh?$AAe?$AAr?$AA?$AA@ 1000112c     MacroView.obj
 0001:00000138       ??_C@_1O@EMCCPBMJ@?$AAV?$AAi?$AAe?$AAw?$AAe?$AAr?$AA?$AA@ 10001138     MacroView.obj
 0001:00000148       ??_C@_19BGDOLOIO@?$AAT?$AAr?$AAe?$AAe?$AA?$AA@ 10001148     MacroView.obj
 0001:00000154       ??_C@_1M@JLDCNMKN@?$AAS?$AAh?$AAe?$AAl?$AAl?$AA?$AA@ 10001154     MacroView.obj
 0001:00000160       ??_C@_1O@GFHNCINN@?$AAS?$AAe?$AAa?$AAr?$AAc?$AAh?$AA?$AA@ 10001160     MacroView.obj
 0001:00000170       ??_C@_1M@PGILGEKA@?$AAQ?$AAV?$AAi?$AAe?$AAw?$AA?$AA@ 10001170     MacroView.obj
 0001:0000017c       ??_C@_19IBCFILMC@?$AAM?$AAe?$AAn?$AAu?$AA?$AA@ 1000117c     MacroView.obj
 0001:00000188       ??_C@_1BC@DIFDEABL@?$AAM?$AAa?$AAi?$AAn?$AAM?$AAe?$AAn?$AAu?$AA?$AA@ 10001188     MacroView.obj
 0001:0000019c       ??_C@_19GFDACHI@?$AAI?$AAn?$AAf?$AAo?$AA?$AA@ 1000119c     MacroView.obj
 0001:000001a8       ??_C@_19BNBKBBLP@?$AAH?$AAe?$AAl?$AAp?$AA?$AA@ 100011a8     MacroView.obj
 0001:000001b4       ??_C@_1O@PNHGCNJL@?$AAE?$AAd?$AAi?$AAt?$AAo?$AAr?$AA?$AA@ 100011b4     MacroView.obj
 0001:000001c4       ??_C@_1M@KDNLPMDN@?$AAD?$AAi?$AAs?$AAk?$AAs?$AA?$AA@ 100011c4     MacroView.obj
 0001:000001d0       ??_C@_1O@CFJIAAME@?$AAD?$AAi?$AAa?$AAl?$AAo?$AAg?$AA?$AA@ 100011d0     MacroView.obj
 0001:000001e0       ??_C@_1CK@GPFJAPPC@?$AA?2?$AAS?$AAo?$AAf?$AAt?$AAw?$AAa?$AAr?$AAe?$AA?2?$AAF?$AAa?$AAr?$AA2?$AA?2?$AAU?$AAs?$AAe?$AAr?$AAs?$AA?$AA@ 100011e0     MacroView.obj
 0001:0000020c       ??_C@_1BO@OPHDBPMO@?$AA?2?$AAS?$AAo?$AAf?$AAt?$AAw?$AAa?$AAr?$AAe?$AA?2?$AAF?$AAa?$AAr?$AA2?$AA?$AA@ 1000120c     MacroView.obj
 0001:0000022c       ??_C@_1BC@HFEAIAIF@?$AA?2?$AAP?$AAl?$AAu?$AAg?$AAi?$AAn?$AAs?$AA?$AA@ 1000122c     MacroView.obj
 0001:00000240       ??_C@_1BE@OPCLEKMP@?$AAM?$AAa?$AAc?$AAr?$AAo?$AAV?$AAi?$AAe?$AAw?$AA?$AA@ 10001240     MacroView.obj
 0001:00000254       ??_C@_1BE@OHLFHHMC@?$AAK?$AAe?$AAy?$AAM?$AAa?$AAc?$AAr?$AAo?$AAs?$AA?$AA@ 10001254     MacroView.obj
 0001:00000268       ??_C@_1CE@HLHNCBPM@?$AAH?$AAK?$AAE?$AAY?$AA_?$AAC?$AAU?$AAR?$AAR?$AAE?$AAN?$AAT?$AA_?$AAU?$AAS?$AAE?$AAR?$AA?$AA@ 10001268     MacroView.obj
 0001:0000028c       ??_C@_13NEIAEHFG@?$AA?$CC?$AA?$AA@ 1000128c     MacroView.obj
 0001:00000290       ??_C@_17LGLPFNOI@?$AA?2?$AA?$CF?$AAs?$AA?$AA@ 10001290     MacroView.obj
 0001:00000298       ??_C@_17LGKOMLJ@?$AA?4?$AA?4?$AA?4?$AA?$AA@ 10001298     MacroView.obj
 0001:000002a0       ??_C@_1M@DFKENGJN@?$AA?$CF?$AAs?$AA?2?$AA?$CF?$AAs?$AA?$AA@ 100012a0     MacroView.obj
 0001:000002ac       ??_C@_11LOCGONAA@?$AA?$AA@ 100012ac     MacroView.obj
 0001:000002b0       ??_C@_13GGAHEHIG@?$AA?$AB?$AA?$AA@ 100012b0     MacroView.obj
 0001:000002b4       ??_C@_1CA@GLADGDBI@?$AA?$CF?$AAs?$AA?5?$AA?$CC?$AA?$CF?$AAs?$AA?$CC?$AA?5?$AA?$CC?$AA?$CF?$AAs?$AA?2?$AA?$CF?$AAs?$AA?$CC?$AA?$AA@ 100012b4     MacroView.obj
 0001:000002d4       ??_C@_1BG@ECEHMOLL@?$AAr?$AAe?$AAg?$AAe?$AAd?$AAi?$AAt?$AA?5?$AA?9?$AAe?$AA?$AA@ 100012d4     MacroView.obj
 0001:000002ec       ??_C@_1BC@GLIGFLDD@?$AA?$CF?$AAs?$AA?2?$AA?$CF?$AAs?$AA?2?$AA?$CF?$AAs?$AA?$AA@ 100012ec     MacroView.obj
 0001:00000300       ??_C@_13FFFLPHEM@?$AA?$HO?$AA?$AA@ 10001300     MacroView.obj
 0001:00000304       ??_C@_17FAKJCLIO@?$AAm?$AAv?$AAu?$AA?$AA@ 10001304     MacroView.obj
 0001:0000030c       ??_C@_1CC@OFOCFONJ@?$AAM?$AAa?$AAc?$AAr?$AAo?$AAE?$AAx?$AAp?$AAo?$AAr?$AAt?$AAE?$AAx?$AAi?$AAs?$AAt?$AA?$AA@ 1000130c     MacroView.obj
 0001:00000330       ??_C@_1FK@KOPEDNEP@?$AA?5?$AA?5?$AA?$CF?$AA?9?$AA?$CK?$AAs?$AA?5?$AA?$CF?$AA1?$AA0?$AAl?$AAu?$AA?5?$AA?$CF?$AA0?$AA2?$AAu?$AA?4?$AA?$CF?$AA0?$AA2?$AAu?$AA?4?$AA?$CF?$AA0?$AA2?$AAu?$AA?5?$AA?$CF?$AA0?$AA2?$AAu@ 10001330     MacroView.obj
 0001:0000038c       ??_C@_1BC@BKKMBPCA@?$AA?$CF?$AAs?$AA?$CF?$AAx?$AA?4?$AAt?$AAm?$AAp?$AA?$AA@ 1000138c     MacroView.obj
 0001:000003a0       ??_C@_1BI@BMNFHPJC@?$AA?$CF?$AAs?$AA?2?$AA?$CF?$AAs?$AA?$CF?$AAx?$AA?4?$AAt?$AAm?$AAp?$AA?$AA@ 100013a0     MacroView.obj
 0001:000003b8       ??_C@_1BI@FEOGLHNB@?$AAM?$AAa?$AAc?$AAr?$AAo?$AAE?$AAx?$AAp?$AAo?$AAr?$AAt?$AA?$AA@ 100013b8     MacroView.obj
 0001:000003d0       ??_C@_1O@HFHODHFE@?$AA?$CF?$AAs?$AA?4?$AAr?$AAe?$AAg?$AA?$AA@ 100013d0     MacroView.obj
 0001:000003e0       ??_C@_1BO@INFMGOP@?$AAM?$AAa?$AAc?$AAr?$AAo?$AAE?$AAx?$AAp?$AAo?$AAr?$AAt?$AAA?$AAl?$AAl?$AA?$AA@ 100013e0     MacroView.obj
 0001:00000400       ??_C@_1BM@IAJGMDDL@?$AAK?$AAe?$AAy?$AAM?$AAa?$AAc?$AAr?$AAo?$AAs?$AA?4?$AAr?$AAe?$AAg?$AA?$AA@ 10001400     MacroView.obj
 0001:0000041c       ??_C@_1O@JMBLCINJ@?$AA?$CF?$AAs?$AA?3?$AA?5?$AA?$CF?$AAs?$AA?$AA@ 1000141c     MacroView.obj
 0001:0000042c       ??_C@_17HIJMLLPP@?$AA?$AB?$AA?$CF?$AAs?$AA?$AA@ 1000142c     MacroView.obj
 0001:00000434       ??_C@_1BG@GDLKCJII@?$AAV?$AAi?$AAe?$AAw?$AAE?$AAd?$AAi?$AAt?$AAo?$AAr?$AA?$AA@ 10001434     MacroView.obj
 0001:0000044c       ??_C@_1BG@NCOOPFNK@?$AAV?$AAi?$AAe?$AAw?$AAV?$AAi?$AAe?$AAw?$AAe?$AAr?$AA?$AA@ 1000144c     MacroView.obj
 0001:00000464       ??_C@_1BE@GNFNIOAA@?$AAV?$AAi?$AAe?$AAw?$AAS?$AAh?$AAe?$AAl?$AAl?$AA?$AA@ 10001464     MacroView.obj
 0001:00000478       ??_C@_1BI@KNNNHOLC@?$AAS?$AAa?$AAv?$AAe?$AAO?$AAn?$AAS?$AAt?$AAa?$AAr?$AAt?$AA?$AA@ 10001478     MacroView.obj
 0001:00000490       ??_C@_1BK@HCNEMFBL@?$AAG?$AAr?$AAo?$AAu?$AAp?$AAD?$AAi?$AAv?$AAi?$AAd?$AAe?$AAr?$AA?$AA@ 10001490     MacroView.obj
 0001:000004ac       ??_C@_1BC@BAMNBGKM@?$AAD?$AAb?$AAl?$AAC?$AAl?$AAi?$AAc?$AAk?$AA?$AA@ 100014ac     MacroView.obj
 0001:000004c0       ??_C@_1BE@GHLGGJGA@?$AAM?$AAe?$AAn?$AAu?$AAC?$AAy?$AAc?$AAl?$AAe?$AA?$AA@ 100014c0     MacroView.obj
 0001:000004d4       ??_C@_1BO@MNBGOAEO@?$AAL?$AAo?$AAn?$AAg?$AAG?$AAr?$AAo?$AAu?$AAp?$AAN?$AAa?$AAm?$AAe?$AAs?$AA?$AA@ 100014d4     MacroView.obj
 0001:000004f4       ??_C@_1CG@HPMPPLPD@?$AAS?$AAt?$AAa?$AAr?$AAt?$AAD?$AAe?$AAp?$AAe?$AAn?$AAd?$AAe?$AAn?$AAt?$AAS?$AAo?$AAr?$AAt?$AA?$AA@ 100014f4     MacroView.obj
 0001:0000051c       ??_C@_1BK@BDJMIGFI@?$AAU?$AAs?$AAe?$AAH?$AAi?$AAg?$AAh?$AAl?$AAi?$AAg?$AAh?$AAt?$AA?$AA@ 1000151c     MacroView.obj
 0001:00000538       ??_C@_1BM@BHIAAPIM@?$AAA?$AAu?$AAt?$AAo?$AAm?$AAa?$AAt?$AAi?$AAc?$AAS?$AAa?$AAv?$AAe?$AA?$AA@ 10001538     MacroView.obj
 0001:00000554       ??_C@_1BO@IACIGABH@?$AAA?$AAd?$AAd?$AAD?$AAe?$AAs?$AAc?$AAr?$AAi?$AAp?$AAt?$AAi?$AAo?$AAn?$AA?$AA@ 10001554     MacroView.obj
 0001:00000574       ??_C@_1O@BJPKKLLM@?$AAC?$AAo?$AAn?$AAf?$AAi?$AAg?$AA?$AA@ 10001574     MacroView.obj
 0001:00000584       ??_C@_1M@MOFLFCEC@?$AA?$CF?$AAs?$AA?5?$AA?$CF?$AAs?$AA?$AA@ 10001584     MacroView.obj
 0001:00000590       ??_C@_13HOIJIPNN@?$AA?5?$AA?$AA@ 10001590     MacroView.obj
 0001:00000594       ??_C@_1BC@HNGOOHNM@?$CF?0?$CF?$AC?$CF?$AC?$CF?$AC?$CF?$AC?$CF?$AC?$CF?$AC?$CF4?$AA?$AA@ 10001594     MacroView.obj
 0001:000005a8       ??_C@_17EAFLNLFC@?$CF?$AC?$CF?$AC?$CF4?$AA?$AA@ 100015a8     MacroView.obj
 0001:000005b0       ??_C@_1BE@KDMDINMC@?$AA?$CF?$AAs?$AA?2?$AA?$CF?$AAs?$AA?2?$AA?$HO?$AA?$CF?$AAs?$AA?$AA@ 100015b0     MacroView.obj
 0001:000005c4       ??_C@_1BE@FLAHONPP@?$AAM?$AAa?$AAc?$AAr?$AAo?$AAC?$AAo?$AAp?$AAy?$AA?$AA@ 100015c4     MacroView.obj
 0001:000005d8       ??_C@_1BC@LMEGHKKJ@?$AA?$CC?$AA?$CF?$AAs?$AA?3?$AA?5?$AA?$CF?$AAs?$AA?$CC?$AA?$AA@ 100015d8     MacroView.obj
 0001:000005ec       ??_C@_1CI@OLPGMIKE@?$AAN?$AAo?$AAS?$AAe?$AAn?$AAd?$AAK?$AAe?$AAy?$AAs?$AAT?$AAo?$AAP?$AAl?$AAu?$AAg?$AAi?$AAn?$AAs?$AA?$AA@ 100015ec     MacroView.obj
 0001:00000614       ??_C@_1BG@JGEFGKOJ@?$AAP?$AAS?$AAe?$AAl?$AAe?$AAc?$AAt?$AAi?$AAo?$AAn?$AA?$AA@ 10001614     MacroView.obj
 0001:0000062c       ??_C@_1BK@ELCPNBD@?$AAN?$AAo?$AAP?$AAS?$AAe?$AAl?$AAe?$AAc?$AAt?$AAi?$AAo?$AAn?$AA?$AA@ 1000162c     MacroView.obj
 0001:00000648       ??_C@_1BC@PPLPGKLO@?$AAN?$AAo?$AAP?$AAF?$AAi?$AAl?$AAe?$AAs?$AA?$AA@ 10001648     MacroView.obj
 0001:0000065c       ??_C@_1BG@GEAGJBDJ@?$AAN?$AAo?$AAP?$AAF?$AAo?$AAl?$AAd?$AAe?$AAr?$AAs?$AA?$AA@ 1000165c     MacroView.obj
 0001:00000674       ??_C@_1BM@FEGCOOEJ@?$AAN?$AAo?$AAF?$AAi?$AAl?$AAe?$AAP?$AAP?$AAa?$AAn?$AAe?$AAl?$AAs?$AA?$AA@ 10001674     MacroView.obj
 0001:00000690       ??_C@_1CA@EDDMEAKG@?$AAN?$AAo?$AAP?$AAl?$AAu?$AAg?$AAi?$AAn?$AAP?$AAP?$AAa?$AAn?$AAe?$AAl?$AAs?$AA?$AA@ 10001690     MacroView.obj
 0001:000006b0       ??_C@_1BE@FCAACJAC@?$AAS?$AAe?$AAl?$AAe?$AAc?$AAt?$AAi?$AAo?$AAn?$AA?$AA@ 100016b0     MacroView.obj
 0001:000006c4       ??_C@_1BI@CELDEFLA@?$AAN?$AAo?$AAS?$AAe?$AAl?$AAe?$AAc?$AAt?$AAi?$AAo?$AAn?$AA?$AA@ 100016c4     MacroView.obj
 0001:000006dc       ??_C@_1BA@JDKKJGOB@?$AAN?$AAo?$AAF?$AAi?$AAl?$AAe?$AAs?$AA?$AA@ 100016dc     MacroView.obj
 0001:000006ec       ??_C@_1BE@DIAHMPBO@?$AAN?$AAo?$AAF?$AAo?$AAl?$AAd?$AAe?$AAr?$AAs?$AA?$AA@ 100016ec     MacroView.obj
 0001:00000700       ??_C@_1BK@NHGJONDF@?$AAN?$AAo?$AAF?$AAi?$AAl?$AAe?$AAP?$AAa?$AAn?$AAe?$AAl?$AAs?$AA?$AA@ 10001700     MacroView.obj
 0001:0000071c       ??_C@_1BO@KEGAEGDD@?$AAN?$AAo?$AAP?$AAl?$AAu?$AAg?$AAi?$AAn?$AAP?$AAa?$AAn?$AAe?$AAl?$AAs?$AA?$AA@ 1000171c     MacroView.obj
 0001:0000073c       ??_C@_1BI@CBKDEKGE@?$AAE?$AAV?$AAS?$AAe?$AAl?$AAe?$AAc?$AAt?$AAi?$AAo?$AAn?$AA?$AA@ 1000173c     MacroView.obj
 0001:00000754       ??_C@_1BM@KBJLNHED@?$AAN?$AAo?$AAE?$AAV?$AAS?$AAe?$AAl?$AAe?$AAc?$AAt?$AAi?$AAo?$AAn?$AA?$AA@ 10001754     MacroView.obj
 0001:00000770       ??_C@_1CC@MNDJHGGA@?$AAE?$AAm?$AAp?$AAt?$AAy?$AAC?$AAo?$AAm?$AAm?$AAa?$AAn?$AAd?$AAL?$AAi?$AAn?$AAe?$AA?$AA@ 10001770     MacroView.obj
 0001:00000794       ??_C@_1CI@HGKAJJPI@?$AAN?$AAo?$AAt?$AAE?$AAm?$AAp?$AAt?$AAy?$AAC?$AAo?$AAm?$AAm?$AAa?$AAn?$AAd?$AAL?$AAi?$AAn?$AAe?$AA?$AA@ 10001794     MacroView.obj
 0001:000007bc       ??_C@_1BM@FNPOKNPH@?$AAD?$AAi?$AAs?$AAa?$AAb?$AAl?$AAe?$AAO?$AAu?$AAt?$AAp?$AAu?$AAt?$AA?$AA@ 100017bc     MacroView.obj
 0001:000007d8       ??_C@_1CC@PMAMIPNC@?$AAR?$AAu?$AAn?$AAA?$AAf?$AAt?$AAe?$AAr?$AAF?$AAA?$AAR?$AAS?$AAt?$AAa?$AAr?$AAt?$AA?$AA@ 100017d8     MacroView.obj
 0001:000007fc       ??_C@_1BI@DLMANABL@?$AAD?$AAe?$AAs?$AAc?$AAr?$AAi?$AAp?$AAt?$AAi?$AAo?$AAn?$AA?$AA@ 100017fc     MacroView.obj
 0001:00000814       ??_C@_1BC@BOOKDCJG@?$AAS?$AAe?$AAq?$AAu?$AAe?$AAn?$AAc?$AAe?$AA?$AA@ 10001814     MacroView.obj
 0001:00000828       ??_C@_1BC@NKNEGDAO@?$AAM?$AAa?$AAc?$AAr?$AAo?$AAD?$AAe?$AAl?$AA?$AA@ 10001828     MacroView.obj
 0001:0000083c       ??_C@_1BI@FJGOHIEF@?$AAM?$AAa?$AAc?$AAr?$AAo?$AAP?$AAa?$AAr?$AAa?$AAm?$AAs?$AA?$AA@ 1000183c     MacroView.obj
 0001:00000854       ??_C@_1BI@LEHOPFCJ@?$AAM?$AAa?$AAc?$AAr?$AAo?$AAG?$AAr?$AAo?$AAu?$AAp?$AAs?$AA?$AA@ 10001854     MacroView.obj
 0001:0000086c       ??_C@_1BM@FAMONHEO@?$AAM?$AAa?$AAc?$AAr?$AAo?$AAD?$AAe?$AAl?$AAE?$AAm?$AAp?$AAt?$AAy?$AA?$AA@ 1000186c     MacroView.obj
 0001:00000888       ??_C@_1BC@LDPJJKPC@?$AAM?$AAa?$AAc?$AAr?$AAo?$AAE?$AAx?$AAp?$AA?$AA@ 10001888     MacroView.obj
 0001:0000089c       ??_C@_1BG@MDNBAPPP@?$AAM?$AAa?$AAc?$AAr?$AAo?$AAD?$AAe?$AAs?$AAc?$AAr?$AA?$AA@ 1000189c     MacroView.obj
 0001:000008b4       ??_C@_1BC@GEDDNGAP@?$AAM?$AAa?$AAc?$AAr?$AAo?$AAK?$AAe?$AAy?$AA?$AA@ 100018b4     MacroView.obj
 0001:000008c8       ??_C@_1BC@PJPGMAJF@?$AAM?$AAa?$AAc?$AAr?$AAo?$AAC?$AAm?$AAd?$AA?$AA@ 100018c8     MacroView.obj
 0001:000008dc       ??_C@_1M@HOLNMHIJ@?$AAM?$AAA?$AAC?$AAR?$AAO?$AA?$AA@ 100018dc     MacroView.obj
 0001:000008e8       ??_C@_1BE@BJAMPBPK@?$AA?$CF?$AA?9?$AA?$CK?$AAs?$AA?5?$CF?$AC?$AA?5?$AA?$CF?$AAs?$AA?$AA@ 100018e8     MacroView.obj
 0001:000008fc       ??_C@_17PEPGGFIG@?$AA?$CF?$AA?$CK?$AAs?$AA?$AA@ 100018fc     MacroView.obj
 0001:00000904       ??_C@_1BA@JABNLBEH@?$AA?$CF?$AA?$CK?$AAs?$CF?$AC?$AA?$CF?$AA?$CK?$AAs?$AA?$AA@ 10001904     MacroView.obj
 0001:00000914       ??_C@_1BG@CJOGADML@?$AA?$CF?$AA?9?$AA?$CK?$AAs?$AA?5?$AA?5?$AA?$CC?$AA?$CF?$AAs?$AA?$CC?$AA?$AA@ 10001914     MacroView.obj
 0001:0000092c       ??_C@_13EBCNDICG@?$AA?3?$AA?$AA@ 1000192c     MacroView.obj
 0001:00000930       ??_C@_1BC@ENICKDH@?$AAC?$AAo?$AAn?$AAt?$AAe?$AAn?$AAt?$AAs?$AA?$AA@ 10001930     MacroView.obj
 0001:00000944       ??_C@_0BC@EEHCEAN@PeekConsoleInputW?$AA@ 10001944     MacroView.obj
 0001:00000958       ??_C@_0BC@BINPJBNK@PeekConsoleInputA?$AA@ 10001958     MacroView.obj
 0001:0000096c       ??_C@_0BC@IBCKMAJE@ReadConsoleInputW?$AA@ 1000196c     MacroView.obj
 0001:00000980       ??_C@_0BC@JNLCHFED@ReadConsoleInputA?$AA@ 10001980     MacroView.obj
 0001:00000994       ??_C@_0N@MDJJJHMB@kernel32?4dll?$AA@ 10001994     MacroView.obj
 0001:000009b0       __chkstk                   100019b0 f   chkstk.obj
 0001:000009b0       __alloca_probe             100019b0     chkstk.obj
 0001:000009db       _wmemmove                  100019db f i MacroView.obj
 0001:000009f3       ?InterceptDllCall@@YIHPAUHINSTANCE__@@PBD1PAXPAPAX@Z 100019f3 f   MacroView.obj
 0001:00000b8a       ?CmpStr@@YIHPB_W0HH@Z      10001b8a f   MacroView.obj
 0001:00000bb3       ?AllTrim@@YIPA_WPA_W@Z     10001bb3 f   MacroView.obj
 0001:00000c0d       ?QuoteText@@YIPA_WPA_WH@Z  10001c0d f   MacroView.obj
 0001:00000cb3       ?CheckFirstBackSlash@@YIPA_WPA_WH@Z 10001cb3 f   MacroView.obj
 0001:00000d1d       ?CheckRLen@@YIPA_WPA_WIH@Z 10001d1d f   MacroView.obj
 0001:00000da5       ?CheckLen@@YIPA_WPA_WIH@Z  10001da5 f   MacroView.obj
 0001:00000df4       ?GetMsg@@YIPA_WH@Z         10001df4 f   MacroView.obj
 0001:00000e02       ?FlushInputBuffer@@YIXXZ   10001e02 f   MacroView.obj
 0001:00000e14       ?DeleteList@TStrList@@AAEXXZ 10001e14 f   MacroView.obj
 0001:00000e46       ?Insert@TStrList@@QAIHPB_WH@Z 10001e46 f   MacroView.obj
 0001:00000ef7       ?SetText@TStrList@@QAIHPB_WH@Z 10001ef7 f   MacroView.obj
 0001:00000f75       ?GetText@TStrList@@QAIPA_WPA_WH@Z 10001f75 f   MacroView.obj
 0001:00000fa4       ?GetText@TStrList@@QAIPA_WH@Z 10001fa4 f   MacroView.obj
 0001:00000fbc       ?Sort@TStrList@@QAIXHH@Z   10001fbc f   MacroView.obj
 0001:0000106c       ?RegDataToDataType@@YIKW4TRegDataType@@@Z 1000206c f   MacroView.obj
 0001:00001092       ?DataTypeToRegData@@YI?AW4TRegDataType@@K@Z 10002092 f   MacroView.obj
 0001:000010ba       ?CloseKey@TReg@@QAEXXZ     100020ba f   MacroView.obj
 0001:000010d7       ?SetRootKey@TReg@@QAIXPAUHKEY__@@@Z 100020d7 f   MacroView.obj
 0001:00001107       ?ChangeKey@TReg@@AAIXPAUHKEY__@@PB_W@Z 10002107 f   MacroView.obj
 0001:00001137       ?CreateKey@TReg@@QAIHPB_W@Z 10002137 f   MacroView.obj
 0001:000011d6       ?OpenKey@TReg@@QAIHPB_WH@Z 100021d6 f   MacroView.obj
 0001:000012d1       ?GetKeyInfo@TReg@@QAEHAAUTRegKeyInfo@@@Z 100022d1 f   MacroView.obj
 0001:0000130c       ?GetKeyNames@TReg@@QAEHPAVTStrList@@@Z 1000230c f   MacroView.obj
 0001:0000137d       ?GetValueNames@TReg@@QAEHPAVTStrList@@@Z 1000237d f   MacroView.obj
 0001:000013ee       ?GetDataInfo@TReg@@QAEHPB_WAAUTRegDataInfo@@@Z 100023ee f   MacroView.obj
 0001:0000142b       ?GetDataSize@TReg@@QAIHPB_W@Z 1000242b f   MacroView.obj
 0001:00001448       ?PutData@TReg@@QAEHPB_WPBEKW4TRegDataType@@@Z 10002448 f   MacroView.obj
 0001:00001473       ?GetData@TReg@@QAEHPB_WPAXKAAW4TRegDataType@@@Z 10002473 f   MacroView.obj
 0001:000014b3       ?HasSubKeys@TReg@@QAEHXZ   100024b3 f   MacroView.obj
 0001:000014d5       ?GetKey@TReg@@AAIPAUHKEY__@@PB_W@Z 100024d5 f   MacroView.obj
 0001:00001553       ?KeyExists@TReg@@QAIHPB_W@Z 10002553 f   MacroView.obj
 0001:0000156f       ?MoveValue@TReg@@AAIXPAUHKEY__@@0PB_W@Z 1000256f f   MacroView.obj
 0001:000015e8       ?CopyValues@TReg@@AAIXPAUHKEY__@@0@Z 100025e8 f   MacroView.obj
 0001:00001675       ?CopyKeys@TReg@@AAIXPAUHKEY__@@0@Z 10002675 f   MacroView.obj
 0001:00001752       ?DefKeyDialogProc@@YGJPAXHHJ@Z 10002752 f   MacroView.obj
 0001:0000187a       ?CopyDialogProc@@YGJPAXHHJ@Z 1000287a f   MacroView.obj
 0001:0000193f       ?myReadConsoleInputA@@YGHPAXPAU_INPUT_RECORD@@KPAK@Z 1000293f f   MacroView.obj
 0001:0000194d       ?myReadConsoleInputW@@YGHPAXPAU_INPUT_RECORD@@KPAK@Z 1000294d f   MacroView.obj
 0001:0000195b       ??1TMacroView@@QAE@XZ      1000295b f   MacroView.obj
 0001:00001974       ?ReadConsoleSize@TMacroView@@AAIXXZ 10002974 f   MacroView.obj
 0001:000019c2       ?InitMacroAreas@TMacroView@@AAIXXZ 100029c2 f   MacroView.obj
 0001:00001a9d       ?WriteKeyBar@TMacroView@@AAIXH@Z 10002a9d f   MacroView.obj
 0001:00001ea5       ?CreateDirs@TMacroView@@AAIHPA_W@Z 10002ea5 f   MacroView.obj
 0001:00002089       ?ConvertGroupName@TMacroView@@AAEPA_WPA_WH@Z 10003089 f   MacroView.obj
 0001:00002160       ?InitDialogItems@TMacroView@@AAEXPAUInitDialogItem@@PAUFarDialogItem@@H@Z 10003160 f   MacroView.obj
 0001:000021d8       ?InsertMacroToEditor@TMacroView@@AAIXH@Z 100031d8 f   MacroView.obj
 0001:00002705       ?ExportMacroToFile@TMacroView@@AAIXH@Z 10003705 f   MacroView.obj
 0001:00002f86       ?MoveTildeInKey@TMacroView@@AAEXAAPAVTStrList@@H@Z 10003f86 f   MacroView.obj
 0001:0000303f       ?PrepareDependentSort@TMacroView@@AAEXAAPAVTStrList@@H@Z 1000403f f   MacroView.obj
 0001:0000312e       ?ExportMacro@TMacroView@@AAIXH@Z 1000412e f   MacroView.obj
 0001:000032b2       _GetMinFarVersionW@0       100042b2 f   MacroView.obj
 0001:000032b8       _SetStartupInfoW@4         100042b8 f   MacroView.obj
 0001:000033f1       _GetPluginInfoW@4          100043f1 f   MacroView.obj
 0001:0000344e       ?DeleteKey@TReg@@QAIHPB_W@Z 1000444e f   MacroView.obj
 0001:00003545       ?WriteString@TReg@@QAIHPB_W0@Z 10004545 f   MacroView.obj
 0001:0000356d       ?ReadString@TReg@@QAIPA_WPB_WPA_WH@Z 1000456d f   MacroView.obj
 0001:000035ba       ?ReadInteger@TReg@@QAIHPB_W@Z 100045ba f   MacroView.obj
 0001:000035e4       ?MoveKey@TReg@@QAIXPB_W0H@Z 100045e4 f   MacroView.obj
 0001:00003673       ?ReadConfig@TMacroView@@QAIXXZ 10004673 f   MacroView.obj
 0001:000038e2       ?Configure@TMacroView@@QAIHXZ 100048e2 f   MacroView.obj
 0001:0000421c       ?MacroDialogProc@@YGJPAXHHJ@Z 1000521c f   MacroView.obj
 0001:00004722       ?ProcessPeekKey@@YIHPAU_INPUT_RECORD@@@Z 10005722 f   MacroView.obj
 0001:00004b66       ?InitDialogs@TMacroView@@AAIXXZ 10005b66 f   MacroView.obj
 0001:0000579e       ?InitData@TMacroView@@AAIXXZ 1000679e f   MacroView.obj
 0001:000058cf       ?SwitchOver@TMacroView@@AAEXPB_W0@Z 100068cf f   MacroView.obj
 0001:000059df       ?DeletingMacro@TMacroView@@AAEHPAPB_WHPB_W@Z 100069df f   MacroView.obj
 0001:00005b52       ?CopyMoveMacro@TMacroView@@AAIHH@Z 10006b52 f   MacroView.obj
 0001:00006754       ?WriteRegValues@TMacroView@@AAEXPAUFarDialogItem@@PAX@Z 10007754 f   MacroView.obj
 0001:00006de7       ?CopyMacro@TMacroView@@AAIHH@Z 10007de7 f   MacroView.obj
 0001:00006e17       ?DeleteMacro@TMacroView@@AAIHXZ 10007e17 f   MacroView.obj
 0001:00006f7a       ?InsertMacro@TMacroView@@AAIHXZ 10007f7a f   MacroView.obj
 0001:00007516       ?EditMacro@TMacroView@@AAIHXZ 10008516 f   MacroView.obj
 0001:00008469       _ExitFARW@0                10009469 f   MacroView.obj
 0001:000084aa       ?myPeekConsoleInputA@@YGHPAXPAU_INPUT_RECORD@@KPAK@Z 100094aa f   MacroView.obj
 0001:000084fb       ?myPeekConsoleInputW@@YGHPAXPAU_INPUT_RECORD@@KPAK@Z 100094fb f   MacroView.obj
 0001:0000854c       ??0TMacroView@@QAE@XZ      1000954c f   MacroView.obj
 0001:000085db       ?FillMenu@TMacroView@@AAIXPAXH@Z 100095db f   MacroView.obj
 0001:0000914d       _ClosePluginW@4            1000a14d f   MacroView.obj
 0001:00009190       _ConfigureW@4              1000a190 f   MacroView.obj
 0001:00009207       ?MenuDialogProc@@YGJPAXHHJ@Z 1000a207 f   MacroView.obj
 0001:000097ea       ?MacroList@TMacroView@@QAEHXZ 1000a7ea f   MacroView.obj
 0001:00009a74       _OpenPluginW@8             1000aa74 f   MacroView.obj
 0001:00009b00       _wcschr                    1000ab00 f   libCRT:strchr.obj
 0001:00009b30       _wcsrchr                   1000ab30 f   libCRT:strrchr.obj
 0001:00009b60       _wcsstr                    1000ab60 f   libCRT:strstr.obj
 0001:00009bc0       _memmove                   1000abc0 f   libCRT:memmove.obj
 0001:00009c20       ??_V@YAXPAX@Z              1000ac20 f   libCRT:delete_array.obj
 0001:00009c30       ??_U@YAPAXI@Z              1000ac30 f   libCRT:new_array.obj
 0001:00009c40       _memset                    1000ac40 f   libCRT:memset.obj
 0001:00009c80       ??3@YAXPAX@Z               1000ac80 f   libCRT:delete.obj
 0001:00009c90       ??2@YAPAXI@Z               1000ac90 f   libCRT:new.obj
 0001:00009ca0       _free                      1000aca0 f   libCRT:free.obj
 0001:00009cc0       _malloc                    1000acc0 f   libCRT:malloc.obj
 0001:00009cd8       __IMPORT_DESCRIPTOR_KERNEL32 1000acd8     kernel32:KERNEL32.dll
 0001:00009cec       __IMPORT_DESCRIPTOR_USER32 1000acec     user32:USER32.dll
 0001:00009d00       __IMPORT_DESCRIPTOR_ADVAPI32 1000ad00     advapi32:ADVAPI32.dll
 0001:00009d14       __NULL_IMPORT_DESCRIPTOR   1000ad14     kernel32:KERNEL32.dll
 0002:00000000       ?HKCU@@3PB_WB              1000c000     MacroView.obj
 0002:00000004       ?KeyMacros_KEY@@3PB_WB     1000c004     MacroView.obj
 0002:00000008       ?Module_KEY@@3PB_WB        1000c008     MacroView.obj
 0002:0000000c       ?Plugins_KEY@@3PB_WB       1000c00c     MacroView.obj
 0002:00000010       ?Default_KEY@@3PB_WB       1000c010     MacroView.obj
 0002:00000014       ?Users_KEY@@3PB_WB         1000c014     MacroView.obj
 0002:00000018       ?MacroGroupShort@@3PAPB_WA 1000c018     MacroView.obj
 0002:00000060       ?GroupIndex@@3PAHA         1000c060     MacroView.obj
 0002:000000a8       ?FarFullName@@3PA_WA       1000c0a8     MacroView.obj
 0002:000004a8       ?FarUserName@@3PA_WA       1000c4a8     MacroView.obj
 0002:000008a8       ?hInstance@@3PAUHINSTANCE__@@A 1000c8a8     MacroView.obj
 0002:000008ac       ?OpenFrom@@3HA             1000c8ac     MacroView.obj
 0002:000008b0       ?Info@@3UPluginStartupInfo@@A 1000c8b0     MacroView.obj
 0002:00000934       ?p_fnPeekConsoleInputOrgW@@3P6GHPAXPAU_INPUT_RECORD@@KPAK@ZA 1000c934     MacroView.obj
 0002:00000938       ?KeyMacros@@3PA_WA         1000c938     MacroView.obj
 0002:00000a38       ?p_fnReadConsoleInputOrgW@@3P6GHPAXPAU_INPUT_RECORD@@KPAK@ZA 1000ca38     MacroView.obj
 0002:00000a3c       ?p_fnReadConsoleInputOrgA@@3P6GHPAXPAU_INPUT_RECORD@@KPAK@ZA 1000ca3c     MacroView.obj
 0002:00000a40       ?FarUsersKey@@3PA_WA       1000ca40     MacroView.obj
 0002:00000b40       ?p_fnPeekConsoleInputOrgA@@3P6GHPAXPAU_INPUT_RECORD@@KPAK@ZA 1000cb40     MacroView.obj
 0002:00000b48       ?PluginRootKey@@3PA_WA     1000cb48     MacroView.obj
 0002:00000c48       ?vi@@3U_OSVERSIONINFOW@@A  1000cc48     MacroView.obj
 0002:00000d60       ?FarKey@@3PA_WA            1000cd60     MacroView.obj
 0002:00000e60       ?FSF@@3UFarStandardFunctions@@A 1000ce60     MacroView.obj
 0002:00000f50       ?Reg@@3PAVTReg@@A          1000cf50     MacroView.obj
 0002:00000f54       ?Macro@@3PAVTMacroView@@A  1000cf54     MacroView.obj

 entry point at        0000:00000000

 Static symbols

